warning: profiles for the non root package will be ignored, specify profiles at the workspace root:
package:   /mnt/data1/nix/vendor/rust/cargo2nix/submodules/annotate-snippets-rs/Cargo.toml
workspace: /mnt/data1/nix/vendor/rust/cargo2nix/Cargo.toml
warning: profiles for the non root package will be ignored, specify profiles at the workspace root:
package:   /mnt/data1/nix/vendor/rust/cargo2nix/submodules/clap/Cargo.toml
workspace: /mnt/data1/nix/vendor/rust/cargo2nix/Cargo.toml
warning: profiles for the non root package will be ignored, specify profiles at the workspace root:
package:   /mnt/data1/nix/vendor/rust/cargo2nix/submodules/addr2line/Cargo.toml
workspace: /mnt/data1/nix/vendor/rust/cargo2nix/Cargo.toml
warning: resolver for the non root package will be ignored, specify resolver at the workspace root:
package:   /mnt/data1/nix/vendor/rust/cargo2nix/submodules/bstr/Cargo.toml
workspace: /mnt/data1/nix/vendor/rust/cargo2nix/Cargo.toml
warning: profiles for the non root package will be ignored, specify profiles at the workspace root:
package:   /mnt/data1/nix/vendor/rust/cargo2nix/submodules/imara-diff/Cargo.toml
workspace: /mnt/data1/nix/vendor/rust/cargo2nix/Cargo.toml
warning: resolver for the non root package will be ignored, specify resolver at the workspace root:
package:   /mnt/data1/nix/vendor/rust/cargo2nix/submodules/http-auth/Cargo.toml
workspace: /mnt/data1/nix/vendor/rust/cargo2nix/Cargo.toml
warning: patch for the non root package will be ignored, specify patch at the workspace root:
package:   /mnt/data1/nix/vendor/rust/cargo2nix/tools/cargo-repo-sync/Cargo.toml
workspace: /mnt/data1/nix/vendor/rust/cargo2nix/Cargo.toml
warning: profiles for the non root package will be ignored, specify profiles at the workspace root:
package:   /mnt/data1/nix/vendor/rust/cargo2nix/submodules/ahash/Cargo.toml
workspace: /mnt/data1/nix/vendor/rust/cargo2nix/Cargo.toml
warning: profiles for the non root package will be ignored, specify profiles at the workspace root:
package:   /mnt/data1/nix/vendor/rust/cargo2nix/submodules/split-decls-rs/Cargo.toml
workspace: /mnt/data1/nix/vendor/rust/cargo2nix/Cargo.toml
warning: patch for the non root package will be ignored, specify patch at the workspace root:
package:   /mnt/data1/nix/vendor/rust/cargo2nix/submodules/split-decls-rs/Cargo.toml
workspace: /mnt/data1/nix/vendor/rust/cargo2nix/Cargo.toml
warning: /mnt/data1/nix/vendor/rust/cargo2nix/submodules/petgraph/Cargo.toml: unused manifest key: dependencies.dot-parser.version
warning: /mnt/data1/nix/vendor/rust/cargo2nix/submodules/petgraph/Cargo.toml: unused manifest key: dependencies.dot-parser-macros.version
warning: /mnt/data1/nix/vendor/rust/cargo2nix/submodules/petgraph/Cargo.toml: unused manifest key: dependencies.fixedbitset.version
warning: /mnt/data1/nix/vendor/rust/cargo2nix/submodules/petgraph/Cargo.toml: unused manifest key: dependencies.hashbrown.version
warning: /mnt/data1/nix/vendor/rust/cargo2nix/submodules/petgraph/Cargo.toml: unused manifest key: dependencies.indexmap.version
warning: /mnt/data1/nix/vendor/rust/cargo2nix/submodules/petgraph/Cargo.toml: unused manifest key: dependencies.quickcheck.version
warning: /mnt/data1/nix/vendor/rust/cargo2nix/submodules/petgraph/Cargo.toml: unused manifest key: dependencies.rayon.version
warning: /mnt/data1/nix/vendor/rust/cargo2nix/submodules/petgraph/Cargo.toml: unused manifest key: dependencies.serde.version
warning: /mnt/data1/nix/vendor/rust/cargo2nix/submodules/petgraph/Cargo.toml: unused manifest key: dependencies.serde_derive.version
warning: /mnt/data1/nix/vendor/rust/cargo2nix/submodules/petgraph/Cargo.toml: unused manifest key: dev-dependencies.itertools.version
warning: /mnt/data1/nix/vendor/rust/cargo2nix/submodules/petgraph/Cargo.toml: unused manifest key: dev-dependencies.odds.version
warning: /mnt/data1/nix/vendor/rust/cargo2nix/submodules/gitoxide/gix-diff/Cargo.toml: unused manifest key: package.rust-workspace
warning: /mnt/data1/nix/vendor/rust/cargo2nix/submodules/gitoxide/gix-command/Cargo.toml: unused manifest key: package.rust-workspace
warning: /mnt/data1/nix/vendor/rust/cargo2nix/submodules/io-uring/Cargo.toml: unused manifest key: package.members
warning: /mnt/data1/nix/vendor/rust/cargo2nix/submodules/crossbeam/crossbeam-utils/Cargo.toml: unused manifest key: dependencies.atomic-maybe-uninit.version
warning: /mnt/data1/nix/vendor/rust/cargo2nix/submodules/glob/Cargo.toml: no edition set: defaulting to the 2015 edition while the latest is 2024
warning: /mnt/data1/nix/vendor/rust/cargo2nix/submodules/gitoxide/gix-sec/Cargo.toml: unused manifest key: package.rust-workspace
warning: /mnt/data1/nix/vendor/rust/cargo2nix/submodules/gitoxide/tests/tools/Cargo.toml: unused manifest key: package.rust-workspace
warning: /mnt/data1/nix/vendor/rust/cargo2nix/submodules/gitoxide/gix-commitgraph/Cargo.toml: unused manifest key: package.rust-workspace
warning: /mnt/data1/nix/vendor/rust/cargo2nix/submodules/gitoxide/gix-revwalk/Cargo.toml: unused manifest key: package.rust-workspace
warning: /mnt/data1/nix/vendor/rust/cargo2nix/submodules/im-rs/rc/Cargo.toml: unused manifest key: package.metadata.docs.rs
warning: /mnt/data1/nix/vendor/rust/cargo2nix/submodules/signal-hook/signal-hook-registry/Cargo.toml: no edition set: defaulting to the 2015 edition while the latest is 2024
warning: /mnt/data1/nix/vendor/rust/cargo2nix/submodules/gitoxide/gix-hash/Cargo.toml: unused manifest key: package.rust-workspace
warning: /mnt/data1/nix/vendor/rust/cargo2nix/submodules/gitoxide/gix-merge/Cargo.toml: unused manifest key: package.rust-workspace
warning: /mnt/data1/nix/vendor/rust/cargo2nix/submodules/arbitrary/Cargo.toml: unused manifest key: test.0.members
warning: /mnt/data1/nix/vendor/rust/cargo2nix/submodules/git2-rs/Cargo.toml: unused manifest key: examples
warning: /mnt/data1/nix/vendor/rust/cargo2nix/submodules/gitoxide/gix-transport/Cargo.toml: unused manifest key: package.rust-workspace
warning: /mnt/data1/nix/vendor/rust/cargo2nix/submodules/gitoxide/gix-lock/Cargo.toml: unused manifest key: package.rust-workspace
warning: /mnt/data1/nix/vendor/rust/cargo2nix/submodules/gitoxide/gix-index/Cargo.toml: unused manifest key: package.rust-workspace
warning: /mnt/data1/nix/vendor/rust/cargo2nix/submodules/gitoxide/gix-actor/Cargo.toml: unused manifest key: package.rust-workspace
warning: /mnt/data1/nix/vendor/rust/cargo2nix/submodules/gitoxide/gix-tempfile/Cargo.toml: unused manifest key: package.rust-workspace
warning: /mnt/data1/nix/vendor/rust/cargo2nix/submodules/gitoxide/gix-attributes/Cargo.toml: unused manifest key: package.rust-workspace
warning: /mnt/data1/nix/vendor/rust/cargo2nix/submodules/itertools/Cargo.toml: `default-features` is ignored for either, since `default-features` was not specified for `workspace.dependencies.either`, this could become a hard error in the future
warning: /mnt/data1/nix/vendor/rust/cargo2nix/submodules/gitoxide/gix-filter/Cargo.toml: unused manifest key: package.rust-workspace
warning: /mnt/data1/nix/vendor/rust/cargo2nix/submodules/gitoxide/gix-quote/Cargo.toml: unused manifest key: package.rust-workspace
warning: /mnt/data1/nix/vendor/rust/cargo2nix/submodules/memoffset/Cargo.toml: no edition set: defaulting to the 2015 edition while the latest is 2024
warning: /mnt/data1/nix/vendor/rust/cargo2nix/submodules/gitoxide/gix-revision/Cargo.toml: unused manifest key: package.rust-workspace
warning: /mnt/data1/nix/vendor/rust/cargo2nix/submodules/tokio/tokio/Cargo.toml: `default-features` is ignored for mio, since `default-features` was not specified for `workspace.dependencies.mio`, this could become a hard error in the future
warning: /mnt/data1/nix/vendor/rust/cargo2nix/submodules/tokio/tokio/Cargo.toml: `default-features` is ignored for io-uring, since `default-features` was not specified for `workspace.dependencies.io-uring`, this could become a hard error in the future
warning: /mnt/data1/nix/vendor/rust/cargo2nix/submodules/tokio/tokio/Cargo.toml: `default-features` is ignored for mio, since `default-features` was not specified for `workspace.dependencies.mio`, this could become a hard error in the future
warning: /mnt/data1/nix/vendor/rust/cargo2nix/submodules/tokio/tokio/Cargo.toml: `default-features` is ignored for tracing, since `default-features` was not specified for `workspace.dependencies.tracing`, this could become a hard error in the future
warning: /mnt/data1/nix/vendor/rust/cargo2nix/submodules/tokio/tokio/Cargo.toml: `default-features` is ignored for nix, since `default-features` was not specified for `workspace.dependencies.nix`, this could become a hard error in the future
warning: /mnt/data1/nix/vendor/rust/cargo2nix/submodules/tokio/tokio/Cargo.toml: unused manifest key: dependencies.bytes.version
warning: /mnt/data1/nix/vendor/rust/cargo2nix/submodules/tokio/tokio/Cargo.toml: unused manifest key: dependencies.mio.version
warning: /mnt/data1/nix/vendor/rust/cargo2nix/submodules/tokio/tokio/Cargo.toml: unused manifest key: dev-dependencies.futures.version
warning: /mnt/data1/nix/vendor/rust/cargo2nix/submodules/tokio/tokio/Cargo.toml: unused manifest key: dev-dependencies.tokio-stream.path
warning: /mnt/data1/nix/vendor/rust/cargo2nix/submodules/tokio/tokio/Cargo.toml: unused manifest key: dev-dependencies.tokio-stream.version
warning: /mnt/data1/nix/vendor/rust/cargo2nix/submodules/tokio/tokio/Cargo.toml: unused manifest key: dev-dependencies.tokio-test.path
warning: /mnt/data1/nix/vendor/rust/cargo2nix/submodules/tokio/tokio/Cargo.toml: unused manifest key: dev-dependencies.tokio-test.version
warning: /mnt/data1/nix/vendor/rust/cargo2nix/submodules/tokio/tokio/Cargo.toml: unused manifest key: dev-dependencies.tokio-util.path
warning: /mnt/data1/nix/vendor/rust/cargo2nix/submodules/tokio/tokio/Cargo.toml: unused manifest key: dev-dependencies.tokio-util.version
warning: /mnt/data1/nix/vendor/rust/cargo2nix/submodules/tokio/tokio/Cargo.toml: unused manifest key: target.cfg(all(tokio_unstable, target_os = "linux")).dependencies.io-uring.version
warning: /mnt/data1/nix/vendor/rust/cargo2nix/submodules/tokio/tokio/Cargo.toml: unused manifest key: target.cfg(all(tokio_unstable, target_os = "linux")).dependencies.libc.version
warning: /mnt/data1/nix/vendor/rust/cargo2nix/submodules/tokio/tokio/Cargo.toml: unused manifest key: target.cfg(all(tokio_unstable, target_os = "linux")).dependencies.mio.version
warning: /mnt/data1/nix/vendor/rust/cargo2nix/submodules/tokio/tokio/Cargo.toml: unused manifest key: target.cfg(all(tokio_unstable, target_os = "linux")).dependencies.slab.version
warning: /mnt/data1/nix/vendor/rust/cargo2nix/submodules/tokio/tokio/Cargo.toml: unused manifest key: target.cfg(not(target_family = "wasm")).dependencies.socket2.version
warning: /mnt/data1/nix/vendor/rust/cargo2nix/submodules/tokio/tokio/Cargo.toml: unused manifest key: target.cfg(tokio_unstable).dependencies.tracing.version
warning: /mnt/data1/nix/vendor/rust/cargo2nix/submodules/tokio/tokio/Cargo.toml: unused manifest key: target.cfg(unix).dependencies.libc.version
warning: /mnt/data1/nix/vendor/rust/cargo2nix/submodules/tokio/tokio/Cargo.toml: unused manifest key: target.cfg(unix).dependencies.signal-hook-registry.version
warning: /mnt/data1/nix/vendor/rust/cargo2nix/submodules/tokio/tokio/Cargo.toml: unused manifest key: target.cfg(unix).dev-dependencies.libc.version
warning: /mnt/data1/nix/vendor/rust/cargo2nix/submodules/tokio/tokio/Cargo.toml: unused manifest key: target.cfg(unix).dev-dependencies.nix.version
warning: /mnt/data1/nix/vendor/rust/cargo2nix/submodules/tokio/tokio/Cargo.toml: unused manifest key: target.cfg(windows).dependencies.windows-sys.version
warning: /mnt/data1/nix/vendor/rust/cargo2nix/submodules/tokio/tokio/Cargo.toml: unused manifest key: target.cfg(windows).dev-dependencies.windows-sys.version
warning: /mnt/data1/nix/vendor/rust/cargo2nix/submodules/unicode-ident/Cargo.toml: unused manifest key: bench.0.members
warning: /mnt/data1/nix/vendor/rust/cargo2nix/submodules/gitoxide/gix-worktree-stream/Cargo.toml: unused manifest key: package.rust-workspace
warning: /mnt/data1/nix/vendor/rust/cargo2nix/submodules/zstd-rs/ruzstd/Cargo.toml: `default-features` is ignored for twox-hash, since `default-features` was not specified for `workspace.dependencies.twox-hash`, this could become a hard error in the future
warning: /mnt/data1/nix/vendor/rust/cargo2nix/submodules/zstd-rs/ruzstd/Cargo.toml: unused manifest key: dependencies.fastrand.version
warning: /mnt/data1/nix/vendor/rust/cargo2nix/submodules/zstd-rs/ruzstd/Cargo.toml: unused manifest key: dependencies.twox-hash.version
warning: /mnt/data1/nix/vendor/rust/cargo2nix/submodules/zstd-rs/ruzstd/Cargo.toml: unused manifest key: dev-dependencies.rand.version
warning: /mnt/data1/nix/vendor/rust/cargo2nix/submodules/gitoxide/gix-pathspec/Cargo.toml: unused manifest key: package.rust-workspace
warning: /mnt/data1/nix/vendor/rust/cargo2nix/submodules/gitoxide/gix-negotiate/Cargo.toml: unused manifest key: package.rust-workspace
warning: /mnt/data1/nix/vendor/rust/cargo2nix/submodules/zip2/Cargo.toml: `default-features` is ignored for lzma-rust2, since `default-features` was not specified for `workspace.dependencies.lzma-rust2`, this could become a hard error in the future
warning: /mnt/data1/nix/vendor/rust/cargo2nix/submodules/gitoxide/gix-features/Cargo.toml: unused manifest key: package.rust-workspace
warning: /mnt/data1/nix/vendor/rust/cargo2nix/submodules/rustc-demangle/Cargo.toml: no edition set: defaulting to the 2015 edition while the latest is 2024
warning: /mnt/data1/nix/vendor/rust/cargo2nix/submodules/rustc-demangle/Cargo.toml: unused manifest key: package.members
warning: /mnt/data1/nix/vendor/rust/cargo2nix/submodules/faster-hex/Cargo.toml: Found `feature = ...` in `target.'cfg(...)'.dependencies`. This key is not supported for selecting dependencies and will not work as expected. Use the [features] section instead: https://doc.rust-lang.org/cargo/reference/features.html
warning: /mnt/data1/nix/vendor/rust/cargo2nix/submodules/faster-hex/Cargo.toml: unused manifest key: target.cfg(not(feature = "alloc")).features
warning: /mnt/data1/nix/vendor/rust/cargo2nix/submodules/gitoxide/gix-config/Cargo.toml: unused manifest key: package.rust-workspace
warning: /mnt/data1/nix/vendor/rust/cargo2nix/submodules/gitoxide/gix-traverse/Cargo.toml: unused manifest key: package.rust-workspace
warning: /mnt/data1/nix/vendor/rust/cargo2nix/submodules/pin-project-lite/Cargo.toml: unused manifest key: dev-dependencies.macrotest.branch
warning: /mnt/data1/nix/vendor/rust/cargo2nix/submodules/pin-project-lite/Cargo.toml: unused manifest key: dev-dependencies.trybuild.branch
warning: /mnt/data1/nix/vendor/rust/cargo2nix/submodules/static-assertions-rs/proc/Cargo.toml: no edition set: defaulting to the 2015 edition while the latest is 2024
warning: /mnt/data1/nix/vendor/rust/cargo2nix/submodules/gitoxide/gix-mailmap/Cargo.toml: unused manifest key: package.rust-workspace
warning: /mnt/data1/nix/vendor/rust/cargo2nix/submodules/lazy-static/Cargo.toml: no edition set: defaulting to the 2015 edition while the latest is 2024
warning: /mnt/data1/nix/vendor/rust/cargo2nix/submodules/gitoxide/gix-blame/Cargo.toml: unused manifest key: package.rust-workspace
warning: /mnt/data1/nix/vendor/rust/cargo2nix/submodules/clap/clap_builder/Cargo.toml: unused manifest key: dependencies.anstream.version
warning: /mnt/data1/nix/vendor/rust/cargo2nix/submodules/clap/clap_builder/Cargo.toml: unused manifest key: dependencies.anstyle.version
warning: /mnt/data1/nix/vendor/rust/cargo2nix/submodules/clap/clap_builder/Cargo.toml: unused manifest key: dependencies.backtrace.version
warning: /mnt/data1/nix/vendor/rust/cargo2nix/submodules/clap/clap_builder/Cargo.toml: unused manifest key: dependencies.strsim.version
warning: /mnt/data1/nix/vendor/rust/cargo2nix/submodules/clap/clap_builder/Cargo.toml: unused manifest key: dependencies.terminal_size.version
warning: /mnt/data1/nix/vendor/rust/cargo2nix/submodules/clap/clap_builder/Cargo.toml: unused manifest key: dependencies.unicase.version
warning: /mnt/data1/nix/vendor/rust/cargo2nix/submodules/clap/clap_builder/Cargo.toml: unused manifest key: dev-dependencies.snapbox.version
warning: /mnt/data1/nix/vendor/rust/cargo2nix/submodules/assert-impl/Cargo.toml: no edition set: defaulting to the 2015 edition while the latest is 2024
warning: /mnt/data1/nix/vendor/rust/cargo2nix/submodules/regex/Cargo.toml: unused manifest key: package.members
warning: /mnt/data1/nix/vendor/rust/cargo2nix/submodules/backtrace-rs/Cargo.toml: unused manifest key: dependencies.cpp_demangle.version
warning: /mnt/data1/nix/vendor/rust/cargo2nix/submodules/backtrace-rs/Cargo.toml: unused manifest key: dependencies.serde.version
warning: /mnt/data1/nix/vendor/rust/cargo2nix/submodules/backtrace-rs/Cargo.toml: unused manifest key: target.cfg(not(all(windows, target_env = "msvc", not(target_vendor = "uwp")))).dependencies.libc.version
warning: /mnt/data1/nix/vendor/rust/cargo2nix/submodules/backtrace-rs/Cargo.toml: unused manifest key: target.cfg(not(all(windows, target_env = "msvc", not(target_vendor = "uwp")))).dependencies.miniz_oxide.version
warning: /mnt/data1/nix/vendor/rust/cargo2nix/submodules/backtrace-rs/Cargo.toml: unused manifest key: target.cfg(not(all(windows, target_env = "msvc", not(target_vendor = "uwp")))).dependencies.ruzstd.version
warning: /mnt/data1/nix/vendor/rust/cargo2nix/submodules/gitoxide/gix-worktree-state/Cargo.toml: unused manifest key: package.rust-workspace
warning: /mnt/data1/nix/vendor/rust/cargo2nix/submodules/scoped-tls/Cargo.toml: no edition set: defaulting to the 2015 edition while the latest is 2024
warning: /mnt/data1/nix/vendor/rust/cargo2nix/submodules/quickcheck/Cargo.toml: unused manifest key: package.members
warning: /mnt/data1/nix/vendor/rust/cargo2nix/submodules/gitoxide/gix-odb/Cargo.toml: unused manifest key: package.rust-workspace
warning: /mnt/data1/nix/vendor/rust/cargo2nix/submodules/gitoxide/gix-url/Cargo.toml: unused manifest key: package.rust-workspace
warning: /mnt/data1/nix/vendor/rust/cargo2nix/submodules/include-dir-macro-rs/Cargo.toml: `edition` is set on example `poems` which is deprecated
warning: /mnt/data1/nix/vendor/rust/cargo2nix/submodules/include-dir-macro-rs/Cargo.toml: `edition` is set on example `web` which is deprecated
warning: /mnt/data1/nix/vendor/rust/cargo2nix/submodules/gitoxide/gix-dir/Cargo.toml: unused manifest key: package.rust-workspace
warning: /mnt/data1/nix/vendor/rust/cargo2nix/submodules/gitoxide/gix-ref/Cargo.toml: unused manifest key: package.rust-workspace
warning: /mnt/data1/nix/vendor/rust/cargo2nix/submodules/gitoxide/gix-fs/Cargo.toml: unused manifest key: package.rust-workspace
warning: /mnt/data1/nix/vendor/rust/cargo2nix/submodules/curl-rust/Cargo.toml: `default-features` is ignored for curl-sys, since `default-features` was not specified for `workspace.dependencies.curl-sys`, this could become a hard error in the future
warning: /mnt/data1/nix/vendor/rust/cargo2nix/submodules/gitoxide/gix-submodule/Cargo.toml: unused manifest key: package.rust-workspace
warning: /mnt/data1/nix/vendor/rust/cargo2nix/submodules/gitoxide/gix-pack/Cargo.toml: unused manifest key: package.rust-workspace
warning: /mnt/data1/nix/vendor/rust/cargo2nix/submodules/fxhash/Cargo.toml: no edition set: defaulting to the 2015 edition while the latest is 2024
warning: /mnt/data1/nix/vendor/rust/cargo2nix/submodules/gitoxide/gix-object/Cargo.toml: unused manifest key: package.rust-workspace
warning: /mnt/data1/nix/vendor/rust/cargo2nix/submodules/gitoxide/gix/Cargo.toml: unused manifest key: package.rust-workspace
warning: /mnt/data1/nix/vendor/rust/cargo2nix/submodules/gitoxide/gix-packetline/Cargo.toml: unused manifest key: package.rust-workspace
warning: /mnt/data1/nix/vendor/rust/cargo2nix/submodules/ahash/Cargo.toml: file `/mnt/data1/nix/vendor/rust/cargo2nix/submodules/ahash/tests/bench.rs` found to be present in multiple build targets:
  * `integration-test` target `bench`
  * `bench` target `ahash`
warning: /mnt/data1/nix/vendor/rust/cargo2nix/submodules/ahash/Cargo.toml: file `/mnt/data1/nix/vendor/rust/cargo2nix/submodules/ahash/tests/map_tests.rs` found to be present in multiple build targets:
  * `integration-test` target `map_tests`
  * `bench` target `map`
warning: /mnt/data1/nix/vendor/rust/cargo2nix/submodules/indexmap/Cargo.toml: unused manifest key: dependencies.serde.version
warning: /mnt/data1/nix/vendor/rust/cargo2nix/submodules/indexmap/Cargo.toml: unused manifest key: dependencies.serde_core.version
warning: /mnt/data1/nix/vendor/rust/cargo2nix/submodules/static-assertions-rs/Cargo.toml: no edition set: defaulting to the 2015 edition while the latest is 2024
warning: /mnt/data1/nix/vendor/rust/cargo2nix/submodules/gitoxide/gix-config-value/Cargo.toml: unused manifest key: package.rust-workspace
warning: /mnt/data1/nix/vendor/rust/cargo2nix/submodules/gitoxide/gix-status/Cargo.toml: unused manifest key: package.rust-workspace
warning: /mnt/data1/nix/vendor/rust/cargo2nix/submodules/gitoxide/gix-credentials/Cargo.toml: unused manifest key: package.rust-workspace
warning: /mnt/data1/nix/vendor/rust/cargo2nix/submodules/gitoxide/gix-worktree/Cargo.toml: unused manifest key: package.rust-workspace
warning: /mnt/data1/nix/vendor/rust/cargo2nix/submodules/gitoxide/gix-discover/Cargo.toml: unused manifest key: package.rust-workspace
warning: /mnt/data1/nix/vendor/rust/cargo2nix/submodules/gitoxide/gix-glob/Cargo.toml: unused manifest key: package.rust-workspace
warning: /mnt/data1/nix/vendor/rust/cargo2nix/submodules/defmac/Cargo.toml: no edition set: defaulting to the 2015 edition while the latest is 2024
warning: /mnt/data1/nix/vendor/rust/cargo2nix/submodules/gitoxide/gix-shallow/Cargo.toml: unused manifest key: package.rust-workspace
warning: /mnt/data1/nix/vendor/rust/cargo2nix/submodules/camino/Cargo.toml: unused manifest key: members
warning: /mnt/data1/nix/vendor/rust/cargo2nix/submodules/equivalent/Cargo.toml: no edition set: defaulting to the 2015 edition while the latest is 2024
warning: /mnt/data1/nix/vendor/rust/cargo2nix/submodules/bstr/Cargo.toml: unused manifest key: package.members
warning: /mnt/data1/nix/vendor/rust/cargo2nix/submodules/gitoxide/gix-hashtable/Cargo.toml: unused manifest key: package.rust-workspace
warning: /mnt/data1/nix/vendor/rust/cargo2nix/submodules/gitoxide/gix-refspec/Cargo.toml: unused manifest key: package.rust-workspace
warning: /mnt/data1/nix/vendor/rust/cargo2nix/submodules/chrono/Cargo.toml: `default-features` is ignored for serde_derive, since `default-features` was not specified for `workspace.dependencies.serde_derive`, this could become a hard error in the future
warning: /mnt/data1/nix/vendor/rust/cargo2nix/submodules/gitoxide/gix-path/Cargo.toml: unused manifest key: package.rust-workspace
warning: /mnt/data1/nix/vendor/rust/cargo2nix/submodules/odds/Cargo.toml: no edition set: defaulting to the 2015 edition while the latest is 2024
warning: /mnt/data1/nix/vendor/rust/cargo2nix/submodules/gitoxide/gix-archive/Cargo.toml: unused manifest key: package.rust-workspace
warning: /mnt/data1/nix/vendor/rust/cargo2nix/submodules/text-size/Cargo.toml: `default_features` is deprecated in favor of `default-features` and will not work in the 2024 edition
(in the `serde` dependency)
warning: /mnt/data1/nix/vendor/rust/cargo2nix/submodules/gitoxide/gix-prompt/Cargo.toml: unused manifest key: package.rust-workspace
warning: /mnt/data1/nix/vendor/rust/cargo2nix/submodules/gitoxide/gix-ignore/Cargo.toml: unused manifest key: package.rust-workspace
warning: /mnt/data1/nix/vendor/rust/cargo2nix/submodules/gitoxide/gix-protocol/Cargo.toml: unused manifest key: package.rust-workspace
warning: /mnt/data1/nix/vendor/rust/cargo2nix/submodules/nix/Cargo.toml: unused manifest key: dependencies.memoffset.version
warning: /mnt/data1/nix/vendor/rust/cargo2nix/submodules/nix/Cargo.toml: unused manifest key: dependencies.pin-utils.version
    Updating crates.io index
warning: Patch `allocator-api2 v0.3.1 (/mnt/data1/nix/vendor/rust/cargo2nix/submodules/allocator-api2)` was not used in the crate graph.
Patch `async-graphql v7.0.17 (/mnt/data1/nix/vendor/rust/cargo2nix/submodules/async-graphql)` was not used in the crate graph.
Patch `async-graphql-derive v7.0.17 (/mnt/data1/nix/vendor/rust/cargo2nix/submodules/async-graphql/derive)` was not used in the crate graph.
Patch `async-graphql-parser v7.0.17 (/mnt/data1/nix/vendor/rust/cargo2nix/submodules/async-graphql/parser)` was not used in the crate graph.
Patch `async-graphql-value v7.0.17 (/mnt/data1/nix/vendor/rust/cargo2nix/submodules/async-graphql/value)` was not used in the crate graph.
Patch `autowrap_tool v0.1.0 (/mnt/data1/nix/vendor/rust/cargo2nix/submodules/patch-build-rs/autowrap_tool)` was not used in the crate graph.
Patch `base-db v0.0.0 (/mnt/data1/nix/vendor/rust/cargo2nix/submodules/rust-analyzer/crates/base-db)` was not used in the crate graph.
Patch `cfg v0.0.0 (/mnt/data1/nix/vendor/rust/cargo2nix/submodules/rust-analyzer/crates/cfg)` was not used in the crate graph.
Patch `colorify v0.2.3 (/mnt/data1/nix/vendor/rust/cargo2nix/submodules/colorify)` was not used in the crate graph.
Patch `constant_time_eq v0.4.2 (/mnt/data1/nix/vendor/rust/cargo2nix/submodules/constant_time_eq)` was not used in the crate graph.
Patch `cpufeatures v0.3.0-pre (/mnt/data1/nix/vendor/rust/cargo2nix/submodules/utils/cpufeatures)` was not used in the crate graph.
Patch `crossbeam v0.8.4 (/mnt/data1/nix/vendor/rust/cargo2nix/submodules/crossbeam)` was not used in the crate graph.
Patch `crypto-bigint v0.7.0-rc.10 (/mnt/data1/nix/vendor/rust/cargo2nix/submodules/crypto-bigint)` was not used in the crate graph.
Patch `ecdsa v0.17.0-rc.9 (/mnt/data1/nix/vendor/rust/cargo2nix/submodules/signatures/ecdsa)` was not used in the crate graph.
Patch `edition v0.0.0 (/mnt/data1/nix/vendor/rust/cargo2nix/submodules/rust-analyzer/crates/edition)` was not used in the crate graph.
Patch `expand_utils_lib v0.0.0 (/mnt/data1/nix/vendor/rust/cargo2nix/submodules/split-decls-rs/crates/expand_utils_lib)` was not used in the crate graph.
Patch `find-msvc-tools v0.1.5 (/mnt/data1/nix/vendor/rust/cargo2nix/submodules/cc-rs/find-msvc-tools)` was not used in the crate graph.
Patch `fuzz v0.1.0 (/mnt/data1/nix/vendor/rust/cargo2nix/submodules/quinn/fuzz)` was not used in the crate graph.
Patch `generic-array v1.3.5 (/mnt/data1/nix/vendor/rust/cargo2nix/submodules/generic-array)` was not used in the crate graph.
Patch `gix-fetchhead v0.0.0 (/mnt/data1/nix/vendor/rust/cargo2nix/submodules/gitoxide/gix-fetchhead)` was not used in the crate graph.
Patch `gix-fsck v0.0.0 (/mnt/data1/nix/vendor/rust/cargo2nix/submodules/gitoxide/gix-fsck)` was not used in the crate graph.
Patch `gix-lfs v0.0.0 (/mnt/data1/nix/vendor/rust/cargo2nix/submodules/gitoxide/gix-lfs)` was not used in the crate graph.
Patch `gix-macros v0.1.5 (/mnt/data1/nix/vendor/rust/cargo2nix/submodules/gitoxide/gix-macros)` was not used in the crate graph.
Patch `gix-note v0.0.0 (/mnt/data1/nix/vendor/rust/cargo2nix/submodules/gitoxide/gix-note)` was not used in the crate graph.
Patch `gix-rebase v0.0.0 (/mnt/data1/nix/vendor/rust/cargo2nix/submodules/gitoxide/gix-rebase)` was not used in the crate graph.
Patch `gix-sequencer v0.0.0 (/mnt/data1/nix/vendor/rust/cargo2nix/submodules/gitoxide/gix-sequencer)` was not used in the crate graph.
Patch `gix-tix v0.0.0 (/mnt/data1/nix/vendor/rust/cargo2nix/submodules/gitoxide/gix-tix)` was not used in the crate graph.
Patch `gix-tui v0.0.0 (/mnt/data1/nix/vendor/rust/cargo2nix/submodules/gitoxide/gix-tui)` was not used in the crate graph.
Patch `hash32 v1.0.0 (/mnt/data1/nix/vendor/rust/cargo2nix/submodules/hash32)` was not used in the crate graph.
Patch `heapless v0.9.2 (/mnt/data1/nix/vendor/rust/cargo2nix/submodules/heapless)` was not used in the crate graph.
Patch `hir v0.0.0 (/mnt/data1/nix/vendor/rust/cargo2nix/submodules/rust-analyzer/crates/hir)` was not used in the crate graph.
Patch `hir-def v0.0.0 (/mnt/data1/nix/vendor/rust/cargo2nix/submodules/rust-analyzer/crates/hir-def)` was not used in the crate graph.
Patch `hir-expand v0.0.0 (/mnt/data1/nix/vendor/rust/cargo2nix/submodules/rust-analyzer/crates/hir-expand)` was not used in the crate graph.
Patch `hir-ty v0.0.0 (/mnt/data1/nix/vendor/rust/cargo2nix/submodules/rust-analyzer/crates/hir-ty)` was not used in the crate graph.
Patch `hkdf v0.13.0-rc.3 (/mnt/data1/nix/vendor/rust/cargo2nix/submodules/KDFs/hkdf)` was not used in the crate graph.
Patch `icu_normalizer v1.0.0 (/mnt/data1/nix/vendor/rust/cargo2nix/submodules/icu4x/components/normalizer)` was not used in the crate graph.
Patch `icu_properties v1.0.0 (/mnt/data1/nix/vendor/rust/cargo2nix/submodules/icu4x/components/properties)` was not used in the crate graph.
Patch `icu_properties_data v1.0.0 (/mnt/data1/nix/vendor/rust/cargo2nix/submodules/icu4x/provider/data/properties)` was not used in the crate graph.
Patch `ide v0.0.0 (/mnt/data1/nix/vendor/rust/cargo2nix/submodules/rust-analyzer/crates/ide)` was not used in the crate graph.
Patch `ide-assists v0.0.0 (/mnt/data1/nix/vendor/rust/cargo2nix/submodules/rust-analyzer/crates/ide-assists)` was not used in the crate graph.
Patch `ide-completion v0.0.0 (/mnt/data1/nix/vendor/rust/cargo2nix/submodules/rust-analyzer/crates/ide-completion)` was not used in the crate graph.
Patch `ide-db v0.0.0 (/mnt/data1/nix/vendor/rust/cargo2nix/submodules/rust-analyzer/crates/ide-db)` was not used in the crate graph.
Patch `ide-diagnostics v0.0.0 (/mnt/data1/nix/vendor/rust/cargo2nix/submodules/rust-analyzer/crates/ide-diagnostics)` was not used in the crate graph.
Patch `ide-ssr v0.0.0 (/mnt/data1/nix/vendor/rust/cargo2nix/submodules/rust-analyzer/crates/ide-ssr)` was not used in the crate graph.
Patch `intern v0.0.0 (/mnt/data1/nix/vendor/rust/cargo2nix/submodules/rust-analyzer/crates/intern)` was not used in the crate graph.
Patch `la-arena v0.3.1 (/mnt/data1/nix/vendor/rust/cargo2nix/submodules/rust-analyzer/lib/la-arena)` was not used in the crate graph.
Patch `line-index v0.1.2 (/mnt/data1/nix/vendor/rust/cargo2nix/submodules/rust-analyzer/lib/line-index)` was not used in the crate graph.
Patch `linux-raw-sys v0.12.0 (/mnt/data1/nix/vendor/rust/cargo2nix/submodules/linux-raw-sys)` was not used in the crate graph.
Patch `load-cargo v0.0.0 (/mnt/data1/nix/vendor/rust/cargo2nix/submodules/rust-analyzer/crates/load-cargo)` was not used in the crate graph.
Patch `lsp-server v0.7.9 (/mnt/data1/nix/vendor/rust/cargo2nix/submodules/rust-analyzer/lib/lsp-server)` was not used in the crate graph.
Patch `lzma-sys v0.1.20 (/mnt/data1/nix/vendor/rust/cargo2nix/submodules/xz2-rs/lzma-sys)` was not used in the crate graph.
Patch `macros v0.0.0 (/mnt/data1/nix/vendor/rust/cargo2nix/submodules/rust-analyzer/crates/macros)` was not used in the crate graph.
Patch `mbe v0.0.0 (/mnt/data1/nix/vendor/rust/cargo2nix/submodules/rust-analyzer/crates/mbe)` was not used in the crate graph.
Patch `measureme v1.0.0 (/mnt/data1/nix/vendor/rust/cargo2nix/submodules/measureme/measureme)` was not used in the crate graph.
Patch `nohash-hasher v0.2.0 (/mnt/data1/nix/vendor/rust/cargo2nix/submodules/nohash-hasher)` was not used in the crate graph.
Patch `nom v8.0.0 (/mnt/data1/nix/vendor/rust/cargo2nix/submodules/nom)` was not used in the crate graph.
Patch `num-conv v0.2.0 (/mnt/data1/nix/vendor/rust/cargo2nix/submodules/num-conv)` was not used in the crate graph.
Patch `p384 v0.14.0-rc.0 (/mnt/data1/nix/vendor/rust/cargo2nix/submodules/elliptic-curves/p384)` was not used in the crate graph.
Patch `parser v0.0.0 (/mnt/data1/nix/vendor/rust/cargo2nix/submodules/rust-analyzer/crates/parser)` was not used in the crate graph.
Patch `paths v0.0.0 (/mnt/data1/nix/vendor/rust/cargo2nix/submodules/rust-analyzer/crates/paths)` was not used in the crate graph.
Patch `powerfmt-macros v0.1.0 (/mnt/data1/nix/vendor/rust/cargo2nix/submodules/powerfmt/powerfmt-macros)` was not used in the crate graph.
Patch `primeorder v0.14.0-rc.0 (/mnt/data1/nix/vendor/rust/cargo2nix/submodules/elliptic-curves/primeorder)` was not used in the crate graph.
Patch `proc-macro-api v0.0.0 (/mnt/data1/nix/vendor/rust/cargo2nix/submodules/rust-analyzer/crates/proc-macro-api)` was not used in the crate graph.
Patch `proc-macro-srv v0.0.0 (/mnt/data1/nix/vendor/rust/cargo2nix/submodules/rust-analyzer/crates/proc-macro-srv)` was not used in the crate graph.
Patch `proc-macro-srv-cli v0.0.0 (/mnt/data1/nix/vendor/rust/cargo2nix/submodules/rust-analyzer/crates/proc-macro-srv-cli)` was not used in the crate graph.
Patch `profile v0.0.0 (/mnt/data1/nix/vendor/rust/cargo2nix/submodules/rust-analyzer/crates/profile)` was not used in the crate graph.
Patch `project-model v0.0.0 (/mnt/data1/nix/vendor/rust/cargo2nix/submodules/rust-analyzer/crates/project-model)` was not used in the crate graph.
Patch `query-group-macro v0.0.0 (/mnt/data1/nix/vendor/rust/cargo2nix/submodules/rust-analyzer/crates/query-group-macro)` was not used in the crate graph.
Patch `rfc6979 v0.5.0-rc.3 (/mnt/data1/nix/vendor/rust/cargo2nix/submodules/signatures/rfc6979)` was not used in the crate graph.
Patch `rustc_apfloat v1.0.0 (/mnt/data1/nix/vendor/rust/cargo2nix/submodules/rustc_apfloat)` was not used in the crate graph.
Patch `salsa v0.24.0 (/mnt/data1/nix/vendor/rust/cargo2nix/submodules/salsa)` was not used in the crate graph.
Patch `salsa-macros v0.24.0 (/mnt/data1/nix/vendor/rust/cargo2nix/submodules/salsa/components/salsa-macros)` was not used in the crate graph.
Patch `sec1 v0.8.0-rc.10 (/mnt/data1/nix/vendor/rust/cargo2nix/submodules/formats/sec1)` was not used in the crate graph.
Patch `signal-hook-async-std v0.3.0 (/mnt/data1/nix/vendor/rust/cargo2nix/submodules/signal-hook/signal-hook-async-std)` was not used in the crate graph.
Patch `signal-hook-tokio v0.3.1 (/mnt/data1/nix/vendor/rust/cargo2nix/submodules/signal-hook/signal-hook-tokio)` was not used in the crate graph.
Patch `signature v3.0.0-rc.5 (/mnt/data1/nix/vendor/rust/cargo2nix/submodules/traits/signature)` was not used in the crate graph.
Patch `sized-chunks v0.7.0 (/mnt/data1/nix/vendor/rust/cargo2nix/submodules/sized-chunks)` was not used in the crate graph.
Patch `smol_str v0.3.4 (/mnt/data1/nix/vendor/rust/cargo2nix/submodules/rust-analyzer/lib/smol_str)` was not used in the crate graph.
Patch `span v0.0.0 (/mnt/data1/nix/vendor/rust/cargo2nix/submodules/rust-analyzer/crates/span)` was not used in the crate graph.
Patch `stdx v0.0.0 (/mnt/data1/nix/vendor/rust/cargo2nix/submodules/rust-analyzer/crates/stdx)` was not used in the crate graph.
Patch `surf v2.3.2 (/mnt/data1/nix/vendor/rust/cargo2nix/submodules/surf)` was not used in the crate graph.
Patch `syn-codegen v0.4.2 (/mnt/data1/nix/vendor/rust/cargo2nix/submodules/syn/json)` was not used in the crate graph.
Patch `syntax v0.0.0 (/mnt/data1/nix/vendor/rust/cargo2nix/submodules/rust-analyzer/crates/syntax)` was not used in the crate graph.
Patch `syntax-bridge v0.0.0 (/mnt/data1/nix/vendor/rust/cargo2nix/submodules/rust-analyzer/crates/syntax-bridge)` was not used in the crate graph.
Patch `temp-dir v0.1.16 (/mnt/data1/nix/vendor/rust/cargo2nix/submodules/temp-dir/temp-dir)` was not used in the crate graph.
Patch `temp-env v0.3.6 (/mnt/data1/nix/vendor/rust/cargo2nix/submodules/temp-env)` was not used in the crate graph.
Patch `test-fixture v0.0.0 (/mnt/data1/nix/vendor/rust/cargo2nix/submodules/rust-analyzer/crates/test-fixture)` was not used in the crate graph.
Patch `test-utils v0.0.0 (/mnt/data1/nix/vendor/rust/cargo2nix/submodules/rust-analyzer/crates/test-utils)` was not used in the crate graph.
Patch `tokio-core v0.1.18 (/mnt/data1/nix/vendor/rust/cargo2nix/submodules/tokio-core)` was not used in the crate graph.
Patch `toolchain v0.0.0 (/mnt/data1/nix/vendor/rust/cargo2nix/submodules/rust-analyzer/crates/toolchain)` was not used in the crate graph.
Patch `tracing-tower v0.1.0 (/mnt/data1/nix/vendor/rust/cargo2nix/submodules/tracing/tracing-tower)` was not used in the crate graph.
Patch `tracing-tree v0.4.1 (/mnt/data1/nix/vendor/rust/cargo2nix/submodules/tracing-tree)` was not used in the crate graph.
Patch `tt v0.0.0 (/mnt/data1/nix/vendor/rust/cargo2nix/submodules/rust-analyzer/crates/tt)` was not used in the crate graph.
Patch `vfs v0.0.0 (/mnt/data1/nix/vendor/rust/cargo2nix/submodules/rust-analyzer/crates/vfs)` was not used in the crate graph.
Patch `vfs-notify v0.0.0 (/mnt/data1/nix/vendor/rust/cargo2nix/submodules/rust-analyzer/crates/vfs-notify)` was not used in the crate graph.
Patch `windows-bindings v0.1.0 (/mnt/data1/nix/vendor/rust/cargo2nix/submodules/jni-rs/windows-bindings)` was not used in the crate graph.
Patch `windows-metadata v0.59.0 (/mnt/data1/nix/vendor/rust/cargo2nix/submodules/windows-rs/crates/libs/metadata)` was not used in the crate graph.
Patch `windows-services v0.26.1 (/mnt/data1/nix/vendor/rust/cargo2nix/submodules/windows-rs/crates/libs/services)` was not used in the crate graph.
Patch `windows-targets v0.0.0 (/mnt/data1/nix/vendor/rust/cargo2nix/submodules/rust/library/windows_targets)` was not used in the crate graph.
Patch `windows-version v0.1.7 (/mnt/data1/nix/vendor/rust/cargo2nix/submodules/windows-rs/crates/libs/version)` was not used in the crate graph.
Patch `xz2 v0.1.7 (/mnt/data1/nix/vendor/rust/cargo2nix/submodules/xz2-rs)` was not used in the crate graph.
Check that the patched package version and available features are compatible
with the dependency requirements. If the patch has a different version from
what is locked in the Cargo.lock file, run `cargo update` to use the new
version. This may also occur with an optional dependency that is not enabled.
warning: associated constant `BITS` is never used
  --> submodules/aho-corasick/src/packed/vector.rs:32:11
   |
28 | pub(crate) trait Vector:
   |                  ------ associated constant in this trait
...
32 |     const BITS: usize;
   |           ^^^^
   |
   = note: `#[warn(dead_code)]` (part of `#[warn(unused)]`) on by default

warning: `aho-corasick` (lib) generated 1 warning
warning: unexpected `cfg` condition value: `128`
   --> submodules/atomic-maybe-uninit/src/lib.rs:806:7
    |
806 | #[cfg(target_pointer_width = "128")]
    |       ^^^^^^^^^^^^^^^^^^^^^^^^^^^^
    |
    = note: expected values for `target_pointer_width` are: `16`, `32`, and `64`
    = help: consider using a Cargo feature instead
    = help: or consider adding in `Cargo.toml` the `check-cfg` lint config for the lint:
             [lints.rust]
             unexpected_cfgs = { level = "warn", check-cfg = ['cfg(target_pointer_width, values("128"))'] }
    = help: or consider adding `println!("cargo::rustc-check-cfg=cfg(target_pointer_width, values(\"128\"))");` to the top of the `build.rs`
    = note: see <https://doc.rust-lang.org/nightly/rustc/check-cfg/cargo-specifics.html> for more information about checking conditional configuration
    = note: `#[warn(unexpected_cfgs)]` on by default

warning: unexpected `cfg` condition name: `atomic_maybe_uninit_test_prefer_kuser_cmpxchg`
   --> submodules/atomic-maybe-uninit/src/lib.rs:825:13
    |
825 |             atomic_maybe_uninit_test_prefer_kuser_cmpxchg,
    |             ^^^^^^^^^^^^^^^^^^^^^^^^^^^^^^^^^^^^^^^^^^^^^
    |
    = help: expected names are: `atomic_maybe_uninit_no_asm`, `atomic_maybe_uninit_no_cmpxchg`, `atomic_maybe_uninit_no_cmpxchg8b`, `atomic_maybe_uninit_no_const_mut_refs`, `atomic_maybe_uninit_no_diagnostic_namespace`, `atomic_maybe_uninit_no_ldex_stex`, `atomic_maybe_uninit_no_strict_provenance`, `atomic_maybe_uninit_no_sync`, `atomic_maybe_uninit_pre_llvm_20`, `atomic_maybe_uninit_target_feature`, `atomic_maybe_uninit_unstable_asm_experimental_arch`, `docsrs`, `feature`, and `test` and 31 more
    = help: consider using a Cargo feature instead
    = help: or consider adding in `Cargo.toml` the `check-cfg` lint config for the lint:
             [lints.rust]
             unexpected_cfgs = { level = "warn", check-cfg = ['cfg(atomic_maybe_uninit_test_prefer_kuser_cmpxchg)'] }
    = help: or consider adding `println!("cargo::rustc-check-cfg=cfg(atomic_maybe_uninit_test_prefer_kuser_cmpxchg)");` to the top of the `build.rs`
    = note: see <https://doc.rust-lang.org/nightly/rustc/check-cfg/cargo-specifics.html> for more information about checking conditional configuration

warning: unexpected `cfg` condition name: `atomic_maybe_uninit_test_prefer_kuser_cmpxchg`
   --> submodules/atomic-maybe-uninit/src/lib.rs:836:13
    |
836 |             atomic_maybe_uninit_test_prefer_kuser_cmpxchg,
    |             ^^^^^^^^^^^^^^^^^^^^^^^^^^^^^^^^^^^^^^^^^^^^^
    |
    = help: consider using a Cargo feature instead
    = help: or consider adding in `Cargo.toml` the `check-cfg` lint config for the lint:
             [lints.rust]
             unexpected_cfgs = { level = "warn", check-cfg = ['cfg(atomic_maybe_uninit_test_prefer_kuser_cmpxchg)'] }
    = help: or consider adding `println!("cargo::rustc-check-cfg=cfg(atomic_maybe_uninit_test_prefer_kuser_cmpxchg)");` to the top of the `build.rs`
    = note: see <https://doc.rust-lang.org/nightly/rustc/check-cfg/cargo-specifics.html> for more information about checking conditional configuration

warning: unexpected `cfg` condition value: `128`
  --> submodules/atomic-maybe-uninit/src/gen/utils.rs:96:11
   |
96 |     #[cfg(target_pointer_width = "128")]
   |           ^^^^^^^^^^^^^^^^^^^^^^^^^^^^
   |
   = note: expected values for `target_pointer_width` are: `16`, `32`, and `64`
   = help: consider using a Cargo feature instead
   = help: or consider adding in `Cargo.toml` the `check-cfg` lint config for the lint:
            [lints.rust]
            unexpected_cfgs = { level = "warn", check-cfg = ['cfg(target_pointer_width, values("128"))'] }
   = help: or consider adding `println!("cargo::rustc-check-cfg=cfg(target_pointer_width, values(\"128\"))");` to the top of the `build.rs`
   = note: see <https://doc.rust-lang.org/nightly/rustc/check-cfg/cargo-specifics.html> for more information about checking conditional configuration

warning: unexpected `cfg` condition value: `128`
   --> submodules/atomic-maybe-uninit/src/utils.rs:353:15
    |
353 |         #[cfg(target_pointer_width = "128")]
    |               ^^^^^^^^^^^^^^^^^^^^^^^^^^^^
    |
   ::: submodules/atomic-maybe-uninit/src/arch/x86.rs:24:1
    |
 24 | delegate_size!(delegate_load_store);
    | ----------------------------------- in this macro invocation
    |
    = note: expected values for `target_pointer_width` are: `16`, `32`, and `64`
    = help: consider using a Cargo feature instead
    = help: or consider adding in `Cargo.toml` the `check-cfg` lint config for the lint:
             [lints.rust]
             unexpected_cfgs = { level = "warn", check-cfg = ['cfg(target_pointer_width, values("128"))'] }
    = help: or consider adding `println!("cargo::rustc-check-cfg=cfg(target_pointer_width, values(\"128\"))");` to the top of the `build.rs`
    = note: see <https://doc.rust-lang.org/nightly/rustc/check-cfg/cargo-specifics.html> for more information about checking conditional configuration
    = note: this warning originates in the macro `delegate_size` (in Nightly builds, run with -Z macro-backtrace for more info)

warning: unexpected `cfg` condition value: `128`
   --> submodules/atomic-maybe-uninit/src/utils.rs:355:15
    |
355 |         #[cfg(target_pointer_width = "128")]
    |               ^^^^^^^^^^^^^^^^^^^^^^^^^^^^
    |
   ::: submodules/atomic-maybe-uninit/src/arch/x86.rs:24:1
    |
 24 | delegate_size!(delegate_load_store);
    | ----------------------------------- in this macro invocation
    |
    = note: expected values for `target_pointer_width` are: `16`, `32`, and `64`
    = help: consider using a Cargo feature instead
    = help: or consider adding in `Cargo.toml` the `check-cfg` lint config for the lint:
             [lints.rust]
             unexpected_cfgs = { level = "warn", check-cfg = ['cfg(target_pointer_width, values("128"))'] }
    = help: or consider adding `println!("cargo::rustc-check-cfg=cfg(target_pointer_width, values(\"128\"))");` to the top of the `build.rs`
    = note: see <https://doc.rust-lang.org/nightly/rustc/check-cfg/cargo-specifics.html> for more information about checking conditional configuration
    = note: this warning originates in the macro `delegate_size` (in Nightly builds, run with -Z macro-backtrace for more info)

warning: unexpected `cfg` condition value: `128`
   --> submodules/atomic-maybe-uninit/src/utils.rs:353:15
    |
353 |         #[cfg(target_pointer_width = "128")]
    |               ^^^^^^^^^^^^^^^^^^^^^^^^^^^^
    |
   ::: submodules/atomic-maybe-uninit/src/arch/x86.rs:25:1
    |
 25 | delegate_size!(delegate_swap);
    | ----------------------------- in this macro invocation
    |
    = note: expected values for `target_pointer_width` are: `16`, `32`, and `64`
    = help: consider using a Cargo feature instead
    = help: or consider adding in `Cargo.toml` the `check-cfg` lint config for the lint:
             [lints.rust]
             unexpected_cfgs = { level = "warn", check-cfg = ['cfg(target_pointer_width, values("128"))'] }
    = help: or consider adding `println!("cargo::rustc-check-cfg=cfg(target_pointer_width, values(\"128\"))");` to the top of the `build.rs`
    = note: see <https://doc.rust-lang.org/nightly/rustc/check-cfg/cargo-specifics.html> for more information about checking conditional configuration
    = note: this warning originates in the macro `delegate_size` (in Nightly builds, run with -Z macro-backtrace for more info)

warning: unexpected `cfg` condition value: `128`
   --> submodules/atomic-maybe-uninit/src/utils.rs:355:15
    |
355 |         #[cfg(target_pointer_width = "128")]
    |               ^^^^^^^^^^^^^^^^^^^^^^^^^^^^
    |
   ::: submodules/atomic-maybe-uninit/src/arch/x86.rs:25:1
    |
 25 | delegate_size!(delegate_swap);
    | ----------------------------- in this macro invocation
    |
    = note: expected values for `target_pointer_width` are: `16`, `32`, and `64`
    = help: consider using a Cargo feature instead
    = help: or consider adding in `Cargo.toml` the `check-cfg` lint config for the lint:
             [lints.rust]
             unexpected_cfgs = { level = "warn", check-cfg = ['cfg(target_pointer_width, values("128"))'] }
    = help: or consider adding `println!("cargo::rustc-check-cfg=cfg(target_pointer_width, values(\"128\"))");` to the top of the `build.rs`
    = note: see <https://doc.rust-lang.org/nightly/rustc/check-cfg/cargo-specifics.html> for more information about checking conditional configuration
    = note: this warning originates in the macro `delegate_size` (in Nightly builds, run with -Z macro-backtrace for more info)

warning: unexpected `cfg` condition value: `128`
   --> submodules/atomic-maybe-uninit/src/utils.rs:353:15
    |
353 |         #[cfg(target_pointer_width = "128")]
    |               ^^^^^^^^^^^^^^^^^^^^^^^^^^^^
    |
   ::: submodules/atomic-maybe-uninit/src/arch/x86.rs:27:1
    |
 27 | delegate_size!(delegate_cas);
    | ---------------------------- in this macro invocation
    |
    = note: expected values for `target_pointer_width` are: `16`, `32`, and `64`
    = help: consider using a Cargo feature instead
    = help: or consider adding in `Cargo.toml` the `check-cfg` lint config for the lint:
             [lints.rust]
             unexpected_cfgs = { level = "warn", check-cfg = ['cfg(target_pointer_width, values("128"))'] }
    = help: or consider adding `println!("cargo::rustc-check-cfg=cfg(target_pointer_width, values(\"128\"))");` to the top of the `build.rs`
    = note: see <https://doc.rust-lang.org/nightly/rustc/check-cfg/cargo-specifics.html> for more information about checking conditional configuration
    = note: this warning originates in the macro `delegate_size` (in Nightly builds, run with -Z macro-backtrace for more info)

warning: unexpected `cfg` condition value: `128`
   --> submodules/atomic-maybe-uninit/src/utils.rs:355:15
    |
355 |         #[cfg(target_pointer_width = "128")]
    |               ^^^^^^^^^^^^^^^^^^^^^^^^^^^^
    |
   ::: submodules/atomic-maybe-uninit/src/arch/x86.rs:27:1
    |
 27 | delegate_size!(delegate_cas);
    | ---------------------------- in this macro invocation
    |
    = note: expected values for `target_pointer_width` are: `16`, `32`, and `64`
    = help: consider using a Cargo feature instead
    = help: or consider adding in `Cargo.toml` the `check-cfg` lint config for the lint:
             [lints.rust]
             unexpected_cfgs = { level = "warn", check-cfg = ['cfg(target_pointer_width, values("128"))'] }
    = help: or consider adding `println!("cargo::rustc-check-cfg=cfg(target_pointer_width, values(\"128\"))");` to the top of the `build.rs`
    = note: see <https://doc.rust-lang.org/nightly/rustc/check-cfg/cargo-specifics.html> for more information about checking conditional configuration
    = note: this warning originates in the macro `delegate_size` (in Nightly builds, run with -Z macro-backtrace for more info)

warning: unexpected `cfg` condition value: `128`
   --> submodules/atomic-maybe-uninit/src/lib.rs:973:11
    |
973 |     #[cfg(target_pointer_width = "128")]
    |           ^^^^^^^^^^^^^^^^^^^^^^^^^^^^
    |
    = note: expected values for `target_pointer_width` are: `16`, `32`, and `64`
    = help: consider using a Cargo feature instead
    = help: or consider adding in `Cargo.toml` the `check-cfg` lint config for the lint:
             [lints.rust]
             unexpected_cfgs = { level = "warn", check-cfg = ['cfg(target_pointer_width, values("128"))'] }
    = help: or consider adding `println!("cargo::rustc-check-cfg=cfg(target_pointer_width, values(\"128\"))");` to the top of the `build.rs`
    = note: see <https://doc.rust-lang.org/nightly/rustc/check-cfg/cargo-specifics.html> for more information about checking conditional configuration

warning: `atomic-maybe-uninit` (lib) generated 11 warnings
warning: `aho-corasick` (lib) generated 1 warning (1 duplicate)
warning: unexpected `cfg` condition name: `crossbeam_loom`
  --> submodules/crossbeam/crossbeam-utils/src/lib.rs:41:7
   |
41 | #[cfg(crossbeam_loom)]
   |       ^^^^^^^^^^^^^^
   |
   = help: expected names are: `crossbeam_atomic_cell_force_fallback`, `crossbeam_no_atomic`, `crossbeam_sanitize_thread`, `docsrs`, `feature`, and `test` and 31 more
   = help: consider using a Cargo feature instead
   = help: or consider adding in `Cargo.toml` the `check-cfg` lint config for the lint:
            [lints.rust]
            unexpected_cfgs = { level = "warn", check-cfg = ['cfg(crossbeam_loom)'] }
   = help: or consider adding `println!("cargo::rustc-check-cfg=cfg(crossbeam_loom)");` to the top of the `build.rs`
   = note: see <https://doc.rust-lang.org/nightly/rustc/check-cfg/cargo-specifics.html> for more information about checking conditional configuration
   = note: `#[warn(unexpected_cfgs)]` on by default

warning: unexpected `cfg` condition name: `crossbeam_loom`
  --> submodules/crossbeam/crossbeam-utils/src/lib.rs:64:11
   |
64 | #[cfg(not(crossbeam_loom))]
   |           ^^^^^^^^^^^^^^
   |
   = help: consider using a Cargo feature instead
   = help: or consider adding in `Cargo.toml` the `check-cfg` lint config for the lint:
            [lints.rust]
            unexpected_cfgs = { level = "warn", check-cfg = ['cfg(crossbeam_loom)'] }
   = help: or consider adding `println!("cargo::rustc-check-cfg=cfg(crossbeam_loom)");` to the top of the `build.rs`
   = note: see <https://doc.rust-lang.org/nightly/rustc/check-cfg/cargo-specifics.html> for more information about checking conditional configuration

warning: unexpected `cfg` condition name: `crossbeam_loom`
  --> submodules/crossbeam/crossbeam-utils/src/lib.rs:91:11
   |
91 | #[cfg(not(crossbeam_loom))]
   |           ^^^^^^^^^^^^^^
   |
   = help: consider using a Cargo feature instead
   = help: or consider adding in `Cargo.toml` the `check-cfg` lint config for the lint:
            [lints.rust]
            unexpected_cfgs = { level = "warn", check-cfg = ['cfg(crossbeam_loom)'] }
   = help: or consider adding `println!("cargo::rustc-check-cfg=cfg(crossbeam_loom)");` to the top of the `build.rs`
   = note: see <https://doc.rust-lang.org/nightly/rustc/check-cfg/cargo-specifics.html> for more information about checking conditional configuration

warning: unexpected `cfg` condition name: `crossbeam_loom`
 --> submodules/crossbeam/crossbeam-utils/src/atomic/mod.rs:7:11
  |
7 | #[cfg(not(crossbeam_loom))]
  |           ^^^^^^^^^^^^^^
  |
  = help: consider using a Cargo feature instead
  = help: or consider adding in `Cargo.toml` the `check-cfg` lint config for the lint:
           [lints.rust]
           unexpected_cfgs = { level = "warn", check-cfg = ['cfg(crossbeam_loom)'] }
  = help: or consider adding `println!("cargo::rustc-check-cfg=cfg(crossbeam_loom)");` to the top of the `build.rs`
  = note: see <https://doc.rust-lang.org/nightly/rustc/check-cfg/cargo-specifics.html> for more information about checking conditional configuration

warning: unexpected `cfg` condition name: `crossbeam_loom`
  --> submodules/crossbeam/crossbeam-utils/src/atomic/mod.rs:25:11
   |
25 | #[cfg(not(crossbeam_loom))]
   |           ^^^^^^^^^^^^^^
   |
   = help: consider using a Cargo feature instead
   = help: or consider adding in `Cargo.toml` the `check-cfg` lint config for the lint:
            [lints.rust]
            unexpected_cfgs = { level = "warn", check-cfg = ['cfg(crossbeam_loom)'] }
   = help: or consider adding `println!("cargo::rustc-check-cfg=cfg(crossbeam_loom)");` to the top of the `build.rs`
   = note: see <https://doc.rust-lang.org/nightly/rustc/check-cfg/cargo-specifics.html> for more information about checking conditional configuration

warning: unexpected `cfg` condition name: `crossbeam_loom`
  --> submodules/crossbeam/crossbeam-utils/src/atomic/mod.rs:28:11
   |
28 | #[cfg(not(crossbeam_loom))]
   |           ^^^^^^^^^^^^^^
   |
   = help: consider using a Cargo feature instead
   = help: or consider adding in `Cargo.toml` the `check-cfg` lint config for the lint:
            [lints.rust]
            unexpected_cfgs = { level = "warn", check-cfg = ['cfg(crossbeam_loom)'] }
   = help: or consider adding `println!("cargo::rustc-check-cfg=cfg(crossbeam_loom)");` to the top of the `build.rs`
   = note: see <https://doc.rust-lang.org/nightly/rustc/check-cfg/cargo-specifics.html> for more information about checking conditional configuration

warning: unexpected `cfg` condition name: `crossbeam_loom`
   --> submodules/crossbeam/crossbeam-utils/src/atomic/atomic_cell.rs:315:17
    |
315 |                 crossbeam_loom,
    |                 ^^^^^^^^^^^^^^
...
834 | impl_arithmetic!(u8, AtomicU8, "let a = AtomicCell::new(7u8);");
    | --------------------------------------------------------------- in this macro invocation
    |
    = help: consider using a Cargo feature instead
    = help: or consider adding in `Cargo.toml` the `check-cfg` lint config for the lint:
             [lints.rust]
             unexpected_cfgs = { level = "warn", check-cfg = ['cfg(crossbeam_loom)'] }
    = help: or consider adding `println!("cargo::rustc-check-cfg=cfg(crossbeam_loom)");` to the top of the `build.rs`
    = note: see <https://doc.rust-lang.org/nightly/rustc/check-cfg/cargo-specifics.html> for more information about checking conditional configuration
    = note: this warning originates in the macro `atomic` which comes from the expansion of the macro `impl_arithmetic` (in Nightly builds, run with -Z macro-backtrace for more info)

warning: unexpected `cfg` condition name: `crossbeam_loom`
   --> submodules/crossbeam/crossbeam-utils/src/atomic/atomic_cell.rs:315:17
    |
315 |                 crossbeam_loom,
    |                 ^^^^^^^^^^^^^^
...
835 | impl_arithmetic!(i8, AtomicI8, "let a = AtomicCell::new(7i8);");
    | --------------------------------------------------------------- in this macro invocation
    |
    = help: consider using a Cargo feature instead
    = help: or consider adding in `Cargo.toml` the `check-cfg` lint config for the lint:
             [lints.rust]
             unexpected_cfgs = { level = "warn", check-cfg = ['cfg(crossbeam_loom)'] }
    = help: or consider adding `println!("cargo::rustc-check-cfg=cfg(crossbeam_loom)");` to the top of the `build.rs`
    = note: see <https://doc.rust-lang.org/nightly/rustc/check-cfg/cargo-specifics.html> for more information about checking conditional configuration
    = note: this warning originates in the macro `atomic` which comes from the expansion of the macro `impl_arithmetic` (in Nightly builds, run with -Z macro-backtrace for more info)

warning: unexpected `cfg` condition name: `crossbeam_loom`
   --> submodules/crossbeam/crossbeam-utils/src/atomic/atomic_cell.rs:315:17
    |
315 |                 crossbeam_loom,
    |                 ^^^^^^^^^^^^^^
...
836 | impl_arithmetic!(u16, AtomicU16, "let a = AtomicCell::new(7u16);");
    | ------------------------------------------------------------------ in this macro invocation
    |
    = help: consider using a Cargo feature instead
    = help: or consider adding in `Cargo.toml` the `check-cfg` lint config for the lint:
             [lints.rust]
             unexpected_cfgs = { level = "warn", check-cfg = ['cfg(crossbeam_loom)'] }
    = help: or consider adding `println!("cargo::rustc-check-cfg=cfg(crossbeam_loom)");` to the top of the `build.rs`
    = note: see <https://doc.rust-lang.org/nightly/rustc/check-cfg/cargo-specifics.html> for more information about checking conditional configuration
    = note: this warning originates in the macro `atomic` which comes from the expansion of the macro `impl_arithmetic` (in Nightly builds, run with -Z macro-backtrace for more info)

warning: unexpected `cfg` condition name: `crossbeam_loom`
   --> submodules/crossbeam/crossbeam-utils/src/atomic/atomic_cell.rs:315:17
    |
315 |                 crossbeam_loom,
    |                 ^^^^^^^^^^^^^^
...
837 | impl_arithmetic!(i16, AtomicI16, "let a = AtomicCell::new(7i16);");
    | ------------------------------------------------------------------ in this macro invocation
    |
    = help: consider using a Cargo feature instead
    = help: or consider adding in `Cargo.toml` the `check-cfg` lint config for the lint:
             [lints.rust]
             unexpected_cfgs = { level = "warn", check-cfg = ['cfg(crossbeam_loom)'] }
    = help: or consider adding `println!("cargo::rustc-check-cfg=cfg(crossbeam_loom)");` to the top of the `build.rs`
    = note: see <https://doc.rust-lang.org/nightly/rustc/check-cfg/cargo-specifics.html> for more information about checking conditional configuration
    = note: this warning originates in the macro `atomic` which comes from the expansion of the macro `impl_arithmetic` (in Nightly builds, run with -Z macro-backtrace for more info)

warning: unexpected `cfg` condition name: `crossbeam_loom`
   --> submodules/crossbeam/crossbeam-utils/src/atomic/atomic_cell.rs:315:17
    |
315 |                 crossbeam_loom,
    |                 ^^^^^^^^^^^^^^
...
840 | impl_arithmetic!(u32, AtomicU32, "let a = AtomicCell::new(7u32);");
    | ------------------------------------------------------------------ in this macro invocation
    |
    = help: consider using a Cargo feature instead
    = help: or consider adding in `Cargo.toml` the `check-cfg` lint config for the lint:
             [lints.rust]
             unexpected_cfgs = { level = "warn", check-cfg = ['cfg(crossbeam_loom)'] }
    = help: or consider adding `println!("cargo::rustc-check-cfg=cfg(crossbeam_loom)");` to the top of the `build.rs`
    = note: see <https://doc.rust-lang.org/nightly/rustc/check-cfg/cargo-specifics.html> for more information about checking conditional configuration
    = note: this warning originates in the macro `atomic` which comes from the expansion of the macro `impl_arithmetic` (in Nightly builds, run with -Z macro-backtrace for more info)

warning: unexpected `cfg` condition name: `crossbeam_loom`
   --> submodules/crossbeam/crossbeam-utils/src/atomic/atomic_cell.rs:315:17
    |
315 |                 crossbeam_loom,
    |                 ^^^^^^^^^^^^^^
...
842 | impl_arithmetic!(i32, AtomicI32, "let a = AtomicCell::new(7i32);");
    | ------------------------------------------------------------------ in this macro invocation
    |
    = help: consider using a Cargo feature instead
    = help: or consider adding in `Cargo.toml` the `check-cfg` lint config for the lint:
             [lints.rust]
             unexpected_cfgs = { level = "warn", check-cfg = ['cfg(crossbeam_loom)'] }
    = help: or consider adding `println!("cargo::rustc-check-cfg=cfg(crossbeam_loom)");` to the top of the `build.rs`
    = note: see <https://doc.rust-lang.org/nightly/rustc/check-cfg/cargo-specifics.html> for more information about checking conditional configuration
    = note: this warning originates in the macro `atomic` which comes from the expansion of the macro `impl_arithmetic` (in Nightly builds, run with -Z macro-backtrace for more info)

warning: unexpected `cfg` condition name: `crossbeam_loom`
   --> submodules/crossbeam/crossbeam-utils/src/atomic/atomic_cell.rs:315:17
    |
315 |                 crossbeam_loom,
    |                 ^^^^^^^^^^^^^^
...
849 | impl_arithmetic!(u64, AtomicU64, "let a = AtomicCell::new(7u64);");
    | ------------------------------------------------------------------ in this macro invocation
    |
    = help: consider using a Cargo feature instead
    = help: or consider adding in `Cargo.toml` the `check-cfg` lint config for the lint:
             [lints.rust]
             unexpected_cfgs = { level = "warn", check-cfg = ['cfg(crossbeam_loom)'] }
    = help: or consider adding `println!("cargo::rustc-check-cfg=cfg(crossbeam_loom)");` to the top of the `build.rs`
    = note: see <https://doc.rust-lang.org/nightly/rustc/check-cfg/cargo-specifics.html> for more information about checking conditional configuration
    = note: this warning originates in the macro `atomic` which comes from the expansion of the macro `impl_arithmetic` (in Nightly builds, run with -Z macro-backtrace for more info)

warning: unexpected `cfg` condition name: `crossbeam_loom`
   --> submodules/crossbeam/crossbeam-utils/src/atomic/atomic_cell.rs:315:17
    |
315 |                 crossbeam_loom,
    |                 ^^^^^^^^^^^^^^
...
851 | impl_arithmetic!(i64, AtomicI64, "let a = AtomicCell::new(7i64);");
    | ------------------------------------------------------------------ in this macro invocation
    |
    = help: consider using a Cargo feature instead
    = help: or consider adding in `Cargo.toml` the `check-cfg` lint config for the lint:
             [lints.rust]
             unexpected_cfgs = { level = "warn", check-cfg = ['cfg(crossbeam_loom)'] }
    = help: or consider adding `println!("cargo::rustc-check-cfg=cfg(crossbeam_loom)");` to the top of the `build.rs`
    = note: see <https://doc.rust-lang.org/nightly/rustc/check-cfg/cargo-specifics.html> for more information about checking conditional configuration
    = note: this warning originates in the macro `atomic` which comes from the expansion of the macro `impl_arithmetic` (in Nightly builds, run with -Z macro-backtrace for more info)

warning: unexpected `cfg` condition name: `crossbeam_loom`
   --> submodules/crossbeam/crossbeam-utils/src/atomic/atomic_cell.rs:315:17
    |
315 |                 crossbeam_loom,
    |                 ^^^^^^^^^^^^^^
...
860 | impl_arithmetic!(u128, fetch_update, "let a = AtomicCell::new(7u128);");
    | ----------------------------------------------------------------------- in this macro invocation
    |
    = help: consider using a Cargo feature instead
    = help: or consider adding in `Cargo.toml` the `check-cfg` lint config for the lint:
             [lints.rust]
             unexpected_cfgs = { level = "warn", check-cfg = ['cfg(crossbeam_loom)'] }
    = help: or consider adding `println!("cargo::rustc-check-cfg=cfg(crossbeam_loom)");` to the top of the `build.rs`
    = note: see <https://doc.rust-lang.org/nightly/rustc/check-cfg/cargo-specifics.html> for more information about checking conditional configuration
    = note: this warning originates in the macro `atomic` which comes from the expansion of the macro `impl_arithmetic` (in Nightly builds, run with -Z macro-backtrace for more info)

warning: unexpected `cfg` condition name: `crossbeam_loom`
   --> submodules/crossbeam/crossbeam-utils/src/atomic/atomic_cell.rs:315:17
    |
315 |                 crossbeam_loom,
    |                 ^^^^^^^^^^^^^^
...
861 | impl_arithmetic!(i128, fetch_update, "let a = AtomicCell::new(7i128);");
    | ----------------------------------------------------------------------- in this macro invocation
    |
    = help: consider using a Cargo feature instead
    = help: or consider adding in `Cargo.toml` the `check-cfg` lint config for the lint:
             [lints.rust]
             unexpected_cfgs = { level = "warn", check-cfg = ['cfg(crossbeam_loom)'] }
    = help: or consider adding `println!("cargo::rustc-check-cfg=cfg(crossbeam_loom)");` to the top of the `build.rs`
    = note: see <https://doc.rust-lang.org/nightly/rustc/check-cfg/cargo-specifics.html> for more information about checking conditional configuration
    = note: this warning originates in the macro `atomic` which comes from the expansion of the macro `impl_arithmetic` (in Nightly builds, run with -Z macro-backtrace for more info)

warning: unexpected `cfg` condition name: `crossbeam_loom`
   --> submodules/crossbeam/crossbeam-utils/src/atomic/atomic_cell.rs:315:17
    |
315 |                 crossbeam_loom,
    |                 ^^^^^^^^^^^^^^
...
863 | impl_arithmetic!(usize, AtomicUsize, "let a = AtomicCell::new(7usize);");
    | ------------------------------------------------------------------------ in this macro invocation
    |
    = help: consider using a Cargo feature instead
    = help: or consider adding in `Cargo.toml` the `check-cfg` lint config for the lint:
             [lints.rust]
             unexpected_cfgs = { level = "warn", check-cfg = ['cfg(crossbeam_loom)'] }
    = help: or consider adding `println!("cargo::rustc-check-cfg=cfg(crossbeam_loom)");` to the top of the `build.rs`
    = note: see <https://doc.rust-lang.org/nightly/rustc/check-cfg/cargo-specifics.html> for more information about checking conditional configuration
    = note: this warning originates in the macro `atomic` which comes from the expansion of the macro `impl_arithmetic` (in Nightly builds, run with -Z macro-backtrace for more info)

warning: unexpected `cfg` condition name: `crossbeam_loom`
   --> submodules/crossbeam/crossbeam-utils/src/atomic/atomic_cell.rs:315:17
    |
315 |                 crossbeam_loom,
    |                 ^^^^^^^^^^^^^^
...
864 | impl_arithmetic!(isize, AtomicIsize, "let a = AtomicCell::new(7isize);");
    | ------------------------------------------------------------------------ in this macro invocation
    |
    = help: consider using a Cargo feature instead
    = help: or consider adding in `Cargo.toml` the `check-cfg` lint config for the lint:
             [lints.rust]
             unexpected_cfgs = { level = "warn", check-cfg = ['cfg(crossbeam_loom)'] }
    = help: or consider adding `println!("cargo::rustc-check-cfg=cfg(crossbeam_loom)");` to the top of the `build.rs`
    = note: see <https://doc.rust-lang.org/nightly/rustc/check-cfg/cargo-specifics.html> for more information about checking conditional configuration
    = note: this warning originates in the macro `atomic` which comes from the expansion of the macro `impl_arithmetic` (in Nightly builds, run with -Z macro-backtrace for more info)

warning: unexpected `cfg` condition name: `crossbeam_loom`
   --> submodules/crossbeam/crossbeam-utils/src/atomic/atomic_cell.rs:315:17
    |
315 |                   crossbeam_loom,
    |                   ^^^^^^^^^^^^^^
...
884 | /         atomic! {
885 | |             bool, _a,
886 | |             {
887 | |                 let a = unsafe { &*(self.as_ptr() as *const atomic::AtomicBool) };
...   |
897 | |         }
    | |_________- in this macro invocation
    |
    = help: consider using a Cargo feature instead
    = help: or consider adding in `Cargo.toml` the `check-cfg` lint config for the lint:
             [lints.rust]
             unexpected_cfgs = { level = "warn", check-cfg = ['cfg(crossbeam_loom)'] }
    = help: or consider adding `println!("cargo::rustc-check-cfg=cfg(crossbeam_loom)");` to the top of the `build.rs`
    = note: see <https://doc.rust-lang.org/nightly/rustc/check-cfg/cargo-specifics.html> for more information about checking conditional configuration
    = note: this warning originates in the macro `atomic` (in Nightly builds, run with -Z macro-backtrace for more info)

warning: unexpected `cfg` condition name: `crossbeam_loom`
   --> submodules/crossbeam/crossbeam-utils/src/atomic/atomic_cell.rs:315:17
    |
315 |                   crossbeam_loom,
    |                   ^^^^^^^^^^^^^^
...
920 | /         atomic! {
921 | |             bool, _a,
922 | |             {
923 | |                 let a = unsafe { &*(self.as_ptr() as *const atomic::AtomicBool) };
...   |
933 | |         }
    | |_________- in this macro invocation
    |
    = help: consider using a Cargo feature instead
    = help: or consider adding in `Cargo.toml` the `check-cfg` lint config for the lint:
             [lints.rust]
             unexpected_cfgs = { level = "warn", check-cfg = ['cfg(crossbeam_loom)'] }
    = help: or consider adding `println!("cargo::rustc-check-cfg=cfg(crossbeam_loom)");` to the top of the `build.rs`
    = note: see <https://doc.rust-lang.org/nightly/rustc/check-cfg/cargo-specifics.html> for more information about checking conditional configuration
    = note: this warning originates in the macro `atomic` (in Nightly builds, run with -Z macro-backtrace for more info)

warning: unexpected `cfg` condition name: `crossbeam_loom`
   --> submodules/crossbeam/crossbeam-utils/src/atomic/atomic_cell.rs:315:17
    |
315 |                   crossbeam_loom,
    |                   ^^^^^^^^^^^^^^
...
953 | /         atomic! {
954 | |             bool, _a,
955 | |             {
956 | |                 let a = unsafe { &*(self.as_ptr() as *const atomic::AtomicBool) };
...   |
966 | |         }
    | |_________- in this macro invocation
    |
    = help: consider using a Cargo feature instead
    = help: or consider adding in `Cargo.toml` the `check-cfg` lint config for the lint:
             [lints.rust]
             unexpected_cfgs = { level = "warn", check-cfg = ['cfg(crossbeam_loom)'] }
    = help: or consider adding `println!("cargo::rustc-check-cfg=cfg(crossbeam_loom)");` to the top of the `build.rs`
    = note: see <https://doc.rust-lang.org/nightly/rustc/check-cfg/cargo-specifics.html> for more information about checking conditional configuration
    = note: this warning originates in the macro `atomic` (in Nightly builds, run with -Z macro-backtrace for more info)

warning: unexpected `cfg` condition name: `crossbeam_loom`
   --> submodules/crossbeam/crossbeam-utils/src/atomic/atomic_cell.rs:315:17
    |
315 |                   crossbeam_loom,
    |                   ^^^^^^^^^^^^^^
...
986 | /         atomic! {
987 | |             bool, _a,
988 | |             {
989 | |                 let a = unsafe { &*(self.as_ptr() as *const atomic::AtomicBool) };
...   |
999 | |         }
    | |_________- in this macro invocation
    |
    = help: consider using a Cargo feature instead
    = help: or consider adding in `Cargo.toml` the `check-cfg` lint config for the lint:
             [lints.rust]
             unexpected_cfgs = { level = "warn", check-cfg = ['cfg(crossbeam_loom)'] }
    = help: or consider adding `println!("cargo::rustc-check-cfg=cfg(crossbeam_loom)");` to the top of the `build.rs`
    = note: see <https://doc.rust-lang.org/nightly/rustc/check-cfg/cargo-specifics.html> for more information about checking conditional configuration
    = note: this warning originates in the macro `atomic` (in Nightly builds, run with -Z macro-backtrace for more info)

warning: unexpected `cfg` condition name: `crossbeam_loom`
    --> submodules/crossbeam/crossbeam-utils/src/atomic/atomic_cell.rs:315:17
     |
 315 |                 crossbeam_loom,
     |                 ^^^^^^^^^^^^^^
...
1101 |     atomic! { T, _a, true, false }
     |     ------------------------------ in this macro invocation
     |
     = help: consider using a Cargo feature instead
     = help: or consider adding in `Cargo.toml` the `check-cfg` lint config for the lint:
              [lints.rust]
              unexpected_cfgs = { level = "warn", check-cfg = ['cfg(crossbeam_loom)'] }
     = help: or consider adding `println!("cargo::rustc-check-cfg=cfg(crossbeam_loom)");` to the top of the `build.rs`
     = note: see <https://doc.rust-lang.org/nightly/rustc/check-cfg/cargo-specifics.html> for more information about checking conditional configuration
     = note: this warning originates in the macro `atomic` (in Nightly builds, run with -Z macro-backtrace for more info)

warning: unexpected `cfg` condition name: `crossbeam_loom`
    --> submodules/crossbeam/crossbeam-utils/src/atomic/atomic_cell.rs:315:17
     |
 315 |                   crossbeam_loom,
     |                   ^^^^^^^^^^^^^^
...
1112 | /     atomic! {
1113 | |         T, a,
1114 | |         {
1115 | |             a = unsafe { &*(src as *const _ as *const _) };
...    |
1143 | |     }
     | |_____- in this macro invocation
     |
     = help: consider using a Cargo feature instead
     = help: or consider adding in `Cargo.toml` the `check-cfg` lint config for the lint:
              [lints.rust]
              unexpected_cfgs = { level = "warn", check-cfg = ['cfg(crossbeam_loom)'] }
     = help: or consider adding `println!("cargo::rustc-check-cfg=cfg(crossbeam_loom)");` to the top of the `build.rs`
     = note: see <https://doc.rust-lang.org/nightly/rustc/check-cfg/cargo-specifics.html> for more information about checking conditional configuration
     = note: this warning originates in the macro `atomic` (in Nightly builds, run with -Z macro-backtrace for more info)

warning: unexpected `cfg` condition name: `crossbeam_loom`
    --> submodules/crossbeam/crossbeam-utils/src/atomic/atomic_cell.rs:315:17
     |
 315 |                   crossbeam_loom,
     |                   ^^^^^^^^^^^^^^
...
1151 | /     atomic! {
1152 | |         T, a,
1153 | |         {
1154 | |             a = unsafe { &*(dst as *const _ as *const _) };
...    |
1162 | |     }
     | |_____- in this macro invocation
     |
     = help: consider using a Cargo feature instead
     = help: or consider adding in `Cargo.toml` the `check-cfg` lint config for the lint:
              [lints.rust]
              unexpected_cfgs = { level = "warn", check-cfg = ['cfg(crossbeam_loom)'] }
     = help: or consider adding `println!("cargo::rustc-check-cfg=cfg(crossbeam_loom)");` to the top of the `build.rs`
     = note: see <https://doc.rust-lang.org/nightly/rustc/check-cfg/cargo-specifics.html> for more information about checking conditional configuration
     = note: this warning originates in the macro `atomic` (in Nightly builds, run with -Z macro-backtrace for more info)

warning: unexpected `cfg` condition name: `crossbeam_loom`
    --> submodules/crossbeam/crossbeam-utils/src/atomic/atomic_cell.rs:315:17
     |
 315 |                   crossbeam_loom,
     |                   ^^^^^^^^^^^^^^
...
1170 | /     atomic! {
1171 | |         T, a,
1172 | |         {
1173 | |             a = unsafe { &*(dst as *const _ as *const _) };
...    |
1182 | |     }
     | |_____- in this macro invocation
     |
     = help: consider using a Cargo feature instead
     = help: or consider adding in `Cargo.toml` the `check-cfg` lint config for the lint:
              [lints.rust]
              unexpected_cfgs = { level = "warn", check-cfg = ['cfg(crossbeam_loom)'] }
     = help: or consider adding `println!("cargo::rustc-check-cfg=cfg(crossbeam_loom)");` to the top of the `build.rs`
     = note: see <https://doc.rust-lang.org/nightly/rustc/check-cfg/cargo-specifics.html> for more information about checking conditional configuration
     = note: this warning originates in the macro `atomic` (in Nightly builds, run with -Z macro-backtrace for more info)

warning: unexpected `cfg` condition name: `crossbeam_loom`
    --> submodules/crossbeam/crossbeam-utils/src/atomic/atomic_cell.rs:315:17
     |
 315 |                   crossbeam_loom,
     |                   ^^^^^^^^^^^^^^
...
1197 | /     atomic! {
1198 | |         T, a,
1199 | |         {
1200 | |             a = unsafe { &*(dst as *const _ as *const _) };
...    |
1242 | |     }
     | |_____- in this macro invocation
     |
     = help: consider using a Cargo feature instead
     = help: or consider adding in `Cargo.toml` the `check-cfg` lint config for the lint:
              [lints.rust]
              unexpected_cfgs = { level = "warn", check-cfg = ['cfg(crossbeam_loom)'] }
     = help: or consider adding `println!("cargo::rustc-check-cfg=cfg(crossbeam_loom)");` to the top of the `build.rs`
     = note: see <https://doc.rust-lang.org/nightly/rustc/check-cfg/cargo-specifics.html> for more information about checking conditional configuration
     = note: this warning originates in the macro `atomic` (in Nightly builds, run with -Z macro-backtrace for more info)

warning: unexpected `cfg` condition name: `crossbeam_loom`
  --> submodules/crossbeam/crossbeam-utils/src/atomic/consume.rs:36:19
   |
36 |     not(any(miri, crossbeam_loom, crossbeam_sanitize_thread)),
   |                   ^^^^^^^^^^^^^^
   |
   = help: consider using a Cargo feature instead
   = help: or consider adding in `Cargo.toml` the `check-cfg` lint config for the lint:
            [lints.rust]
            unexpected_cfgs = { level = "warn", check-cfg = ['cfg(crossbeam_loom)'] }
   = help: or consider adding `println!("cargo::rustc-check-cfg=cfg(crossbeam_loom)");` to the top of the `build.rs`
   = note: see <https://doc.rust-lang.org/nightly/rustc/check-cfg/cargo-specifics.html> for more information about checking conditional configuration

warning: unexpected `cfg` condition name: `crossbeam_loom`
  --> submodules/crossbeam/crossbeam-utils/src/atomic/consume.rs:53:19
   |
53 |     not(any(miri, crossbeam_loom, crossbeam_sanitize_thread)),
   |                   ^^^^^^^^^^^^^^
   |
   = help: consider using a Cargo feature instead
   = help: or consider adding in `Cargo.toml` the `check-cfg` lint config for the lint:
            [lints.rust]
            unexpected_cfgs = { level = "warn", check-cfg = ['cfg(crossbeam_loom)'] }
   = help: or consider adding `println!("cargo::rustc-check-cfg=cfg(crossbeam_loom)");` to the top of the `build.rs`
   = note: see <https://doc.rust-lang.org/nightly/rustc/check-cfg/cargo-specifics.html> for more information about checking conditional configuration

warning: unexpected `cfg` condition name: `crossbeam_loom`
   --> submodules/crossbeam/crossbeam-utils/src/atomic/consume.rs:107:7
    |
107 | #[cfg(crossbeam_loom)]
    |       ^^^^^^^^^^^^^^
    |
    = help: consider using a Cargo feature instead
    = help: or consider adding in `Cargo.toml` the `check-cfg` lint config for the lint:
             [lints.rust]
             unexpected_cfgs = { level = "warn", check-cfg = ['cfg(crossbeam_loom)'] }
    = help: or consider adding `println!("cargo::rustc-check-cfg=cfg(crossbeam_loom)");` to the top of the `build.rs`
    = note: see <https://doc.rust-lang.org/nightly/rustc/check-cfg/cargo-specifics.html> for more information about checking conditional configuration

warning: unexpected `cfg` condition name: `crossbeam_loom`
  --> submodules/crossbeam/crossbeam-utils/src/atomic/consume.rs:71:15
   |
71 |         #[cfg(crossbeam_loom)]
   |               ^^^^^^^^^^^^^^
...
79 | impl_atomic!(AtomicBool, bool);
   | ------------------------------ in this macro invocation
   |
   = help: consider using a Cargo feature instead
   = help: or consider adding in `Cargo.toml` the `check-cfg` lint config for the lint:
            [lints.rust]
            unexpected_cfgs = { level = "warn", check-cfg = ['cfg(crossbeam_loom)'] }
   = help: or consider adding `println!("cargo::rustc-check-cfg=cfg(crossbeam_loom)");` to the top of the `build.rs`
   = note: see <https://doc.rust-lang.org/nightly/rustc/check-cfg/cargo-specifics.html> for more information about checking conditional configuration
   = note: this warning originates in the macro `impl_atomic` (in Nightly builds, run with -Z macro-backtrace for more info)

warning: unexpected `cfg` condition name: `crossbeam_loom`
  --> submodules/crossbeam/crossbeam-utils/src/atomic/consume.rs:71:15
   |
71 |         #[cfg(crossbeam_loom)]
   |               ^^^^^^^^^^^^^^
...
80 | impl_atomic!(AtomicUsize, usize);
   | -------------------------------- in this macro invocation
   |
   = help: consider using a Cargo feature instead
   = help: or consider adding in `Cargo.toml` the `check-cfg` lint config for the lint:
            [lints.rust]
            unexpected_cfgs = { level = "warn", check-cfg = ['cfg(crossbeam_loom)'] }
   = help: or consider adding `println!("cargo::rustc-check-cfg=cfg(crossbeam_loom)");` to the top of the `build.rs`
   = note: see <https://doc.rust-lang.org/nightly/rustc/check-cfg/cargo-specifics.html> for more information about checking conditional configuration
   = note: this warning originates in the macro `impl_atomic` (in Nightly builds, run with -Z macro-backtrace for more info)

warning: unexpected `cfg` condition name: `crossbeam_loom`
  --> submodules/crossbeam/crossbeam-utils/src/atomic/consume.rs:71:15
   |
71 |         #[cfg(crossbeam_loom)]
   |               ^^^^^^^^^^^^^^
...
81 | impl_atomic!(AtomicIsize, isize);
   | -------------------------------- in this macro invocation
   |
   = help: consider using a Cargo feature instead
   = help: or consider adding in `Cargo.toml` the `check-cfg` lint config for the lint:
            [lints.rust]
            unexpected_cfgs = { level = "warn", check-cfg = ['cfg(crossbeam_loom)'] }
   = help: or consider adding `println!("cargo::rustc-check-cfg=cfg(crossbeam_loom)");` to the top of the `build.rs`
   = note: see <https://doc.rust-lang.org/nightly/rustc/check-cfg/cargo-specifics.html> for more information about checking conditional configuration
   = note: this warning originates in the macro `impl_atomic` (in Nightly builds, run with -Z macro-backtrace for more info)

warning: unexpected `cfg` condition name: `crossbeam_loom`
  --> submodules/crossbeam/crossbeam-utils/src/atomic/consume.rs:71:15
   |
71 |         #[cfg(crossbeam_loom)]
   |               ^^^^^^^^^^^^^^
...
82 | impl_atomic!(AtomicU8, u8);
   | -------------------------- in this macro invocation
   |
   = help: consider using a Cargo feature instead
   = help: or consider adding in `Cargo.toml` the `check-cfg` lint config for the lint:
            [lints.rust]
            unexpected_cfgs = { level = "warn", check-cfg = ['cfg(crossbeam_loom)'] }
   = help: or consider adding `println!("cargo::rustc-check-cfg=cfg(crossbeam_loom)");` to the top of the `build.rs`
   = note: see <https://doc.rust-lang.org/nightly/rustc/check-cfg/cargo-specifics.html> for more information about checking conditional configuration
   = note: this warning originates in the macro `impl_atomic` (in Nightly builds, run with -Z macro-backtrace for more info)

warning: unexpected `cfg` condition name: `crossbeam_loom`
  --> submodules/crossbeam/crossbeam-utils/src/atomic/consume.rs:71:15
   |
71 |         #[cfg(crossbeam_loom)]
   |               ^^^^^^^^^^^^^^
...
83 | impl_atomic!(AtomicI8, i8);
   | -------------------------- in this macro invocation
   |
   = help: consider using a Cargo feature instead
   = help: or consider adding in `Cargo.toml` the `check-cfg` lint config for the lint:
            [lints.rust]
            unexpected_cfgs = { level = "warn", check-cfg = ['cfg(crossbeam_loom)'] }
   = help: or consider adding `println!("cargo::rustc-check-cfg=cfg(crossbeam_loom)");` to the top of the `build.rs`
   = note: see <https://doc.rust-lang.org/nightly/rustc/check-cfg/cargo-specifics.html> for more information about checking conditional configuration
   = note: this warning originates in the macro `impl_atomic` (in Nightly builds, run with -Z macro-backtrace for more info)

warning: unexpected `cfg` condition name: `crossbeam_loom`
  --> submodules/crossbeam/crossbeam-utils/src/atomic/consume.rs:71:15
   |
71 |         #[cfg(crossbeam_loom)]
   |               ^^^^^^^^^^^^^^
...
84 | impl_atomic!(AtomicU16, u16);
   | ---------------------------- in this macro invocation
   |
   = help: consider using a Cargo feature instead
   = help: or consider adding in `Cargo.toml` the `check-cfg` lint config for the lint:
            [lints.rust]
            unexpected_cfgs = { level = "warn", check-cfg = ['cfg(crossbeam_loom)'] }
   = help: or consider adding `println!("cargo::rustc-check-cfg=cfg(crossbeam_loom)");` to the top of the `build.rs`
   = note: see <https://doc.rust-lang.org/nightly/rustc/check-cfg/cargo-specifics.html> for more information about checking conditional configuration
   = note: this warning originates in the macro `impl_atomic` (in Nightly builds, run with -Z macro-backtrace for more info)

warning: unexpected `cfg` condition name: `crossbeam_loom`
  --> submodules/crossbeam/crossbeam-utils/src/atomic/consume.rs:71:15
   |
71 |         #[cfg(crossbeam_loom)]
   |               ^^^^^^^^^^^^^^
...
85 | impl_atomic!(AtomicI16, i16);
   | ---------------------------- in this macro invocation
   |
   = help: consider using a Cargo feature instead
   = help: or consider adding in `Cargo.toml` the `check-cfg` lint config for the lint:
            [lints.rust]
            unexpected_cfgs = { level = "warn", check-cfg = ['cfg(crossbeam_loom)'] }
   = help: or consider adding `println!("cargo::rustc-check-cfg=cfg(crossbeam_loom)");` to the top of the `build.rs`
   = note: see <https://doc.rust-lang.org/nightly/rustc/check-cfg/cargo-specifics.html> for more information about checking conditional configuration
   = note: this warning originates in the macro `impl_atomic` (in Nightly builds, run with -Z macro-backtrace for more info)

warning: unexpected `cfg` condition name: `crossbeam_loom`
  --> submodules/crossbeam/crossbeam-utils/src/atomic/consume.rs:71:15
   |
71 |         #[cfg(crossbeam_loom)]
   |               ^^^^^^^^^^^^^^
...
87 | impl_atomic!(AtomicU32, u32);
   | ---------------------------- in this macro invocation
   |
   = help: consider using a Cargo feature instead
   = help: or consider adding in `Cargo.toml` the `check-cfg` lint config for the lint:
            [lints.rust]
            unexpected_cfgs = { level = "warn", check-cfg = ['cfg(crossbeam_loom)'] }
   = help: or consider adding `println!("cargo::rustc-check-cfg=cfg(crossbeam_loom)");` to the top of the `build.rs`
   = note: see <https://doc.rust-lang.org/nightly/rustc/check-cfg/cargo-specifics.html> for more information about checking conditional configuration
   = note: this warning originates in the macro `impl_atomic` (in Nightly builds, run with -Z macro-backtrace for more info)

warning: unexpected `cfg` condition name: `crossbeam_loom`
  --> submodules/crossbeam/crossbeam-utils/src/atomic/consume.rs:71:15
   |
71 |         #[cfg(crossbeam_loom)]
   |               ^^^^^^^^^^^^^^
...
89 | impl_atomic!(AtomicI32, i32);
   | ---------------------------- in this macro invocation
   |
   = help: consider using a Cargo feature instead
   = help: or consider adding in `Cargo.toml` the `check-cfg` lint config for the lint:
            [lints.rust]
            unexpected_cfgs = { level = "warn", check-cfg = ['cfg(crossbeam_loom)'] }
   = help: or consider adding `println!("cargo::rustc-check-cfg=cfg(crossbeam_loom)");` to the top of the `build.rs`
   = note: see <https://doc.rust-lang.org/nightly/rustc/check-cfg/cargo-specifics.html> for more information about checking conditional configuration
   = note: this warning originates in the macro `impl_atomic` (in Nightly builds, run with -Z macro-backtrace for more info)

warning: unexpected `cfg` condition name: `crossbeam_loom`
  --> submodules/crossbeam/crossbeam-utils/src/atomic/consume.rs:71:15
   |
71 |         #[cfg(crossbeam_loom)]
   |               ^^^^^^^^^^^^^^
...
94 | impl_atomic!(AtomicU64, u64);
   | ---------------------------- in this macro invocation
   |
   = help: consider using a Cargo feature instead
   = help: or consider adding in `Cargo.toml` the `check-cfg` lint config for the lint:
            [lints.rust]
            unexpected_cfgs = { level = "warn", check-cfg = ['cfg(crossbeam_loom)'] }
   = help: or consider adding `println!("cargo::rustc-check-cfg=cfg(crossbeam_loom)");` to the top of the `build.rs`
   = note: see <https://doc.rust-lang.org/nightly/rustc/check-cfg/cargo-specifics.html> for more information about checking conditional configuration
   = note: this warning originates in the macro `impl_atomic` (in Nightly builds, run with -Z macro-backtrace for more info)

warning: unexpected `cfg` condition name: `crossbeam_loom`
  --> submodules/crossbeam/crossbeam-utils/src/atomic/consume.rs:71:15
   |
71 |         #[cfg(crossbeam_loom)]
   |               ^^^^^^^^^^^^^^
...
99 | impl_atomic!(AtomicI64, i64);
   | ---------------------------- in this macro invocation
   |
   = help: consider using a Cargo feature instead
   = help: or consider adding in `Cargo.toml` the `check-cfg` lint config for the lint:
            [lints.rust]
            unexpected_cfgs = { level = "warn", check-cfg = ['cfg(crossbeam_loom)'] }
   = help: or consider adding `println!("cargo::rustc-check-cfg=cfg(crossbeam_loom)");` to the top of the `build.rs`
   = note: see <https://doc.rust-lang.org/nightly/rustc/check-cfg/cargo-specifics.html> for more information about checking conditional configuration
   = note: this warning originates in the macro `impl_atomic` (in Nightly builds, run with -Z macro-backtrace for more info)

warning: unexpected `cfg` condition name: `crossbeam_loom`
 --> submodules/crossbeam/crossbeam-utils/src/sync/mod.rs:7:11
  |
7 | #[cfg(not(crossbeam_loom))]
  |           ^^^^^^^^^^^^^^
  |
  = help: consider using a Cargo feature instead
  = help: or consider adding in `Cargo.toml` the `check-cfg` lint config for the lint:
           [lints.rust]
           unexpected_cfgs = { level = "warn", check-cfg = ['cfg(crossbeam_loom)'] }
  = help: or consider adding `println!("cargo::rustc-check-cfg=cfg(crossbeam_loom)");` to the top of the `build.rs`
  = note: see <https://doc.rust-lang.org/nightly/rustc/check-cfg/cargo-specifics.html> for more information about checking conditional configuration

warning: unexpected `cfg` condition name: `crossbeam_loom`
  --> submodules/crossbeam/crossbeam-utils/src/sync/mod.rs:10:11
   |
10 | #[cfg(not(crossbeam_loom))]
   |           ^^^^^^^^^^^^^^
   |
   = help: consider using a Cargo feature instead
   = help: or consider adding in `Cargo.toml` the `check-cfg` lint config for the lint:
            [lints.rust]
            unexpected_cfgs = { level = "warn", check-cfg = ['cfg(crossbeam_loom)'] }
   = help: or consider adding `println!("cargo::rustc-check-cfg=cfg(crossbeam_loom)");` to the top of the `build.rs`
   = note: see <https://doc.rust-lang.org/nightly/rustc/check-cfg/cargo-specifics.html> for more information about checking conditional configuration

warning: unexpected `cfg` condition name: `crossbeam_loom`
  --> submodules/crossbeam/crossbeam-utils/src/sync/mod.rs:15:11
   |
15 | #[cfg(not(crossbeam_loom))]
   |           ^^^^^^^^^^^^^^
   |
   = help: consider using a Cargo feature instead
   = help: or consider adding in `Cargo.toml` the `check-cfg` lint config for the lint:
            [lints.rust]
            unexpected_cfgs = { level = "warn", check-cfg = ['cfg(crossbeam_loom)'] }
   = help: or consider adding `println!("cargo::rustc-check-cfg=cfg(crossbeam_loom)");` to the top of the `build.rs`
   = note: see <https://doc.rust-lang.org/nightly/rustc/check-cfg/cargo-specifics.html> for more information about checking conditional configuration

warning: type `word_lock::ThreadData` is more private than the item `word_lock::with_thread_data`
  --> submodules/parking_lot/core/src/word_lock.rs:51:1
   |
51 | pub fn with_thread_data<T>(f: impl FnOnce(&ThreadData) -> T) -> T {
   | ^^^^^^^^^^^^^^^^^^^^^^^^^^^^^^^^^^^^^^^^^^^^^^^^^^^^^^^^^^^^^^^^^ function `word_lock::with_thread_data` is reachable at visibility `pub(crate)`
   |
note: but type `word_lock::ThreadData` is only usable at visibility `pub(self)`
  --> submodules/parking_lot/core/src/word_lock.rs:16:1
   |
16 | struct ThreadData {
   | ^^^^^^^^^^^^^^^^^
   = note: `#[warn(private_bounds)]` on by default

warning: `crossbeam-utils` (lib) generated 128 warnings (84 duplicates)
warning: `parking_lot_core` (lib) generated 1 warning
warning: unused import: `pro::*`
   --> submodules/syn/src/level_macros.rs:211:9
    |
211 | pub use pro::*;
    |         ^^^^^^
    |
    = note: `#[warn(unused_imports)]` (part of `#[warn(unused)]`) on by default

warning: unused import: `hacker::*`
   --> submodules/syn/src/level_macros.rs:212:9
    |
212 | pub use hacker::*;
    |         ^^^^^^^^^

warning: unexpected `cfg` condition name: `crossbeam_loom`
  --> submodules/crossbeam/crossbeam-epoch/src/lib.rs:61:7
   |
61 | #[cfg(crossbeam_loom)]
   |       ^^^^^^^^^^^^^^
   |
   = help: expected names are: `docsrs`, `feature`, and `test` and 31 more
   = help: consider using a Cargo feature instead
   = help: or consider adding in `Cargo.toml` the `check-cfg` lint config for the lint:
            [lints.rust]
            unexpected_cfgs = { level = "warn", check-cfg = ['cfg(crossbeam_loom)'] }
   = help: or consider adding `println!("cargo::rustc-check-cfg=cfg(crossbeam_loom)");` to the top of the `build.rs`
   = note: see <https://doc.rust-lang.org/nightly/rustc/check-cfg/cargo-specifics.html> for more information about checking conditional configuration
   = note: `#[warn(unexpected_cfgs)]` on by default

warning: unexpected `cfg` condition name: `crossbeam_loom`
  --> submodules/crossbeam/crossbeam-epoch/src/lib.rs:66:7
   |
66 | #[cfg(crossbeam_loom)]
   |       ^^^^^^^^^^^^^^
   |
   = help: consider using a Cargo feature instead
   = help: or consider adding in `Cargo.toml` the `check-cfg` lint config for the lint:
            [lints.rust]
            unexpected_cfgs = { level = "warn", check-cfg = ['cfg(crossbeam_loom)'] }
   = help: or consider adding `println!("cargo::rustc-check-cfg=cfg(crossbeam_loom)");` to the top of the `build.rs`
   = note: see <https://doc.rust-lang.org/nightly/rustc/check-cfg/cargo-specifics.html> for more information about checking conditional configuration

warning: unexpected `cfg` condition name: `crossbeam_loom`
  --> submodules/crossbeam/crossbeam-epoch/src/lib.rs:88:11
   |
88 | #[cfg(not(crossbeam_loom))]
   |           ^^^^^^^^^^^^^^
   |
   = help: consider using a Cargo feature instead
   = help: or consider adding in `Cargo.toml` the `check-cfg` lint config for the lint:
            [lints.rust]
            unexpected_cfgs = { level = "warn", check-cfg = ['cfg(crossbeam_loom)'] }
   = help: or consider adding `println!("cargo::rustc-check-cfg=cfg(crossbeam_loom)");` to the top of the `build.rs`
   = note: see <https://doc.rust-lang.org/nightly/rustc/check-cfg/cargo-specifics.html> for more information about checking conditional configuration

warning: unexpected `cfg` condition name: `crossbeam_loom`
    --> submodules/crossbeam/crossbeam-epoch/src/atomic.rs:1575:21
     |
1575 | #[cfg(all(test, not(crossbeam_loom)))]
     |                     ^^^^^^^^^^^^^^
     |
     = help: consider using a Cargo feature instead
     = help: or consider adding in `Cargo.toml` the `check-cfg` lint config for the lint:
              [lints.rust]
              unexpected_cfgs = { level = "warn", check-cfg = ['cfg(crossbeam_loom)'] }
     = help: or consider adding `println!("cargo::rustc-check-cfg=cfg(crossbeam_loom)");` to the top of the `build.rs`
     = note: see <https://doc.rust-lang.org/nightly/rustc/check-cfg/cargo-specifics.html> for more information about checking conditional configuration

warning: unexpected `cfg` condition name: `crossbeam_loom`
   --> submodules/crossbeam/crossbeam-epoch/src/atomic.rs:315:15
    |
315 |     #[cfg(not(crossbeam_loom))]
    |               ^^^^^^^^^^^^^^
    |
    = help: consider using a Cargo feature instead
    = help: or consider adding in `Cargo.toml` the `check-cfg` lint config for the lint:
             [lints.rust]
             unexpected_cfgs = { level = "warn", check-cfg = ['cfg(crossbeam_loom)'] }
    = help: or consider adding `println!("cargo::rustc-check-cfg=cfg(crossbeam_loom)");` to the top of the `build.rs`
    = note: see <https://doc.rust-lang.org/nightly/rustc/check-cfg/cargo-specifics.html> for more information about checking conditional configuration

warning: unexpected `cfg` condition name: `crossbeam_loom`
   --> submodules/crossbeam/crossbeam-epoch/src/atomic.rs:323:11
    |
323 |     #[cfg(crossbeam_loom)]
    |           ^^^^^^^^^^^^^^
    |
    = help: consider using a Cargo feature instead
    = help: or consider adding in `Cargo.toml` the `check-cfg` lint config for the lint:
             [lints.rust]
             unexpected_cfgs = { level = "warn", check-cfg = ['cfg(crossbeam_loom)'] }
    = help: or consider adding `println!("cargo::rustc-check-cfg=cfg(crossbeam_loom)");` to the top of the `build.rs`
    = note: see <https://doc.rust-lang.org/nightly/rustc/check-cfg/cargo-specifics.html> for more information about checking conditional configuration

warning: unexpected `cfg` condition name: `crossbeam_loom`
   --> submodules/crossbeam/crossbeam-epoch/src/collector.rs:113:21
    |
113 | #[cfg(all(test, not(crossbeam_loom)))]
    |                     ^^^^^^^^^^^^^^
    |
    = help: consider using a Cargo feature instead
    = help: or consider adding in `Cargo.toml` the `check-cfg` lint config for the lint:
             [lints.rust]
             unexpected_cfgs = { level = "warn", check-cfg = ['cfg(crossbeam_loom)'] }
    = help: or consider adding `println!("cargo::rustc-check-cfg=cfg(crossbeam_loom)");` to the top of the `build.rs`
    = note: see <https://doc.rust-lang.org/nightly/rustc/check-cfg/cargo-specifics.html> for more information about checking conditional configuration

warning: unexpected `cfg` condition name: `crossbeam_loom`
  --> submodules/crossbeam/crossbeam-epoch/src/deferred.rs:90:21
   |
90 | #[cfg(all(test, not(crossbeam_loom)))]
   |                     ^^^^^^^^^^^^^^
   |
   = help: consider using a Cargo feature instead
   = help: or consider adding in `Cargo.toml` the `check-cfg` lint config for the lint:
            [lints.rust]
            unexpected_cfgs = { level = "warn", check-cfg = ['cfg(crossbeam_loom)'] }
   = help: or consider adding `println!("cargo::rustc-check-cfg=cfg(crossbeam_loom)");` to the top of the `build.rs`
   = note: see <https://doc.rust-lang.org/nightly/rustc/check-cfg/cargo-specifics.html> for more information about checking conditional configuration

warning: unexpected `cfg` condition name: `crossbeam_sanitize`
  --> submodules/crossbeam/crossbeam-epoch/src/internal.rs:56:15
   |
56 | #[cfg(not(any(crossbeam_sanitize, miri)))]
   |               ^^^^^^^^^^^^^^^^^^
   |
   = help: consider using a Cargo feature instead
   = help: or consider adding in `Cargo.toml` the `check-cfg` lint config for the lint:
            [lints.rust]
            unexpected_cfgs = { level = "warn", check-cfg = ['cfg(crossbeam_sanitize)'] }
   = help: or consider adding `println!("cargo::rustc-check-cfg=cfg(crossbeam_sanitize)");` to the top of the `build.rs`
   = note: see <https://doc.rust-lang.org/nightly/rustc/check-cfg/cargo-specifics.html> for more information about checking conditional configuration

warning: unexpected `cfg` condition name: `crossbeam_sanitize`
  --> submodules/crossbeam/crossbeam-epoch/src/internal.rs:59:11
   |
59 | #[cfg(any(crossbeam_sanitize, miri))]
   |           ^^^^^^^^^^^^^^^^^^
   |
   = help: consider using a Cargo feature instead
   = help: or consider adding in `Cargo.toml` the `check-cfg` lint config for the lint:
            [lints.rust]
            unexpected_cfgs = { level = "warn", check-cfg = ['cfg(crossbeam_sanitize)'] }
   = help: or consider adding `println!("cargo::rustc-check-cfg=cfg(crossbeam_sanitize)");` to the top of the `build.rs`
   = note: see <https://doc.rust-lang.org/nightly/rustc/check-cfg/cargo-specifics.html> for more information about checking conditional configuration

warning: unexpected `cfg` condition name: `crossbeam_sanitize`
   --> submodules/crossbeam/crossbeam-epoch/src/internal.rs:300:15
    |
300 | #[cfg(not(any(crossbeam_sanitize, miri)))] // `crossbeam_sanitize` and `miri` reduce the size of `Local`
    |               ^^^^^^^^^^^^^^^^^^
    |
    = help: consider using a Cargo feature instead
    = help: or consider adding in `Cargo.toml` the `check-cfg` lint config for the lint:
             [lints.rust]
             unexpected_cfgs = { level = "warn", check-cfg = ['cfg(crossbeam_sanitize)'] }
    = help: or consider adding `println!("cargo::rustc-check-cfg=cfg(crossbeam_sanitize)");` to the top of the `build.rs`
    = note: see <https://doc.rust-lang.org/nightly/rustc/check-cfg/cargo-specifics.html> for more information about checking conditional configuration

warning: unexpected `cfg` condition name: `crossbeam_loom`
   --> submodules/crossbeam/crossbeam-epoch/src/internal.rs:559:21
    |
559 | #[cfg(all(test, not(crossbeam_loom)))]
    |                     ^^^^^^^^^^^^^^
    |
    = help: consider using a Cargo feature instead
    = help: or consider adding in `Cargo.toml` the `check-cfg` lint config for the lint:
             [lints.rust]
             unexpected_cfgs = { level = "warn", check-cfg = ['cfg(crossbeam_loom)'] }
    = help: or consider adding `println!("cargo::rustc-check-cfg=cfg(crossbeam_loom)");` to the top of the `build.rs`
    = note: see <https://doc.rust-lang.org/nightly/rustc/check-cfg/cargo-specifics.html> for more information about checking conditional configuration

warning: unexpected `cfg` condition name: `crossbeam_sanitize`
   --> submodules/crossbeam/crossbeam-epoch/src/internal.rs:202:29
    |
202 |         let steps = if cfg!(crossbeam_sanitize) {
    |                             ^^^^^^^^^^^^^^^^^^
    |
    = help: consider using a Cargo feature instead
    = help: or consider adding in `Cargo.toml` the `check-cfg` lint config for the lint:
             [lints.rust]
             unexpected_cfgs = { level = "warn", check-cfg = ['cfg(crossbeam_sanitize)'] }
    = help: or consider adding `println!("cargo::rustc-check-cfg=cfg(crossbeam_sanitize)");` to the top of the `build.rs`
    = note: see <https://doc.rust-lang.org/nightly/rustc/check-cfg/cargo-specifics.html> for more information about checking conditional configuration

warning: unexpected `cfg` condition name: `crossbeam_loom`
 --> submodules/crossbeam/crossbeam-epoch/src/sync/mod.rs:5:11
  |
5 | #[cfg(not(crossbeam_loom))]
  |           ^^^^^^^^^^^^^^
  |
  = help: consider using a Cargo feature instead
  = help: or consider adding in `Cargo.toml` the `check-cfg` lint config for the lint:
           [lints.rust]
           unexpected_cfgs = { level = "warn", check-cfg = ['cfg(crossbeam_loom)'] }
  = help: or consider adding `println!("cargo::rustc-check-cfg=cfg(crossbeam_loom)");` to the top of the `build.rs`
  = note: see <https://doc.rust-lang.org/nightly/rustc/check-cfg/cargo-specifics.html> for more information about checking conditional configuration

warning: unexpected `cfg` condition name: `crossbeam_loom`
   --> submodules/crossbeam/crossbeam-epoch/src/sync/list.rs:298:21
    |
298 | #[cfg(all(test, not(crossbeam_loom)))]
    |                     ^^^^^^^^^^^^^^
    |
    = help: consider using a Cargo feature instead
    = help: or consider adding in `Cargo.toml` the `check-cfg` lint config for the lint:
             [lints.rust]
             unexpected_cfgs = { level = "warn", check-cfg = ['cfg(crossbeam_loom)'] }
    = help: or consider adding `println!("cargo::rustc-check-cfg=cfg(crossbeam_loom)");` to the top of the `build.rs`
    = note: see <https://doc.rust-lang.org/nightly/rustc/check-cfg/cargo-specifics.html> for more information about checking conditional configuration

warning: unexpected `cfg` condition name: `crossbeam_loom`
   --> submodules/crossbeam/crossbeam-epoch/src/sync/queue.rs:217:21
    |
217 | #[cfg(all(test, not(crossbeam_loom)))]
    |                     ^^^^^^^^^^^^^^
    |
    = help: consider using a Cargo feature instead
    = help: or consider adding in `Cargo.toml` the `check-cfg` lint config for the lint:
             [lints.rust]
             unexpected_cfgs = { level = "warn", check-cfg = ['cfg(crossbeam_loom)'] }
    = help: or consider adding `println!("cargo::rustc-check-cfg=cfg(crossbeam_loom)");` to the top of the `build.rs`
    = note: see <https://doc.rust-lang.org/nightly/rustc/check-cfg/cargo-specifics.html> for more information about checking conditional configuration

warning: unexpected `cfg` condition name: `crossbeam_loom`
  --> submodules/crossbeam/crossbeam-epoch/src/default.rs:10:11
   |
10 | #[cfg(not(crossbeam_loom))]
   |           ^^^^^^^^^^^^^^
   |
   = help: consider using a Cargo feature instead
   = help: or consider adding in `Cargo.toml` the `check-cfg` lint config for the lint:
            [lints.rust]
            unexpected_cfgs = { level = "warn", check-cfg = ['cfg(crossbeam_loom)'] }
   = help: or consider adding `println!("cargo::rustc-check-cfg=cfg(crossbeam_loom)");` to the top of the `build.rs`
   = note: see <https://doc.rust-lang.org/nightly/rustc/check-cfg/cargo-specifics.html> for more information about checking conditional configuration

warning: unexpected `cfg` condition name: `crossbeam_loom`
  --> submodules/crossbeam/crossbeam-epoch/src/default.rs:64:21
   |
64 | #[cfg(all(test, not(crossbeam_loom)))]
   |                     ^^^^^^^^^^^^^^
   |
   = help: consider using a Cargo feature instead
   = help: or consider adding in `Cargo.toml` the `check-cfg` lint config for the lint:
            [lints.rust]
            unexpected_cfgs = { level = "warn", check-cfg = ['cfg(crossbeam_loom)'] }
   = help: or consider adding `println!("cargo::rustc-check-cfg=cfg(crossbeam_loom)");` to the top of the `build.rs`
   = note: see <https://doc.rust-lang.org/nightly/rustc/check-cfg/cargo-specifics.html> for more information about checking conditional configuration

warning: unexpected `cfg` condition name: `crossbeam_loom`
  --> submodules/crossbeam/crossbeam-epoch/src/default.rs:14:15
   |
14 |     #[cfg(not(crossbeam_loom))]
   |               ^^^^^^^^^^^^^^
   |
   = help: consider using a Cargo feature instead
   = help: or consider adding in `Cargo.toml` the `check-cfg` lint config for the lint:
            [lints.rust]
            unexpected_cfgs = { level = "warn", check-cfg = ['cfg(crossbeam_loom)'] }
   = help: or consider adding `println!("cargo::rustc-check-cfg=cfg(crossbeam_loom)");` to the top of the `build.rs`
   = note: see <https://doc.rust-lang.org/nightly/rustc/check-cfg/cargo-specifics.html> for more information about checking conditional configuration

warning: unexpected `cfg` condition name: `crossbeam_loom`
  --> submodules/crossbeam/crossbeam-epoch/src/default.rs:22:11
   |
22 |     #[cfg(crossbeam_loom)]
   |           ^^^^^^^^^^^^^^
   |
   = help: consider using a Cargo feature instead
   = help: or consider adding in `Cargo.toml` the `check-cfg` lint config for the lint:
            [lints.rust]
            unexpected_cfgs = { level = "warn", check-cfg = ['cfg(crossbeam_loom)'] }
   = help: or consider adding `println!("cargo::rustc-check-cfg=cfg(crossbeam_loom)");` to the top of the `build.rs`
   = note: see <https://doc.rust-lang.org/nightly/rustc/check-cfg/cargo-specifics.html> for more information about checking conditional configuration

warning: `syn` (lib) generated 2 warnings (run `cargo fix --lib -p syn` to apply 2 suggestions)
warning: `crossbeam-epoch` (lib) generated 20 warnings
warning: unexpected `cfg` condition name: `loom`
  --> submodules/tokio/tokio/src/lib.rs:20:13
   |
20 | #![cfg_attr(loom, allow(dead_code, unreachable_pub))]
   |             ^^^^
   |
   = help: expected names are: `docsrs`, `feature`, and `test` and 31 more
   = help: consider using a Cargo feature instead
   = help: or consider adding in `Cargo.toml` the `check-cfg` lint config for the lint:
            [lints.rust]
            unexpected_cfgs = { level = "warn", check-cfg = ['cfg(loom)'] }
   = help: or consider adding `println!("cargo::rustc-check-cfg=cfg(loom)");` to the top of the `build.rs`
   = note: see <https://doc.rust-lang.org/nightly/rustc/check-cfg/cargo-specifics.html> for more information about checking conditional configuration
   = note: `#[warn(unexpected_cfgs)]` on by default

warning: unexpected `cfg` condition name: `tokio_unstable`
   --> submodules/tokio/tokio/src/lib.rs:470:9
    |
470 |     not(tokio_unstable),
    |         ^^^^^^^^^^^^^^
    |
    = help: consider using a Cargo feature instead
    = help: or consider adding in `Cargo.toml` the `check-cfg` lint config for the lint:
             [lints.rust]
             unexpected_cfgs = { level = "warn", check-cfg = ['cfg(tokio_unstable)'] }
    = help: or consider adding `println!("cargo::rustc-check-cfg=cfg(tokio_unstable)");` to the top of the `build.rs`
    = note: see <https://doc.rust-lang.org/nightly/rustc/check-cfg/cargo-specifics.html> for more information about checking conditional configuration

warning: unexpected `cfg` condition name: `tokio_unstable`
   --> submodules/tokio/tokio/src/lib.rs:483:15
    |
483 | #[cfg(all(not(tokio_unstable), feature = "io-uring"))]
    |               ^^^^^^^^^^^^^^
    |
    = help: consider using a Cargo feature instead
    = help: or consider adding in `Cargo.toml` the `check-cfg` lint config for the lint:
             [lints.rust]
             unexpected_cfgs = { level = "warn", check-cfg = ['cfg(tokio_unstable)'] }
    = help: or consider adding `println!("cargo::rustc-check-cfg=cfg(tokio_unstable)");` to the top of the `build.rs`
    = note: see <https://doc.rust-lang.org/nightly/rustc/check-cfg/cargo-specifics.html> for more information about checking conditional configuration

warning: unexpected `cfg` condition name: `tokio_unstable`
   --> submodules/tokio/tokio/src/lib.rs:486:15
    |
486 | #[cfg(all(not(tokio_unstable), feature = "taskdump"))]
    |               ^^^^^^^^^^^^^^
    |
    = help: consider using a Cargo feature instead
    = help: or consider adding in `Cargo.toml` the `check-cfg` lint config for the lint:
             [lints.rust]
             unexpected_cfgs = { level = "warn", check-cfg = ['cfg(tokio_unstable)'] }
    = help: or consider adding `println!("cargo::rustc-check-cfg=cfg(tokio_unstable)");` to the top of the `build.rs`
    = note: see <https://doc.rust-lang.org/nightly/rustc/check-cfg/cargo-specifics.html> for more information about checking conditional configuration

warning: unexpected `cfg` condition name: `loom`
 --> submodules/tokio/tokio/src/net/mod.rs:1:12
  |
1 | #![cfg(not(loom))]
  |            ^^^^
  |
  = help: consider using a Cargo feature instead
  = help: or consider adding in `Cargo.toml` the `check-cfg` lint config for the lint:
           [lints.rust]
           unexpected_cfgs = { level = "warn", check-cfg = ['cfg(loom)'] }
  = help: or consider adding `println!("cargo::rustc-check-cfg=cfg(loom)");` to the top of the `build.rs`
  = note: see <https://doc.rust-lang.org/nightly/rustc/check-cfg/cargo-specifics.html> for more information about checking conditional configuration

warning: unexpected `cfg` condition name: `fuzzing`
   --> submodules/tokio/tokio/src/lib.rs:706:7
    |
706 | #[cfg(fuzzing)]
    |       ^^^^^^^
    |
    = help: consider using a Cargo feature instead
    = help: or consider adding in `Cargo.toml` the `check-cfg` lint config for the lint:
             [lints.rust]
             unexpected_cfgs = { level = "warn", check-cfg = ['cfg(fuzzing)'] }
    = help: or consider adding `println!("cargo::rustc-check-cfg=cfg(fuzzing)");` to the top of the `build.rs`
    = note: see <https://doc.rust-lang.org/nightly/rustc/check-cfg/cargo-specifics.html> for more information about checking conditional configuration

warning: unexpected `cfg` condition name: `loom`
 --> submodules/tokio/tokio/src/sync/mod.rs:1:13
  |
1 | #![cfg_attr(loom, allow(dead_code, unreachable_pub, unused_imports))]
  |             ^^^^
  |
  = help: consider using a Cargo feature instead
  = help: or consider adding in `Cargo.toml` the `check-cfg` lint config for the lint:
           [lints.rust]
           unexpected_cfgs = { level = "warn", check-cfg = ['cfg(loom)'] }
  = help: or consider adding `println!("cargo::rustc-check-cfg=cfg(loom)");` to the top of the `build.rs`
  = note: see <https://doc.rust-lang.org/nightly/rustc/check-cfg/cargo-specifics.html> for more information about checking conditional configuration

warning: unexpected `cfg` condition name: `tokio_unstable`
   --> submodules/tokio/tokio/src/macros/cfg.rs:570:23
    |
570 |               #[cfg(all(tokio_unstable, feature = "tracing"))]
    |                         ^^^^^^^^^^^^^^
    |
   ::: submodules/tokio/tokio/src/macros/mod.rs:18:1
    |
 18 | / cfg_trace! {
 19 | |     #[macro_use]
 20 | |     mod trace;
 21 | | }
    | |_- in this macro invocation
    |
    = help: consider using a Cargo feature instead
    = help: or consider adding in `Cargo.toml` the `check-cfg` lint config for the lint:
             [lints.rust]
             unexpected_cfgs = { level = "warn", check-cfg = ['cfg(tokio_unstable)'] }
    = help: or consider adding `println!("cargo::rustc-check-cfg=cfg(tokio_unstable)");` to the top of the `build.rs`
    = note: see <https://doc.rust-lang.org/nightly/rustc/check-cfg/cargo-specifics.html> for more information about checking conditional configuration
    = note: this warning originates in the macro `cfg_trace` (in Nightly builds, run with -Z macro-backtrace for more info)

warning: unexpected `cfg` condition name: `loom`
 --> submodules/tokio/tokio/src/macros/thread_local.rs:1:11
  |
1 | #[cfg(all(loom, test))]
  |           ^^^^
  |
  = help: consider using a Cargo feature instead
  = help: or consider adding in `Cargo.toml` the `check-cfg` lint config for the lint:
           [lints.rust]
           unexpected_cfgs = { level = "warn", check-cfg = ['cfg(loom)'] }
  = help: or consider adding `println!("cargo::rustc-check-cfg=cfg(loom)");` to the top of the `build.rs`
  = note: see <https://doc.rust-lang.org/nightly/rustc/check-cfg/cargo-specifics.html> for more information about checking conditional configuration

warning: unexpected `cfg` condition name: `loom`
  --> submodules/tokio/tokio/src/macros/thread_local.rs:13:15
   |
13 | #[cfg(not(all(loom, test)))]
   |               ^^^^
   |
   = help: consider using a Cargo feature instead
   = help: or consider adding in `Cargo.toml` the `check-cfg` lint config for the lint:
            [lints.rust]
            unexpected_cfgs = { level = "warn", check-cfg = ['cfg(loom)'] }
   = help: or consider adding `println!("cargo::rustc-check-cfg=cfg(loom)");` to the top of the `build.rs`
   = note: see <https://doc.rust-lang.org/nightly/rustc/check-cfg/cargo-specifics.html> for more information about checking conditional configuration

warning: unexpected `cfg` condition name: `tokio_unstable`
   --> submodules/tokio/tokio/src/macros/cfg.rs:570:23
    |
570 |               #[cfg(all(tokio_unstable, feature = "tracing"))]
    |                         ^^^^^^^^^^^^^^
    |
   ::: submodules/tokio/tokio/src/future/mod.rs:18:1
    |
 18 | / cfg_trace! {
 19 | |     mod trace;
 20 | |     #[allow(unused_imports)]
 21 | |     pub(crate) use trace::InstrumentedFuture as Future;
 22 | | }
    | |_- in this macro invocation
    |
    = help: consider using a Cargo feature instead
    = help: or consider adding in `Cargo.toml` the `check-cfg` lint config for the lint:
             [lints.rust]
             unexpected_cfgs = { level = "warn", check-cfg = ['cfg(tokio_unstable)'] }
    = help: or consider adding `println!("cargo::rustc-check-cfg=cfg(tokio_unstable)");` to the top of the `build.rs`
    = note: see <https://doc.rust-lang.org/nightly/rustc/check-cfg/cargo-specifics.html> for more information about checking conditional configuration
    = note: this warning originates in the macro `cfg_trace` (in Nightly builds, run with -Z macro-backtrace for more info)

warning: unexpected `cfg` condition name: `tokio_unstable`
   --> submodules/tokio/tokio/src/macros/cfg.rs:590:27
    |
590 |               #[cfg(any(not(tokio_unstable), not(feature = "tracing")))]
    |                             ^^^^^^^^^^^^^^
    |
   ::: submodules/tokio/tokio/src/future/mod.rs:24:1
    |
 24 | / cfg_not_trace! {
 25 | |     cfg_rt! {
 26 | |         pub(crate) use std::future::Future;
 27 | |     }
 28 | | }
    | |_- in this macro invocation
    |
    = help: consider using a Cargo feature instead
    = help: or consider adding in `Cargo.toml` the `check-cfg` lint config for the lint:
             [lints.rust]
             unexpected_cfgs = { level = "warn", check-cfg = ['cfg(tokio_unstable)'] }
    = help: or consider adding `println!("cargo::rustc-check-cfg=cfg(tokio_unstable)");` to the top of the `build.rs`
    = note: see <https://doc.rust-lang.org/nightly/rustc/check-cfg/cargo-specifics.html> for more information about checking conditional configuration
    = note: this warning originates in the macro `cfg_not_trace` (in Nightly builds, run with -Z macro-backtrace for more info)

warning: unexpected `cfg` condition name: `tokio_unstable`
   --> submodules/tokio/tokio/src/macros/cfg.rs:177:21
    |
177 |                       tokio_unstable,
    |                       ^^^^^^^^^^^^^^
    |
   ::: submodules/tokio/tokio/src/io/mod.rs:226:1
    |
226 | / cfg_io_driver_impl! {
227 | |     pub(crate) mod interest;
228 | |     pub(crate) mod ready;
...   |
240 | |     pub(crate) use poll_evented::PollEvented;
241 | | }
    | |_- in this macro invocation
    |
    = help: consider using a Cargo feature instead
    = help: or consider adding in `Cargo.toml` the `check-cfg` lint config for the lint:
             [lints.rust]
             unexpected_cfgs = { level = "warn", check-cfg = ['cfg(tokio_unstable)'] }
    = help: or consider adding `println!("cargo::rustc-check-cfg=cfg(tokio_unstable)");` to the top of the `build.rs`
    = note: see <https://doc.rust-lang.org/nightly/rustc/check-cfg/cargo-specifics.html> for more information about checking conditional configuration
    = note: this warning originates in the macro `cfg_io_driver_impl` (in Nightly builds, run with -Z macro-backtrace for more info)

warning: unexpected `cfg` condition name: `loom`
   --> submodules/tokio/tokio/src/io/mod.rs:238:15
    |
238 |     #[cfg(not(loom))]
    |               ^^^^
    |
    = help: consider using a Cargo feature instead
    = help: or consider adding in `Cargo.toml` the `check-cfg` lint config for the lint:
             [lints.rust]
             unexpected_cfgs = { level = "warn", check-cfg = ['cfg(loom)'] }
    = help: or consider adding `println!("cargo::rustc-check-cfg=cfg(loom)");` to the top of the `build.rs`
    = note: see <https://doc.rust-lang.org/nightly/rustc/check-cfg/cargo-specifics.html> for more information about checking conditional configuration

warning: unexpected `cfg` condition name: `tokio_unstable`
   --> submodules/tokio/tokio/src/macros/cfg.rs:337:21
    |
337 |                       tokio_unstable,
    |                       ^^^^^^^^^^^^^^
    |
   ::: submodules/tokio/tokio/src/io/mod.rs:230:5
    |
230 | /     cfg_net_or_uring! {
231 | |         pub use interest::Interest;
232 | |         pub use ready::Ready;
233 | |     }
    | |_____- in this macro invocation
    |
    = help: consider using a Cargo feature instead
    = help: or consider adding in `Cargo.toml` the `check-cfg` lint config for the lint:
             [lints.rust]
             unexpected_cfgs = { level = "warn", check-cfg = ['cfg(tokio_unstable)'] }
    = help: or consider adding `println!("cargo::rustc-check-cfg=cfg(tokio_unstable)");` to the top of the `build.rs`
    = note: see <https://doc.rust-lang.org/nightly/rustc/check-cfg/cargo-specifics.html> for more information about checking conditional configuration
    = note: this warning originates in the macro `cfg_net_or_uring` (in Nightly builds, run with -Z macro-backtrace for more info)

warning: unexpected `cfg` condition name: `tokio_unstable`
   --> submodules/tokio/tokio/src/macros/cfg.rs:704:17
    |
704 |                   tokio_unstable,
    |                   ^^^^^^^^^^^^^^
    |
   ::: submodules/tokio/tokio/src/io/mod.rs:306:1
    |
306 | / cfg_io_uring! {
307 | |     pub(crate) mod uring;
308 | | }
    | |_- in this macro invocation
    |
    = help: consider using a Cargo feature instead
    = help: or consider adding in `Cargo.toml` the `check-cfg` lint config for the lint:
             [lints.rust]
             unexpected_cfgs = { level = "warn", check-cfg = ['cfg(tokio_unstable)'] }
    = help: or consider adding `println!("cargo::rustc-check-cfg=cfg(tokio_unstable)");` to the top of the `build.rs`
    = note: see <https://doc.rust-lang.org/nightly/rustc/check-cfg/cargo-specifics.html> for more information about checking conditional configuration
    = note: this warning originates in the macro `cfg_io_uring` (in Nightly builds, run with -Z macro-backtrace for more info)

warning: unexpected `cfg` condition name: `tokio_unstable`
   --> submodules/tokio/tokio/src/macros/cfg.rs:145:21
    |
145 |                       tokio_unstable,
    |                       ^^^^^^^^^^^^^^
    |
   ::: submodules/tokio/tokio/src/io/poll_evented.rs:12:1
    |
 12 | / cfg_io_driver! {
 13 | |     /// Associates an I/O resource that implements the [`std::io::Read`] and/or
 14 | |     /// [`std::io::Write`] traits with the reactor that drives it.
 15 | |     ///
...   |
 70 | | }
    | |_- in this macro invocation
    |
    = help: consider using a Cargo feature instead
    = help: or consider adding in `Cargo.toml` the `check-cfg` lint config for the lint:
             [lints.rust]
             unexpected_cfgs = { level = "warn", check-cfg = ['cfg(tokio_unstable)'] }
    = help: or consider adding `println!("cargo::rustc-check-cfg=cfg(tokio_unstable)");` to the top of the `build.rs`
    = note: see <https://doc.rust-lang.org/nightly/rustc/check-cfg/cargo-specifics.html> for more information about checking conditional configuration
    = note: this warning originates in the macro `cfg_io_driver` (in Nightly builds, run with -Z macro-backtrace for more info)

warning: unexpected `cfg` condition name: `mio_unsupported_force_poll_poll`
   --> submodules/tokio/tokio/src/io/poll_evented.rs:191:33
    |
191 | ...                   not(mio_unsupported_force_poll_poll),
    |                           ^^^^^^^^^^^^^^^^^^^^^^^^^^^^^^^
    |
    = help: consider using a Cargo feature instead
    = help: or consider adding in `Cargo.toml` the `check-cfg` lint config for the lint:
             [lints.rust]
             unexpected_cfgs = { level = "warn", check-cfg = ['cfg(mio_unsupported_force_poll_poll)'] }
    = help: or consider adding `println!("cargo::rustc-check-cfg=cfg(mio_unsupported_force_poll_poll)");` to the top of the `build.rs`
    = note: see <https://doc.rust-lang.org/nightly/rustc/check-cfg/cargo-specifics.html> for more information about checking conditional configuration

warning: unexpected `cfg` condition name: `mio_unsupported_force_poll_poll`
   --> submodules/tokio/tokio/src/io/poll_evented.rs:243:62
    |
243 |                         if n > 0 && (!cfg!(windows) && !cfg!(mio_unsupported_force_poll_poll) && n < buf.len()) {
    |                                                              ^^^^^^^^^^^^^^^^^^^^^^^^^^^^^^^
    |
    = help: consider using a Cargo feature instead
    = help: or consider adding in `Cargo.toml` the `check-cfg` lint config for the lint:
             [lints.rust]
             unexpected_cfgs = { level = "warn", check-cfg = ['cfg(mio_unsupported_force_poll_poll)'] }
    = help: or consider adding `println!("cargo::rustc-check-cfg=cfg(mio_unsupported_force_poll_poll)");` to the top of the `build.rs`
    = note: see <https://doc.rust-lang.org/nightly/rustc/check-cfg/cargo-specifics.html> for more information about checking conditional configuration

warning: unexpected `cfg` condition name: `tokio_unstable`
   --> submodules/tokio/tokio/src/macros/cfg.rs:580:19
    |
580 |               #[cfg(tokio_unstable)]
    |                     ^^^^^^^^^^^^^^
    |
   ::: submodules/tokio/tokio/src/net/tcp/listener.rs:426:1
    |
426 | / cfg_unstable! {
427 | |     #[cfg(target_os = "wasi")]
428 | |     mod sys {
429 | |         use super::TcpListener;
...   |
444 | | }
    | |_- in this macro invocation
    |
    = help: consider using a Cargo feature instead
    = help: or consider adding in `Cargo.toml` the `check-cfg` lint config for the lint:
             [lints.rust]
             unexpected_cfgs = { level = "warn", check-cfg = ['cfg(tokio_unstable)'] }
    = help: or consider adding `println!("cargo::rustc-check-cfg=cfg(tokio_unstable)");` to the top of the `build.rs`
    = note: see <https://doc.rust-lang.org/nightly/rustc/check-cfg/cargo-specifics.html> for more information about checking conditional configuration
    = note: this warning originates in the macro `cfg_unstable` (in Nightly builds, run with -Z macro-backtrace for more info)

warning: unexpected `cfg` condition name: `tokio_unstable`
    --> submodules/tokio/tokio/src/net/tcp/stream.rs:1506:11
     |
1506 | #[cfg(all(tokio_unstable, target_os = "wasi"))]
     |           ^^^^^^^^^^^^^^
     |
     = help: consider using a Cargo feature instead
     = help: or consider adding in `Cargo.toml` the `check-cfg` lint config for the lint:
              [lints.rust]
              unexpected_cfgs = { level = "warn", check-cfg = ['cfg(tokio_unstable)'] }
     = help: or consider adding `println!("cargo::rustc-check-cfg=cfg(tokio_unstable)");` to the top of the `build.rs`
     = note: see <https://doc.rust-lang.org/nightly/rustc/check-cfg/cargo-specifics.html> for more information about checking conditional configuration

warning: unexpected `cfg` condition name: `loom`
 --> submodules/tokio/tokio/src/loom/mod.rs:6:21
  |
6 | #[cfg(not(all(test, loom)))]
  |                     ^^^^
  |
  = help: consider using a Cargo feature instead
  = help: or consider adding in `Cargo.toml` the `check-cfg` lint config for the lint:
           [lints.rust]
           unexpected_cfgs = { level = "warn", check-cfg = ['cfg(loom)'] }
  = help: or consider adding `println!("cargo::rustc-check-cfg=cfg(loom)");` to the top of the `build.rs`
  = note: see <https://doc.rust-lang.org/nightly/rustc/check-cfg/cargo-specifics.html> for more information about checking conditional configuration

warning: unexpected `cfg` condition name: `loom`
 --> submodules/tokio/tokio/src/loom/std/mod.rs:1:40
  |
1 | #![cfg_attr(any(not(feature = "full"), loom), allow(unused_imports, dead_code))]
  |                                        ^^^^
  |
  = help: consider using a Cargo feature instead
  = help: or consider adding in `Cargo.toml` the `check-cfg` lint config for the lint:
           [lints.rust]
           unexpected_cfgs = { level = "warn", check-cfg = ['cfg(loom)'] }
  = help: or consider adding `println!("cargo::rustc-check-cfg=cfg(loom)");` to the top of the `build.rs`
  = note: see <https://doc.rust-lang.org/nightly/rustc/check-cfg/cargo-specifics.html> for more information about checking conditional configuration

warning: unexpected `cfg` condition name: `loom`
 --> submodules/tokio/tokio/src/loom/mod.rs:8:21
  |
8 | #[cfg(not(all(test, loom)))]
  |                     ^^^^
  |
  = help: consider using a Cargo feature instead
  = help: or consider adding in `Cargo.toml` the `check-cfg` lint config for the lint:
           [lints.rust]
           unexpected_cfgs = { level = "warn", check-cfg = ['cfg(loom)'] }
  = help: or consider adding `println!("cargo::rustc-check-cfg=cfg(loom)");` to the top of the `build.rs`
  = note: see <https://doc.rust-lang.org/nightly/rustc/check-cfg/cargo-specifics.html> for more information about checking conditional configuration

warning: unexpected `cfg` condition name: `loom`
  --> submodules/tokio/tokio/src/loom/mod.rs:11:17
   |
11 | #[cfg(all(test, loom))]
   |                 ^^^^
   |
   = help: consider using a Cargo feature instead
   = help: or consider adding in `Cargo.toml` the `check-cfg` lint config for the lint:
            [lints.rust]
            unexpected_cfgs = { level = "warn", check-cfg = ['cfg(loom)'] }
   = help: or consider adding `println!("cargo::rustc-check-cfg=cfg(loom)");` to the top of the `build.rs`
   = note: see <https://doc.rust-lang.org/nightly/rustc/check-cfg/cargo-specifics.html> for more information about checking conditional configuration

warning: unexpected `cfg` condition name: `loom`
  --> submodules/tokio/tokio/src/loom/mod.rs:13:17
   |
13 | #[cfg(all(test, loom))]
   |                 ^^^^
   |
   = help: consider using a Cargo feature instead
   = help: or consider adding in `Cargo.toml` the `check-cfg` lint config for the lint:
            [lints.rust]
            unexpected_cfgs = { level = "warn", check-cfg = ['cfg(loom)'] }
   = help: or consider adding `println!("cargo::rustc-check-cfg=cfg(loom)");` to the top of the `build.rs`
   = note: see <https://doc.rust-lang.org/nightly/rustc/check-cfg/cargo-specifics.html> for more information about checking conditional configuration

warning: unexpected `cfg` condition value: `parking_lot`
 --> submodules/tokio/tokio/src/loom/std/mod.rs:9:11
  |
9 | #[cfg(all(feature = "parking_lot", not(miri)))]
  |           ^^^^^^^^^^^^^^^^^^^^^^^
  |
  = note: expected values for `feature` are: `bytes`, `default`, `fs`, `full`, `io-std`, `io-uring`, `io-util`, `libc`, `macros`, `mio`, `net`, `process`, `rt`, `rt-multi-thread`, `signal`, `signal-hook-registry`, `socket2`, `sync`, `taskdump`, `test-util`, `time`, `tokio-macros`, `tracing`, and `windows-sys`
  = help: consider adding `parking_lot` as a feature in `Cargo.toml`
  = note: see <https://doc.rust-lang.org/nightly/rustc/check-cfg/cargo-specifics.html> for more information about checking conditional configuration

warning: unexpected `cfg` condition value: `parking_lot`
  --> submodules/tokio/tokio/src/loom/std/mod.rs:54:15
   |
54 |     #[cfg(all(feature = "parking_lot", not(miri)))]
   |               ^^^^^^^^^^^^^^^^^^^^^^^
   |
   = note: expected values for `feature` are: `bytes`, `default`, `fs`, `full`, `io-std`, `io-uring`, `io-util`, `libc`, `macros`, `mio`, `net`, `process`, `rt`, `rt-multi-thread`, `signal`, `signal-hook-registry`, `socket2`, `sync`, `taskdump`, `test-util`, `time`, `tokio-macros`, `tracing`, and `windows-sys`
   = help: consider adding `parking_lot` as a feature in `Cargo.toml`
   = note: see <https://doc.rust-lang.org/nightly/rustc/check-cfg/cargo-specifics.html> for more information about checking conditional configuration

warning: unexpected `cfg` condition value: `parking_lot`
  --> submodules/tokio/tokio/src/loom/std/mod.rs:60:19
   |
60 |     #[cfg(not(all(feature = "parking_lot", not(miri))))]
   |                   ^^^^^^^^^^^^^^^^^^^^^^^
   |
   = note: expected values for `feature` are: `bytes`, `default`, `fs`, `full`, `io-std`, `io-uring`, `io-util`, `libc`, `macros`, `mio`, `net`, `process`, `rt`, `rt-multi-thread`, `signal`, `signal-hook-registry`, `socket2`, `sync`, `taskdump`, `test-util`, `time`, `tokio-macros`, `tracing`, and `windows-sys`
   = help: consider adding `parking_lot` as a feature in `Cargo.toml`
   = note: see <https://doc.rust-lang.org/nightly/rustc/check-cfg/cargo-specifics.html> for more information about checking conditional configuration

warning: unexpected `cfg` condition value: `parking_lot`
  --> submodules/tokio/tokio/src/loom/std/mod.rs:64:19
   |
64 |     #[cfg(not(all(feature = "parking_lot", not(miri))))]
   |                   ^^^^^^^^^^^^^^^^^^^^^^^
   |
   = note: expected values for `feature` are: `bytes`, `default`, `fs`, `full`, `io-std`, `io-uring`, `io-util`, `libc`, `macros`, `mio`, `net`, `process`, `rt`, `rt-multi-thread`, `signal`, `signal-hook-registry`, `socket2`, `sync`, `taskdump`, `test-util`, `time`, `tokio-macros`, `tracing`, and `windows-sys`
   = help: consider adding `parking_lot` as a feature in `Cargo.toml`
   = note: see <https://doc.rust-lang.org/nightly/rustc/check-cfg/cargo-specifics.html> for more information about checking conditional configuration

warning: unexpected `cfg` condition value: `parking_lot`
  --> submodules/tokio/tokio/src/loom/std/mod.rs:67:19
   |
67 |     #[cfg(not(all(feature = "parking_lot", not(miri))))]
   |                   ^^^^^^^^^^^^^^^^^^^^^^^
   |
   = note: expected values for `feature` are: `bytes`, `default`, `fs`, `full`, `io-std`, `io-uring`, `io-util`, `libc`, `macros`, `mio`, `net`, `process`, `rt`, `rt-multi-thread`, `signal`, `signal-hook-registry`, `socket2`, `sync`, `taskdump`, `test-util`, `time`, `tokio-macros`, `tracing`, and `windows-sys`
   = help: consider adding `parking_lot` as a feature in `Cargo.toml`
   = note: see <https://doc.rust-lang.org/nightly/rustc/check-cfg/cargo-specifics.html> for more information about checking conditional configuration

warning: unexpected `cfg` condition name: `tokio_unstable`
 --> submodules/tokio/tokio/src/runtime/driver.rs:6:17
  |
6 |     any(not(all(tokio_unstable, feature = "full")), target_family = "wasm"),
  |                 ^^^^^^^^^^^^^^
  |
  = help: consider using a Cargo feature instead
  = help: or consider adding in `Cargo.toml` the `check-cfg` lint config for the lint:
           [lints.rust]
           unexpected_cfgs = { level = "warn", check-cfg = ['cfg(tokio_unstable)'] }
  = help: or consider adding `println!("cargo::rustc-check-cfg=cfg(tokio_unstable)");` to the top of the `build.rs`
  = note: see <https://doc.rust-lang.org/nightly/rustc/check-cfg/cargo-specifics.html> for more information about checking conditional configuration

warning: unexpected `cfg` condition name: `tokio_unstable`
   --> submodules/tokio/tokio/src/macros/cfg.rs:177:21
    |
177 |                       tokio_unstable,
    |                       ^^^^^^^^^^^^^^
    |
   ::: submodules/tokio/tokio/src/runtime/mod.rs:384:1
    |
384 | / cfg_io_driver_impl! {
385 | |     pub(crate) mod io;
386 | | }
    | |_- in this macro invocation
    |
    = help: consider using a Cargo feature instead
    = help: or consider adding in `Cargo.toml` the `check-cfg` lint config for the lint:
             [lints.rust]
             unexpected_cfgs = { level = "warn", check-cfg = ['cfg(tokio_unstable)'] }
    = help: or consider adding `println!("cargo::rustc-check-cfg=cfg(tokio_unstable)");` to the top of the `build.rs`
    = note: see <https://doc.rust-lang.org/nightly/rustc/check-cfg/cargo-specifics.html> for more information about checking conditional configuration
    = note: this warning originates in the macro `cfg_io_driver_impl` (in Nightly builds, run with -Z macro-backtrace for more info)

warning: unexpected `cfg` condition name: `tokio_unstable`
 --> submodules/tokio/tokio/src/runtime/io/mod.rs:2:68
  |
2 |     not(all(feature = "rt", feature = "net", feature = "io-uring", tokio_unstable)),
  |                                                                    ^^^^^^^^^^^^^^
  |
  = help: consider using a Cargo feature instead
  = help: or consider adding in `Cargo.toml` the `check-cfg` lint config for the lint:
           [lints.rust]
           unexpected_cfgs = { level = "warn", check-cfg = ['cfg(tokio_unstable)'] }
  = help: or consider adding `println!("cargo::rustc-check-cfg=cfg(tokio_unstable)");` to the top of the `build.rs`
  = note: see <https://doc.rust-lang.org/nightly/rustc/check-cfg/cargo-specifics.html> for more information about checking conditional configuration

warning: unexpected `cfg` condition name: `loom`
   --> submodules/tokio/tokio/src/macros/cfg.rs:397:19
    |
397 |           #[cfg(not(loom))]
    |                     ^^^^
    |
   ::: submodules/tokio/tokio/src/runtime/mod.rs:388:1
    |
388 | / cfg_process_driver! {
389 | |     mod process;
390 | | }
    | |_- in this macro invocation
    |
    = help: consider using a Cargo feature instead
    = help: or consider adding in `Cargo.toml` the `check-cfg` lint config for the lint:
             [lints.rust]
             unexpected_cfgs = { level = "warn", check-cfg = ['cfg(loom)'] }
    = help: or consider adding `println!("cargo::rustc-check-cfg=cfg(loom)");` to the top of the `build.rs`
    = note: see <https://doc.rust-lang.org/nightly/rustc/check-cfg/cargo-specifics.html> for more information about checking conditional configuration
    = note: this warning originates in the macro `cfg_process_driver` (in Nightly builds, run with -Z macro-backtrace for more info)

warning: unexpected `cfg` condition name: `tokio_unstable`
   --> submodules/tokio/tokio/src/runtime/task/mod.rs:183:17
    |
183 | #![cfg_attr(not(tokio_unstable), allow(dead_code))]
    |                 ^^^^^^^^^^^^^^
    |
    = help: consider using a Cargo feature instead
    = help: or consider adding in `Cargo.toml` the `check-cfg` lint config for the lint:
             [lints.rust]
             unexpected_cfgs = { level = "warn", check-cfg = ['cfg(tokio_unstable)'] }
    = help: or consider adding `println!("cargo::rustc-check-cfg=cfg(tokio_unstable)");` to the top of the `build.rs`
    = note: see <https://doc.rust-lang.org/nightly/rustc/check-cfg/cargo-specifics.html> for more information about checking conditional configuration

warning: unexpected `cfg` condition name: `tokio_unstable`
 --> submodules/tokio/tokio/src/runtime/config.rs:2:17
  |
2 |     any(not(all(tokio_unstable, feature = "full")), target_family = "wasm"),
  |                 ^^^^^^^^^^^^^^
  |
  = help: consider using a Cargo feature instead
  = help: or consider adding in `Cargo.toml` the `check-cfg` lint config for the lint:
           [lints.rust]
           unexpected_cfgs = { level = "warn", check-cfg = ['cfg(tokio_unstable)'] }
  = help: or consider adding `println!("cargo::rustc-check-cfg=cfg(tokio_unstable)");` to the top of the `build.rs`
  = note: see <https://doc.rust-lang.org/nightly/rustc/check-cfg/cargo-specifics.html> for more information about checking conditional configuration

warning: unexpected `cfg` condition name: `loom`
 --> submodules/tokio/tokio/src/runtime/builder.rs:1:13
  |
1 | #![cfg_attr(loom, allow(unused_imports))]
  |             ^^^^
  |
  = help: consider using a Cargo feature instead
  = help: or consider adding in `Cargo.toml` the `check-cfg` lint config for the lint:
           [lints.rust]
           unexpected_cfgs = { level = "warn", check-cfg = ['cfg(loom)'] }
  = help: or consider adding `println!("cargo::rustc-check-cfg=cfg(loom)");` to the top of the `build.rs`
  = note: see <https://doc.rust-lang.org/nightly/rustc/check-cfg/cargo-specifics.html> for more information about checking conditional configuration

warning: unexpected `cfg` condition name: `tokio_unstable`
   --> submodules/tokio/tokio/src/runtime/mod.rs:442:15
    |
442 |     #[cfg(not(tokio_unstable))]
    |               ^^^^^^^^^^^^^^
    |
    = help: consider using a Cargo feature instead
    = help: or consider adding in `Cargo.toml` the `check-cfg` lint config for the lint:
             [lints.rust]
             unexpected_cfgs = { level = "warn", check-cfg = ['cfg(tokio_unstable)'] }
    = help: or consider adding `println!("cargo::rustc-check-cfg=cfg(tokio_unstable)");` to the top of the `build.rs`
    = note: see <https://doc.rust-lang.org/nightly/rustc/check-cfg/cargo-specifics.html> for more information about checking conditional configuration

warning: unexpected `cfg` condition name: `tokio_unstable`
   --> submodules/tokio/tokio/src/macros/cfg.rs:570:23
    |
570 |               #[cfg(all(tokio_unstable, feature = "tracing"))]
    |                         ^^^^^^^^^^^^^^
    |
   ::: submodules/tokio/tokio/src/runtime/mod.rs:410:5
    |
410 | /     cfg_trace! {
411 | |         pub(crate) use blocking::Mandatory;
412 | |     }
    | |_____- in this macro invocation
    |
    = help: consider using a Cargo feature instead
    = help: or consider adding in `Cargo.toml` the `check-cfg` lint config for the lint:
             [lints.rust]
             unexpected_cfgs = { level = "warn", check-cfg = ['cfg(tokio_unstable)'] }
    = help: or consider adding `println!("cargo::rustc-check-cfg=cfg(tokio_unstable)");` to the top of the `build.rs`
    = note: see <https://doc.rust-lang.org/nightly/rustc/check-cfg/cargo-specifics.html> for more information about checking conditional configuration
    = note: this warning originates in the macro `cfg_trace` (in Nightly builds, run with -Z macro-backtrace for more info)

warning: unexpected `cfg` condition name: `tokio_unstable`
   --> submodules/tokio/tokio/src/macros/cfg.rs:580:19
    |
580 |               #[cfg(tokio_unstable)]
    |                     ^^^^^^^^^^^^^^
    |
   ::: submodules/tokio/tokio/src/runtime/mod.rs:420:5
    |
420 | /     cfg_unstable! {
421 | |         mod id;
422 | |         #[cfg_attr(not(tokio_unstable), allow(unreachable_pub))]
423 | |         pub use id::Id;
...   |
429 | |         pub use local_runtime::{LocalRuntime, LocalOptions};
430 | |     }
    | |_____- in this macro invocation
    |
    = help: consider using a Cargo feature instead
    = help: or consider adding in `Cargo.toml` the `check-cfg` lint config for the lint:
             [lints.rust]
             unexpected_cfgs = { level = "warn", check-cfg = ['cfg(tokio_unstable)'] }
    = help: or consider adding `println!("cargo::rustc-check-cfg=cfg(tokio_unstable)");` to the top of the `build.rs`
    = note: see <https://doc.rust-lang.org/nightly/rustc/check-cfg/cargo-specifics.html> for more information about checking conditional configuration
    = note: this warning originates in the macro `cfg_unstable` (in Nightly builds, run with -Z macro-backtrace for more info)

warning: unexpected `cfg` condition name: `tokio_unstable`
   --> submodules/tokio/tokio/src/macros/cfg.rs:501:17
    |
501 |                   tokio_unstable,
    |                   ^^^^^^^^^^^^^^
    |
   ::: submodules/tokio/tokio/src/runtime/mod.rs:432:5
    |
432 | /     cfg_taskdump! {
433 | |         pub mod dump;
434 | |         pub use dump::Dump;
435 | |     }
    | |_____- in this macro invocation
    |
    = help: consider using a Cargo feature instead
    = help: or consider adding in `Cargo.toml` the `check-cfg` lint config for the lint:
             [lints.rust]
             unexpected_cfgs = { level = "warn", check-cfg = ['cfg(tokio_unstable)'] }
    = help: or consider adding `println!("cargo::rustc-check-cfg=cfg(tokio_unstable)");` to the top of the `build.rs`
    = note: see <https://doc.rust-lang.org/nightly/rustc/check-cfg/cargo-specifics.html> for more information about checking conditional configuration
    = note: this warning originates in the macro `cfg_taskdump` (in Nightly builds, run with -Z macro-backtrace for more info)

warning: unexpected `cfg` condition name: `tokio_unstable`
   --> submodules/tokio/tokio/src/macros/cfg.rs:580:19
    |
580 |               #[cfg(tokio_unstable)]
    |                     ^^^^^^^^^^^^^^
    |
   ::: submodules/tokio/tokio/src/runtime/mod.rs:439:5
    |
439 | /     cfg_unstable! {
440 | |         pub use task_hooks::TaskMeta;
441 | |     }
    | |_____- in this macro invocation
    |
    = help: consider using a Cargo feature instead
    = help: or consider adding in `Cargo.toml` the `check-cfg` lint config for the lint:
             [lints.rust]
             unexpected_cfgs = { level = "warn", check-cfg = ['cfg(tokio_unstable)'] }
    = help: or consider adding `println!("cargo::rustc-check-cfg=cfg(tokio_unstable)");` to the top of the `build.rs`
    = note: see <https://doc.rust-lang.org/nightly/rustc/check-cfg/cargo-specifics.html> for more information about checking conditional configuration
    = note: this warning originates in the macro `cfg_unstable` (in Nightly builds, run with -Z macro-backtrace for more info)

warning: unexpected `cfg` condition name: `tokio_unstable`
   --> submodules/tokio/tokio/src/macros/cfg.rs:269:19
    |
269 |               #[cfg(tokio_unstable)]
    |                     ^^^^^^^^^^^^^^
    |
   ::: submodules/tokio/tokio/src/runtime/mod.rs:465:5
    |
465 | /     cfg_unstable_metrics! {
466 | |         pub use metrics::{HistogramScale, HistogramConfiguration, LogHistogram, LogHistogramBuilder, InvalidHistogramConfiguration} ;
467 | |
468 | |         cfg_net! {
...   |
471 | |     }
    | |_____- in this macro invocation
    |
    = help: consider using a Cargo feature instead
    = help: or consider adding in `Cargo.toml` the `check-cfg` lint config for the lint:
             [lints.rust]
             unexpected_cfgs = { level = "warn", check-cfg = ['cfg(tokio_unstable)'] }
    = help: or consider adding `println!("cargo::rustc-check-cfg=cfg(tokio_unstable)");` to the top of the `build.rs`
    = note: see <https://doc.rust-lang.org/nightly/rustc/check-cfg/cargo-specifics.html> for more information about checking conditional configuration
    = note: this warning originates in the macro `cfg_unstable_metrics` (in Nightly builds, run with -Z macro-backtrace for more info)

warning: unexpected `cfg` condition name: `tokio_unstable`
   --> submodules/tokio/tokio/src/macros/cfg.rs:501:17
    |
501 |                   tokio_unstable,
    |                   ^^^^^^^^^^^^^^
    |
   ::: submodules/tokio/tokio/src/runtime/context.rs:26:5
    |
 26 | /     cfg_taskdump! {
 27 | |         use crate::runtime::task::trace;
 28 | |     }
    | |_____- in this macro invocation
    |
    = help: consider using a Cargo feature instead
    = help: or consider adding in `Cargo.toml` the `check-cfg` lint config for the lint:
             [lints.rust]
             unexpected_cfgs = { level = "warn", check-cfg = ['cfg(tokio_unstable)'] }
    = help: or consider adding `println!("cargo::rustc-check-cfg=cfg(tokio_unstable)");` to the top of the `build.rs`
    = note: see <https://doc.rust-lang.org/nightly/rustc/check-cfg/cargo-specifics.html> for more information about checking conditional configuration
    = note: this warning originates in the macro `cfg_taskdump` (in Nightly builds, run with -Z macro-backtrace for more info)

warning: unexpected `cfg` condition name: `tokio_unstable`
   --> submodules/tokio/tokio/src/macros/cfg.rs:501:17
    |
501 |                   tokio_unstable,
    |                   ^^^^^^^^^^^^^^
    |
   ::: submodules/tokio/tokio/src/runtime/context.rs:193:5
    |
193 | /     cfg_taskdump! {
194 | |         /// SAFETY: Callers of this function must ensure that trace frames always
195 | |         /// form a valid linked list.
196 | |         pub(crate) unsafe fn with_trace<R>(f: impl FnOnce(&trace::Context) -> R) -> Option<R> {
...   |
199 | |     }
    | |_____- in this macro invocation
    |
    = help: consider using a Cargo feature instead
    = help: or consider adding in `Cargo.toml` the `check-cfg` lint config for the lint:
             [lints.rust]
             unexpected_cfgs = { level = "warn", check-cfg = ['cfg(tokio_unstable)'] }
    = help: or consider adding `println!("cargo::rustc-check-cfg=cfg(tokio_unstable)");` to the top of the `build.rs`
    = note: see <https://doc.rust-lang.org/nightly/rustc/check-cfg/cargo-specifics.html> for more information about checking conditional configuration
    = note: this warning originates in the macro `cfg_taskdump` (in Nightly builds, run with -Z macro-backtrace for more info)

warning: unexpected `cfg` condition name: `tokio_unstable`
  --> submodules/tokio/tokio/src/runtime/context.rs:68:9
   |
68 |         tokio_unstable,
   |         ^^^^^^^^^^^^^^
   |
   = help: consider using a Cargo feature instead
   = help: or consider adding in `Cargo.toml` the `check-cfg` lint config for the lint:
            [lints.rust]
            unexpected_cfgs = { level = "warn", check-cfg = ['cfg(tokio_unstable)'] }
   = help: or consider adding `println!("cargo::rustc-check-cfg=cfg(tokio_unstable)");` to the top of the `build.rs`
   = note: see <https://doc.rust-lang.org/nightly/rustc/check-cfg/cargo-specifics.html> for more information about checking conditional configuration

warning: unexpected `cfg` condition name: `tokio_unstable`
   --> submodules/tokio/tokio/src/runtime/context.rs:109:17
    |
109 |                 tokio_unstable,
    |                 ^^^^^^^^^^^^^^
    |
    = help: consider using a Cargo feature instead
    = help: or consider adding in `Cargo.toml` the `check-cfg` lint config for the lint:
             [lints.rust]
             unexpected_cfgs = { level = "warn", check-cfg = ['cfg(tokio_unstable)'] }
    = help: or consider adding `println!("cargo::rustc-check-cfg=cfg(tokio_unstable)");` to the top of the `build.rs`
    = note: see <https://doc.rust-lang.org/nightly/rustc/check-cfg/cargo-specifics.html> for more information about checking conditional configuration

warning: unexpected `cfg` condition name: `loom`
  --> submodules/tokio/tokio/src/runtime/park.rs:36:7
   |
36 | #[cfg(loom)]
   |       ^^^^
   |
   = help: consider using a Cargo feature instead
   = help: or consider adding in `Cargo.toml` the `check-cfg` lint config for the lint:
            [lints.rust]
            unexpected_cfgs = { level = "warn", check-cfg = ['cfg(loom)'] }
   = help: or consider adding `println!("cargo::rustc-check-cfg=cfg(loom)");` to the top of the `build.rs`
   = note: see <https://doc.rust-lang.org/nightly/rustc/check-cfg/cargo-specifics.html> for more information about checking conditional configuration

warning: unexpected `cfg` condition name: `loom`
   --> submodules/tokio/tokio/src/runtime/park.rs:359:7
    |
359 | #[cfg(loom)]
    |       ^^^^
    |
    = help: consider using a Cargo feature instead
    = help: or consider adding in `Cargo.toml` the `check-cfg` lint config for the lint:
             [lints.rust]
             unexpected_cfgs = { level = "warn", check-cfg = ['cfg(loom)'] }
    = help: or consider adding `println!("cargo::rustc-check-cfg=cfg(loom)");` to the top of the `build.rs`
    = note: see <https://doc.rust-lang.org/nightly/rustc/check-cfg/cargo-specifics.html> for more information about checking conditional configuration

warning: unexpected `cfg` condition name: `loom`
  --> submodules/tokio/tokio/src/runtime/park.rs:60:15
   |
60 |         #[cfg(loom)]
   |               ^^^^
   |
   = help: consider using a Cargo feature instead
   = help: or consider adding in `Cargo.toml` the `check-cfg` lint config for the lint:
            [lints.rust]
            unexpected_cfgs = { level = "warn", check-cfg = ['cfg(loom)'] }
   = help: or consider adding `println!("cargo::rustc-check-cfg=cfg(loom)");` to the top of the `build.rs`
   = note: see <https://doc.rust-lang.org/nightly/rustc/check-cfg/cargo-specifics.html> for more information about checking conditional configuration

warning: unexpected `cfg` condition name: `loom`
  --> submodules/tokio/tokio/src/runtime/park.rs:66:15
   |
66 |         #[cfg(loom)]
   |               ^^^^
   |
   = help: consider using a Cargo feature instead
   = help: or consider adding in `Cargo.toml` the `check-cfg` lint config for the lint:
            [lints.rust]
            unexpected_cfgs = { level = "warn", check-cfg = ['cfg(loom)'] }
   = help: or consider adding `println!("cargo::rustc-check-cfg=cfg(loom)");` to the top of the `build.rs`
   = note: see <https://doc.rust-lang.org/nightly/rustc/check-cfg/cargo-specifics.html> for more information about checking conditional configuration

warning: unexpected `cfg` condition name: `loom`
  --> submodules/tokio/tokio/src/runtime/driver.rs:26:31
   |
26 |     #[cfg_attr(any(not(unix), loom), allow(dead_code))]
   |                               ^^^^
   |
   = help: consider using a Cargo feature instead
   = help: or consider adding in `Cargo.toml` the `check-cfg` lint config for the lint:
            [lints.rust]
            unexpected_cfgs = { level = "warn", check-cfg = ['cfg(loom)'] }
   = help: or consider adding `println!("cargo::rustc-check-cfg=cfg(loom)");` to the top of the `build.rs`
   = note: see <https://doc.rust-lang.org/nightly/rustc/check-cfg/cargo-specifics.html> for more information about checking conditional configuration

warning: unexpected `cfg` condition name: `tokio_unstable`
   --> submodules/tokio/tokio/src/macros/cfg.rs:145:21
    |
145 |                       tokio_unstable,
    |                       ^^^^^^^^^^^^^^
    |
   ::: submodules/tokio/tokio/src/runtime/driver.rs:124:1
    |
124 | / cfg_io_driver! {
125 | |     pub(crate) type IoDriver = crate::runtime::io::Driver;
126 | |
127 | |     #[derive(Debug)]
...   |
197 | | }
    | |_- in this macro invocation
    |
    = help: consider using a Cargo feature instead
    = help: or consider adding in `Cargo.toml` the `check-cfg` lint config for the lint:
             [lints.rust]
             unexpected_cfgs = { level = "warn", check-cfg = ['cfg(tokio_unstable)'] }
    = help: or consider adding `println!("cargo::rustc-check-cfg=cfg(tokio_unstable)");` to the top of the `build.rs`
    = note: see <https://doc.rust-lang.org/nightly/rustc/check-cfg/cargo-specifics.html> for more information about checking conditional configuration
    = note: this warning originates in the macro `cfg_io_driver` (in Nightly builds, run with -Z macro-backtrace for more info)

warning: unexpected `cfg` condition name: `tokio_unstable`
   --> submodules/tokio/tokio/src/macros/cfg.rs:197:21
    |
197 |                       tokio_unstable,
    |                       ^^^^^^^^^^^^^^
    |
   ::: submodules/tokio/tokio/src/runtime/driver.rs:199:1
    |
199 | / cfg_not_io_driver! {
200 | |     pub(crate) type IoHandle = UnparkThread;
201 | |
202 | |     #[derive(Debug)]
...   |
229 | | }
    | |_- in this macro invocation
    |
    = help: consider using a Cargo feature instead
    = help: or consider adding in `Cargo.toml` the `check-cfg` lint config for the lint:
             [lints.rust]
             unexpected_cfgs = { level = "warn", check-cfg = ['cfg(tokio_unstable)'] }
    = help: or consider adding `println!("cargo::rustc-check-cfg=cfg(tokio_unstable)");` to the top of the `build.rs`
    = note: see <https://doc.rust-lang.org/nightly/rustc/check-cfg/cargo-specifics.html> for more information about checking conditional configuration
    = note: this warning originates in the macro `cfg_not_io_driver` (in Nightly builds, run with -Z macro-backtrace for more info)

warning: unexpected `cfg` condition name: `loom`
   --> submodules/tokio/tokio/src/macros/cfg.rs:443:23
    |
443 |               #[cfg(any(loom, not(unix), not(any(feature = "signal", all(unix, feature = "process")))))]
    |                         ^^^^
    |
   ::: submodules/tokio/tokio/src/runtime/driver.rs:244:1
    |
244 | / cfg_not_signal_internal! {
245 | |     pub(crate) type SignalHandle = ();
246 | |
247 | |     cfg_io_driver! {
...   |
254 | | }
    | |_- in this macro invocation
    |
    = help: consider using a Cargo feature instead
    = help: or consider adding in `Cargo.toml` the `check-cfg` lint config for the lint:
             [lints.rust]
             unexpected_cfgs = { level = "warn", check-cfg = ['cfg(loom)'] }
    = help: or consider adding `println!("cargo::rustc-check-cfg=cfg(loom)");` to the top of the `build.rs`
    = note: see <https://doc.rust-lang.org/nightly/rustc/check-cfg/cargo-specifics.html> for more information about checking conditional configuration
    = note: this warning originates in the macro `cfg_not_signal_internal` (in Nightly builds, run with -Z macro-backtrace for more info)

warning: unexpected `cfg` condition name: `tokio_unstable`
   --> submodules/tokio/tokio/src/macros/cfg.rs:145:21
    |
145 |                       tokio_unstable,
    |                       ^^^^^^^^^^^^^^
    |
   ::: submodules/tokio/tokio/src/runtime/driver.rs:247:5
    |
247 | /     cfg_io_driver! {
248 | |         type SignalDriver = IoDriver;
249 | |
250 | |         fn create_signal_driver(io_driver: IoDriver, _io_handle: &crate::runtime::io::Handle) -> io::Result<(SignalDriver, SignalHandle)> {
...   |
253 | |     }
    | |_____- in this macro invocation
    |
    = help: consider using a Cargo feature instead
    = help: or consider adding in `Cargo.toml` the `check-cfg` lint config for the lint:
             [lints.rust]
             unexpected_cfgs = { level = "warn", check-cfg = ['cfg(tokio_unstable)'] }
    = help: or consider adding `println!("cargo::rustc-check-cfg=cfg(tokio_unstable)");` to the top of the `build.rs`
    = note: see <https://doc.rust-lang.org/nightly/rustc/check-cfg/cargo-specifics.html> for more information about checking conditional configuration
    = note: this warning originates in the macro `cfg_io_driver` (in Nightly builds, run with -Z macro-backtrace for more info)

warning: unexpected `cfg` condition name: `loom`
   --> submodules/tokio/tokio/src/macros/cfg.rs:397:19
    |
397 |           #[cfg(not(loom))]
    |                     ^^^^
    |
   ::: submodules/tokio/tokio/src/runtime/driver.rs:258:1
    |
258 | / cfg_process_driver! {
259 | |     type ProcessDriver = crate::runtime::process::Driver;
260 | |
261 | |     fn create_process_driver(signal_driver: SignalDriver) -> ProcessDriver {
...   |
264 | | }
    | |_- in this macro invocation
    |
    = help: consider using a Cargo feature instead
    = help: or consider adding in `Cargo.toml` the `check-cfg` lint config for the lint:
             [lints.rust]
             unexpected_cfgs = { level = "warn", check-cfg = ['cfg(loom)'] }
    = help: or consider adding `println!("cargo::rustc-check-cfg=cfg(loom)");` to the top of the `build.rs`
    = note: see <https://doc.rust-lang.org/nightly/rustc/check-cfg/cargo-specifics.html> for more information about checking conditional configuration
    = note: this warning originates in the macro `cfg_process_driver` (in Nightly builds, run with -Z macro-backtrace for more info)

warning: unexpected `cfg` condition name: `loom`
   --> submodules/tokio/tokio/src/macros/cfg.rs:405:37
    |
405 |               #[cfg(not(all(unix, not(loom), feature = "process")))]
    |                                       ^^^^
    |
   ::: submodules/tokio/tokio/src/runtime/driver.rs:266:1
    |
266 | / cfg_not_process_driver! {
267 | |     cfg_io_driver! {
268 | |         type ProcessDriver = SignalDriver;
...   |
274 | | }
    | |_- in this macro invocation
    |
    = help: consider using a Cargo feature instead
    = help: or consider adding in `Cargo.toml` the `check-cfg` lint config for the lint:
             [lints.rust]
             unexpected_cfgs = { level = "warn", check-cfg = ['cfg(loom)'] }
    = help: or consider adding `println!("cargo::rustc-check-cfg=cfg(loom)");` to the top of the `build.rs`
    = note: see <https://doc.rust-lang.org/nightly/rustc/check-cfg/cargo-specifics.html> for more information about checking conditional configuration
    = note: this warning originates in the macro `cfg_not_process_driver` (in Nightly builds, run with -Z macro-backtrace for more info)

warning: unexpected `cfg` condition name: `tokio_unstable`
   --> submodules/tokio/tokio/src/macros/cfg.rs:145:21
    |
145 |                       tokio_unstable,
    |                       ^^^^^^^^^^^^^^
    |
   ::: submodules/tokio/tokio/src/runtime/driver.rs:267:5
    |
267 | /     cfg_io_driver! {
268 | |         type ProcessDriver = SignalDriver;
269 | |
270 | |         fn create_process_driver(signal_driver: SignalDriver) -> ProcessDriver {
...   |
273 | |     }
    | |_____- in this macro invocation
    |
    = help: consider using a Cargo feature instead
    = help: or consider adding in `Cargo.toml` the `check-cfg` lint config for the lint:
             [lints.rust]
             unexpected_cfgs = { level = "warn", check-cfg = ['cfg(tokio_unstable)'] }
    = help: or consider adding `println!("cargo::rustc-check-cfg=cfg(tokio_unstable)");` to the top of the `build.rs`
    = note: see <https://doc.rust-lang.org/nightly/rustc/check-cfg/cargo-specifics.html> for more information about checking conditional configuration
    = note: this warning originates in the macro `cfg_io_driver` (in Nightly builds, run with -Z macro-backtrace for more info)

warning: unexpected `cfg` condition name: `tokio_unstable`
   --> submodules/tokio/tokio/src/macros/cfg.rs:704:17
    |
704 |                   tokio_unstable,
    |                   ^^^^^^^^^^^^^^
    |
   ::: submodules/tokio/tokio/src/runtime/driver.rs:351:1
    |
351 | / cfg_io_uring! {
352 | |     pub(crate) mod op;
353 | | }
    | |_- in this macro invocation
    |
    = help: consider using a Cargo feature instead
    = help: or consider adding in `Cargo.toml` the `check-cfg` lint config for the lint:
             [lints.rust]
             unexpected_cfgs = { level = "warn", check-cfg = ['cfg(tokio_unstable)'] }
    = help: or consider adding `println!("cargo::rustc-check-cfg=cfg(tokio_unstable)");` to the top of the `build.rs`
    = note: see <https://doc.rust-lang.org/nightly/rustc/check-cfg/cargo-specifics.html> for more information about checking conditional configuration
    = note: this warning originates in the macro `cfg_io_uring` (in Nightly builds, run with -Z macro-backtrace for more info)

warning: unexpected `cfg` condition name: `tokio_unstable`
   --> submodules/tokio/tokio/src/macros/cfg.rs:145:21
    |
145 |                       tokio_unstable,
    |                       ^^^^^^^^^^^^^^
    |
   ::: submodules/tokio/tokio/src/runtime/driver.rs:87:5
    |
 87 | /     cfg_io_driver! {
 88 | |         #[track_caller]
 89 | |         pub(crate) fn io(&self) -> &crate::runtime::io::Handle {
 90 | |             self.io
...   |
 94 | |     }
    | |_____- in this macro invocation
    |
    = help: consider using a Cargo feature instead
    = help: or consider adding in `Cargo.toml` the `check-cfg` lint config for the lint:
             [lints.rust]
             unexpected_cfgs = { level = "warn", check-cfg = ['cfg(tokio_unstable)'] }
    = help: or consider adding `println!("cargo::rustc-check-cfg=cfg(tokio_unstable)");` to the top of the `build.rs`
    = note: see <https://doc.rust-lang.org/nightly/rustc/check-cfg/cargo-specifics.html> for more information about checking conditional configuration
    = note: this warning originates in the macro `cfg_io_driver` (in Nightly builds, run with -Z macro-backtrace for more info)

warning: unexpected `cfg` condition name: `loom`
   --> submodules/tokio/tokio/src/runtime/driver.rs:140:15
    |
140 |         #[cfg(loom)]
    |               ^^^^
    |
    = help: consider using a Cargo feature instead
    = help: or consider adding in `Cargo.toml` the `check-cfg` lint config for the lint:
             [lints.rust]
             unexpected_cfgs = { level = "warn", check-cfg = ['cfg(loom)'] }
    = help: or consider adding `println!("cargo::rustc-check-cfg=cfg(loom)");` to the top of the `build.rs`
    = note: see <https://doc.rust-lang.org/nightly/rustc/check-cfg/cargo-specifics.html> for more information about checking conditional configuration

warning: unexpected `cfg` condition name: `tokio_unstable`
   --> submodules/tokio/tokio/src/macros/cfg.rs:269:19
    |
269 |               #[cfg(tokio_unstable)]
    |                     ^^^^^^^^^^^^^^
    |
   ::: submodules/tokio/tokio/src/runtime/scheduler/mod.rs:206:5
    |
206 | /     cfg_unstable_metrics! {
207 | |         use crate::runtime::SchedulerMetrics;
208 | |
209 | |         impl Handle {
...   |
236 | |     }
    | |_____- in this macro invocation
    |
    = help: consider using a Cargo feature instead
    = help: or consider adding in `Cargo.toml` the `check-cfg` lint config for the lint:
             [lints.rust]
             unexpected_cfgs = { level = "warn", check-cfg = ['cfg(tokio_unstable)'] }
    = help: or consider adding `println!("cargo::rustc-check-cfg=cfg(tokio_unstable)");` to the top of the `build.rs`
    = note: see <https://doc.rust-lang.org/nightly/rustc/check-cfg/cargo-specifics.html> for more information about checking conditional configuration
    = note: this warning originates in the macro `cfg_unstable_metrics` (in Nightly builds, run with -Z macro-backtrace for more info)

warning: unexpected `cfg` condition name: `tokio_unstable`
   --> submodules/tokio/tokio/src/macros/cfg.rs:269:19
    |
269 |               #[cfg(tokio_unstable)]
    |                     ^^^^^^^^^^^^^^
    |
   ::: submodules/tokio/tokio/src/runtime/scheduler/current_thread/mod.rs:592:1
    |
592 | / cfg_unstable_metrics! {
593 | |     impl Handle {
594 | |         pub(crate) fn scheduler_metrics(&self) -> &SchedulerMetrics {
595 | |             &self.shared.scheduler_metrics
...   |
620 | | }
    | |_- in this macro invocation
    |
    = help: consider using a Cargo feature instead
    = help: or consider adding in `Cargo.toml` the `check-cfg` lint config for the lint:
             [lints.rust]
             unexpected_cfgs = { level = "warn", check-cfg = ['cfg(tokio_unstable)'] }
    = help: or consider adding `println!("cargo::rustc-check-cfg=cfg(tokio_unstable)");` to the top of the `build.rs`
    = note: see <https://doc.rust-lang.org/nightly/rustc/check-cfg/cargo-specifics.html> for more information about checking conditional configuration
    = note: this warning originates in the macro `cfg_unstable_metrics` (in Nightly builds, run with -Z macro-backtrace for more info)

warning: unexpected `cfg` condition name: `tokio_unstable`
   --> submodules/tokio/tokio/src/macros/cfg.rs:580:19
    |
580 |               #[cfg(tokio_unstable)]
    |                     ^^^^^^^^^^^^^^
    |
   ::: submodules/tokio/tokio/src/runtime/scheduler/current_thread/mod.rs:622:1
    |
622 | / cfg_unstable! {
623 | |     use std::num::NonZeroU64;
624 | |
625 | |     impl Handle {
...   |
630 | | }
    | |_- in this macro invocation
    |
    = help: consider using a Cargo feature instead
    = help: or consider adding in `Cargo.toml` the `check-cfg` lint config for the lint:
             [lints.rust]
             unexpected_cfgs = { level = "warn", check-cfg = ['cfg(tokio_unstable)'] }
    = help: or consider adding `println!("cargo::rustc-check-cfg=cfg(tokio_unstable)");` to the top of the `build.rs`
    = note: see <https://doc.rust-lang.org/nightly/rustc/check-cfg/cargo-specifics.html> for more information about checking conditional configuration
    = note: this warning originates in the macro `cfg_unstable` (in Nightly builds, run with -Z macro-backtrace for more info)

warning: unexpected `cfg` condition name: `tokio_unstable`
   --> submodules/tokio/tokio/src/runtime/scheduler/current_thread/mod.rs:148:23
    |
148 |                 #[cfg(tokio_unstable)]
    |                       ^^^^^^^^^^^^^^
    |
    = help: consider using a Cargo feature instead
    = help: or consider adding in `Cargo.toml` the `check-cfg` lint config for the lint:
             [lints.rust]
             unexpected_cfgs = { level = "warn", check-cfg = ['cfg(tokio_unstable)'] }
    = help: or consider adding `println!("cargo::rustc-check-cfg=cfg(tokio_unstable)");` to the top of the `build.rs`
    = note: see <https://doc.rust-lang.org/nightly/rustc/check-cfg/cargo-specifics.html> for more information about checking conditional configuration

warning: unexpected `cfg` condition name: `tokio_unstable`
   --> submodules/tokio/tokio/src/runtime/scheduler/current_thread/mod.rs:150:23
    |
150 |                 #[cfg(tokio_unstable)]
    |                       ^^^^^^^^^^^^^^
    |
    = help: consider using a Cargo feature instead
    = help: or consider adding in `Cargo.toml` the `check-cfg` lint config for the lint:
             [lints.rust]
             unexpected_cfgs = { level = "warn", check-cfg = ['cfg(tokio_unstable)'] }
    = help: or consider adding `println!("cargo::rustc-check-cfg=cfg(tokio_unstable)");` to the top of the `build.rs`
    = note: see <https://doc.rust-lang.org/nightly/rustc/check-cfg/cargo-specifics.html> for more information about checking conditional configuration

warning: unexpected `cfg` condition name: `tokio_unstable`
   --> submodules/tokio/tokio/src/runtime/scheduler/current_thread/mod.rs:514:9
    |
514 |         tokio_unstable,
    |         ^^^^^^^^^^^^^^
    |
    = help: consider using a Cargo feature instead
    = help: or consider adding in `Cargo.toml` the `check-cfg` lint config for the lint:
             [lints.rust]
             unexpected_cfgs = { level = "warn", check-cfg = ['cfg(tokio_unstable)'] }
    = help: or consider adding `println!("cargo::rustc-check-cfg=cfg(tokio_unstable)");` to the top of the `build.rs`
    = note: see <https://doc.rust-lang.org/nightly/rustc/check-cfg/cargo-specifics.html> for more information about checking conditional configuration

warning: unexpected `cfg` condition name: `tokio_unstable`
   --> submodules/tokio/tokio/src/macros/cfg.rs:580:19
    |
580 |               #[cfg(tokio_unstable)]
    |                     ^^^^^^^^^^^^^^
    |
   ::: submodules/tokio/tokio/src/runtime/scheduler/current_thread/mod.rs:675:5
    |
675 | /     cfg_unstable! {
676 | |         fn unhandled_panic(&self) {
677 | |             use crate::runtime::UnhandledPanic;
...   |
705 | |     }
    | |_____- in this macro invocation
    |
    = help: consider using a Cargo feature instead
    = help: or consider adding in `Cargo.toml` the `check-cfg` lint config for the lint:
             [lints.rust]
             unexpected_cfgs = { level = "warn", check-cfg = ['cfg(tokio_unstable)'] }
    = help: or consider adding `println!("cargo::rustc-check-cfg=cfg(tokio_unstable)");` to the top of the `build.rs`
    = note: see <https://doc.rust-lang.org/nightly/rustc/check-cfg/cargo-specifics.html> for more information about checking conditional configuration
    = note: this warning originates in the macro `cfg_unstable` (in Nightly builds, run with -Z macro-backtrace for more info)

warning: unexpected `cfg` condition name: `tokio_unstable`
   --> submodules/tokio/tokio/src/runtime/scheduler/current_thread/mod.rs:785:27
    |
785 |                     #[cfg(tokio_unstable)]
    |                           ^^^^^^^^^^^^^^
    |
    = help: consider using a Cargo feature instead
    = help: or consider adding in `Cargo.toml` the `check-cfg` lint config for the lint:
             [lints.rust]
             unexpected_cfgs = { level = "warn", check-cfg = ['cfg(tokio_unstable)'] }
    = help: or consider adding `println!("cargo::rustc-check-cfg=cfg(tokio_unstable)");` to the top of the `build.rs`
    = note: see <https://doc.rust-lang.org/nightly/rustc/check-cfg/cargo-specifics.html> for more information about checking conditional configuration

warning: unexpected `cfg` condition name: `tokio_unstable`
   --> submodules/tokio/tokio/src/runtime/scheduler/current_thread/mod.rs:789:31
    |
789 |                         #[cfg(tokio_unstable)]
    |                               ^^^^^^^^^^^^^^
    |
    = help: consider using a Cargo feature instead
    = help: or consider adding in `Cargo.toml` the `check-cfg` lint config for the lint:
             [lints.rust]
             unexpected_cfgs = { level = "warn", check-cfg = ['cfg(tokio_unstable)'] }
    = help: or consider adding `println!("cargo::rustc-check-cfg=cfg(tokio_unstable)");` to the top of the `build.rs`
    = note: see <https://doc.rust-lang.org/nightly/rustc/check-cfg/cargo-specifics.html> for more information about checking conditional configuration

warning: unexpected `cfg` condition name: `tokio_unstable`
   --> submodules/tokio/tokio/src/runtime/scheduler/current_thread/mod.rs:794:31
    |
794 |                         #[cfg(tokio_unstable)]
    |                               ^^^^^^^^^^^^^^
    |
    = help: consider using a Cargo feature instead
    = help: or consider adding in `Cargo.toml` the `check-cfg` lint config for the lint:
             [lints.rust]
             unexpected_cfgs = { level = "warn", check-cfg = ['cfg(tokio_unstable)'] }
    = help: or consider adding `println!("cargo::rustc-check-cfg=cfg(tokio_unstable)");` to the top of the `build.rs`
    = note: see <https://doc.rust-lang.org/nightly/rustc/check-cfg/cargo-specifics.html> for more information about checking conditional configuration

warning: unexpected `cfg` condition name: `tokio_unstable`
 --> submodules/tokio/tokio/src/runtime/scheduler/inject/synced.rs:2:17
  |
2 |     any(not(all(tokio_unstable, feature = "full")), target_family = "wasm"),
  |                 ^^^^^^^^^^^^^^
  |
  = help: consider using a Cargo feature instead
  = help: or consider adding in `Cargo.toml` the `check-cfg` lint config for the lint:
           [lints.rust]
           unexpected_cfgs = { level = "warn", check-cfg = ['cfg(tokio_unstable)'] }
  = help: or consider adding `println!("cargo::rustc-check-cfg=cfg(tokio_unstable)");` to the top of the `build.rs`
  = note: see <https://doc.rust-lang.org/nightly/rustc/check-cfg/cargo-specifics.html> for more information about checking conditional configuration

warning: unexpected `cfg` condition name: `tokio_unstable`
   --> submodules/tokio/tokio/src/macros/cfg.rs:501:17
    |
501 |                   tokio_unstable,
    |                   ^^^^^^^^^^^^^^
    |
   ::: submodules/tokio/tokio/src/runtime/scheduler/multi_thread/mod.rs:26:1
    |
 26 | / cfg_taskdump! {
 27 | |     mod trace;
 28 | |     use trace::TraceStatus;
...   |
 31 | | }
    | |_- in this macro invocation
    |
    = help: consider using a Cargo feature instead
    = help: or consider adding in `Cargo.toml` the `check-cfg` lint config for the lint:
             [lints.rust]
             unexpected_cfgs = { level = "warn", check-cfg = ['cfg(tokio_unstable)'] }
    = help: or consider adding `println!("cargo::rustc-check-cfg=cfg(tokio_unstable)");` to the top of the `build.rs`
    = note: see <https://doc.rust-lang.org/nightly/rustc/check-cfg/cargo-specifics.html> for more information about checking conditional configuration
    = note: this warning originates in the macro `cfg_taskdump` (in Nightly builds, run with -Z macro-backtrace for more info)

warning: unexpected `cfg` condition name: `tokio_unstable`
   --> submodules/tokio/tokio/src/macros/cfg.rs:520:17
    |
520 |                   tokio_unstable,
    |                   ^^^^^^^^^^^^^^
    |
   ::: submodules/tokio/tokio/src/runtime/scheduler/multi_thread/mod.rs:33:1
    |
 33 | / cfg_not_taskdump! {
 34 | |     mod trace_mock;
 35 | |     use trace_mock::TraceStatus;
 36 | | }
    | |_- in this macro invocation
    |
    = help: consider using a Cargo feature instead
    = help: or consider adding in `Cargo.toml` the `check-cfg` lint config for the lint:
             [lints.rust]
             unexpected_cfgs = { level = "warn", check-cfg = ['cfg(tokio_unstable)'] }
    = help: or consider adding `println!("cargo::rustc-check-cfg=cfg(tokio_unstable)");` to the top of the `build.rs`
    = note: see <https://doc.rust-lang.org/nightly/rustc/check-cfg/cargo-specifics.html> for more information about checking conditional configuration
    = note: this warning originates in the macro `cfg_not_taskdump` (in Nightly builds, run with -Z macro-backtrace for more info)

warning: unexpected `cfg` condition name: `tokio_internal_mt_counters`
 --> submodules/tokio/tokio/src/runtime/scheduler/multi_thread/counters.rs:1:7
  |
1 | #[cfg(tokio_internal_mt_counters)]
  |       ^^^^^^^^^^^^^^^^^^^^^^^^^^
  |
  = help: consider using a Cargo feature instead
  = help: or consider adding in `Cargo.toml` the `check-cfg` lint config for the lint:
           [lints.rust]
           unexpected_cfgs = { level = "warn", check-cfg = ['cfg(tokio_internal_mt_counters)'] }
  = help: or consider adding `println!("cargo::rustc-check-cfg=cfg(tokio_internal_mt_counters)");` to the top of the `build.rs`
  = note: see <https://doc.rust-lang.org/nightly/rustc/check-cfg/cargo-specifics.html> for more information about checking conditional configuration

warning: unexpected `cfg` condition name: `tokio_internal_mt_counters`
  --> submodules/tokio/tokio/src/runtime/scheduler/multi_thread/counters.rs:50:11
   |
50 | #[cfg(not(tokio_internal_mt_counters))]
   |           ^^^^^^^^^^^^^^^^^^^^^^^^^^
   |
   = help: consider using a Cargo feature instead
   = help: or consider adding in `Cargo.toml` the `check-cfg` lint config for the lint:
            [lints.rust]
            unexpected_cfgs = { level = "warn", check-cfg = ['cfg(tokio_internal_mt_counters)'] }
   = help: or consider adding `println!("cargo::rustc-check-cfg=cfg(tokio_internal_mt_counters)");` to the top of the `build.rs`
   = note: see <https://doc.rust-lang.org/nightly/rustc/check-cfg/cargo-specifics.html> for more information about checking conditional configuration

warning: unexpected `cfg` condition name: `tokio_unstable`
   --> submodules/tokio/tokio/src/macros/cfg.rs:501:17
    |
501 |                   tokio_unstable,
    |                   ^^^^^^^^^^^^^^
    |
   ::: submodules/tokio/tokio/src/runtime/scheduler/multi_thread/handle.rs:16:1
    |
 16 | / cfg_taskdump! {
 17 | |     mod taskdump;
 18 | | }
    | |_- in this macro invocation
    |
    = help: consider using a Cargo feature instead
    = help: or consider adding in `Cargo.toml` the `check-cfg` lint config for the lint:
             [lints.rust]
             unexpected_cfgs = { level = "warn", check-cfg = ['cfg(tokio_unstable)'] }
    = help: or consider adding `println!("cargo::rustc-check-cfg=cfg(tokio_unstable)");` to the top of the `build.rs`
    = note: see <https://doc.rust-lang.org/nightly/rustc/check-cfg/cargo-specifics.html> for more information about checking conditional configuration
    = note: this warning originates in the macro `cfg_taskdump` (in Nightly builds, run with -Z macro-backtrace for more info)

warning: unexpected `cfg` condition name: `tokio_unstable`
   --> submodules/tokio/tokio/src/macros/cfg.rs:580:19
    |
580 |               #[cfg(tokio_unstable)]
    |                     ^^^^^^^^^^^^^^
    |
   ::: submodules/tokio/tokio/src/runtime/scheduler/multi_thread/handle.rs:102:1
    |
102 | / cfg_unstable! {
103 | |     use std::num::NonZeroU64;
104 | |
105 | |     impl Handle {
...   |
110 | | }
    | |_- in this macro invocation
    |
    = help: consider using a Cargo feature instead
    = help: or consider adding in `Cargo.toml` the `check-cfg` lint config for the lint:
             [lints.rust]
             unexpected_cfgs = { level = "warn", check-cfg = ['cfg(tokio_unstable)'] }
    = help: or consider adding `println!("cargo::rustc-check-cfg=cfg(tokio_unstable)");` to the top of the `build.rs`
    = note: see <https://doc.rust-lang.org/nightly/rustc/check-cfg/cargo-specifics.html> for more information about checking conditional configuration
    = note: this warning originates in the macro `cfg_unstable` (in Nightly builds, run with -Z macro-backtrace for more info)

warning: unexpected `cfg` condition name: `tokio_unstable`
   --> submodules/tokio/tokio/src/macros/cfg.rs:269:19
    |
269 |               #[cfg(tokio_unstable)]
    |                     ^^^^^^^^^^^^^^
    |
   ::: submodules/tokio/tokio/src/runtime/scheduler/multi_thread/handle/metrics.rs:4:1
    |
  4 | / cfg_unstable_metrics! {
  5 | |     use crate::runtime::SchedulerMetrics;
  6 | | }
    | |_- in this macro invocation
    |
    = help: consider using a Cargo feature instead
    = help: or consider adding in `Cargo.toml` the `check-cfg` lint config for the lint:
             [lints.rust]
             unexpected_cfgs = { level = "warn", check-cfg = ['cfg(tokio_unstable)'] }
    = help: or consider adding `println!("cargo::rustc-check-cfg=cfg(tokio_unstable)");` to the top of the `build.rs`
    = note: see <https://doc.rust-lang.org/nightly/rustc/check-cfg/cargo-specifics.html> for more information about checking conditional configuration
    = note: this warning originates in the macro `cfg_unstable_metrics` (in Nightly builds, run with -Z macro-backtrace for more info)

warning: unexpected `cfg` condition name: `tokio_unstable`
   --> submodules/tokio/tokio/src/macros/cfg.rs:269:19
    |
269 |               #[cfg(tokio_unstable)]
    |                     ^^^^^^^^^^^^^^
    |
   ::: submodules/tokio/tokio/src/runtime/scheduler/multi_thread/handle/metrics.rs:25:5
    |
 25 | /     cfg_unstable_metrics! {
 26 | |         cfg_64bit_metrics! {
 27 | |             pub(crate) fn spawned_tasks_count(&self) -> u64 {
 28 | |                 self.shared.owned.spawned_tasks_count()
...   |
 54 | |     }
    | |_____- in this macro invocation
    |
    = help: consider using a Cargo feature instead
    = help: or consider adding in `Cargo.toml` the `check-cfg` lint config for the lint:
             [lints.rust]
             unexpected_cfgs = { level = "warn", check-cfg = ['cfg(tokio_unstable)'] }
    = help: or consider adding `println!("cargo::rustc-check-cfg=cfg(tokio_unstable)");` to the top of the `build.rs`
    = note: see <https://doc.rust-lang.org/nightly/rustc/check-cfg/cargo-specifics.html> for more information about checking conditional configuration
    = note: this warning originates in the macro `cfg_unstable_metrics` (in Nightly builds, run with -Z macro-backtrace for more info)

warning: unexpected `cfg` condition name: `loom`
  --> submodules/tokio/tokio/src/runtime/scheduler/multi_thread/park.rs:13:7
   |
13 | #[cfg(loom)]
   |       ^^^^
   |
   = help: consider using a Cargo feature instead
   = help: or consider adding in `Cargo.toml` the `check-cfg` lint config for the lint:
            [lints.rust]
            unexpected_cfgs = { level = "warn", check-cfg = ['cfg(loom)'] }
   = help: or consider adding `println!("cargo::rustc-check-cfg=cfg(loom)");` to the top of the `build.rs`
   = note: see <https://doc.rust-lang.org/nightly/rustc/check-cfg/cargo-specifics.html> for more information about checking conditional configuration

warning: unexpected `cfg` condition name: `loom`
  --> submodules/tokio/tokio/src/runtime/scheduler/multi_thread/park.rs:84:19
   |
84 |             #[cfg(loom)]
   |                   ^^^^
   |
   = help: consider using a Cargo feature instead
   = help: or consider adding in `Cargo.toml` the `check-cfg` lint config for the lint:
            [lints.rust]
            unexpected_cfgs = { level = "warn", check-cfg = ['cfg(loom)'] }
   = help: or consider adding `println!("cargo::rustc-check-cfg=cfg(loom)");` to the top of the `build.rs`
   = note: see <https://doc.rust-lang.org/nightly/rustc/check-cfg/cargo-specifics.html> for more information about checking conditional configuration

warning: unexpected `cfg` condition name: `loom`
  --> submodules/tokio/tokio/src/runtime/scheduler/multi_thread/queue.rs:62:11
   |
62 | #[cfg(not(loom))]
   |           ^^^^
   |
   = help: consider using a Cargo feature instead
   = help: or consider adding in `Cargo.toml` the `check-cfg` lint config for the lint:
            [lints.rust]
            unexpected_cfgs = { level = "warn", check-cfg = ['cfg(loom)'] }
   = help: or consider adding `println!("cargo::rustc-check-cfg=cfg(loom)");` to the top of the `build.rs`
   = note: see <https://doc.rust-lang.org/nightly/rustc/check-cfg/cargo-specifics.html> for more information about checking conditional configuration

warning: unexpected `cfg` condition name: `loom`
  --> submodules/tokio/tokio/src/runtime/scheduler/multi_thread/queue.rs:68:7
   |
68 | #[cfg(loom)]
   |       ^^^^
   |
   = help: consider using a Cargo feature instead
   = help: or consider adding in `Cargo.toml` the `check-cfg` lint config for the lint:
            [lints.rust]
            unexpected_cfgs = { level = "warn", check-cfg = ['cfg(loom)'] }
   = help: or consider adding `println!("cargo::rustc-check-cfg=cfg(loom)");` to the top of the `build.rs`
   = note: see <https://doc.rust-lang.org/nightly/rustc/check-cfg/cargo-specifics.html> for more information about checking conditional configuration

warning: unexpected `cfg` condition name: `tokio_unstable`
   --> submodules/tokio/tokio/src/macros/cfg.rs:501:17
    |
501 |                   tokio_unstable,
    |                   ^^^^^^^^^^^^^^
    |
   ::: submodules/tokio/tokio/src/runtime/scheduler/multi_thread/worker.rs:79:1
    |
 79 | / cfg_taskdump! {
 80 | |     mod taskdump;
 81 | | }
    | |_- in this macro invocation
    |
    = help: consider using a Cargo feature instead
    = help: or consider adding in `Cargo.toml` the `check-cfg` lint config for the lint:
             [lints.rust]
             unexpected_cfgs = { level = "warn", check-cfg = ['cfg(tokio_unstable)'] }
    = help: or consider adding `println!("cargo::rustc-check-cfg=cfg(tokio_unstable)");` to the top of the `build.rs`
    = note: see <https://doc.rust-lang.org/nightly/rustc/check-cfg/cargo-specifics.html> for more information about checking conditional configuration
    = note: this warning originates in the macro `cfg_taskdump` (in Nightly builds, run with -Z macro-backtrace for more info)

warning: unexpected `cfg` condition name: `tokio_unstable`
   --> submodules/tokio/tokio/src/macros/cfg.rs:520:17
    |
520 |                   tokio_unstable,
    |                   ^^^^^^^^^^^^^^
    |
   ::: submodules/tokio/tokio/src/runtime/scheduler/multi_thread/worker.rs:83:1
    |
 83 | / cfg_not_taskdump! {
 84 | |     mod taskdump_mock;
 85 | | }
    | |_- in this macro invocation
    |
    = help: consider using a Cargo feature instead
    = help: or consider adding in `Cargo.toml` the `check-cfg` lint config for the lint:
             [lints.rust]
             unexpected_cfgs = { level = "warn", check-cfg = ['cfg(tokio_unstable)'] }
    = help: or consider adding `println!("cargo::rustc-check-cfg=cfg(tokio_unstable)");` to the top of the `build.rs`
    = note: see <https://doc.rust-lang.org/nightly/rustc/check-cfg/cargo-specifics.html> for more information about checking conditional configuration
    = note: this warning originates in the macro `cfg_not_taskdump` (in Nightly builds, run with -Z macro-backtrace for more info)

warning: unexpected `cfg` condition name: `tokio_unstable`
   --> submodules/tokio/tokio/src/macros/cfg.rs:269:19
    |
269 |               #[cfg(tokio_unstable)]
    |                     ^^^^^^^^^^^^^^
    |
   ::: submodules/tokio/tokio/src/runtime/scheduler/multi_thread/worker/metrics.rs:9:1
    |
  9 | / cfg_unstable_metrics! {
 10 | |     impl Shared {
 11 | |         pub(crate) fn worker_local_queue_depth(&self, worker: usize) -> usize {
 12 | |             self.remotes[worker].steal.len()
...   |
 15 | | }
    | |_- in this macro invocation
    |
    = help: consider using a Cargo feature instead
    = help: or consider adding in `Cargo.toml` the `check-cfg` lint config for the lint:
             [lints.rust]
             unexpected_cfgs = { level = "warn", check-cfg = ['cfg(tokio_unstable)'] }
    = help: or consider adding `println!("cargo::rustc-check-cfg=cfg(tokio_unstable)");` to the top of the `build.rs`
    = note: see <https://doc.rust-lang.org/nightly/rustc/check-cfg/cargo-specifics.html> for more information about checking conditional configuration
    = note: this warning originates in the macro `cfg_unstable_metrics` (in Nightly builds, run with -Z macro-backtrace for more info)

warning: unexpected `cfg` condition name: `tokio_unstable`
   --> submodules/tokio/tokio/src/runtime/scheduler/multi_thread/worker.rs:570:15
    |
570 |         #[cfg(tokio_unstable)]
    |               ^^^^^^^^^^^^^^
    |
    = help: consider using a Cargo feature instead
    = help: or consider adding in `Cargo.toml` the `check-cfg` lint config for the lint:
             [lints.rust]
             unexpected_cfgs = { level = "warn", check-cfg = ['cfg(tokio_unstable)'] }
    = help: or consider adding `println!("cargo::rustc-check-cfg=cfg(tokio_unstable)");` to the top of the `build.rs`
    = note: see <https://doc.rust-lang.org/nightly/rustc/check-cfg/cargo-specifics.html> for more information about checking conditional configuration

warning: unexpected `cfg` condition name: `tokio_unstable`
   --> submodules/tokio/tokio/src/runtime/scheduler/multi_thread/worker.rs:594:19
    |
594 |             #[cfg(tokio_unstable)]
    |                   ^^^^^^^^^^^^^^
    |
    = help: consider using a Cargo feature instead
    = help: or consider adding in `Cargo.toml` the `check-cfg` lint config for the lint:
             [lints.rust]
             unexpected_cfgs = { level = "warn", check-cfg = ['cfg(tokio_unstable)'] }
    = help: or consider adding `println!("cargo::rustc-check-cfg=cfg(tokio_unstable)");` to the top of the `build.rs`
    = note: see <https://doc.rust-lang.org/nightly/rustc/check-cfg/cargo-specifics.html> for more information about checking conditional configuration

warning: unexpected `cfg` condition name: `tokio_unstable`
   --> submodules/tokio/tokio/src/runtime/scheduler/multi_thread/worker.rs:602:19
    |
602 |             #[cfg(tokio_unstable)]
    |                   ^^^^^^^^^^^^^^
    |
    = help: consider using a Cargo feature instead
    = help: or consider adding in `Cargo.toml` the `check-cfg` lint config for the lint:
             [lints.rust]
             unexpected_cfgs = { level = "warn", check-cfg = ['cfg(tokio_unstable)'] }
    = help: or consider adding `println!("cargo::rustc-check-cfg=cfg(tokio_unstable)");` to the top of the `build.rs`
    = note: see <https://doc.rust-lang.org/nightly/rustc/check-cfg/cargo-specifics.html> for more information about checking conditional configuration

warning: unexpected `cfg` condition name: `tokio_unstable`
   --> submodules/tokio/tokio/src/runtime/scheduler/multi_thread/worker.rs:668:23
    |
668 |                 #[cfg(tokio_unstable)]
    |                       ^^^^^^^^^^^^^^
    |
    = help: consider using a Cargo feature instead
    = help: or consider adding in `Cargo.toml` the `check-cfg` lint config for the lint:
             [lints.rust]
             unexpected_cfgs = { level = "warn", check-cfg = ['cfg(tokio_unstable)'] }
    = help: or consider adding `println!("cargo::rustc-check-cfg=cfg(tokio_unstable)");` to the top of the `build.rs`
    = note: see <https://doc.rust-lang.org/nightly/rustc/check-cfg/cargo-specifics.html> for more information about checking conditional configuration

warning: unexpected `cfg` condition name: `tokio_unstable`
   --> submodules/tokio/tokio/src/runtime/scheduler/multi_thread/worker.rs:671:23
    |
671 |                 #[cfg(tokio_unstable)]
    |                       ^^^^^^^^^^^^^^
    |
    = help: consider using a Cargo feature instead
    = help: or consider adding in `Cargo.toml` the `check-cfg` lint config for the lint:
             [lints.rust]
             unexpected_cfgs = { level = "warn", check-cfg = ['cfg(tokio_unstable)'] }
    = help: or consider adding `println!("cargo::rustc-check-cfg=cfg(tokio_unstable)");` to the top of the `build.rs`
    = note: see <https://doc.rust-lang.org/nightly/rustc/check-cfg/cargo-specifics.html> for more information about checking conditional configuration

warning: unexpected `cfg` condition name: `tokio_unstable`
   --> submodules/tokio/tokio/src/runtime/scheduler/multi_thread/worker.rs:679:23
    |
679 |                 #[cfg(tokio_unstable)]
    |                       ^^^^^^^^^^^^^^
    |
    = help: consider using a Cargo feature instead
    = help: or consider adding in `Cargo.toml` the `check-cfg` lint config for the lint:
             [lints.rust]
             unexpected_cfgs = { level = "warn", check-cfg = ['cfg(tokio_unstable)'] }
    = help: or consider adding `println!("cargo::rustc-check-cfg=cfg(tokio_unstable)");` to the top of the `build.rs`
    = note: see <https://doc.rust-lang.org/nightly/rustc/check-cfg/cargo-specifics.html> for more information about checking conditional configuration

warning: unexpected `cfg` condition name: `tokio_unstable`
   --> submodules/tokio/tokio/src/macros/cfg.rs:704:17
    |
704 |                   tokio_unstable,
    |                   ^^^^^^^^^^^^^^
    |
   ::: submodules/tokio/tokio/src/runtime/io/driver.rs:5:1
    |
  5 | / cfg_io_uring! {
  6 | |     mod uring;
  7 | |     use uring::UringContext;
  8 | |     use crate::loom::sync::atomic::AtomicUsize;
  9 | | }
    | |_- in this macro invocation
    |
    = help: consider using a Cargo feature instead
    = help: or consider adding in `Cargo.toml` the `check-cfg` lint config for the lint:
             [lints.rust]
             unexpected_cfgs = { level = "warn", check-cfg = ['cfg(tokio_unstable)'] }
    = help: or consider adding `println!("cargo::rustc-check-cfg=cfg(tokio_unstable)");` to the top of the `build.rs`
    = note: see <https://doc.rust-lang.org/nightly/rustc/check-cfg/cargo-specifics.html> for more information about checking conditional configuration
    = note: this warning originates in the macro `cfg_io_uring` (in Nightly builds, run with -Z macro-backtrace for more info)

warning: unexpected `cfg` condition name: `tokio_unstable`
  --> submodules/tokio/tokio/src/runtime/io/driver.rs:55:9
   |
55 |         tokio_unstable,
   |         ^^^^^^^^^^^^^^
   |
   = help: consider using a Cargo feature instead
   = help: or consider adding in `Cargo.toml` the `check-cfg` lint config for the lint:
            [lints.rust]
            unexpected_cfgs = { level = "warn", check-cfg = ['cfg(tokio_unstable)'] }
   = help: or consider adding `println!("cargo::rustc-check-cfg=cfg(tokio_unstable)");` to the top of the `build.rs`
   = note: see <https://doc.rust-lang.org/nightly/rustc/check-cfg/cargo-specifics.html> for more information about checking conditional configuration

warning: unexpected `cfg` condition name: `tokio_unstable`
  --> submodules/tokio/tokio/src/runtime/io/driver.rs:64:9
   |
64 |         tokio_unstable,
   |         ^^^^^^^^^^^^^^
   |
   = help: consider using a Cargo feature instead
   = help: or consider adding in `Cargo.toml` the `check-cfg` lint config for the lint:
            [lints.rust]
            unexpected_cfgs = { level = "warn", check-cfg = ['cfg(tokio_unstable)'] }
   = help: or consider adding `println!("cargo::rustc-check-cfg=cfg(tokio_unstable)");` to the top of the `build.rs`
   = note: see <https://doc.rust-lang.org/nightly/rustc/check-cfg/cargo-specifics.html> for more information about checking conditional configuration

warning: unexpected `cfg` condition name: `tokio_unstable`
   --> submodules/tokio/tokio/src/runtime/io/driver.rs:139:17
    |
139 |                 tokio_unstable,
    |                 ^^^^^^^^^^^^^^
    |
    = help: consider using a Cargo feature instead
    = help: or consider adding in `Cargo.toml` the `check-cfg` lint config for the lint:
             [lints.rust]
             unexpected_cfgs = { level = "warn", check-cfg = ['cfg(tokio_unstable)'] }
    = help: or consider adding `println!("cargo::rustc-check-cfg=cfg(tokio_unstable)");` to the top of the `build.rs`
    = note: see <https://doc.rust-lang.org/nightly/rustc/check-cfg/cargo-specifics.html> for more information about checking conditional configuration

warning: unexpected `cfg` condition name: `tokio_unstable`
   --> submodules/tokio/tokio/src/runtime/io/driver.rs:147:17
    |
147 |                 tokio_unstable,
    |                 ^^^^^^^^^^^^^^
    |
    = help: consider using a Cargo feature instead
    = help: or consider adding in `Cargo.toml` the `check-cfg` lint config for the lint:
             [lints.rust]
             unexpected_cfgs = { level = "warn", check-cfg = ['cfg(tokio_unstable)'] }
    = help: or consider adding `println!("cargo::rustc-check-cfg=cfg(tokio_unstable)");` to the top of the `build.rs`
    = note: see <https://doc.rust-lang.org/nightly/rustc/check-cfg/cargo-specifics.html> for more information about checking conditional configuration

warning: unexpected `cfg` condition name: `tokio_unstable`
   --> submodules/tokio/tokio/src/runtime/io/driver.rs:226:13
    |
226 |             tokio_unstable,
    |             ^^^^^^^^^^^^^^
    |
    = help: consider using a Cargo feature instead
    = help: or consider adding in `Cargo.toml` the `check-cfg` lint config for the lint:
             [lints.rust]
             unexpected_cfgs = { level = "warn", check-cfg = ['cfg(tokio_unstable)'] }
    = help: or consider adding `println!("cargo::rustc-check-cfg=cfg(tokio_unstable)");` to the top of the `build.rs`
    = note: see <https://doc.rust-lang.org/nightly/rustc/check-cfg/cargo-specifics.html> for more information about checking conditional configuration

warning: unexpected `cfg` condition name: `tokio_unstable`
   --> submodules/tokio/tokio/src/macros/cfg.rs:145:21
    |
145 |                       tokio_unstable,
    |                       ^^^^^^^^^^^^^^
    |
   ::: submodules/tokio/tokio/src/runtime/io/registration.rs:12:1
    |
 12 | / cfg_io_driver! {
 13 | |     /// Associates an I/O resource with the reactor instance that drives it.
 14 | |     ///
 15 | |     /// A registration represents an I/O resource registered with a Reactor such
...   |
 55 | | }
    | |_- in this macro invocation
    |
    = help: consider using a Cargo feature instead
    = help: or consider adding in `Cargo.toml` the `check-cfg` lint config for the lint:
             [lints.rust]
             unexpected_cfgs = { level = "warn", check-cfg = ['cfg(tokio_unstable)'] }
    = help: or consider adding `println!("cargo::rustc-check-cfg=cfg(tokio_unstable)");` to the top of the `build.rs`
    = note: see <https://doc.rust-lang.org/nightly/rustc/check-cfg/cargo-specifics.html> for more information about checking conditional configuration
    = note: this warning originates in the macro `cfg_io_driver` (in Nightly builds, run with -Z macro-backtrace for more info)

warning: unexpected `cfg` condition name: `tokio_unstable`
   --> submodules/tokio/tokio/src/macros/cfg.rs:307:59
    |
307 |           $( #[cfg(not(all(feature = "net", feature = "rt", tokio_unstable)))]$item )*
    |                                                             ^^^^^^^^^^^^^^
    |
   ::: submodules/tokio/tokio/src/runtime/io/metrics.rs:7:1
    |
  7 | / cfg_not_rt_and_metrics_and_net! {
  8 | |     #[derive(Default)]
  9 | |     pub(crate) struct IoDriverMetrics {}
...   |
 16 | | }
    | |_- in this macro invocation
    |
    = help: consider using a Cargo feature instead
    = help: or consider adding in `Cargo.toml` the `check-cfg` lint config for the lint:
             [lints.rust]
             unexpected_cfgs = { level = "warn", check-cfg = ['cfg(tokio_unstable)'] }
    = help: or consider adding `println!("cargo::rustc-check-cfg=cfg(tokio_unstable)");` to the top of the `build.rs`
    = note: see <https://doc.rust-lang.org/nightly/rustc/check-cfg/cargo-specifics.html> for more information about checking conditional configuration
    = note: this warning originates in the macro `cfg_not_rt_and_metrics_and_net` (in Nightly builds, run with -Z macro-backtrace for more info)

warning: unexpected `cfg` condition name: `tokio_unstable`
   --> submodules/tokio/tokio/src/macros/cfg.rs:269:19
    |
269 |               #[cfg(tokio_unstable)]
    |                     ^^^^^^^^^^^^^^
    |
   ::: submodules/tokio/tokio/src/runtime/io/metrics.rs:20:9
    |
 20 | /         cfg_unstable_metrics! {
 21 | |             pub(crate) use crate::runtime::IoDriverMetrics;
 22 | |         }
    | |_________- in this macro invocation
    |
    = help: consider using a Cargo feature instead
    = help: or consider adding in `Cargo.toml` the `check-cfg` lint config for the lint:
             [lints.rust]
             unexpected_cfgs = { level = "warn", check-cfg = ['cfg(tokio_unstable)'] }
    = help: or consider adding `println!("cargo::rustc-check-cfg=cfg(tokio_unstable)");` to the top of the `build.rs`
    = note: see <https://doc.rust-lang.org/nightly/rustc/check-cfg/cargo-specifics.html> for more information about checking conditional configuration
    = note: this warning originates in the macro `cfg_unstable_metrics` (in Nightly builds, run with -Z macro-backtrace for more info)

warning: unexpected `cfg` condition name: `tokio_unstable`
   --> submodules/tokio/tokio/src/runtime/time/entry.rs:623:15
    |
623 |     #[cfg(all(tokio_unstable, feature = "tracing"))]
    |               ^^^^^^^^^^^^^^
    |
    = help: consider using a Cargo feature instead
    = help: or consider adding in `Cargo.toml` the `check-cfg` lint config for the lint:
             [lints.rust]
             unexpected_cfgs = { level = "warn", check-cfg = ['cfg(tokio_unstable)'] }
    = help: or consider adding `println!("cargo::rustc-check-cfg=cfg(tokio_unstable)");` to the top of the `build.rs`
    = note: see <https://doc.rust-lang.org/nightly/rustc/check-cfg/cargo-specifics.html> for more information about checking conditional configuration

warning: unexpected `cfg` condition name: `loom`
   --> submodules/tokio/tokio/src/runtime/time/wheel/mod.rs:295:21
    |
295 | #[cfg(all(test, not(loom)))]
    |                     ^^^^
    |
    = help: consider using a Cargo feature instead
    = help: or consider adding in `Cargo.toml` the `check-cfg` lint config for the lint:
             [lints.rust]
             unexpected_cfgs = { level = "warn", check-cfg = ['cfg(loom)'] }
    = help: or consider adding `println!("cargo::rustc-check-cfg=cfg(loom)");` to the top of the `build.rs`
    = note: see <https://doc.rust-lang.org/nightly/rustc/check-cfg/cargo-specifics.html> for more information about checking conditional configuration

warning: unexpected `cfg` condition name: `loom`
   --> submodules/tokio/tokio/src/runtime/time/wheel/level.rs:175:21
    |
175 | #[cfg(all(test, not(loom)))]
    |                     ^^^^
    |
    = help: consider using a Cargo feature instead
    = help: or consider adding in `Cargo.toml` the `check-cfg` lint config for the lint:
             [lints.rust]
             unexpected_cfgs = { level = "warn", check-cfg = ['cfg(loom)'] }
    = help: or consider adding `println!("cargo::rustc-check-cfg=cfg(loom)");` to the top of the `build.rs`
    = note: see <https://doc.rust-lang.org/nightly/rustc/check-cfg/cargo-specifics.html> for more information about checking conditional configuration

warning: unexpected `cfg` condition name: `tokio_unstable`
   --> submodules/tokio/tokio/src/runtime/task/mod.rs:196:16
    |
196 | #[cfg_attr(not(tokio_unstable), allow(unreachable_pub, unused_imports))]
    |                ^^^^^^^^^^^^^^
    |
    = help: consider using a Cargo feature instead
    = help: or consider adding in `Cargo.toml` the `check-cfg` lint config for the lint:
             [lints.rust]
             unexpected_cfgs = { level = "warn", check-cfg = ['cfg(tokio_unstable)'] }
    = help: or consider adding `println!("cargo::rustc-check-cfg=cfg(tokio_unstable)");` to the top of the `build.rs`
    = note: see <https://doc.rust-lang.org/nightly/rustc/check-cfg/cargo-specifics.html> for more information about checking conditional configuration

warning: unexpected `cfg` condition name: `tokio_unstable`
   --> submodules/tokio/tokio/src/runtime/task/mod.rs:629:7
    |
629 | #[cfg(tokio_unstable)]
    |       ^^^^^^^^^^^^^^
    |
    = help: consider using a Cargo feature instead
    = help: or consider adding in `Cargo.toml` the `check-cfg` lint config for the lint:
             [lints.rust]
             unexpected_cfgs = { level = "warn", check-cfg = ['cfg(tokio_unstable)'] }
    = help: or consider adding `println!("cargo::rustc-check-cfg=cfg(tokio_unstable)");` to the top of the `build.rs`
    = note: see <https://doc.rust-lang.org/nightly/rustc/check-cfg/cargo-specifics.html> for more information about checking conditional configuration

warning: unexpected `cfg` condition name: `tokio_unstable`
   --> submodules/tokio/tokio/src/runtime/task/mod.rs:644:11
    |
644 | #[cfg(not(tokio_unstable))]
    |           ^^^^^^^^^^^^^^
    |
    = help: consider using a Cargo feature instead
    = help: or consider adding in `Cargo.toml` the `check-cfg` lint config for the lint:
             [lints.rust]
             unexpected_cfgs = { level = "warn", check-cfg = ['cfg(tokio_unstable)'] }
    = help: or consider adding `println!("cargo::rustc-check-cfg=cfg(tokio_unstable)");` to the top of the `build.rs`
    = note: see <https://doc.rust-lang.org/nightly/rustc/check-cfg/cargo-specifics.html> for more information about checking conditional configuration

warning: unexpected `cfg` condition name: `tokio_unstable`
   --> submodules/tokio/tokio/src/macros/cfg.rs:501:17
    |
501 |                   tokio_unstable,
    |                   ^^^^^^^^^^^^^^
    |
   ::: submodules/tokio/tokio/src/runtime/task/mod.rs:221:1
    |
221 | / cfg_taskdump! {
222 | |     pub(crate) mod trace;
223 | | }
    | |_- in this macro invocation
    |
    = help: consider using a Cargo feature instead
    = help: or consider adding in `Cargo.toml` the `check-cfg` lint config for the lint:
             [lints.rust]
             unexpected_cfgs = { level = "warn", check-cfg = ['cfg(tokio_unstable)'] }
    = help: or consider adding `println!("cargo::rustc-check-cfg=cfg(tokio_unstable)");` to the top of the `build.rs`
    = note: see <https://doc.rust-lang.org/nightly/rustc/check-cfg/cargo-specifics.html> for more information about checking conditional configuration
    = note: this warning originates in the macro `cfg_taskdump` (in Nightly builds, run with -Z macro-backtrace for more info)

warning: unexpected `cfg` condition name: `tokio_unstable`
  --> submodules/tokio/tokio/src/runtime/task/core.rs:30:7
   |
30 | #[cfg(tokio_unstable)]
   |       ^^^^^^^^^^^^^^
   |
   = help: consider using a Cargo feature instead
   = help: or consider adding in `Cargo.toml` the `check-cfg` lint config for the lint:
            [lints.rust]
            unexpected_cfgs = { level = "warn", check-cfg = ['cfg(tokio_unstable)'] }
   = help: or consider adding `println!("cargo::rustc-check-cfg=cfg(tokio_unstable)");` to the top of the `build.rs`
   = note: see <https://doc.rust-lang.org/nightly/rustc/check-cfg/cargo-specifics.html> for more information about checking conditional configuration

warning: unexpected `cfg` condition name: `loom`
   --> submodules/tokio/tokio/src/runtime/task/core.rs:567:11
    |
567 | #[cfg(not(loom))]
    |           ^^^^
    |
    = help: consider using a Cargo feature instead
    = help: or consider adding in `Cargo.toml` the `check-cfg` lint config for the lint:
             [lints.rust]
             unexpected_cfgs = { level = "warn", check-cfg = ['cfg(loom)'] }
    = help: or consider adding `println!("cargo::rustc-check-cfg=cfg(loom)");` to the top of the `build.rs`
    = note: see <https://doc.rust-lang.org/nightly/rustc/check-cfg/cargo-specifics.html> for more information about checking conditional configuration

warning: unexpected `cfg` condition name: `tokio_unstable`
   --> submodules/tokio/tokio/src/runtime/task/core.rs:159:11
    |
159 |     #[cfg(tokio_unstable)]
    |           ^^^^^^^^^^^^^^
    |
    = help: consider using a Cargo feature instead
    = help: or consider adding in `Cargo.toml` the `check-cfg` lint config for the lint:
             [lints.rust]
             unexpected_cfgs = { level = "warn", check-cfg = ['cfg(tokio_unstable)'] }
    = help: or consider adding `println!("cargo::rustc-check-cfg=cfg(tokio_unstable)");` to the top of the `build.rs`
    = note: see <https://doc.rust-lang.org/nightly/rustc/check-cfg/cargo-specifics.html> for more information about checking conditional configuration

warning: unexpected `cfg` condition name: `tokio_unstable`
   --> submodules/tokio/tokio/src/runtime/task/core.rs:192:15
    |
192 |     #[cfg(all(tokio_unstable, feature = "tracing"))]
    |               ^^^^^^^^^^^^^^
    |
    = help: consider using a Cargo feature instead
    = help: or consider adding in `Cargo.toml` the `check-cfg` lint config for the lint:
             [lints.rust]
             unexpected_cfgs = { level = "warn", check-cfg = ['cfg(tokio_unstable)'] }
    = help: or consider adding `println!("cargo::rustc-check-cfg=cfg(tokio_unstable)");` to the top of the `build.rs`
    = note: see <https://doc.rust-lang.org/nightly/rustc/check-cfg/cargo-specifics.html> for more information about checking conditional configuration

warning: unexpected `cfg` condition name: `tokio_unstable`
   --> submodules/tokio/tokio/src/runtime/task/core.rs:234:15
    |
234 |         #[cfg(tokio_unstable)] spawned_at: &'static Location<'static>,
    |               ^^^^^^^^^^^^^^
    |
    = help: consider using a Cargo feature instead
    = help: or consider adding in `Cargo.toml` the `check-cfg` lint config for the lint:
             [lints.rust]
             unexpected_cfgs = { level = "warn", check-cfg = ['cfg(tokio_unstable)'] }
    = help: or consider adding `println!("cargo::rustc-check-cfg=cfg(tokio_unstable)");` to the top of the `build.rs`
    = note: see <https://doc.rust-lang.org/nightly/rustc/check-cfg/cargo-specifics.html> for more information about checking conditional configuration

warning: unexpected `cfg` condition name: `tokio_unstable`
   --> submodules/tokio/tokio/src/runtime/task/core.rs:252:19
    |
252 |         #[cfg(all(tokio_unstable, feature = "tracing"))]
    |                   ^^^^^^^^^^^^^^
    |
    = help: consider using a Cargo feature instead
    = help: or consider adding in `Cargo.toml` the `check-cfg` lint config for the lint:
             [lints.rust]
             unexpected_cfgs = { level = "warn", check-cfg = ['cfg(tokio_unstable)'] }
    = help: or consider adding `println!("cargo::rustc-check-cfg=cfg(tokio_unstable)");` to the top of the `build.rs`
    = note: see <https://doc.rust-lang.org/nightly/rustc/check-cfg/cargo-specifics.html> for more information about checking conditional configuration

warning: unexpected `cfg` condition name: `tokio_unstable`
   --> submodules/tokio/tokio/src/runtime/task/core.rs:240:23
    |
240 |             #[cfg(all(tokio_unstable, feature = "tracing"))] tracing_id: Option<tracing::Id>,
    |                       ^^^^^^^^^^^^^^
    |
    = help: consider using a Cargo feature instead
    = help: or consider adding in `Cargo.toml` the `check-cfg` lint config for the lint:
             [lints.rust]
             unexpected_cfgs = { level = "warn", check-cfg = ['cfg(tokio_unstable)'] }
    = help: or consider adding `println!("cargo::rustc-check-cfg=cfg(tokio_unstable)");` to the top of the `build.rs`
    = note: see <https://doc.rust-lang.org/nightly/rustc/check-cfg/cargo-specifics.html> for more information about checking conditional configuration

warning: unexpected `cfg` condition name: `tokio_unstable`
   --> submodules/tokio/tokio/src/runtime/task/core.rs:247:27
    |
247 |                 #[cfg(all(tokio_unstable, feature = "tracing"))]
    |                           ^^^^^^^^^^^^^^
    |
    = help: consider using a Cargo feature instead
    = help: or consider adding in `Cargo.toml` the `check-cfg` lint config for the lint:
             [lints.rust]
             unexpected_cfgs = { level = "warn", check-cfg = ['cfg(tokio_unstable)'] }
    = help: or consider adding `println!("cargo::rustc-check-cfg=cfg(tokio_unstable)");` to the top of the `build.rs`
    = note: see <https://doc.rust-lang.org/nightly/rustc/check-cfg/cargo-specifics.html> for more information about checking conditional configuration

warning: unexpected `cfg` condition name: `tokio_unstable`
   --> submodules/tokio/tokio/src/runtime/task/core.rs:260:27
    |
260 |                 #[cfg(all(tokio_unstable, feature = "tracing"))]
    |                           ^^^^^^^^^^^^^^
    |
    = help: consider using a Cargo feature instead
    = help: or consider adding in `Cargo.toml` the `check-cfg` lint config for the lint:
             [lints.rust]
             unexpected_cfgs = { level = "warn", check-cfg = ['cfg(tokio_unstable)'] }
    = help: or consider adding `println!("cargo::rustc-check-cfg=cfg(tokio_unstable)");` to the top of the `build.rs`
    = note: see <https://doc.rust-lang.org/nightly/rustc/check-cfg/cargo-specifics.html> for more information about checking conditional configuration

warning: unexpected `cfg` condition name: `tokio_unstable`
   --> submodules/tokio/tokio/src/runtime/task/core.rs:269:23
    |
269 |                 #[cfg(tokio_unstable)]
    |                       ^^^^^^^^^^^^^^
    |
    = help: consider using a Cargo feature instead
    = help: or consider adding in `Cargo.toml` the `check-cfg` lint config for the lint:
             [lints.rust]
             unexpected_cfgs = { level = "warn", check-cfg = ['cfg(tokio_unstable)'] }
    = help: or consider adding `println!("cargo::rustc-check-cfg=cfg(tokio_unstable)");` to the top of the `build.rs`
    = note: see <https://doc.rust-lang.org/nightly/rustc/check-cfg/cargo-specifics.html> for more information about checking conditional configuration

warning: unexpected `cfg` condition name: `tokio_unstable`
   --> submodules/tokio/tokio/src/runtime/task/core.rs:282:23
    |
282 |                 #[cfg(tokio_unstable)] spawn_location: &&'static Location<'static>,
    |                       ^^^^^^^^^^^^^^
    |
    = help: consider using a Cargo feature instead
    = help: or consider adding in `Cargo.toml` the `check-cfg` lint config for the lint:
             [lints.rust]
             unexpected_cfgs = { level = "warn", check-cfg = ['cfg(tokio_unstable)'] }
    = help: or consider adding `println!("cargo::rustc-check-cfg=cfg(tokio_unstable)");` to the top of the `build.rs`
    = note: see <https://doc.rust-lang.org/nightly/rustc/check-cfg/cargo-specifics.html> for more information about checking conditional configuration

warning: unexpected `cfg` condition name: `tokio_unstable`
   --> submodules/tokio/tokio/src/runtime/task/core.rs:296:23
    |
296 |                 #[cfg(tokio_unstable)]
    |                       ^^^^^^^^^^^^^^
    |
    = help: consider using a Cargo feature instead
    = help: or consider adding in `Cargo.toml` the `check-cfg` lint config for the lint:
             [lints.rust]
             unexpected_cfgs = { level = "warn", check-cfg = ['cfg(tokio_unstable)'] }
    = help: or consider adding `println!("cargo::rustc-check-cfg=cfg(tokio_unstable)");` to the top of the `build.rs`
    = note: see <https://doc.rust-lang.org/nightly/rustc/check-cfg/cargo-specifics.html> for more information about checking conditional configuration

warning: unexpected `cfg` condition name: `tokio_unstable`
   --> submodules/tokio/tokio/src/runtime/task/core.rs:311:27
    |
311 |                     #[cfg(tokio_unstable)]
    |                           ^^^^^^^^^^^^^^
    |
    = help: consider using a Cargo feature instead
    = help: or consider adding in `Cargo.toml` the `check-cfg` lint config for the lint:
             [lints.rust]
             unexpected_cfgs = { level = "warn", check-cfg = ['cfg(tokio_unstable)'] }
    = help: or consider adding `println!("cargo::rustc-check-cfg=cfg(tokio_unstable)");` to the top of the `build.rs`
    = note: see <https://doc.rust-lang.org/nightly/rustc/check-cfg/cargo-specifics.html> for more information about checking conditional configuration

warning: unexpected `cfg` condition name: `tokio_unstable`
   --> submodules/tokio/tokio/src/runtime/task/core.rs:502:11
    |
502 |     #[cfg(tokio_unstable)]
    |           ^^^^^^^^^^^^^^
    |
    = help: consider using a Cargo feature instead
    = help: or consider adding in `Cargo.toml` the `check-cfg` lint config for the lint:
             [lints.rust]
             unexpected_cfgs = { level = "warn", check-cfg = ['cfg(tokio_unstable)'] }
    = help: or consider adding `println!("cargo::rustc-check-cfg=cfg(tokio_unstable)");` to the top of the `build.rs`
    = note: see <https://doc.rust-lang.org/nightly/rustc/check-cfg/cargo-specifics.html> for more information about checking conditional configuration

warning: unexpected `cfg` condition name: `tokio_unstable`
   --> submodules/tokio/tokio/src/runtime/task/core.rs:521:11
    |
521 |     #[cfg(tokio_unstable)]
    |           ^^^^^^^^^^^^^^
    |
    = help: consider using a Cargo feature instead
    = help: or consider adding in `Cargo.toml` the `check-cfg` lint config for the lint:
             [lints.rust]
             unexpected_cfgs = { level = "warn", check-cfg = ['cfg(tokio_unstable)'] }
    = help: or consider adding `println!("cargo::rustc-check-cfg=cfg(tokio_unstable)");` to the top of the `build.rs`
    = note: see <https://doc.rust-lang.org/nightly/rustc/check-cfg/cargo-specifics.html> for more information about checking conditional configuration

warning: unexpected `cfg` condition name: `tokio_unstable`
   --> submodules/tokio/tokio/src/runtime/task/core.rs:532:15
    |
532 |     #[cfg(all(tokio_unstable, feature = "tracing"))]
    |               ^^^^^^^^^^^^^^
    |
    = help: consider using a Cargo feature instead
    = help: or consider adding in `Cargo.toml` the `check-cfg` lint config for the lint:
             [lints.rust]
             unexpected_cfgs = { level = "warn", check-cfg = ['cfg(tokio_unstable)'] }
    = help: or consider adding `println!("cargo::rustc-check-cfg=cfg(tokio_unstable)");` to the top of the `build.rs`
    = note: see <https://doc.rust-lang.org/nightly/rustc/check-cfg/cargo-specifics.html> for more information about checking conditional configuration

warning: unexpected `cfg` condition name: `tokio_unstable`
 --> submodules/tokio/tokio/src/runtime/task/harness.rs:7:7
  |
7 | #[cfg(tokio_unstable)]
  |       ^^^^^^^^^^^^^^
  |
  = help: consider using a Cargo feature instead
  = help: or consider adding in `Cargo.toml` the `check-cfg` lint config for the lint:
           [lints.rust]
           unexpected_cfgs = { level = "warn", check-cfg = ['cfg(tokio_unstable)'] }
  = help: or consider adding `println!("cargo::rustc-check-cfg=cfg(tokio_unstable)");` to the top of the `build.rs`
  = note: see <https://doc.rust-lang.org/nightly/rustc/check-cfg/cargo-specifics.html> for more information about checking conditional configuration

warning: unexpected `cfg` condition name: `tokio_unstable`
   --> submodules/tokio/tokio/src/runtime/task/harness.rs:371:15
    |
371 |         #[cfg(tokio_unstable)]
    |               ^^^^^^^^^^^^^^
    |
    = help: consider using a Cargo feature instead
    = help: or consider adding in `Cargo.toml` the `check-cfg` lint config for the lint:
             [lints.rust]
             unexpected_cfgs = { level = "warn", check-cfg = ['cfg(tokio_unstable)'] }
    = help: or consider adding `println!("cargo::rustc-check-cfg=cfg(tokio_unstable)");` to the top of the `build.rs`
    = note: see <https://doc.rust-lang.org/nightly/rustc/check-cfg/cargo-specifics.html> for more information about checking conditional configuration

warning: unexpected `cfg` condition name: `loom`
  --> submodules/tokio/tokio/src/runtime/task/id.rs:73:25
   |
73 |         #[cfg(all(test, loom))]
   |                         ^^^^
   |
   = help: consider using a Cargo feature instead
   = help: or consider adding in `Cargo.toml` the `check-cfg` lint config for the lint:
            [lints.rust]
            unexpected_cfgs = { level = "warn", check-cfg = ['cfg(loom)'] }
   = help: or consider adding `println!("cargo::rustc-check-cfg=cfg(loom)");` to the top of the `build.rs`
   = note: see <https://doc.rust-lang.org/nightly/rustc/check-cfg/cargo-specifics.html> for more information about checking conditional configuration

warning: unexpected `cfg` condition name: `loom`
  --> submodules/tokio/tokio/src/runtime/task/id.rs:78:29
   |
78 |         #[cfg(not(all(test, loom)))]
   |                             ^^^^
   |
   = help: consider using a Cargo feature instead
   = help: or consider adding in `Cargo.toml` the `check-cfg` lint config for the lint:
            [lints.rust]
            unexpected_cfgs = { level = "warn", check-cfg = ['cfg(loom)'] }
   = help: or consider adding `println!("cargo::rustc-check-cfg=cfg(loom)");` to the top of the `build.rs`
   = note: see <https://doc.rust-lang.org/nightly/rustc/check-cfg/cargo-specifics.html> for more information about checking conditional configuration

warning: unexpected `cfg` condition name: `tokio_unstable`
   --> submodules/tokio/tokio/src/macros/cfg.rs:501:17
    |
501 |                   tokio_unstable,
    |                   ^^^^^^^^^^^^^^
    |
   ::: submodules/tokio/tokio/src/runtime/task/list.rs:235:1
    |
235 | / cfg_taskdump! {
236 | |     impl<S: 'static> OwnedTasks<S> {
237 | |         /// Locks the tasks, and calls `f` on an iterator over them.
238 | |         pub(crate) fn for_each<F>(&self, f: F)
...   |
245 | | }
    | |_- in this macro invocation
    |
    = help: consider using a Cargo feature instead
    = help: or consider adding in `Cargo.toml` the `check-cfg` lint config for the lint:
             [lints.rust]
             unexpected_cfgs = { level = "warn", check-cfg = ['cfg(tokio_unstable)'] }
    = help: or consider adding `println!("cargo::rustc-check-cfg=cfg(tokio_unstable)");` to the top of the `build.rs`
    = note: see <https://doc.rust-lang.org/nightly/rustc/check-cfg/cargo-specifics.html> for more information about checking conditional configuration
    = note: this warning originates in the macro `cfg_taskdump` (in Nightly builds, run with -Z macro-backtrace for more info)

warning: unexpected `cfg` condition name: `tokio_unstable`
  --> submodules/tokio/tokio/src/runtime/task/raw.rs:13:7
   |
13 | #[cfg(tokio_unstable)]
   |       ^^^^^^^^^^^^^^
   |
   = help: consider using a Cargo feature instead
   = help: or consider adding in `Cargo.toml` the `check-cfg` lint config for the lint:
            [lints.rust]
            unexpected_cfgs = { level = "warn", check-cfg = ['cfg(tokio_unstable)'] }
   = help: or consider adding `println!("cargo::rustc-check-cfg=cfg(tokio_unstable)");` to the top of the `build.rs`
   = note: see <https://doc.rust-lang.org/nightly/rustc/check-cfg/cargo-specifics.html> for more information about checking conditional configuration

warning: unexpected `cfg` condition name: `tokio_unstable`
   --> submodules/tokio/tokio/src/runtime/task/raw.rs:190:7
    |
190 | #[cfg(tokio_unstable)]
    |       ^^^^^^^^^^^^^^
    |
    = help: consider using a Cargo feature instead
    = help: or consider adding in `Cargo.toml` the `check-cfg` lint config for the lint:
             [lints.rust]
             unexpected_cfgs = { level = "warn", check-cfg = ['cfg(tokio_unstable)'] }
    = help: or consider adding `println!("cargo::rustc-check-cfg=cfg(tokio_unstable)");` to the top of the `build.rs`
    = note: see <https://doc.rust-lang.org/nightly/rustc/check-cfg/cargo-specifics.html> for more information about checking conditional configuration

warning: unexpected `cfg` condition name: `tokio_unstable`
  --> submodules/tokio/tokio/src/runtime/task/raw.rs:56:11
   |
56 |     #[cfg(tokio_unstable)]
   |           ^^^^^^^^^^^^^^
   |
   = help: consider using a Cargo feature instead
   = help: or consider adding in `Cargo.toml` the `check-cfg` lint config for the lint:
            [lints.rust]
            unexpected_cfgs = { level = "warn", check-cfg = ['cfg(tokio_unstable)'] }
   = help: or consider adding `println!("cargo::rustc-check-cfg=cfg(tokio_unstable)");` to the top of the `build.rs`
   = note: see <https://doc.rust-lang.org/nightly/rustc/check-cfg/cargo-specifics.html> for more information about checking conditional configuration

warning: unexpected `cfg` condition name: `tokio_unstable`
  --> submodules/tokio/tokio/src/runtime/task/raw.rs:73:15
   |
73 |         #[cfg(tokio_unstable)]
   |               ^^^^^^^^^^^^^^
   |
   = help: consider using a Cargo feature instead
   = help: or consider adding in `Cargo.toml` the `check-cfg` lint config for the lint:
            [lints.rust]
            unexpected_cfgs = { level = "warn", check-cfg = ['cfg(tokio_unstable)'] }
   = help: or consider adding `println!("cargo::rustc-check-cfg=cfg(tokio_unstable)");` to the top of the `build.rs`
   = note: see <https://doc.rust-lang.org/nightly/rustc/check-cfg/cargo-specifics.html> for more information about checking conditional configuration

warning: unexpected `cfg` condition name: `tokio_unstable`
   --> submodules/tokio/tokio/src/runtime/task/raw.rs:109:11
    |
109 |     #[cfg(tokio_unstable)]
    |           ^^^^^^^^^^^^^^
    |
    = help: consider using a Cargo feature instead
    = help: or consider adding in `Cargo.toml` the `check-cfg` lint config for the lint:
             [lints.rust]
             unexpected_cfgs = { level = "warn", check-cfg = ['cfg(tokio_unstable)'] }
    = help: or consider adding `println!("cargo::rustc-check-cfg=cfg(tokio_unstable)");` to the top of the `build.rs`
    = note: see <https://doc.rust-lang.org/nightly/rustc/check-cfg/cargo-specifics.html> for more information about checking conditional configuration

warning: unexpected `cfg` condition name: `tokio_unstable`
   --> submodules/tokio/tokio/src/runtime/task/raw.rs:226:19
    |
226 |             #[cfg(tokio_unstable)]
    |                   ^^^^^^^^^^^^^^
    |
    = help: consider using a Cargo feature instead
    = help: or consider adding in `Cargo.toml` the `check-cfg` lint config for the lint:
             [lints.rust]
             unexpected_cfgs = { level = "warn", check-cfg = ['cfg(tokio_unstable)'] }
    = help: or consider adding `println!("cargo::rustc-check-cfg=cfg(tokio_unstable)");` to the top of the `build.rs`
    = note: see <https://doc.rust-lang.org/nightly/rustc/check-cfg/cargo-specifics.html> for more information about checking conditional configuration

warning: unexpected `cfg` condition name: `tokio_unstable`
   --> submodules/tokio/tokio/src/runtime/task/state.rs:286:9
    |
286 |         tokio_unstable,
    |         ^^^^^^^^^^^^^^
    |
    = help: consider using a Cargo feature instead
    = help: or consider adding in `Cargo.toml` the `check-cfg` lint config for the lint:
             [lints.rust]
             unexpected_cfgs = { level = "warn", check-cfg = ['cfg(tokio_unstable)'] }
    = help: or consider adding `println!("cargo::rustc-check-cfg=cfg(tokio_unstable)");` to the top of the `build.rs`
    = note: see <https://doc.rust-lang.org/nightly/rustc/check-cfg/cargo-specifics.html> for more information about checking conditional configuration

warning: unexpected `cfg` condition name: `tokio_unstable`
   --> submodules/tokio/tokio/src/macros/cfg.rs:570:23
    |
570 |               #[cfg(all(tokio_unstable, feature = "tracing"))]
    |                         ^^^^^^^^^^^^^^
    |
   ::: submodules/tokio/tokio/src/runtime/task/waker.rs:44:1
    |
 44 | / cfg_trace! {
 45 | |     /// # Safety
 46 | |     ///
 47 | |     /// `$header` must be a valid pointer to a [`Header`].
...   |
 59 | | }
    | |_- in this macro invocation
    |
    = help: consider using a Cargo feature instead
    = help: or consider adding in `Cargo.toml` the `check-cfg` lint config for the lint:
             [lints.rust]
             unexpected_cfgs = { level = "warn", check-cfg = ['cfg(tokio_unstable)'] }
    = help: or consider adding `println!("cargo::rustc-check-cfg=cfg(tokio_unstable)");` to the top of the `build.rs`
    = note: see <https://doc.rust-lang.org/nightly/rustc/check-cfg/cargo-specifics.html> for more information about checking conditional configuration
    = note: this warning originates in the macro `cfg_trace` (in Nightly builds, run with -Z macro-backtrace for more info)

warning: unexpected `cfg` condition name: `tokio_unstable`
   --> submodules/tokio/tokio/src/macros/cfg.rs:590:27
    |
590 |               #[cfg(any(not(tokio_unstable), not(feature = "tracing")))]
    |                             ^^^^^^^^^^^^^^
    |
   ::: submodules/tokio/tokio/src/runtime/task/waker.rs:61:1
    |
 61 | / cfg_not_trace! {
 62 | |     macro_rules! trace {
 63 | |         ($header:expr, $op:expr) => {
...   |
 68 | | }
    | |_- in this macro invocation
    |
    = help: consider using a Cargo feature instead
    = help: or consider adding in `Cargo.toml` the `check-cfg` lint config for the lint:
             [lints.rust]
             unexpected_cfgs = { level = "warn", check-cfg = ['cfg(tokio_unstable)'] }
    = help: or consider adding `println!("cargo::rustc-check-cfg=cfg(tokio_unstable)");` to the top of the `build.rs`
    = note: see <https://doc.rust-lang.org/nightly/rustc/check-cfg/cargo-specifics.html> for more information about checking conditional configuration
    = note: this warning originates in the macro `cfg_not_trace` (in Nightly builds, run with -Z macro-backtrace for more info)

warning: unexpected `cfg` condition name: `tokio_unstable`
  --> submodules/tokio/tokio/src/runtime/task/waker.rs:73:24
   |
73 |     #[cfg_attr(not(all(tokio_unstable, feature = "tracing")), allow(unused_unsafe))]
   |                        ^^^^^^^^^^^^^^
   |
   = help: consider using a Cargo feature instead
   = help: or consider adding in `Cargo.toml` the `check-cfg` lint config for the lint:
            [lints.rust]
            unexpected_cfgs = { level = "warn", check-cfg = ['cfg(tokio_unstable)'] }
   = help: or consider adding `println!("cargo::rustc-check-cfg=cfg(tokio_unstable)");` to the top of the `build.rs`
   = note: see <https://doc.rust-lang.org/nightly/rustc/check-cfg/cargo-specifics.html> for more information about checking conditional configuration

warning: unexpected `cfg` condition name: `tokio_unstable`
  --> submodules/tokio/tokio/src/runtime/task/waker.rs:85:24
   |
85 |     #[cfg_attr(not(all(tokio_unstable, feature = "tracing")), allow(unused_unsafe))]
   |                        ^^^^^^^^^^^^^^
   |
   = help: consider using a Cargo feature instead
   = help: or consider adding in `Cargo.toml` the `check-cfg` lint config for the lint:
            [lints.rust]
            unexpected_cfgs = { level = "warn", check-cfg = ['cfg(tokio_unstable)'] }
   = help: or consider adding `println!("cargo::rustc-check-cfg=cfg(tokio_unstable)");` to the top of the `build.rs`
   = note: see <https://doc.rust-lang.org/nightly/rustc/check-cfg/cargo-specifics.html> for more information about checking conditional configuration

warning: unexpected `cfg` condition name: `tokio_unstable`
  --> submodules/tokio/tokio/src/runtime/task/waker.rs:97:24
   |
97 |     #[cfg_attr(not(all(tokio_unstable, feature = "tracing")), allow(unused_unsafe))]
   |                        ^^^^^^^^^^^^^^
   |
   = help: consider using a Cargo feature instead
   = help: or consider adding in `Cargo.toml` the `check-cfg` lint config for the lint:
            [lints.rust]
            unexpected_cfgs = { level = "warn", check-cfg = ['cfg(tokio_unstable)'] }
   = help: or consider adding `println!("cargo::rustc-check-cfg=cfg(tokio_unstable)");` to the top of the `build.rs`
   = note: see <https://doc.rust-lang.org/nightly/rustc/check-cfg/cargo-specifics.html> for more information about checking conditional configuration

warning: unexpected `cfg` condition name: `tokio_unstable`
   --> submodules/tokio/tokio/src/runtime/task/waker.rs:110:24
    |
110 |     #[cfg_attr(not(all(tokio_unstable, feature = "tracing")), allow(unused_unsafe))]
    |                        ^^^^^^^^^^^^^^
    |
    = help: consider using a Cargo feature instead
    = help: or consider adding in `Cargo.toml` the `check-cfg` lint config for the lint:
             [lints.rust]
             unexpected_cfgs = { level = "warn", check-cfg = ['cfg(tokio_unstable)'] }
    = help: or consider adding `println!("cargo::rustc-check-cfg=cfg(tokio_unstable)");` to the top of the `build.rs`
    = note: see <https://doc.rust-lang.org/nightly/rustc/check-cfg/cargo-specifics.html> for more information about checking conditional configuration

warning: unexpected `cfg` condition name: `tokio_unstable`
   --> submodules/tokio/tokio/src/runtime/task/mod.rs:250:15
    |
250 |     #[cfg(all(tokio_unstable, feature = "rt-multi-thread"))]
    |               ^^^^^^^^^^^^^^
    |
    = help: consider using a Cargo feature instead
    = help: or consider adding in `Cargo.toml` the `check-cfg` lint config for the lint:
             [lints.rust]
             unexpected_cfgs = { level = "warn", check-cfg = ['cfg(tokio_unstable)'] }
    = help: or consider adding `println!("cargo::rustc-check-cfg=cfg(tokio_unstable)");` to the top of the `build.rs`
    = note: see <https://doc.rust-lang.org/nightly/rustc/check-cfg/cargo-specifics.html> for more information about checking conditional configuration

warning: unexpected `cfg` condition name: `tokio_unstable`
   --> submodules/tokio/tokio/src/runtime/task/mod.rs:271:11
    |
271 |     #[cfg(tokio_unstable)]
    |           ^^^^^^^^^^^^^^
    |
    = help: consider using a Cargo feature instead
    = help: or consider adding in `Cargo.toml` the `check-cfg` lint config for the lint:
             [lints.rust]
             unexpected_cfgs = { level = "warn", check-cfg = ['cfg(tokio_unstable)'] }
    = help: or consider adding `println!("cargo::rustc-check-cfg=cfg(tokio_unstable)");` to the top of the `build.rs`
    = note: see <https://doc.rust-lang.org/nightly/rustc/check-cfg/cargo-specifics.html> for more information about checking conditional configuration

warning: unexpected `cfg` condition name: `tokio_unstable`
   --> submodules/tokio/tokio/src/runtime/task/mod.rs:409:9
    |
409 |         tokio_unstable,
    |         ^^^^^^^^^^^^^^
    |
    = help: consider using a Cargo feature instead
    = help: or consider adding in `Cargo.toml` the `check-cfg` lint config for the lint:
             [lints.rust]
             unexpected_cfgs = { level = "warn", check-cfg = ['cfg(tokio_unstable)'] }
    = help: or consider adding `println!("cargo::rustc-check-cfg=cfg(tokio_unstable)");` to the top of the `build.rs`
    = note: see <https://doc.rust-lang.org/nightly/rustc/check-cfg/cargo-specifics.html> for more information about checking conditional configuration

warning: unexpected `cfg` condition name: `tokio_unstable`
   --> submodules/tokio/tokio/src/runtime/task/mod.rs:431:11
    |
431 |     #[cfg(tokio_unstable)]
    |           ^^^^^^^^^^^^^^
    |
    = help: consider using a Cargo feature instead
    = help: or consider adding in `Cargo.toml` the `check-cfg` lint config for the lint:
             [lints.rust]
             unexpected_cfgs = { level = "warn", check-cfg = ['cfg(tokio_unstable)'] }
    = help: or consider adding `println!("cargo::rustc-check-cfg=cfg(tokio_unstable)");` to the top of the `build.rs`
    = note: see <https://doc.rust-lang.org/nightly/rustc/check-cfg/cargo-specifics.html> for more information about checking conditional configuration

warning: unexpected `cfg` condition name: `tokio_unstable`
   --> submodules/tokio/tokio/src/runtime/task/mod.rs:437:11
    |
437 |     #[cfg(tokio_unstable)]
    |           ^^^^^^^^^^^^^^
    |
    = help: consider using a Cargo feature instead
    = help: or consider adding in `Cargo.toml` the `check-cfg` lint config for the lint:
             [lints.rust]
             unexpected_cfgs = { level = "warn", check-cfg = ['cfg(tokio_unstable)'] }
    = help: or consider adding `println!("cargo::rustc-check-cfg=cfg(tokio_unstable)");` to the top of the `build.rs`
    = note: see <https://doc.rust-lang.org/nightly/rustc/check-cfg/cargo-specifics.html> for more information about checking conditional configuration

warning: unexpected `cfg` condition name: `tokio_unstable`
   --> submodules/tokio/tokio/src/runtime/task/mod.rs:446:11
    |
446 |     #[cfg(tokio_unstable)]
    |           ^^^^^^^^^^^^^^
    |
    = help: consider using a Cargo feature instead
    = help: or consider adding in `Cargo.toml` the `check-cfg` lint config for the lint:
             [lints.rust]
             unexpected_cfgs = { level = "warn", check-cfg = ['cfg(tokio_unstable)'] }
    = help: or consider adding `println!("cargo::rustc-check-cfg=cfg(tokio_unstable)");` to the top of the `build.rs`
    = note: see <https://doc.rust-lang.org/nightly/rustc/check-cfg/cargo-specifics.html> for more information about checking conditional configuration

warning: unexpected `cfg` condition name: `tokio_unstable`
   --> submodules/tokio/tokio/src/macros/cfg.rs:501:17
    |
501 |                   tokio_unstable,
    |                   ^^^^^^^^^^^^^^
    |
   ::: submodules/tokio/tokio/src/runtime/task/mod.rs:455:5
    |
455 | /     cfg_taskdump! {
456 | |         /// Notify the task for task dumping.
457 | |         ///
458 | |         /// Returns `None` if the task has already been notified.
...   |
469 | |     }
    | |_____- in this macro invocation
    |
    = help: consider using a Cargo feature instead
    = help: or consider adding in `Cargo.toml` the `check-cfg` lint config for the lint:
             [lints.rust]
             unexpected_cfgs = { level = "warn", check-cfg = ['cfg(tokio_unstable)'] }
    = help: or consider adding `println!("cargo::rustc-check-cfg=cfg(tokio_unstable)");` to the top of the `build.rs`
    = note: see <https://doc.rust-lang.org/nightly/rustc/check-cfg/cargo-specifics.html> for more information about checking conditional configuration
    = note: this warning originates in the macro `cfg_taskdump` (in Nightly builds, run with -Z macro-backtrace for more info)

warning: unexpected `cfg` condition name: `tokio_unstable`
   --> submodules/tokio/tokio/src/runtime/task/mod.rs:477:11
    |
477 |     #[cfg(tokio_unstable)]
    |           ^^^^^^^^^^^^^^
    |
    = help: consider using a Cargo feature instead
    = help: or consider adding in `Cargo.toml` the `check-cfg` lint config for the lint:
             [lints.rust]
             unexpected_cfgs = { level = "warn", check-cfg = ['cfg(tokio_unstable)'] }
    = help: or consider adding `println!("cargo::rustc-check-cfg=cfg(tokio_unstable)");` to the top of the `build.rs`
    = note: see <https://doc.rust-lang.org/nightly/rustc/check-cfg/cargo-specifics.html> for more information about checking conditional configuration

warning: unexpected `cfg` condition name: `tokio_unstable`
  --> submodules/tokio/tokio/src/runtime/config.rs:28:11
   |
28 |     #[cfg(tokio_unstable)]
   |           ^^^^^^^^^^^^^^
   |
   = help: consider using a Cargo feature instead
   = help: or consider adding in `Cargo.toml` the `check-cfg` lint config for the lint:
            [lints.rust]
            unexpected_cfgs = { level = "warn", check-cfg = ['cfg(tokio_unstable)'] }
   = help: or consider adding `println!("cargo::rustc-check-cfg=cfg(tokio_unstable)");` to the top of the `build.rs`
   = note: see <https://doc.rust-lang.org/nightly/rustc/check-cfg/cargo-specifics.html> for more information about checking conditional configuration

warning: unexpected `cfg` condition name: `tokio_unstable`
  --> submodules/tokio/tokio/src/runtime/config.rs:32:11
   |
32 |     #[cfg(tokio_unstable)]
   |           ^^^^^^^^^^^^^^
   |
   = help: consider using a Cargo feature instead
   = help: or consider adding in `Cargo.toml` the `check-cfg` lint config for the lint:
            [lints.rust]
            unexpected_cfgs = { level = "warn", check-cfg = ['cfg(tokio_unstable)'] }
   = help: or consider adding `println!("cargo::rustc-check-cfg=cfg(tokio_unstable)");` to the top of the `build.rs`
   = note: see <https://doc.rust-lang.org/nightly/rustc/check-cfg/cargo-specifics.html> for more information about checking conditional configuration

warning: unexpected `cfg` condition name: `tokio_unstable`
  --> submodules/tokio/tokio/src/runtime/config.rs:51:11
   |
51 |     #[cfg(tokio_unstable)]
   |           ^^^^^^^^^^^^^^
   |
   = help: consider using a Cargo feature instead
   = help: or consider adding in `Cargo.toml` the `check-cfg` lint config for the lint:
            [lints.rust]
            unexpected_cfgs = { level = "warn", check-cfg = ['cfg(tokio_unstable)'] }
   = help: or consider adding `println!("cargo::rustc-check-cfg=cfg(tokio_unstable)");` to the top of the `build.rs`
   = note: see <https://doc.rust-lang.org/nightly/rustc/check-cfg/cargo-specifics.html> for more information about checking conditional configuration

warning: unexpected `cfg` condition name: `tokio_unstable`
   --> submodules/tokio/tokio/src/macros/cfg.rs:570:23
    |
570 |               #[cfg(all(tokio_unstable, feature = "tracing"))]
    |                         ^^^^^^^^^^^^^^
    |
   ::: submodules/tokio/tokio/src/runtime/blocking/mod.rs:13:1
    |
 13 | / cfg_trace! {
 14 | |     pub(crate) use pool::Mandatory;
 15 | | }
    | |_- in this macro invocation
    |
    = help: consider using a Cargo feature instead
    = help: or consider adding in `Cargo.toml` the `check-cfg` lint config for the lint:
             [lints.rust]
             unexpected_cfgs = { level = "warn", check-cfg = ['cfg(tokio_unstable)'] }
    = help: or consider adding `println!("cargo::rustc-check-cfg=cfg(tokio_unstable)");` to the top of the `build.rs`
    = note: see <https://doc.rust-lang.org/nightly/rustc/check-cfg/cargo-specifics.html> for more information about checking conditional configuration
    = note: this warning originates in the macro `cfg_trace` (in Nightly builds, run with -Z macro-backtrace for more info)

warning: unexpected `cfg` condition name: `tokio_unstable`
   --> submodules/tokio/tokio/src/macros/cfg.rs:269:19
    |
269 |               #[cfg(tokio_unstable)]
    |                     ^^^^^^^^^^^^^^
    |
   ::: submodules/tokio/tokio/src/runtime/blocking/pool.rs:480:1
    |
480 | / cfg_unstable_metrics! {
481 | |     impl Spawner {
482 | |         pub(crate) fn num_threads(&self) -> usize {
483 | |             self.inner.metrics.num_threads()
...   |
494 | | }
    | |_- in this macro invocation
    |
    = help: consider using a Cargo feature instead
    = help: or consider adding in `Cargo.toml` the `check-cfg` lint config for the lint:
             [lints.rust]
             unexpected_cfgs = { level = "warn", check-cfg = ['cfg(tokio_unstable)'] }
    = help: or consider adding `println!("cargo::rustc-check-cfg=cfg(tokio_unstable)");` to the top of the `build.rs`
    = note: see <https://doc.rust-lang.org/nightly/rustc/check-cfg/cargo-specifics.html> for more information about checking conditional configuration
    = note: this warning originates in the macro `cfg_unstable_metrics` (in Nightly builds, run with -Z macro-backtrace for more info)

warning: unexpected `cfg` condition name: `tokio_unstable`
   --> submodules/tokio/tokio/src/macros/cfg.rs:269:19
    |
269 |               #[cfg(tokio_unstable)]
    |                     ^^^^^^^^^^^^^^
    |
   ::: submodules/tokio/tokio/src/runtime/blocking/pool.rs:45:5
    |
 45 | /     cfg_unstable_metrics! {
 46 | |         fn queue_depth(&self) -> usize {
 47 | |             self.queue_depth.load(Ordering::Relaxed)
 48 | |         }
 49 | |     }
    | |_____- in this macro invocation
    |
    = help: consider using a Cargo feature instead
    = help: or consider adding in `Cargo.toml` the `check-cfg` lint config for the lint:
             [lints.rust]
             unexpected_cfgs = { level = "warn", check-cfg = ['cfg(tokio_unstable)'] }
    = help: or consider adding `println!("cargo::rustc-check-cfg=cfg(tokio_unstable)");` to the top of the `build.rs`
    = note: see <https://doc.rust-lang.org/nightly/rustc/check-cfg/cargo-specifics.html> for more information about checking conditional configuration
    = note: this warning originates in the macro `cfg_unstable_metrics` (in Nightly builds, run with -Z macro-backtrace for more info)

warning: unexpected `cfg` condition name: `loom`
   --> submodules/tokio/tokio/src/runtime/blocking/pool.rs:268:19
    |
268 |             #[cfg(loom)]
    |                   ^^^^
    |
    = help: consider using a Cargo feature instead
    = help: or consider adding in `Cargo.toml` the `check-cfg` lint config for the lint:
             [lints.rust]
             unexpected_cfgs = { level = "warn", check-cfg = ['cfg(loom)'] }
    = help: or consider adding `println!("cargo::rustc-check-cfg=cfg(loom)");` to the top of the `build.rs`
    = note: see <https://doc.rust-lang.org/nightly/rustc/check-cfg/cargo-specifics.html> for more information about checking conditional configuration

warning: unexpected `cfg` condition name: `tokio_unstable`
 --> submodules/tokio/tokio/src/runtime/builder.rs:5:7
  |
5 | #[cfg(tokio_unstable)]
  |       ^^^^^^^^^^^^^^
  |
  = help: consider using a Cargo feature instead
  = help: or consider adding in `Cargo.toml` the `check-cfg` lint config for the lint:
           [lints.rust]
           unexpected_cfgs = { level = "warn", check-cfg = ['cfg(tokio_unstable)'] }
  = help: or consider adding `println!("cargo::rustc-check-cfg=cfg(tokio_unstable)");` to the top of the `build.rs`
  = note: see <https://doc.rust-lang.org/nightly/rustc/check-cfg/cargo-specifics.html> for more information about checking conditional configuration

warning: unexpected `cfg` condition name: `tokio_unstable`
   --> submodules/tokio/tokio/src/macros/cfg.rs:580:19
    |
580 |               #[cfg(tokio_unstable)]
    |                     ^^^^^^^^^^^^^^
    |
   ::: submodules/tokio/tokio/src/runtime/builder.rs:138:1
    |
138 | / cfg_unstable! {
139 | |     /// How the runtime should respond to unhandled panics.
140 | |     ///
141 | |     /// Instances of `UnhandledPanic` are passed to `Builder::unhandled_panic`
...   |
220 | | }
    | |_- in this macro invocation
    |
    = help: consider using a Cargo feature instead
    = help: or consider adding in `Cargo.toml` the `check-cfg` lint config for the lint:
             [lints.rust]
             unexpected_cfgs = { level = "warn", check-cfg = ['cfg(tokio_unstable)'] }
    = help: or consider adding `println!("cargo::rustc-check-cfg=cfg(tokio_unstable)");` to the top of the `build.rs`
    = note: see <https://doc.rust-lang.org/nightly/rustc/check-cfg/cargo-specifics.html> for more information about checking conditional configuration
    = note: this warning originates in the macro `cfg_unstable` (in Nightly builds, run with -Z macro-backtrace for more info)

warning: unexpected `cfg` condition name: `tokio_unstable`
    --> submodules/tokio/tokio/src/macros/cfg.rs:145:21
     |
 145 |                       tokio_unstable,
     |                       ^^^^^^^^^^^^^^
     |
    ::: submodules/tokio/tokio/src/runtime/builder.rs:1602:1
     |
1602 | / cfg_io_driver! {
1603 | |     impl Builder {
1604 | |         /// Enables the I/O driver.
1605 | |         ///
...    |
1643 | | }
     | |_- in this macro invocation
     |
     = help: consider using a Cargo feature instead
     = help: or consider adding in `Cargo.toml` the `check-cfg` lint config for the lint:
              [lints.rust]
              unexpected_cfgs = { level = "warn", check-cfg = ['cfg(tokio_unstable)'] }
     = help: or consider adding `println!("cargo::rustc-check-cfg=cfg(tokio_unstable)");` to the top of the `build.rs`
     = note: see <https://doc.rust-lang.org/nightly/rustc/check-cfg/cargo-specifics.html> for more information about checking conditional configuration
     = note: this warning originates in the macro `cfg_io_driver` (in Nightly builds, run with -Z macro-backtrace for more info)

warning: unexpected `cfg` condition name: `tokio_unstable`
    --> submodules/tokio/tokio/src/macros/cfg.rs:704:17
     |
 704 |                   tokio_unstable,
     |                   ^^^^^^^^^^^^^^
     |
    ::: submodules/tokio/tokio/src/runtime/builder.rs:1671:1
     |
1671 | / cfg_io_uring! {
1672 | |     impl Builder {
1673 | |         /// Enables the tokio's io_uring driver.
1674 | |         ///
...    |
1694 | | }
     | |_- in this macro invocation
     |
     = help: consider using a Cargo feature instead
     = help: or consider adding in `Cargo.toml` the `check-cfg` lint config for the lint:
              [lints.rust]
              unexpected_cfgs = { level = "warn", check-cfg = ['cfg(tokio_unstable)'] }
     = help: or consider adding `println!("cargo::rustc-check-cfg=cfg(tokio_unstable)");` to the top of the `build.rs`
     = note: see <https://doc.rust-lang.org/nightly/rustc/check-cfg/cargo-specifics.html> for more information about checking conditional configuration
     = note: this warning originates in the macro `cfg_io_uring` (in Nightly builds, run with -Z macro-backtrace for more info)

warning: unexpected `cfg` condition name: `tokio_unstable`
  --> submodules/tokio/tokio/src/runtime/builder.rs:95:11
   |
95 |     #[cfg(tokio_unstable)]
   |           ^^^^^^^^^^^^^^
   |
   = help: consider using a Cargo feature instead
   = help: or consider adding in `Cargo.toml` the `check-cfg` lint config for the lint:
            [lints.rust]
            unexpected_cfgs = { level = "warn", check-cfg = ['cfg(tokio_unstable)'] }
   = help: or consider adding `println!("cargo::rustc-check-cfg=cfg(tokio_unstable)");` to the top of the `build.rs`
   = note: see <https://doc.rust-lang.org/nightly/rustc/check-cfg/cargo-specifics.html> for more information about checking conditional configuration

warning: unexpected `cfg` condition name: `tokio_unstable`
  --> submodules/tokio/tokio/src/runtime/builder.rs:99:11
   |
99 |     #[cfg(tokio_unstable)]
   |           ^^^^^^^^^^^^^^
   |
   = help: consider using a Cargo feature instead
   = help: or consider adding in `Cargo.toml` the `check-cfg` lint config for the lint:
            [lints.rust]
            unexpected_cfgs = { level = "warn", check-cfg = ['cfg(tokio_unstable)'] }
   = help: or consider adding `println!("cargo::rustc-check-cfg=cfg(tokio_unstable)");` to the top of the `build.rs`
   = note: see <https://doc.rust-lang.org/nightly/rustc/check-cfg/cargo-specifics.html> for more information about checking conditional configuration

warning: unexpected `cfg` condition name: `tokio_unstable`
   --> submodules/tokio/tokio/src/runtime/builder.rs:134:11
    |
134 |     #[cfg(tokio_unstable)]
    |           ^^^^^^^^^^^^^^
    |
    = help: consider using a Cargo feature instead
    = help: or consider adding in `Cargo.toml` the `check-cfg` lint config for the lint:
             [lints.rust]
             unexpected_cfgs = { level = "warn", check-cfg = ['cfg(tokio_unstable)'] }
    = help: or consider adding `println!("cargo::rustc-check-cfg=cfg(tokio_unstable)");` to the top of the `build.rs`
    = note: see <https://doc.rust-lang.org/nightly/rustc/check-cfg/cargo-specifics.html> for more information about checking conditional configuration

warning: unexpected `cfg` condition name: `loom`
   --> submodules/tokio/tokio/src/runtime/builder.rs:575:15
    |
575 |     #[cfg(not(loom))]
    |               ^^^^
    |
    = help: consider using a Cargo feature instead
    = help: or consider adding in `Cargo.toml` the `check-cfg` lint config for the lint:
             [lints.rust]
             unexpected_cfgs = { level = "warn", check-cfg = ['cfg(loom)'] }
    = help: or consider adding `println!("cargo::rustc-check-cfg=cfg(loom)");` to the top of the `build.rs`
    = note: see <https://doc.rust-lang.org/nightly/rustc/check-cfg/cargo-specifics.html> for more information about checking conditional configuration

warning: unexpected `cfg` condition name: `loom`
   --> submodules/tokio/tokio/src/runtime/builder.rs:603:15
    |
603 |     #[cfg(not(loom))]
    |               ^^^^
    |
    = help: consider using a Cargo feature instead
    = help: or consider adding in `Cargo.toml` the `check-cfg` lint config for the lint:
             [lints.rust]
             unexpected_cfgs = { level = "warn", check-cfg = ['cfg(loom)'] }
    = help: or consider adding `println!("cargo::rustc-check-cfg=cfg(loom)");` to the top of the `build.rs`
    = note: see <https://doc.rust-lang.org/nightly/rustc/check-cfg/cargo-specifics.html> for more information about checking conditional configuration

warning: unexpected `cfg` condition name: `loom`
   --> submodules/tokio/tokio/src/runtime/builder.rs:684:15
    |
684 |     #[cfg(not(loom))]
    |               ^^^^
    |
    = help: consider using a Cargo feature instead
    = help: or consider adding in `Cargo.toml` the `check-cfg` lint config for the lint:
             [lints.rust]
             unexpected_cfgs = { level = "warn", check-cfg = ['cfg(loom)'] }
    = help: or consider adding `println!("cargo::rustc-check-cfg=cfg(loom)");` to the top of the `build.rs`
    = note: see <https://doc.rust-lang.org/nightly/rustc/check-cfg/cargo-specifics.html> for more information about checking conditional configuration

warning: unexpected `cfg` condition name: `loom`
   --> submodules/tokio/tokio/src/runtime/builder.rs:722:15
    |
722 |     #[cfg(not(loom))]
    |               ^^^^
    |
    = help: consider using a Cargo feature instead
    = help: or consider adding in `Cargo.toml` the `check-cfg` lint config for the lint:
             [lints.rust]
             unexpected_cfgs = { level = "warn", check-cfg = ['cfg(loom)'] }
    = help: or consider adding `println!("cargo::rustc-check-cfg=cfg(loom)");` to the top of the `build.rs`
    = note: see <https://doc.rust-lang.org/nightly/rustc/check-cfg/cargo-specifics.html> for more information about checking conditional configuration

warning: unexpected `cfg` condition name: `loom`
   --> submodules/tokio/tokio/src/runtime/builder.rs:771:19
    |
771 |     #[cfg(all(not(loom), tokio_unstable))]
    |                   ^^^^
    |
    = help: consider using a Cargo feature instead
    = help: or consider adding in `Cargo.toml` the `check-cfg` lint config for the lint:
             [lints.rust]
             unexpected_cfgs = { level = "warn", check-cfg = ['cfg(loom)'] }
    = help: or consider adding `println!("cargo::rustc-check-cfg=cfg(loom)");` to the top of the `build.rs`
    = note: see <https://doc.rust-lang.org/nightly/rustc/check-cfg/cargo-specifics.html> for more information about checking conditional configuration

warning: unexpected `cfg` condition name: `tokio_unstable`
   --> submodules/tokio/tokio/src/runtime/builder.rs:771:26
    |
771 |     #[cfg(all(not(loom), tokio_unstable))]
    |                          ^^^^^^^^^^^^^^
    |
    = help: consider using a Cargo feature instead
    = help: or consider adding in `Cargo.toml` the `check-cfg` lint config for the lint:
             [lints.rust]
             unexpected_cfgs = { level = "warn", check-cfg = ['cfg(tokio_unstable)'] }
    = help: or consider adding `println!("cargo::rustc-check-cfg=cfg(tokio_unstable)");` to the top of the `build.rs`
    = note: see <https://doc.rust-lang.org/nightly/rustc/check-cfg/cargo-specifics.html> for more information about checking conditional configuration

warning: unexpected `cfg` condition name: `tokio_unstable`
   --> submodules/tokio/tokio/src/runtime/builder.rs:818:11
    |
818 |     #[cfg(tokio_unstable)]
    |           ^^^^^^^^^^^^^^
    |
    = help: consider using a Cargo feature instead
    = help: or consider adding in `Cargo.toml` the `check-cfg` lint config for the lint:
             [lints.rust]
             unexpected_cfgs = { level = "warn", check-cfg = ['cfg(tokio_unstable)'] }
    = help: or consider adding `println!("cargo::rustc-check-cfg=cfg(tokio_unstable)");` to the top of the `build.rs`
    = note: see <https://doc.rust-lang.org/nightly/rustc/check-cfg/cargo-specifics.html> for more information about checking conditional configuration

warning: unexpected `cfg` condition name: `tokio_unstable`
   --> submodules/tokio/tokio/src/runtime/builder.rs:865:11
    |
865 |     #[cfg(tokio_unstable)]
    |           ^^^^^^^^^^^^^^
    |
    = help: consider using a Cargo feature instead
    = help: or consider adding in `Cargo.toml` the `check-cfg` lint config for the lint:
             [lints.rust]
             unexpected_cfgs = { level = "warn", check-cfg = ['cfg(tokio_unstable)'] }
    = help: or consider adding `println!("cargo::rustc-check-cfg=cfg(tokio_unstable)");` to the top of the `build.rs`
    = note: see <https://doc.rust-lang.org/nightly/rustc/check-cfg/cargo-specifics.html> for more information about checking conditional configuration

warning: unexpected `cfg` condition name: `loom`
   --> submodules/tokio/tokio/src/runtime/builder.rs:914:19
    |
914 |     #[cfg(all(not(loom), tokio_unstable))]
    |                   ^^^^
    |
    = help: consider using a Cargo feature instead
    = help: or consider adding in `Cargo.toml` the `check-cfg` lint config for the lint:
             [lints.rust]
             unexpected_cfgs = { level = "warn", check-cfg = ['cfg(loom)'] }
    = help: or consider adding `println!("cargo::rustc-check-cfg=cfg(loom)");` to the top of the `build.rs`
    = note: see <https://doc.rust-lang.org/nightly/rustc/check-cfg/cargo-specifics.html> for more information about checking conditional configuration

warning: unexpected `cfg` condition name: `tokio_unstable`
   --> submodules/tokio/tokio/src/runtime/builder.rs:914:26
    |
914 |     #[cfg(all(not(loom), tokio_unstable))]
    |                          ^^^^^^^^^^^^^^
    |
    = help: consider using a Cargo feature instead
    = help: or consider adding in `Cargo.toml` the `check-cfg` lint config for the lint:
             [lints.rust]
             unexpected_cfgs = { level = "warn", check-cfg = ['cfg(tokio_unstable)'] }
    = help: or consider adding `println!("cargo::rustc-check-cfg=cfg(tokio_unstable)");` to the top of the `build.rs`
    = note: see <https://doc.rust-lang.org/nightly/rustc/check-cfg/cargo-specifics.html> for more information about checking conditional configuration

warning: unexpected `cfg` condition name: `tokio_unstable`
   --> submodules/tokio/tokio/src/runtime/builder.rs:974:11
    |
974 |     #[cfg(tokio_unstable)]
    |           ^^^^^^^^^^^^^^
    |
    = help: consider using a Cargo feature instead
    = help: or consider adding in `Cargo.toml` the `check-cfg` lint config for the lint:
             [lints.rust]
             unexpected_cfgs = { level = "warn", check-cfg = ['cfg(tokio_unstable)'] }
    = help: or consider adding `println!("cargo::rustc-check-cfg=cfg(tokio_unstable)");` to the top of the `build.rs`
    = note: see <https://doc.rust-lang.org/nightly/rustc/check-cfg/cargo-specifics.html> for more information about checking conditional configuration

warning: unexpected `cfg` condition name: `tokio_unstable`
    --> submodules/tokio/tokio/src/runtime/builder.rs:1524:11
     |
1524 |     #[cfg(tokio_unstable)]
     |           ^^^^^^^^^^^^^^
     |
     = help: consider using a Cargo feature instead
     = help: or consider adding in `Cargo.toml` the `check-cfg` lint config for the lint:
              [lints.rust]
              unexpected_cfgs = { level = "warn", check-cfg = ['cfg(tokio_unstable)'] }
     = help: or consider adding `println!("cargo::rustc-check-cfg=cfg(tokio_unstable)");` to the top of the `build.rs`
     = note: see <https://doc.rust-lang.org/nightly/rustc/check-cfg/cargo-specifics.html> for more information about checking conditional configuration

warning: unexpected `cfg` condition name: `tokio_unstable`
    --> submodules/tokio/tokio/src/macros/cfg.rs:580:19
     |
 580 |               #[cfg(tokio_unstable)]
     |                     ^^^^^^^^^^^^^^
     |
    ::: submodules/tokio/tokio/src/runtime/builder.rs:1100:5
     |
1100 | /     cfg_unstable! {
1101 | |         /// Configure how the runtime responds to an unhandled panic on a
1102 | |         /// spawned task.
1103 | |         ///
...    |
1248 | |     }
     | |_____- in this macro invocation
     |
     = help: consider using a Cargo feature instead
     = help: or consider adding in `Cargo.toml` the `check-cfg` lint config for the lint:
              [lints.rust]
              unexpected_cfgs = { level = "warn", check-cfg = ['cfg(tokio_unstable)'] }
     = help: or consider adding `println!("cargo::rustc-check-cfg=cfg(tokio_unstable)");` to the top of the `build.rs`
     = note: see <https://doc.rust-lang.org/nightly/rustc/check-cfg/cargo-specifics.html> for more information about checking conditional configuration
     = note: this warning originates in the macro `cfg_unstable` (in Nightly builds, run with -Z macro-backtrace for more info)

warning: unexpected `cfg` condition name: `tokio_unstable`
    --> submodules/tokio/tokio/src/macros/cfg.rs:269:19
     |
 269 |               #[cfg(tokio_unstable)]
     |                     ^^^^^^^^^^^^^^
     |
    ::: submodules/tokio/tokio/src/runtime/builder.rs:1250:5
     |
1250 | /     cfg_unstable_metrics! {
1251 | |         /// Enables tracking the distribution of task poll times.
1252 | |         ///
1253 | |         /// Task poll times are not instrumented by default as doing so requires
...    |
1509 | |     }
     | |_____- in this macro invocation
     |
     = help: consider using a Cargo feature instead
     = help: or consider adding in `Cargo.toml` the `check-cfg` lint config for the lint:
              [lints.rust]
              unexpected_cfgs = { level = "warn", check-cfg = ['cfg(tokio_unstable)'] }
     = help: or consider adding `println!("cargo::rustc-check-cfg=cfg(tokio_unstable)");` to the top of the `build.rs`
     = note: see <https://doc.rust-lang.org/nightly/rustc/check-cfg/cargo-specifics.html> for more information about checking conditional configuration
     = note: this warning originates in the macro `cfg_unstable_metrics` (in Nightly builds, run with -Z macro-backtrace for more info)

warning: unexpected `cfg` condition name: `loom`
   --> submodules/tokio/tokio/src/runtime/builder.rs:241:15
    |
241 |         #[cfg(loom)]
    |               ^^^^
    |
    = help: consider using a Cargo feature instead
    = help: or consider adding in `Cargo.toml` the `check-cfg` lint config for the lint:
             [lints.rust]
             unexpected_cfgs = { level = "warn", check-cfg = ['cfg(loom)'] }
    = help: or consider adding `println!("cargo::rustc-check-cfg=cfg(loom)");` to the top of the `build.rs`
    = note: see <https://doc.rust-lang.org/nightly/rustc/check-cfg/cargo-specifics.html> for more information about checking conditional configuration

warning: unexpected `cfg` condition name: `loom`
   --> submodules/tokio/tokio/src/runtime/builder.rs:244:19
    |
244 |         #[cfg(not(loom))]
    |                   ^^^^
    |
    = help: consider using a Cargo feature instead
    = help: or consider adding in `Cargo.toml` the `check-cfg` lint config for the lint:
             [lints.rust]
             unexpected_cfgs = { level = "warn", check-cfg = ['cfg(loom)'] }
    = help: or consider adding `println!("cargo::rustc-check-cfg=cfg(loom)");` to the top of the `build.rs`
    = note: see <https://doc.rust-lang.org/nightly/rustc/check-cfg/cargo-specifics.html> for more information about checking conditional configuration

warning: unexpected `cfg` condition name: `tokio_unstable`
   --> submodules/tokio/tokio/src/runtime/builder.rs:299:19
    |
299 |             #[cfg(tokio_unstable)]
    |                   ^^^^^^^^^^^^^^
    |
    = help: consider using a Cargo feature instead
    = help: or consider adding in `Cargo.toml` the `check-cfg` lint config for the lint:
             [lints.rust]
             unexpected_cfgs = { level = "warn", check-cfg = ['cfg(tokio_unstable)'] }
    = help: or consider adding `println!("cargo::rustc-check-cfg=cfg(tokio_unstable)");` to the top of the `build.rs`
    = note: see <https://doc.rust-lang.org/nightly/rustc/check-cfg/cargo-specifics.html> for more information about checking conditional configuration

warning: unexpected `cfg` condition name: `tokio_unstable`
   --> submodules/tokio/tokio/src/runtime/builder.rs:301:19
    |
301 |             #[cfg(tokio_unstable)]
    |                   ^^^^^^^^^^^^^^
    |
    = help: consider using a Cargo feature instead
    = help: or consider adding in `Cargo.toml` the `check-cfg` lint config for the lint:
             [lints.rust]
             unexpected_cfgs = { level = "warn", check-cfg = ['cfg(tokio_unstable)'] }
    = help: or consider adding `println!("cargo::rustc-check-cfg=cfg(tokio_unstable)");` to the top of the `build.rs`
    = note: see <https://doc.rust-lang.org/nightly/rustc/check-cfg/cargo-specifics.html> for more information about checking conditional configuration

warning: unexpected `cfg` condition name: `tokio_unstable`
   --> submodules/tokio/tokio/src/runtime/builder.rs:313:19
    |
313 |             #[cfg(tokio_unstable)]
    |                   ^^^^^^^^^^^^^^
    |
    = help: consider using a Cargo feature instead
    = help: or consider adding in `Cargo.toml` the `check-cfg` lint config for the lint:
             [lints.rust]
             unexpected_cfgs = { level = "warn", check-cfg = ['cfg(tokio_unstable)'] }
    = help: or consider adding `println!("cargo::rustc-check-cfg=cfg(tokio_unstable)");` to the top of the `build.rs`
    = note: see <https://doc.rust-lang.org/nightly/rustc/check-cfg/cargo-specifics.html> for more information about checking conditional configuration

warning: unexpected `cfg` condition name: `tokio_unstable`
   --> submodules/tokio/tokio/src/runtime/builder.rs:352:13
    |
352 |             tokio_unstable,
    |             ^^^^^^^^^^^^^^
    |
    = help: consider using a Cargo feature instead
    = help: or consider adding in `Cargo.toml` the `check-cfg` lint config for the lint:
             [lints.rust]
             unexpected_cfgs = { level = "warn", check-cfg = ['cfg(tokio_unstable)'] }
    = help: or consider adding `println!("cargo::rustc-check-cfg=cfg(tokio_unstable)");` to the top of the `build.rs`
    = note: see <https://doc.rust-lang.org/nightly/rustc/check-cfg/cargo-specifics.html> for more information about checking conditional configuration

warning: unexpected `cfg` condition name: `tokio_unstable`
    --> submodules/tokio/tokio/src/runtime/builder.rs:1570:23
     |
1570 |                 #[cfg(tokio_unstable)]
     |                       ^^^^^^^^^^^^^^
     |
     = help: consider using a Cargo feature instead
     = help: or consider adding in `Cargo.toml` the `check-cfg` lint config for the lint:
              [lints.rust]
              unexpected_cfgs = { level = "warn", check-cfg = ['cfg(tokio_unstable)'] }
     = help: or consider adding `println!("cargo::rustc-check-cfg=cfg(tokio_unstable)");` to the top of the `build.rs`
     = note: see <https://doc.rust-lang.org/nightly/rustc/check-cfg/cargo-specifics.html> for more information about checking conditional configuration

warning: unexpected `cfg` condition name: `tokio_unstable`
    --> submodules/tokio/tokio/src/runtime/builder.rs:1572:23
     |
1572 |                 #[cfg(tokio_unstable)]
     |                       ^^^^^^^^^^^^^^
     |
     = help: consider using a Cargo feature instead
     = help: or consider adding in `Cargo.toml` the `check-cfg` lint config for the lint:
              [lints.rust]
              unexpected_cfgs = { level = "warn", check-cfg = ['cfg(tokio_unstable)'] }
     = help: or consider adding `println!("cargo::rustc-check-cfg=cfg(tokio_unstable)");` to the top of the `build.rs`
     = note: see <https://doc.rust-lang.org/nightly/rustc/check-cfg/cargo-specifics.html> for more information about checking conditional configuration

warning: unexpected `cfg` condition name: `tokio_unstable`
    --> submodules/tokio/tokio/src/runtime/builder.rs:1577:23
     |
1577 |                 #[cfg(tokio_unstable)]
     |                       ^^^^^^^^^^^^^^
     |
     = help: consider using a Cargo feature instead
     = help: or consider adding in `Cargo.toml` the `check-cfg` lint config for the lint:
              [lints.rust]
              unexpected_cfgs = { level = "warn", check-cfg = ['cfg(tokio_unstable)'] }
     = help: or consider adding `println!("cargo::rustc-check-cfg=cfg(tokio_unstable)");` to the top of the `build.rs`
     = note: see <https://doc.rust-lang.org/nightly/rustc/check-cfg/cargo-specifics.html> for more information about checking conditional configuration

warning: unexpected `cfg` condition name: `tokio_unstable`
    --> submodules/tokio/tokio/src/runtime/builder.rs:1751:27
     |
1751 |                     #[cfg(tokio_unstable)]
     |                           ^^^^^^^^^^^^^^
     |
     = help: consider using a Cargo feature instead
     = help: or consider adding in `Cargo.toml` the `check-cfg` lint config for the lint:
              [lints.rust]
              unexpected_cfgs = { level = "warn", check-cfg = ['cfg(tokio_unstable)'] }
     = help: or consider adding `println!("cargo::rustc-check-cfg=cfg(tokio_unstable)");` to the top of the `build.rs`
     = note: see <https://doc.rust-lang.org/nightly/rustc/check-cfg/cargo-specifics.html> for more information about checking conditional configuration

warning: unexpected `cfg` condition name: `tokio_unstable`
    --> submodules/tokio/tokio/src/runtime/builder.rs:1753:27
     |
1753 |                     #[cfg(tokio_unstable)]
     |                           ^^^^^^^^^^^^^^
     |
     = help: consider using a Cargo feature instead
     = help: or consider adding in `Cargo.toml` the `check-cfg` lint config for the lint:
              [lints.rust]
              unexpected_cfgs = { level = "warn", check-cfg = ['cfg(tokio_unstable)'] }
     = help: or consider adding `println!("cargo::rustc-check-cfg=cfg(tokio_unstable)");` to the top of the `build.rs`
     = note: see <https://doc.rust-lang.org/nightly/rustc/check-cfg/cargo-specifics.html> for more information about checking conditional configuration

warning: unexpected `cfg` condition name: `tokio_unstable`
    --> submodules/tokio/tokio/src/runtime/builder.rs:1758:27
     |
1758 |                     #[cfg(tokio_unstable)]
     |                           ^^^^^^^^^^^^^^
     |
     = help: consider using a Cargo feature instead
     = help: or consider adding in `Cargo.toml` the `check-cfg` lint config for the lint:
              [lints.rust]
              unexpected_cfgs = { level = "warn", check-cfg = ['cfg(tokio_unstable)'] }
     = help: or consider adding `println!("cargo::rustc-check-cfg=cfg(tokio_unstable)");` to the top of the `build.rs`
     = note: see <https://doc.rust-lang.org/nightly/rustc/check-cfg/cargo-specifics.html> for more information about checking conditional configuration

warning: unexpected `cfg` condition name: `tokio_unstable`
  --> submodules/tokio/tokio/src/runtime/task_hooks.rs:58:16
   |
58 | #[cfg_attr(not(tokio_unstable), allow(unreachable_pub))]
   |                ^^^^^^^^^^^^^^
   |
   = help: consider using a Cargo feature instead
   = help: or consider adding in `Cargo.toml` the `check-cfg` lint config for the lint:
            [lints.rust]
            unexpected_cfgs = { level = "warn", check-cfg = ['cfg(tokio_unstable)'] }
   = help: or consider adding `println!("cargo::rustc-check-cfg=cfg(tokio_unstable)");` to the top of the `build.rs`
   = note: see <https://doc.rust-lang.org/nightly/rustc/check-cfg/cargo-specifics.html> for more information about checking conditional configuration

warning: unexpected `cfg` condition name: `tokio_unstable`
  --> submodules/tokio/tokio/src/runtime/task_hooks.rs:44:11
   |
44 |     #[cfg(tokio_unstable)]
   |           ^^^^^^^^^^^^^^
   |
   = help: consider using a Cargo feature instead
   = help: or consider adding in `Cargo.toml` the `check-cfg` lint config for the lint:
            [lints.rust]
            unexpected_cfgs = { level = "warn", check-cfg = ['cfg(tokio_unstable)'] }
   = help: or consider adding `println!("cargo::rustc-check-cfg=cfg(tokio_unstable)");` to the top of the `build.rs`
   = note: see <https://doc.rust-lang.org/nightly/rustc/check-cfg/cargo-specifics.html> for more information about checking conditional configuration

warning: unexpected `cfg` condition name: `tokio_unstable`
  --> submodules/tokio/tokio/src/runtime/task_hooks.rs:46:11
   |
46 |     #[cfg(tokio_unstable)]
   |           ^^^^^^^^^^^^^^
   |
   = help: consider using a Cargo feature instead
   = help: or consider adding in `Cargo.toml` the `check-cfg` lint config for the lint:
            [lints.rust]
            unexpected_cfgs = { level = "warn", check-cfg = ['cfg(tokio_unstable)'] }
   = help: or consider adding `println!("cargo::rustc-check-cfg=cfg(tokio_unstable)");` to the top of the `build.rs`
   = note: see <https://doc.rust-lang.org/nightly/rustc/check-cfg/cargo-specifics.html> for more information about checking conditional configuration

warning: unexpected `cfg` condition name: `tokio_unstable`
  --> submodules/tokio/tokio/src/runtime/task_hooks.rs:23:11
   |
23 |     #[cfg(tokio_unstable)]
   |           ^^^^^^^^^^^^^^
   |
   = help: consider using a Cargo feature instead
   = help: or consider adding in `Cargo.toml` the `check-cfg` lint config for the lint:
            [lints.rust]
            unexpected_cfgs = { level = "warn", check-cfg = ['cfg(tokio_unstable)'] }
   = help: or consider adding `println!("cargo::rustc-check-cfg=cfg(tokio_unstable)");` to the top of the `build.rs`
   = note: see <https://doc.rust-lang.org/nightly/rustc/check-cfg/cargo-specifics.html> for more information about checking conditional configuration

warning: unexpected `cfg` condition name: `tokio_unstable`
  --> submodules/tokio/tokio/src/runtime/task_hooks.rs:31:11
   |
31 |     #[cfg(tokio_unstable)]
   |           ^^^^^^^^^^^^^^
   |
   = help: consider using a Cargo feature instead
   = help: or consider adding in `Cargo.toml` the `check-cfg` lint config for the lint:
            [lints.rust]
            unexpected_cfgs = { level = "warn", check-cfg = ['cfg(tokio_unstable)'] }
   = help: or consider adding `println!("cargo::rustc-check-cfg=cfg(tokio_unstable)");` to the top of the `build.rs`
   = note: see <https://doc.rust-lang.org/nightly/rustc/check-cfg/cargo-specifics.html> for more information about checking conditional configuration

warning: unexpected `cfg` condition name: `tokio_unstable`
  --> submodules/tokio/tokio/src/runtime/task_hooks.rs:16:19
   |
16 |             #[cfg(tokio_unstable)]
   |                   ^^^^^^^^^^^^^^
   |
   = help: consider using a Cargo feature instead
   = help: or consider adding in `Cargo.toml` the `check-cfg` lint config for the lint:
            [lints.rust]
            unexpected_cfgs = { level = "warn", check-cfg = ['cfg(tokio_unstable)'] }
   = help: or consider adding `println!("cargo::rustc-check-cfg=cfg(tokio_unstable)");` to the top of the `build.rs`
   = note: see <https://doc.rust-lang.org/nightly/rustc/check-cfg/cargo-specifics.html> for more information about checking conditional configuration

warning: unexpected `cfg` condition name: `tokio_unstable`
  --> submodules/tokio/tokio/src/runtime/task_hooks.rs:18:19
   |
18 |             #[cfg(tokio_unstable)]
   |                   ^^^^^^^^^^^^^^
   |
   = help: consider using a Cargo feature instead
   = help: or consider adding in `Cargo.toml` the `check-cfg` lint config for the lint:
            [lints.rust]
            unexpected_cfgs = { level = "warn", check-cfg = ['cfg(tokio_unstable)'] }
   = help: or consider adding `println!("cargo::rustc-check-cfg=cfg(tokio_unstable)");` to the top of the `build.rs`
   = note: see <https://doc.rust-lang.org/nightly/rustc/check-cfg/cargo-specifics.html> for more information about checking conditional configuration

warning: unexpected `cfg` condition name: `tokio_unstable`
  --> submodules/tokio/tokio/src/runtime/task_hooks.rs:63:20
   |
63 |     #[cfg_attr(not(tokio_unstable), allow(unreachable_pub, dead_code))]
   |                    ^^^^^^^^^^^^^^
   |
   = help: consider using a Cargo feature instead
   = help: or consider adding in `Cargo.toml` the `check-cfg` lint config for the lint:
            [lints.rust]
            unexpected_cfgs = { level = "warn", check-cfg = ['cfg(tokio_unstable)'] }
   = help: or consider adding `println!("cargo::rustc-check-cfg=cfg(tokio_unstable)");` to the top of the `build.rs`
   = note: see <https://doc.rust-lang.org/nightly/rustc/check-cfg/cargo-specifics.html> for more information about checking conditional configuration

warning: unexpected `cfg` condition name: `tokio_unstable`
  --> submodules/tokio/tokio/src/runtime/task_hooks.rs:70:20
   |
70 |     #[cfg_attr(not(tokio_unstable), allow(unreachable_pub, dead_code))]
   |                    ^^^^^^^^^^^^^^
   |
   = help: consider using a Cargo feature instead
   = help: or consider adding in `Cargo.toml` the `check-cfg` lint config for the lint:
            [lints.rust]
            unexpected_cfgs = { level = "warn", check-cfg = ['cfg(tokio_unstable)'] }
   = help: or consider adding `println!("cargo::rustc-check-cfg=cfg(tokio_unstable)");` to the top of the `build.rs`
   = note: see <https://doc.rust-lang.org/nightly/rustc/check-cfg/cargo-specifics.html> for more information about checking conditional configuration

warning: unexpected `cfg` condition name: `tokio_unstable`
  --> submodules/tokio/tokio/src/runtime/task_hooks.rs:76:11
   |
76 |     #[cfg(tokio_unstable)]
   |           ^^^^^^^^^^^^^^
   |
   = help: consider using a Cargo feature instead
   = help: or consider adding in `Cargo.toml` the `check-cfg` lint config for the lint:
            [lints.rust]
            unexpected_cfgs = { level = "warn", check-cfg = ['cfg(tokio_unstable)'] }
   = help: or consider adding `println!("cargo::rustc-check-cfg=cfg(tokio_unstable)");` to the top of the `build.rs`
   = note: see <https://doc.rust-lang.org/nightly/rustc/check-cfg/cargo-specifics.html> for more information about checking conditional configuration

warning: unexpected `cfg` condition name: `tokio_unstable`
 --> submodules/tokio/tokio/src/runtime/handle.rs:1:7
  |
1 | #[cfg(tokio_unstable)]
  |       ^^^^^^^^^^^^^^
  |
  = help: consider using a Cargo feature instead
  = help: or consider adding in `Cargo.toml` the `check-cfg` lint config for the lint:
           [lints.rust]
           unexpected_cfgs = { level = "warn", check-cfg = ['cfg(tokio_unstable)'] }
  = help: or consider adding `println!("cargo::rustc-check-cfg=cfg(tokio_unstable)");` to the top of the `build.rs`
  = note: see <https://doc.rust-lang.org/nightly/rustc/check-cfg/cargo-specifics.html> for more information about checking conditional configuration

warning: unexpected `cfg` condition name: `tokio_unstable`
   --> submodules/tokio/tokio/src/macros/cfg.rs:501:17
    |
501 |                   tokio_unstable,
    |                   ^^^^^^^^^^^^^^
    |
   ::: submodules/tokio/tokio/src/runtime/handle.rs:495:1
    |
495 | / cfg_taskdump! {
496 | |     impl Handle {
497 | |         /// Captures a snapshot of the runtime's state.
498 | |         ///
...   |
659 | | }
    | |_- in this macro invocation
    |
    = help: consider using a Cargo feature instead
    = help: or consider adding in `Cargo.toml` the `check-cfg` lint config for the lint:
             [lints.rust]
             unexpected_cfgs = { level = "warn", check-cfg = ['cfg(tokio_unstable)'] }
    = help: or consider adding `println!("cargo::rustc-check-cfg=cfg(tokio_unstable)");` to the top of the `build.rs`
    = note: see <https://doc.rust-lang.org/nightly/rustc/check-cfg/cargo-specifics.html> for more information about checking conditional configuration
    = note: this warning originates in the macro `cfg_taskdump` (in Nightly builds, run with -Z macro-backtrace for more info)

warning: unexpected `cfg` condition name: `tokio_unstable`
   --> submodules/tokio/tokio/src/macros/cfg.rs:580:19
    |
580 |               #[cfg(tokio_unstable)]
    |                     ^^^^^^^^^^^^^^
    |
   ::: submodules/tokio/tokio/src/runtime/handle.rs:454:5
    |
454 | /     cfg_unstable! {
455 | |         /// Returns the [`Id`] of the current `Runtime`.
456 | |         ///
457 | |         /// # Examples
...   |
482 | |     }
    | |_____- in this macro invocation
    |
    = help: consider using a Cargo feature instead
    = help: or consider adding in `Cargo.toml` the `check-cfg` lint config for the lint:
             [lints.rust]
             unexpected_cfgs = { level = "warn", check-cfg = ['cfg(tokio_unstable)'] }
    = help: or consider adding `println!("cargo::rustc-check-cfg=cfg(tokio_unstable)");` to the top of the `build.rs`
    = note: see <https://doc.rust-lang.org/nightly/rustc/check-cfg/cargo-specifics.html> for more information about checking conditional configuration
    = note: this warning originates in the macro `cfg_unstable` (in Nightly builds, run with -Z macro-backtrace for more info)

warning: unexpected `cfg` condition name: `tokio_unstable`
   --> submodules/tokio/tokio/src/runtime/handle.rs:354:13
    |
354 |             tokio_unstable,
    |             ^^^^^^^^^^^^^^
    |
    = help: consider using a Cargo feature instead
    = help: or consider adding in `Cargo.toml` the `check-cfg` lint config for the lint:
             [lints.rust]
             unexpected_cfgs = { level = "warn", check-cfg = ['cfg(tokio_unstable)'] }
    = help: or consider adding `println!("cargo::rustc-check-cfg=cfg(tokio_unstable)");` to the top of the `build.rs`
    = note: see <https://doc.rust-lang.org/nightly/rustc/check-cfg/cargo-specifics.html> for more information about checking conditional configuration

warning: unexpected `cfg` condition name: `tokio_unstable`
   --> submodules/tokio/tokio/src/runtime/handle.rs:362:19
    |
362 |         #[cfg(all(tokio_unstable, feature = "tracing"))]
    |                   ^^^^^^^^^^^^^^
    |
    = help: consider using a Cargo feature instead
    = help: or consider adding in `Cargo.toml` the `check-cfg` lint config for the lint:
             [lints.rust]
             unexpected_cfgs = { level = "warn", check-cfg = ['cfg(tokio_unstable)'] }
    = help: or consider adding `println!("cargo::rustc-check-cfg=cfg(tokio_unstable)");` to the top of the `build.rs`
    = note: see <https://doc.rust-lang.org/nightly/rustc/check-cfg/cargo-specifics.html> for more information about checking conditional configuration

warning: unexpected `cfg` condition name: `tokio_unstable`
   --> submodules/tokio/tokio/src/runtime/handle.rs:381:13
    |
381 |             tokio_unstable,
    |             ^^^^^^^^^^^^^^
    |
    = help: consider using a Cargo feature instead
    = help: or consider adding in `Cargo.toml` the `check-cfg` lint config for the lint:
             [lints.rust]
             unexpected_cfgs = { level = "warn", check-cfg = ['cfg(tokio_unstable)'] }
    = help: or consider adding `println!("cargo::rustc-check-cfg=cfg(tokio_unstable)");` to the top of the `build.rs`
    = note: see <https://doc.rust-lang.org/nightly/rustc/check-cfg/cargo-specifics.html> for more information about checking conditional configuration

warning: unexpected `cfg` condition name: `tokio_unstable`
   --> submodules/tokio/tokio/src/runtime/handle.rs:388:19
    |
388 |         #[cfg(all(tokio_unstable, feature = "tracing"))]
    |                   ^^^^^^^^^^^^^^
    |
    = help: consider using a Cargo feature instead
    = help: or consider adding in `Cargo.toml` the `check-cfg` lint config for the lint:
             [lints.rust]
             unexpected_cfgs = { level = "warn", check-cfg = ['cfg(tokio_unstable)'] }
    = help: or consider adding `println!("cargo::rustc-check-cfg=cfg(tokio_unstable)");` to the top of the `build.rs`
    = note: see <https://doc.rust-lang.org/nightly/rustc/check-cfg/cargo-specifics.html> for more information about checking conditional configuration

warning: unexpected `cfg` condition name: `tokio_unstable`
   --> submodules/tokio/tokio/src/runtime/handle.rs:410:13
    |
410 |             tokio_unstable,
    |             ^^^^^^^^^^^^^^
    |
    = help: consider using a Cargo feature instead
    = help: or consider adding in `Cargo.toml` the `check-cfg` lint config for the lint:
             [lints.rust]
             unexpected_cfgs = { level = "warn", check-cfg = ['cfg(tokio_unstable)'] }
    = help: or consider adding `println!("cargo::rustc-check-cfg=cfg(tokio_unstable)");` to the top of the `build.rs`
    = note: see <https://doc.rust-lang.org/nightly/rustc/check-cfg/cargo-specifics.html> for more information about checking conditional configuration

warning: unexpected `cfg` condition name: `tokio_unstable`
   --> submodules/tokio/tokio/src/runtime/handle.rs:417:19
    |
417 |         #[cfg(all(tokio_unstable, feature = "tracing"))]
    |                   ^^^^^^^^^^^^^^
    |
    = help: consider using a Cargo feature instead
    = help: or consider adding in `Cargo.toml` the `check-cfg` lint config for the lint:
             [lints.rust]
             unexpected_cfgs = { level = "warn", check-cfg = ['cfg(tokio_unstable)'] }
    = help: or consider adding `println!("cargo::rustc-check-cfg=cfg(tokio_unstable)");` to the top of the `build.rs`
    = note: see <https://doc.rust-lang.org/nightly/rustc/check-cfg/cargo-specifics.html> for more information about checking conditional configuration

warning: unexpected `cfg` condition name: `tokio_unstable`
   --> submodules/tokio/tokio/src/runtime/runtime.rs:349:13
    |
349 |             tokio_unstable,
    |             ^^^^^^^^^^^^^^
    |
    = help: consider using a Cargo feature instead
    = help: or consider adding in `Cargo.toml` the `check-cfg` lint config for the lint:
             [lints.rust]
             unexpected_cfgs = { level = "warn", check-cfg = ['cfg(tokio_unstable)'] }
    = help: or consider adding `println!("cargo::rustc-check-cfg=cfg(tokio_unstable)");` to the top of the `build.rs`
    = note: see <https://doc.rust-lang.org/nightly/rustc/check-cfg/cargo-specifics.html> for more information about checking conditional configuration

warning: unexpected `cfg` condition name: `tokio_unstable`
   --> submodules/tokio/tokio/src/runtime/runtime.rs:357:19
    |
357 |         #[cfg(all(tokio_unstable, feature = "tracing"))]
    |                   ^^^^^^^^^^^^^^
    |
    = help: consider using a Cargo feature instead
    = help: or consider adding in `Cargo.toml` the `check-cfg` lint config for the lint:
             [lints.rust]
             unexpected_cfgs = { level = "warn", check-cfg = ['cfg(tokio_unstable)'] }
    = help: or consider adding `println!("cargo::rustc-check-cfg=cfg(tokio_unstable)");` to the top of the `build.rs`
    = note: see <https://doc.rust-lang.org/nightly/rustc/check-cfg/cargo-specifics.html> for more information about checking conditional configuration

warning: unexpected `cfg` condition name: `tokio_unstable`
   --> submodules/tokio/tokio/src/macros/cfg.rs:269:19
    |
269 |               #[cfg(tokio_unstable)]
    |                     ^^^^^^^^^^^^^^
    |
   ::: submodules/tokio/tokio/src/runtime/metrics/mod.rs:20:1
    |
 20 | / cfg_unstable_metrics! {
 21 | |
 22 | |     mod histogram;
 23 | |     pub(crate) use histogram::{Histogram, HistogramBatch, HistogramBuilder};
...   |
 35 | | }
    | |_- in this macro invocation
    |
    = help: consider using a Cargo feature instead
    = help: or consider adding in `Cargo.toml` the `check-cfg` lint config for the lint:
             [lints.rust]
             unexpected_cfgs = { level = "warn", check-cfg = ['cfg(tokio_unstable)'] }
    = help: or consider adding `println!("cargo::rustc-check-cfg=cfg(tokio_unstable)");` to the top of the `build.rs`
    = note: see <https://doc.rust-lang.org/nightly/rustc/check-cfg/cargo-specifics.html> for more information about checking conditional configuration
    = note: this warning originates in the macro `cfg_unstable_metrics` (in Nightly builds, run with -Z macro-backtrace for more info)

warning: unexpected `cfg` condition name: `tokio_unstable`
   --> submodules/tokio/tokio/src/macros/cfg.rs:299:23
    |
299 |               #[cfg(not(tokio_unstable))]
    |                         ^^^^^^^^^^^^^^
    |
   ::: submodules/tokio/tokio/src/runtime/metrics/mod.rs:37:1
    |
 37 | / cfg_not_unstable_metrics! {
 38 | |     mod mock;
 39 | |     pub(crate) use mock::{SchedulerMetrics, HistogramBuilder};
 40 | | }
    | |_- in this macro invocation
    |
    = help: consider using a Cargo feature instead
    = help: or consider adding in `Cargo.toml` the `check-cfg` lint config for the lint:
             [lints.rust]
             unexpected_cfgs = { level = "warn", check-cfg = ['cfg(tokio_unstable)'] }
    = help: or consider adding `println!("cargo::rustc-check-cfg=cfg(tokio_unstable)");` to the top of the `build.rs`
    = note: see <https://doc.rust-lang.org/nightly/rustc/check-cfg/cargo-specifics.html> for more information about checking conditional configuration
    = note: this warning originates in the macro `cfg_not_unstable_metrics` (in Nightly builds, run with -Z macro-backtrace for more info)

warning: unexpected `cfg` condition name: `tokio_unstable`
   --> submodules/tokio/tokio/src/macros/cfg.rs:269:19
    |
269 |               #[cfg(tokio_unstable)]
    |                     ^^^^^^^^^^^^^^
    |
   ::: submodules/tokio/tokio/src/runtime/metrics/runtime.rs:8:1
    |
  8 | / cfg_unstable_metrics! {
  9 | |     use std::ops::Range;
 10 | |     use std::thread::ThreadId;
 11 | | }
    | |_- in this macro invocation
    |
    = help: consider using a Cargo feature instead
    = help: or consider adding in `Cargo.toml` the `check-cfg` lint config for the lint:
             [lints.rust]
             unexpected_cfgs = { level = "warn", check-cfg = ['cfg(tokio_unstable)'] }
    = help: or consider adding `println!("cargo::rustc-check-cfg=cfg(tokio_unstable)");` to the top of the `build.rs`
    = note: see <https://doc.rust-lang.org/nightly/rustc/check-cfg/cargo-specifics.html> for more information about checking conditional configuration
    = note: this warning originates in the macro `cfg_unstable_metrics` (in Nightly builds, run with -Z macro-backtrace for more info)

warning: unexpected `cfg` condition name: `tokio_unstable`
   --> submodules/tokio/tokio/src/macros/cfg.rs:269:19
    |
269 |               #[cfg(tokio_unstable)]
    |                     ^^^^^^^^^^^^^^
    |
   ::: submodules/tokio/tokio/src/runtime/metrics/runtime.rs:245:5
    |
245 | /     cfg_unstable_metrics! {
246 | |
247 | |         /// Returns the number of additional threads spawned by the runtime.
248 | |         ///
...   |
570 | |     }
    | |_____- in this macro invocation
    |
    = help: consider using a Cargo feature instead
    = help: or consider adding in `Cargo.toml` the `check-cfg` lint config for the lint:
             [lints.rust]
             unexpected_cfgs = { level = "warn", check-cfg = ['cfg(tokio_unstable)'] }
    = help: or consider adding `println!("cargo::rustc-check-cfg=cfg(tokio_unstable)");` to the top of the `build.rs`
    = note: see <https://doc.rust-lang.org/nightly/rustc/check-cfg/cargo-specifics.html> for more information about checking conditional configuration
    = note: this warning originates in the macro `cfg_unstable_metrics` (in Nightly builds, run with -Z macro-backtrace for more info)

warning: unexpected `cfg` condition name: `tokio_unstable`
   --> submodules/tokio/tokio/src/runtime/metrics/runtime.rs:574:13
    |
574 |             tokio_unstable,
    |             ^^^^^^^^^^^^^^
    |
    = help: consider using a Cargo feature instead
    = help: or consider adding in `Cargo.toml` the `check-cfg` lint config for the lint:
             [lints.rust]
             unexpected_cfgs = { level = "warn", check-cfg = ['cfg(tokio_unstable)'] }
    = help: or consider adding `println!("cargo::rustc-check-cfg=cfg(tokio_unstable)");` to the top of the `build.rs`
    = note: see <https://doc.rust-lang.org/nightly/rustc/check-cfg/cargo-specifics.html> for more information about checking conditional configuration

warning: unexpected `cfg` condition name: `tokio_unstable`
    --> submodules/tokio/tokio/src/runtime/metrics/runtime.rs:1030:13
     |
1030 |             tokio_unstable,
     |             ^^^^^^^^^^^^^^
     |
     = help: consider using a Cargo feature instead
     = help: or consider adding in `Cargo.toml` the `check-cfg` lint config for the lint:
              [lints.rust]
              unexpected_cfgs = { level = "warn", check-cfg = ['cfg(tokio_unstable)'] }
     = help: or consider adding `println!("cargo::rustc-check-cfg=cfg(tokio_unstable)");` to the top of the `build.rs`
     = note: see <https://doc.rust-lang.org/nightly/rustc/check-cfg/cargo-specifics.html> for more information about checking conditional configuration

warning: unexpected `cfg` condition name: `tokio_unstable`
   --> submodules/tokio/tokio/src/macros/cfg.rs:269:19
    |
269 |               #[cfg(tokio_unstable)]
    |                     ^^^^^^^^^^^^^^
    |
   ::: submodules/tokio/tokio/src/runtime/metrics/batch.rs:3:1
    |
  3 | / cfg_unstable_metrics! {
  4 | |     use crate::runtime::metrics::HistogramBatch;
  5 | | }
    | |_- in this macro invocation
    |
    = help: consider using a Cargo feature instead
    = help: or consider adding in `Cargo.toml` the `check-cfg` lint config for the lint:
             [lints.rust]
             unexpected_cfgs = { level = "warn", check-cfg = ['cfg(tokio_unstable)'] }
    = help: or consider adding `println!("cargo::rustc-check-cfg=cfg(tokio_unstable)");` to the top of the `build.rs`
    = note: see <https://doc.rust-lang.org/nightly/rustc/check-cfg/cargo-specifics.html> for more information about checking conditional configuration
    = note: this warning originates in the macro `cfg_unstable_metrics` (in Nightly builds, run with -Z macro-backtrace for more info)

warning: unexpected `cfg` condition name: `tokio_unstable`
   --> submodules/tokio/tokio/src/macros/cfg.rs:269:19
    |
269 |               #[cfg(tokio_unstable)]
    |                     ^^^^^^^^^^^^^^
    |
   ::: submodules/tokio/tokio/src/runtime/metrics/batch.rs:58:1
    |
 58 | / cfg_unstable_metrics! {
 59 | |     struct PollTimer {
 60 | |         /// Histogram of poll counts within each band.
 61 | |         poll_counts: HistogramBatch,
...   |
 66 | | }
    | |_- in this macro invocation
    |
    = help: consider using a Cargo feature instead
    = help: or consider adding in `Cargo.toml` the `check-cfg` lint config for the lint:
             [lints.rust]
             unexpected_cfgs = { level = "warn", check-cfg = ['cfg(tokio_unstable)'] }
    = help: or consider adding `println!("cargo::rustc-check-cfg=cfg(tokio_unstable)");` to the top of the `build.rs`
    = note: see <https://doc.rust-lang.org/nightly/rustc/check-cfg/cargo-specifics.html> for more information about checking conditional configuration
    = note: this warning originates in the macro `cfg_unstable_metrics` (in Nightly builds, run with -Z macro-backtrace for more info)

warning: unexpected `cfg` condition name: `tokio_unstable`
  --> submodules/tokio/tokio/src/runtime/metrics/batch.rs:23:11
   |
23 |     #[cfg(tokio_unstable)]
   |           ^^^^^^^^^^^^^^
   |
   = help: consider using a Cargo feature instead
   = help: or consider adding in `Cargo.toml` the `check-cfg` lint config for the lint:
            [lints.rust]
            unexpected_cfgs = { level = "warn", check-cfg = ['cfg(tokio_unstable)'] }
   = help: or consider adding `println!("cargo::rustc-check-cfg=cfg(tokio_unstable)");` to the top of the `build.rs`
   = note: see <https://doc.rust-lang.org/nightly/rustc/check-cfg/cargo-specifics.html> for more information about checking conditional configuration

warning: unexpected `cfg` condition name: `tokio_unstable`
  --> submodules/tokio/tokio/src/runtime/metrics/batch.rs:27:11
   |
27 |     #[cfg(tokio_unstable)]
   |           ^^^^^^^^^^^^^^
   |
   = help: consider using a Cargo feature instead
   = help: or consider adding in `Cargo.toml` the `check-cfg` lint config for the lint:
            [lints.rust]
            unexpected_cfgs = { level = "warn", check-cfg = ['cfg(tokio_unstable)'] }
   = help: or consider adding `println!("cargo::rustc-check-cfg=cfg(tokio_unstable)");` to the top of the `build.rs`
   = note: see <https://doc.rust-lang.org/nightly/rustc/check-cfg/cargo-specifics.html> for more information about checking conditional configuration

warning: unexpected `cfg` condition name: `tokio_unstable`
  --> submodules/tokio/tokio/src/runtime/metrics/batch.rs:31:11
   |
31 |     #[cfg(tokio_unstable)]
   |           ^^^^^^^^^^^^^^
   |
   = help: consider using a Cargo feature instead
   = help: or consider adding in `Cargo.toml` the `check-cfg` lint config for the lint:
            [lints.rust]
            unexpected_cfgs = { level = "warn", check-cfg = ['cfg(tokio_unstable)'] }
   = help: or consider adding `println!("cargo::rustc-check-cfg=cfg(tokio_unstable)");` to the top of the `build.rs`
   = note: see <https://doc.rust-lang.org/nightly/rustc/check-cfg/cargo-specifics.html> for more information about checking conditional configuration

warning: unexpected `cfg` condition name: `tokio_unstable`
  --> submodules/tokio/tokio/src/runtime/metrics/batch.rs:35:11
   |
35 |     #[cfg(tokio_unstable)]
   |           ^^^^^^^^^^^^^^
   |
   = help: consider using a Cargo feature instead
   = help: or consider adding in `Cargo.toml` the `check-cfg` lint config for the lint:
            [lints.rust]
            unexpected_cfgs = { level = "warn", check-cfg = ['cfg(tokio_unstable)'] }
   = help: or consider adding `println!("cargo::rustc-check-cfg=cfg(tokio_unstable)");` to the top of the `build.rs`
   = note: see <https://doc.rust-lang.org/nightly/rustc/check-cfg/cargo-specifics.html> for more information about checking conditional configuration

warning: unexpected `cfg` condition name: `tokio_unstable`
  --> submodules/tokio/tokio/src/runtime/metrics/batch.rs:39:11
   |
39 |     #[cfg(tokio_unstable)]
   |           ^^^^^^^^^^^^^^
   |
   = help: consider using a Cargo feature instead
   = help: or consider adding in `Cargo.toml` the `check-cfg` lint config for the lint:
            [lints.rust]
            unexpected_cfgs = { level = "warn", check-cfg = ['cfg(tokio_unstable)'] }
   = help: or consider adding `println!("cargo::rustc-check-cfg=cfg(tokio_unstable)");` to the top of the `build.rs`
   = note: see <https://doc.rust-lang.org/nightly/rustc/check-cfg/cargo-specifics.html> for more information about checking conditional configuration

warning: unexpected `cfg` condition name: `tokio_unstable`
  --> submodules/tokio/tokio/src/runtime/metrics/batch.rs:44:11
   |
44 |     #[cfg(tokio_unstable)]
   |           ^^^^^^^^^^^^^^
   |
   = help: consider using a Cargo feature instead
   = help: or consider adding in `Cargo.toml` the `check-cfg` lint config for the lint:
            [lints.rust]
            unexpected_cfgs = { level = "warn", check-cfg = ['cfg(tokio_unstable)'] }
   = help: or consider adding `println!("cargo::rustc-check-cfg=cfg(tokio_unstable)");` to the top of the `build.rs`
   = note: see <https://doc.rust-lang.org/nightly/rustc/check-cfg/cargo-specifics.html> for more information about checking conditional configuration

warning: unexpected `cfg` condition name: `tokio_unstable`
  --> submodules/tokio/tokio/src/runtime/metrics/batch.rs:48:11
   |
48 |     #[cfg(tokio_unstable)]
   |           ^^^^^^^^^^^^^^
   |
   = help: consider using a Cargo feature instead
   = help: or consider adding in `Cargo.toml` the `check-cfg` lint config for the lint:
            [lints.rust]
            unexpected_cfgs = { level = "warn", check-cfg = ['cfg(tokio_unstable)'] }
   = help: or consider adding `println!("cargo::rustc-check-cfg=cfg(tokio_unstable)");` to the top of the `build.rs`
   = note: see <https://doc.rust-lang.org/nightly/rustc/check-cfg/cargo-specifics.html> for more information about checking conditional configuration

warning: unexpected `cfg` condition name: `tokio_unstable`
  --> submodules/tokio/tokio/src/runtime/metrics/batch.rs:53:11
   |
53 |     #[cfg(tokio_unstable)]
   |           ^^^^^^^^^^^^^^
   |
   = help: consider using a Cargo feature instead
   = help: or consider adding in `Cargo.toml` the `check-cfg` lint config for the lint:
            [lints.rust]
            unexpected_cfgs = { level = "warn", check-cfg = ['cfg(tokio_unstable)'] }
   = help: or consider adding `println!("cargo::rustc-check-cfg=cfg(tokio_unstable)");` to the top of the `build.rs`
   = note: see <https://doc.rust-lang.org/nightly/rustc/check-cfg/cargo-specifics.html> for more information about checking conditional configuration

warning: unexpected `cfg` condition name: `tokio_unstable`
   --> submodules/tokio/tokio/src/macros/cfg.rs:299:23
    |
299 |               #[cfg(not(tokio_unstable))]
    |                         ^^^^^^^^^^^^^^
    |
   ::: submodules/tokio/tokio/src/runtime/metrics/batch.rs:74:5
    |
 74 | /     cfg_metrics_variant! {
 75 | |         stable: {
 76 | |             #[inline(always)]
 77 | |             fn new_unstable(_worker_metrics: &WorkerMetrics, maybe_now: Option<Instant>) -> MetricsBatch {
...   |
114 | |     }
    | |_____- in this macro invocation
    |
    = help: consider using a Cargo feature instead
    = help: or consider adding in `Cargo.toml` the `check-cfg` lint config for the lint:
             [lints.rust]
             unexpected_cfgs = { level = "warn", check-cfg = ['cfg(tokio_unstable)'] }
    = help: or consider adding `println!("cargo::rustc-check-cfg=cfg(tokio_unstable)");` to the top of the `build.rs`
    = note: see <https://doc.rust-lang.org/nightly/rustc/check-cfg/cargo-specifics.html> for more information about checking conditional configuration
    = note: this warning originates in the macro `cfg_not_unstable_metrics` which comes from the expansion of the macro `cfg_metrics_variant` (in Nightly builds, run with -Z macro-backtrace for more info)

warning: unexpected `cfg` condition name: `tokio_unstable`
   --> submodules/tokio/tokio/src/macros/cfg.rs:269:19
    |
269 |               #[cfg(tokio_unstable)]
    |                     ^^^^^^^^^^^^^^
    |
   ::: submodules/tokio/tokio/src/runtime/metrics/batch.rs:74:5
    |
 74 | /     cfg_metrics_variant! {
 75 | |         stable: {
 76 | |             #[inline(always)]
 77 | |             fn new_unstable(_worker_metrics: &WorkerMetrics, maybe_now: Option<Instant>) -> MetricsBatch {
...   |
114 | |     }
    | |_____- in this macro invocation
    |
    = help: consider using a Cargo feature instead
    = help: or consider adding in `Cargo.toml` the `check-cfg` lint config for the lint:
             [lints.rust]
             unexpected_cfgs = { level = "warn", check-cfg = ['cfg(tokio_unstable)'] }
    = help: or consider adding `println!("cargo::rustc-check-cfg=cfg(tokio_unstable)");` to the top of the `build.rs`
    = note: see <https://doc.rust-lang.org/nightly/rustc/check-cfg/cargo-specifics.html> for more information about checking conditional configuration
    = note: this warning originates in the macro `cfg_unstable_metrics` which comes from the expansion of the macro `cfg_metrics_variant` (in Nightly builds, run with -Z macro-backtrace for more info)

warning: unexpected `cfg` condition name: `tokio_unstable`
   --> submodules/tokio/tokio/src/macros/cfg.rs:299:23
    |
299 |               #[cfg(not(tokio_unstable))]
    |                         ^^^^^^^^^^^^^^
    |
   ::: submodules/tokio/tokio/src/runtime/metrics/batch.rs:124:5
    |
124 | /     cfg_metrics_variant! {
125 | |         stable: {
126 | |             #[inline(always)]
127 | |             fn submit_unstable(&mut self, worker: &WorkerMetrics, _mean_poll_time: u64) {
...   |
160 | |     }
    | |_____- in this macro invocation
    |
    = help: consider using a Cargo feature instead
    = help: or consider adding in `Cargo.toml` the `check-cfg` lint config for the lint:
             [lints.rust]
             unexpected_cfgs = { level = "warn", check-cfg = ['cfg(tokio_unstable)'] }
    = help: or consider adding `println!("cargo::rustc-check-cfg=cfg(tokio_unstable)");` to the top of the `build.rs`
    = note: see <https://doc.rust-lang.org/nightly/rustc/check-cfg/cargo-specifics.html> for more information about checking conditional configuration
    = note: this warning originates in the macro `cfg_not_unstable_metrics` which comes from the expansion of the macro `cfg_metrics_variant` (in Nightly builds, run with -Z macro-backtrace for more info)

warning: unexpected `cfg` condition name: `tokio_unstable`
   --> submodules/tokio/tokio/src/macros/cfg.rs:269:19
    |
269 |               #[cfg(tokio_unstable)]
    |                     ^^^^^^^^^^^^^^
    |
   ::: submodules/tokio/tokio/src/runtime/metrics/batch.rs:124:5
    |
124 | /     cfg_metrics_variant! {
125 | |         stable: {
126 | |             #[inline(always)]
127 | |             fn submit_unstable(&mut self, worker: &WorkerMetrics, _mean_poll_time: u64) {
...   |
160 | |     }
    | |_____- in this macro invocation
    |
    = help: consider using a Cargo feature instead
    = help: or consider adding in `Cargo.toml` the `check-cfg` lint config for the lint:
             [lints.rust]
             unexpected_cfgs = { level = "warn", check-cfg = ['cfg(tokio_unstable)'] }
    = help: or consider adding `println!("cargo::rustc-check-cfg=cfg(tokio_unstable)");` to the top of the `build.rs`
    = note: see <https://doc.rust-lang.org/nightly/rustc/check-cfg/cargo-specifics.html> for more information about checking conditional configuration
    = note: this warning originates in the macro `cfg_unstable_metrics` which comes from the expansion of the macro `cfg_metrics_variant` (in Nightly builds, run with -Z macro-backtrace for more info)

warning: unexpected `cfg` condition name: `tokio_unstable`
   --> submodules/tokio/tokio/src/macros/cfg.rs:299:23
    |
299 |               #[cfg(not(tokio_unstable))]
    |                         ^^^^^^^^^^^^^^
    |
   ::: submodules/tokio/tokio/src/runtime/metrics/batch.rs:162:5
    |
162 | /     cfg_metrics_variant! {
163 | |         stable: {
164 | |             /// The worker is about to park.
165 | |             pub(crate) fn about_to_park(&mut self) {
...   |
185 | |     }
    | |_____- in this macro invocation
    |
    = help: consider using a Cargo feature instead
    = help: or consider adding in `Cargo.toml` the `check-cfg` lint config for the lint:
             [lints.rust]
             unexpected_cfgs = { level = "warn", check-cfg = ['cfg(tokio_unstable)'] }
    = help: or consider adding `println!("cargo::rustc-check-cfg=cfg(tokio_unstable)");` to the top of the `build.rs`
    = note: see <https://doc.rust-lang.org/nightly/rustc/check-cfg/cargo-specifics.html> for more information about checking conditional configuration
    = note: this warning originates in the macro `cfg_not_unstable_metrics` which comes from the expansion of the macro `cfg_metrics_variant` (in Nightly builds, run with -Z macro-backtrace for more info)

warning: unexpected `cfg` condition name: `tokio_unstable`
   --> submodules/tokio/tokio/src/macros/cfg.rs:269:19
    |
269 |               #[cfg(tokio_unstable)]
    |                     ^^^^^^^^^^^^^^
    |
   ::: submodules/tokio/tokio/src/runtime/metrics/batch.rs:162:5
    |
162 | /     cfg_metrics_variant! {
163 | |         stable: {
164 | |             /// The worker is about to park.
165 | |             pub(crate) fn about_to_park(&mut self) {
...   |
185 | |     }
    | |_____- in this macro invocation
    |
    = help: consider using a Cargo feature instead
    = help: or consider adding in `Cargo.toml` the `check-cfg` lint config for the lint:
             [lints.rust]
             unexpected_cfgs = { level = "warn", check-cfg = ['cfg(tokio_unstable)'] }
    = help: or consider adding `println!("cargo::rustc-check-cfg=cfg(tokio_unstable)");` to the top of the `build.rs`
    = note: see <https://doc.rust-lang.org/nightly/rustc/check-cfg/cargo-specifics.html> for more information about checking conditional configuration
    = note: this warning originates in the macro `cfg_unstable_metrics` which comes from the expansion of the macro `cfg_metrics_variant` (in Nightly builds, run with -Z macro-backtrace for more info)

warning: unexpected `cfg` condition name: `tokio_unstable`
   --> submodules/tokio/tokio/src/macros/cfg.rs:299:23
    |
299 |               #[cfg(not(tokio_unstable))]
    |                         ^^^^^^^^^^^^^^
    |
   ::: submodules/tokio/tokio/src/runtime/metrics/batch.rs:206:5
    |
206 | /     cfg_metrics_variant! {
207 | |         stable: {
208 | |             /// Start polling an individual task
209 | |             pub(crate) fn start_poll(&mut self) {}
...   |
220 | |     }
    | |_____- in this macro invocation
    |
    = help: consider using a Cargo feature instead
    = help: or consider adding in `Cargo.toml` the `check-cfg` lint config for the lint:
             [lints.rust]
             unexpected_cfgs = { level = "warn", check-cfg = ['cfg(tokio_unstable)'] }
    = help: or consider adding `println!("cargo::rustc-check-cfg=cfg(tokio_unstable)");` to the top of the `build.rs`
    = note: see <https://doc.rust-lang.org/nightly/rustc/check-cfg/cargo-specifics.html> for more information about checking conditional configuration
    = note: this warning originates in the macro `cfg_not_unstable_metrics` which comes from the expansion of the macro `cfg_metrics_variant` (in Nightly builds, run with -Z macro-backtrace for more info)

warning: unexpected `cfg` condition name: `tokio_unstable`
   --> submodules/tokio/tokio/src/macros/cfg.rs:269:19
    |
269 |               #[cfg(tokio_unstable)]
    |                     ^^^^^^^^^^^^^^
    |
   ::: submodules/tokio/tokio/src/runtime/metrics/batch.rs:206:5
    |
206 | /     cfg_metrics_variant! {
207 | |         stable: {
208 | |             /// Start polling an individual task
209 | |             pub(crate) fn start_poll(&mut self) {}
...   |
220 | |     }
    | |_____- in this macro invocation
    |
    = help: consider using a Cargo feature instead
    = help: or consider adding in `Cargo.toml` the `check-cfg` lint config for the lint:
             [lints.rust]
             unexpected_cfgs = { level = "warn", check-cfg = ['cfg(tokio_unstable)'] }
    = help: or consider adding `println!("cargo::rustc-check-cfg=cfg(tokio_unstable)");` to the top of the `build.rs`
    = note: see <https://doc.rust-lang.org/nightly/rustc/check-cfg/cargo-specifics.html> for more information about checking conditional configuration
    = note: this warning originates in the macro `cfg_unstable_metrics` which comes from the expansion of the macro `cfg_metrics_variant` (in Nightly builds, run with -Z macro-backtrace for more info)

warning: unexpected `cfg` condition name: `tokio_unstable`
   --> submodules/tokio/tokio/src/macros/cfg.rs:299:23
    |
299 |               #[cfg(not(tokio_unstable))]
    |                         ^^^^^^^^^^^^^^
    |
   ::: submodules/tokio/tokio/src/runtime/metrics/batch.rs:222:5
    |
222 | /     cfg_metrics_variant! {
223 | |         stable: {
224 | |             /// Stop polling an individual task
225 | |             pub(crate) fn end_poll(&mut self) {}
...   |
236 | |     }
    | |_____- in this macro invocation
    |
    = help: consider using a Cargo feature instead
    = help: or consider adding in `Cargo.toml` the `check-cfg` lint config for the lint:
             [lints.rust]
             unexpected_cfgs = { level = "warn", check-cfg = ['cfg(tokio_unstable)'] }
    = help: or consider adding `println!("cargo::rustc-check-cfg=cfg(tokio_unstable)");` to the top of the `build.rs`
    = note: see <https://doc.rust-lang.org/nightly/rustc/check-cfg/cargo-specifics.html> for more information about checking conditional configuration
    = note: this warning originates in the macro `cfg_not_unstable_metrics` which comes from the expansion of the macro `cfg_metrics_variant` (in Nightly builds, run with -Z macro-backtrace for more info)

warning: unexpected `cfg` condition name: `tokio_unstable`
   --> submodules/tokio/tokio/src/macros/cfg.rs:269:19
    |
269 |               #[cfg(tokio_unstable)]
    |                     ^^^^^^^^^^^^^^
    |
   ::: submodules/tokio/tokio/src/runtime/metrics/batch.rs:222:5
    |
222 | /     cfg_metrics_variant! {
223 | |         stable: {
224 | |             /// Stop polling an individual task
225 | |             pub(crate) fn end_poll(&mut self) {}
...   |
236 | |     }
    | |_____- in this macro invocation
    |
    = help: consider using a Cargo feature instead
    = help: or consider adding in `Cargo.toml` the `check-cfg` lint config for the lint:
             [lints.rust]
             unexpected_cfgs = { level = "warn", check-cfg = ['cfg(tokio_unstable)'] }
    = help: or consider adding `println!("cargo::rustc-check-cfg=cfg(tokio_unstable)");` to the top of the `build.rs`
    = note: see <https://doc.rust-lang.org/nightly/rustc/check-cfg/cargo-specifics.html> for more information about checking conditional configuration
    = note: this warning originates in the macro `cfg_unstable_metrics` which comes from the expansion of the macro `cfg_metrics_variant` (in Nightly builds, run with -Z macro-backtrace for more info)

warning: unexpected `cfg` condition name: `tokio_unstable`
   --> submodules/tokio/tokio/src/macros/cfg.rs:299:23
    |
299 |               #[cfg(not(tokio_unstable))]
    |                         ^^^^^^^^^^^^^^
    |
   ::: submodules/tokio/tokio/src/runtime/metrics/batch.rs:238:5
    |
238 | /     cfg_metrics_variant! {
239 | |         stable: {
240 | |             pub(crate) fn inc_local_schedule_count(&mut self) {}
241 | |         },
...   |
247 | |     }
    | |_____- in this macro invocation
    |
    = help: consider using a Cargo feature instead
    = help: or consider adding in `Cargo.toml` the `check-cfg` lint config for the lint:
             [lints.rust]
             unexpected_cfgs = { level = "warn", check-cfg = ['cfg(tokio_unstable)'] }
    = help: or consider adding `println!("cargo::rustc-check-cfg=cfg(tokio_unstable)");` to the top of the `build.rs`
    = note: see <https://doc.rust-lang.org/nightly/rustc/check-cfg/cargo-specifics.html> for more information about checking conditional configuration
    = note: this warning originates in the macro `cfg_not_unstable_metrics` which comes from the expansion of the macro `cfg_metrics_variant` (in Nightly builds, run with -Z macro-backtrace for more info)

warning: unexpected `cfg` condition name: `tokio_unstable`
   --> submodules/tokio/tokio/src/macros/cfg.rs:269:19
    |
269 |               #[cfg(tokio_unstable)]
    |                     ^^^^^^^^^^^^^^
    |
   ::: submodules/tokio/tokio/src/runtime/metrics/batch.rs:238:5
    |
238 | /     cfg_metrics_variant! {
239 | |         stable: {
240 | |             pub(crate) fn inc_local_schedule_count(&mut self) {}
241 | |         },
...   |
247 | |     }
    | |_____- in this macro invocation
    |
    = help: consider using a Cargo feature instead
    = help: or consider adding in `Cargo.toml` the `check-cfg` lint config for the lint:
             [lints.rust]
             unexpected_cfgs = { level = "warn", check-cfg = ['cfg(tokio_unstable)'] }
    = help: or consider adding `println!("cargo::rustc-check-cfg=cfg(tokio_unstable)");` to the top of the `build.rs`
    = note: see <https://doc.rust-lang.org/nightly/rustc/check-cfg/cargo-specifics.html> for more information about checking conditional configuration
    = note: this warning originates in the macro `cfg_unstable_metrics` which comes from the expansion of the macro `cfg_metrics_variant` (in Nightly builds, run with -Z macro-backtrace for more info)

warning: unexpected `cfg` condition name: `tokio_unstable`
   --> submodules/tokio/tokio/src/macros/cfg.rs:299:23
    |
299 |               #[cfg(not(tokio_unstable))]
    |                         ^^^^^^^^^^^^^^
    |
   ::: submodules/tokio/tokio/src/runtime/metrics/batch.rs:252:9
    |
252 | /         cfg_metrics_variant! {
253 | |             stable: {
254 | |                 pub(crate) fn incr_steal_count(&mut self, _by: u16) {}
255 | |             },
...   |
261 | |         }
    | |_________- in this macro invocation
    |
    = help: consider using a Cargo feature instead
    = help: or consider adding in `Cargo.toml` the `check-cfg` lint config for the lint:
             [lints.rust]
             unexpected_cfgs = { level = "warn", check-cfg = ['cfg(tokio_unstable)'] }
    = help: or consider adding `println!("cargo::rustc-check-cfg=cfg(tokio_unstable)");` to the top of the `build.rs`
    = note: see <https://doc.rust-lang.org/nightly/rustc/check-cfg/cargo-specifics.html> for more information about checking conditional configuration
    = note: this warning originates in the macro `cfg_not_unstable_metrics` which comes from the expansion of the macro `cfg_metrics_variant` (in Nightly builds, run with -Z macro-backtrace for more info)

warning: unexpected `cfg` condition name: `tokio_unstable`
   --> submodules/tokio/tokio/src/macros/cfg.rs:269:19
    |
269 |               #[cfg(tokio_unstable)]
    |                     ^^^^^^^^^^^^^^
    |
   ::: submodules/tokio/tokio/src/runtime/metrics/batch.rs:252:9
    |
252 | /         cfg_metrics_variant! {
253 | |             stable: {
254 | |                 pub(crate) fn incr_steal_count(&mut self, _by: u16) {}
255 | |             },
...   |
261 | |         }
    | |_________- in this macro invocation
    |
    = help: consider using a Cargo feature instead
    = help: or consider adding in `Cargo.toml` the `check-cfg` lint config for the lint:
             [lints.rust]
             unexpected_cfgs = { level = "warn", check-cfg = ['cfg(tokio_unstable)'] }
    = help: or consider adding `println!("cargo::rustc-check-cfg=cfg(tokio_unstable)");` to the top of the `build.rs`
    = note: see <https://doc.rust-lang.org/nightly/rustc/check-cfg/cargo-specifics.html> for more information about checking conditional configuration
    = note: this warning originates in the macro `cfg_unstable_metrics` which comes from the expansion of the macro `cfg_metrics_variant` (in Nightly builds, run with -Z macro-backtrace for more info)

warning: unexpected `cfg` condition name: `tokio_unstable`
   --> submodules/tokio/tokio/src/macros/cfg.rs:299:23
    |
299 |               #[cfg(not(tokio_unstable))]
    |                         ^^^^^^^^^^^^^^
    |
   ::: submodules/tokio/tokio/src/runtime/metrics/batch.rs:263:9
    |
263 | /         cfg_metrics_variant! {
264 | |             stable: {
265 | |                 pub(crate) fn incr_steal_operations(&mut self) {}
266 | |             },
...   |
272 | |         }
    | |_________- in this macro invocation
    |
    = help: consider using a Cargo feature instead
    = help: or consider adding in `Cargo.toml` the `check-cfg` lint config for the lint:
             [lints.rust]
             unexpected_cfgs = { level = "warn", check-cfg = ['cfg(tokio_unstable)'] }
    = help: or consider adding `println!("cargo::rustc-check-cfg=cfg(tokio_unstable)");` to the top of the `build.rs`
    = note: see <https://doc.rust-lang.org/nightly/rustc/check-cfg/cargo-specifics.html> for more information about checking conditional configuration
    = note: this warning originates in the macro `cfg_not_unstable_metrics` which comes from the expansion of the macro `cfg_metrics_variant` (in Nightly builds, run with -Z macro-backtrace for more info)

warning: unexpected `cfg` condition name: `tokio_unstable`
   --> submodules/tokio/tokio/src/macros/cfg.rs:269:19
    |
269 |               #[cfg(tokio_unstable)]
    |                     ^^^^^^^^^^^^^^
    |
   ::: submodules/tokio/tokio/src/runtime/metrics/batch.rs:263:9
    |
263 | /         cfg_metrics_variant! {
264 | |             stable: {
265 | |                 pub(crate) fn incr_steal_operations(&mut self) {}
266 | |             },
...   |
272 | |         }
    | |_________- in this macro invocation
    |
    = help: consider using a Cargo feature instead
    = help: or consider adding in `Cargo.toml` the `check-cfg` lint config for the lint:
             [lints.rust]
             unexpected_cfgs = { level = "warn", check-cfg = ['cfg(tokio_unstable)'] }
    = help: or consider adding `println!("cargo::rustc-check-cfg=cfg(tokio_unstable)");` to the top of the `build.rs`
    = note: see <https://doc.rust-lang.org/nightly/rustc/check-cfg/cargo-specifics.html> for more information about checking conditional configuration
    = note: this warning originates in the macro `cfg_unstable_metrics` which comes from the expansion of the macro `cfg_metrics_variant` (in Nightly builds, run with -Z macro-backtrace for more info)

warning: unexpected `cfg` condition name: `tokio_unstable`
   --> submodules/tokio/tokio/src/macros/cfg.rs:299:23
    |
299 |               #[cfg(not(tokio_unstable))]
    |                         ^^^^^^^^^^^^^^
    |
   ::: submodules/tokio/tokio/src/runtime/metrics/batch.rs:274:9
    |
274 | /         cfg_metrics_variant! {
275 | |             stable: {
276 | |                 pub(crate) fn incr_overflow_count(&mut self) {}
277 | |             },
...   |
283 | |         }
    | |_________- in this macro invocation
    |
    = help: consider using a Cargo feature instead
    = help: or consider adding in `Cargo.toml` the `check-cfg` lint config for the lint:
             [lints.rust]
             unexpected_cfgs = { level = "warn", check-cfg = ['cfg(tokio_unstable)'] }
    = help: or consider adding `println!("cargo::rustc-check-cfg=cfg(tokio_unstable)");` to the top of the `build.rs`
    = note: see <https://doc.rust-lang.org/nightly/rustc/check-cfg/cargo-specifics.html> for more information about checking conditional configuration
    = note: this warning originates in the macro `cfg_not_unstable_metrics` which comes from the expansion of the macro `cfg_metrics_variant` (in Nightly builds, run with -Z macro-backtrace for more info)

warning: unexpected `cfg` condition name: `tokio_unstable`
   --> submodules/tokio/tokio/src/macros/cfg.rs:269:19
    |
269 |               #[cfg(tokio_unstable)]
    |                     ^^^^^^^^^^^^^^
    |
   ::: submodules/tokio/tokio/src/runtime/metrics/batch.rs:274:9
    |
274 | /         cfg_metrics_variant! {
275 | |             stable: {
276 | |                 pub(crate) fn incr_overflow_count(&mut self) {}
277 | |             },
...   |
283 | |         }
    | |_________- in this macro invocation
    |
    = help: consider using a Cargo feature instead
    = help: or consider adding in `Cargo.toml` the `check-cfg` lint config for the lint:
             [lints.rust]
             unexpected_cfgs = { level = "warn", check-cfg = ['cfg(tokio_unstable)'] }
    = help: or consider adding `println!("cargo::rustc-check-cfg=cfg(tokio_unstable)");` to the top of the `build.rs`
    = note: see <https://doc.rust-lang.org/nightly/rustc/check-cfg/cargo-specifics.html> for more information about checking conditional configuration
    = note: this warning originates in the macro `cfg_unstable_metrics` which comes from the expansion of the macro `cfg_metrics_variant` (in Nightly builds, run with -Z macro-backtrace for more info)

warning: unexpected `cfg` condition name: `tokio_unstable`
   --> submodules/tokio/tokio/src/macros/cfg.rs:269:19
    |
269 |               #[cfg(tokio_unstable)]
    |                     ^^^^^^^^^^^^^^
    |
   ::: submodules/tokio/tokio/src/runtime/metrics/worker.rs:7:1
    |
  7 | / cfg_unstable_metrics! {
  8 | |     use crate::runtime::metrics::Histogram;
  9 | | }
    | |_- in this macro invocation
    |
    = help: consider using a Cargo feature instead
    = help: or consider adding in `Cargo.toml` the `check-cfg` lint config for the lint:
             [lints.rust]
             unexpected_cfgs = { level = "warn", check-cfg = ['cfg(tokio_unstable)'] }
    = help: or consider adding `println!("cargo::rustc-check-cfg=cfg(tokio_unstable)");` to the top of the `build.rs`
    = note: see <https://doc.rust-lang.org/nightly/rustc/check-cfg/cargo-specifics.html> for more information about checking conditional configuration
    = note: this warning originates in the macro `cfg_unstable_metrics` (in Nightly builds, run with -Z macro-backtrace for more info)

warning: unexpected `cfg` condition name: `tokio_unstable`
  --> submodules/tokio/tokio/src/runtime/metrics/worker.rs:37:11
   |
37 |     #[cfg(tokio_unstable)]
   |           ^^^^^^^^^^^^^^
   |
   = help: consider using a Cargo feature instead
   = help: or consider adding in `Cargo.toml` the `check-cfg` lint config for the lint:
            [lints.rust]
            unexpected_cfgs = { level = "warn", check-cfg = ['cfg(tokio_unstable)'] }
   = help: or consider adding `println!("cargo::rustc-check-cfg=cfg(tokio_unstable)");` to the top of the `build.rs`
   = note: see <https://doc.rust-lang.org/nightly/rustc/check-cfg/cargo-specifics.html> for more information about checking conditional configuration

warning: unexpected `cfg` condition name: `tokio_unstable`
  --> submodules/tokio/tokio/src/runtime/metrics/worker.rs:41:11
   |
41 |     #[cfg(tokio_unstable)]
   |           ^^^^^^^^^^^^^^
   |
   = help: consider using a Cargo feature instead
   = help: or consider adding in `Cargo.toml` the `check-cfg` lint config for the lint:
            [lints.rust]
            unexpected_cfgs = { level = "warn", check-cfg = ['cfg(tokio_unstable)'] }
   = help: or consider adding `println!("cargo::rustc-check-cfg=cfg(tokio_unstable)");` to the top of the `build.rs`
   = note: see <https://doc.rust-lang.org/nightly/rustc/check-cfg/cargo-specifics.html> for more information about checking conditional configuration

warning: unexpected `cfg` condition name: `tokio_unstable`
  --> submodules/tokio/tokio/src/runtime/metrics/worker.rs:45:11
   |
45 |     #[cfg(tokio_unstable)]
   |           ^^^^^^^^^^^^^^
   |
   = help: consider using a Cargo feature instead
   = help: or consider adding in `Cargo.toml` the `check-cfg` lint config for the lint:
            [lints.rust]
            unexpected_cfgs = { level = "warn", check-cfg = ['cfg(tokio_unstable)'] }
   = help: or consider adding `println!("cargo::rustc-check-cfg=cfg(tokio_unstable)");` to the top of the `build.rs`
   = note: see <https://doc.rust-lang.org/nightly/rustc/check-cfg/cargo-specifics.html> for more information about checking conditional configuration

warning: unexpected `cfg` condition name: `tokio_unstable`
  --> submodules/tokio/tokio/src/runtime/metrics/worker.rs:49:11
   |
49 |     #[cfg(tokio_unstable)]
   |           ^^^^^^^^^^^^^^
   |
   = help: consider using a Cargo feature instead
   = help: or consider adding in `Cargo.toml` the `check-cfg` lint config for the lint:
            [lints.rust]
            unexpected_cfgs = { level = "warn", check-cfg = ['cfg(tokio_unstable)'] }
   = help: or consider adding `println!("cargo::rustc-check-cfg=cfg(tokio_unstable)");` to the top of the `build.rs`
   = note: see <https://doc.rust-lang.org/nightly/rustc/check-cfg/cargo-specifics.html> for more information about checking conditional configuration

warning: unexpected `cfg` condition name: `tokio_unstable`
  --> submodules/tokio/tokio/src/runtime/metrics/worker.rs:53:11
   |
53 |     #[cfg(tokio_unstable)]
   |           ^^^^^^^^^^^^^^
   |
   = help: consider using a Cargo feature instead
   = help: or consider adding in `Cargo.toml` the `check-cfg` lint config for the lint:
            [lints.rust]
            unexpected_cfgs = { level = "warn", check-cfg = ['cfg(tokio_unstable)'] }
   = help: or consider adding `println!("cargo::rustc-check-cfg=cfg(tokio_unstable)");` to the top of the `build.rs`
   = note: see <https://doc.rust-lang.org/nightly/rustc/check-cfg/cargo-specifics.html> for more information about checking conditional configuration

warning: unexpected `cfg` condition name: `tokio_unstable`
  --> submodules/tokio/tokio/src/runtime/metrics/worker.rs:57:11
   |
57 |     #[cfg(tokio_unstable)]
   |           ^^^^^^^^^^^^^^
   |
   = help: consider using a Cargo feature instead
   = help: or consider adding in `Cargo.toml` the `check-cfg` lint config for the lint:
            [lints.rust]
            unexpected_cfgs = { level = "warn", check-cfg = ['cfg(tokio_unstable)'] }
   = help: or consider adding `println!("cargo::rustc-check-cfg=cfg(tokio_unstable)");` to the top of the `build.rs`
   = note: see <https://doc.rust-lang.org/nightly/rustc/check-cfg/cargo-specifics.html> for more information about checking conditional configuration

warning: unexpected `cfg` condition name: `tokio_unstable`
  --> submodules/tokio/tokio/src/runtime/metrics/worker.rs:61:11
   |
61 |     #[cfg(tokio_unstable)]
   |           ^^^^^^^^^^^^^^
   |
   = help: consider using a Cargo feature instead
   = help: or consider adding in `Cargo.toml` the `check-cfg` lint config for the lint:
            [lints.rust]
            unexpected_cfgs = { level = "warn", check-cfg = ['cfg(tokio_unstable)'] }
   = help: or consider adding `println!("cargo::rustc-check-cfg=cfg(tokio_unstable)");` to the top of the `build.rs`
   = note: see <https://doc.rust-lang.org/nightly/rustc/check-cfg/cargo-specifics.html> for more information about checking conditional configuration

warning: unexpected `cfg` condition name: `tokio_unstable`
  --> submodules/tokio/tokio/src/runtime/metrics/worker.rs:65:11
   |
65 |     #[cfg(tokio_unstable)]
   |           ^^^^^^^^^^^^^^
   |
   = help: consider using a Cargo feature instead
   = help: or consider adding in `Cargo.toml` the `check-cfg` lint config for the lint:
            [lints.rust]
            unexpected_cfgs = { level = "warn", check-cfg = ['cfg(tokio_unstable)'] }
   = help: or consider adding `println!("cargo::rustc-check-cfg=cfg(tokio_unstable)");` to the top of the `build.rs`
   = note: see <https://doc.rust-lang.org/nightly/rustc/check-cfg/cargo-specifics.html> for more information about checking conditional configuration

warning: unexpected `cfg` condition name: `tokio_unstable`
   --> submodules/tokio/tokio/src/macros/cfg.rs:299:23
    |
299 |               #[cfg(not(tokio_unstable))]
    |                         ^^^^^^^^^^^^^^
    |
   ::: submodules/tokio/tokio/src/runtime/metrics/worker.rs:83:5
    |
 83 | /     cfg_metrics_variant! {
 84 | |         stable: {
 85 | |             pub(crate) fn from_config(_: &Config) -> WorkerMetrics {
 86 | |                 WorkerMetrics::new()
...   |
 99 | |     }
    | |_____- in this macro invocation
    |
    = help: consider using a Cargo feature instead
    = help: or consider adding in `Cargo.toml` the `check-cfg` lint config for the lint:
             [lints.rust]
             unexpected_cfgs = { level = "warn", check-cfg = ['cfg(tokio_unstable)'] }
    = help: or consider adding `println!("cargo::rustc-check-cfg=cfg(tokio_unstable)");` to the top of the `build.rs`
    = note: see <https://doc.rust-lang.org/nightly/rustc/check-cfg/cargo-specifics.html> for more information about checking conditional configuration
    = note: this warning originates in the macro `cfg_not_unstable_metrics` which comes from the expansion of the macro `cfg_metrics_variant` (in Nightly builds, run with -Z macro-backtrace for more info)

warning: unexpected `cfg` condition name: `tokio_unstable`
   --> submodules/tokio/tokio/src/macros/cfg.rs:269:19
    |
269 |               #[cfg(tokio_unstable)]
    |                     ^^^^^^^^^^^^^^
    |
   ::: submodules/tokio/tokio/src/runtime/metrics/worker.rs:83:5
    |
 83 | /     cfg_metrics_variant! {
 84 | |         stable: {
 85 | |             pub(crate) fn from_config(_: &Config) -> WorkerMetrics {
 86 | |                 WorkerMetrics::new()
...   |
 99 | |     }
    | |_____- in this macro invocation
    |
    = help: consider using a Cargo feature instead
    = help: or consider adding in `Cargo.toml` the `check-cfg` lint config for the lint:
             [lints.rust]
             unexpected_cfgs = { level = "warn", check-cfg = ['cfg(tokio_unstable)'] }
    = help: or consider adding `println!("cargo::rustc-check-cfg=cfg(tokio_unstable)");` to the top of the `build.rs`
    = note: see <https://doc.rust-lang.org/nightly/rustc/check-cfg/cargo-specifics.html> for more information about checking conditional configuration
    = note: this warning originates in the macro `cfg_unstable_metrics` which comes from the expansion of the macro `cfg_metrics_variant` (in Nightly builds, run with -Z macro-backtrace for more info)

warning: unexpected `cfg` condition name: `tokio_unstable`
   --> submodules/tokio/tokio/src/macros/cfg.rs:269:19
    |
269 |               #[cfg(tokio_unstable)]
    |                     ^^^^^^^^^^^^^^
    |
   ::: submodules/tokio/tokio/src/runtime/metrics/worker.rs:101:5
    |
101 | /     cfg_unstable_metrics! {
102 | |         pub(crate) fn queue_depth(&self) -> usize {
103 | |             self.queue_depth.load(Relaxed)
...   |
109 | |     }
    | |_____- in this macro invocation
    |
    = help: consider using a Cargo feature instead
    = help: or consider adding in `Cargo.toml` the `check-cfg` lint config for the lint:
             [lints.rust]
             unexpected_cfgs = { level = "warn", check-cfg = ['cfg(tokio_unstable)'] }
    = help: or consider adding `println!("cargo::rustc-check-cfg=cfg(tokio_unstable)");` to the top of the `build.rs`
    = note: see <https://doc.rust-lang.org/nightly/rustc/check-cfg/cargo-specifics.html> for more information about checking conditional configuration
    = note: this warning originates in the macro `cfg_unstable_metrics` (in Nightly builds, run with -Z macro-backtrace for more info)

warning: unexpected `cfg` condition name: `tokio_unstable`
 --> submodules/tokio/tokio/src/sync/barrier.rs:3:11
  |
3 | #[cfg(all(tokio_unstable, feature = "tracing"))]
  |           ^^^^^^^^^^^^^^
  |
  = help: consider using a Cargo feature instead
  = help: or consider adding in `Cargo.toml` the `check-cfg` lint config for the lint:
           [lints.rust]
           unexpected_cfgs = { level = "warn", check-cfg = ['cfg(tokio_unstable)'] }
  = help: or consider adding `println!("cargo::rustc-check-cfg=cfg(tokio_unstable)");` to the top of the `build.rs`
  = note: see <https://doc.rust-lang.org/nightly/rustc/check-cfg/cargo-specifics.html> for more information about checking conditional configuration

warning: unexpected `cfg` condition name: `tokio_unstable`
  --> submodules/tokio/tokio/src/sync/barrier.rs:46:15
   |
46 |     #[cfg(all(tokio_unstable, feature = "tracing"))]
   |               ^^^^^^^^^^^^^^
   |
   = help: consider using a Cargo feature instead
   = help: or consider adding in `Cargo.toml` the `check-cfg` lint config for the lint:
            [lints.rust]
            unexpected_cfgs = { level = "warn", check-cfg = ['cfg(tokio_unstable)'] }
   = help: or consider adding `println!("cargo::rustc-check-cfg=cfg(tokio_unstable)");` to the top of the `build.rs`
   = note: see <https://doc.rust-lang.org/nightly/rustc/check-cfg/cargo-specifics.html> for more information about checking conditional configuration

warning: unexpected `cfg` condition name: `tokio_unstable`
  --> submodules/tokio/tokio/src/sync/barrier.rs:73:19
   |
73 |         #[cfg(all(tokio_unstable, feature = "tracing"))]
   |                   ^^^^^^^^^^^^^^
   |
   = help: consider using a Cargo feature instead
   = help: or consider adding in `Cargo.toml` the `check-cfg` lint config for the lint:
            [lints.rust]
            unexpected_cfgs = { level = "warn", check-cfg = ['cfg(tokio_unstable)'] }
   = help: or consider adding `println!("cargo::rustc-check-cfg=cfg(tokio_unstable)");` to the top of the `build.rs`
   = note: see <https://doc.rust-lang.org/nightly/rustc/check-cfg/cargo-specifics.html> for more information about checking conditional configuration

warning: unexpected `cfg` condition name: `tokio_unstable`
   --> submodules/tokio/tokio/src/sync/barrier.rs:108:23
    |
108 |             #[cfg(all(tokio_unstable, feature = "tracing"))]
    |                       ^^^^^^^^^^^^^^
    |
    = help: consider using a Cargo feature instead
    = help: or consider adding in `Cargo.toml` the `check-cfg` lint config for the lint:
             [lints.rust]
             unexpected_cfgs = { level = "warn", check-cfg = ['cfg(tokio_unstable)'] }
    = help: or consider adding `println!("cargo::rustc-check-cfg=cfg(tokio_unstable)");` to the top of the `build.rs`
    = note: see <https://doc.rust-lang.org/nightly/rustc/check-cfg/cargo-specifics.html> for more information about checking conditional configuration

warning: unexpected `cfg` condition name: `tokio_unstable`
   --> submodules/tokio/tokio/src/sync/barrier.rs:126:19
    |
126 |         #[cfg(all(tokio_unstable, feature = "tracing"))]
    |                   ^^^^^^^^^^^^^^
    |
    = help: consider using a Cargo feature instead
    = help: or consider adding in `Cargo.toml` the `check-cfg` lint config for the lint:
             [lints.rust]
             unexpected_cfgs = { level = "warn", check-cfg = ['cfg(tokio_unstable)'] }
    = help: or consider adding `println!("cargo::rustc-check-cfg=cfg(tokio_unstable)");` to the top of the `build.rs`
    = note: see <https://doc.rust-lang.org/nightly/rustc/check-cfg/cargo-specifics.html> for more information about checking conditional configuration

warning: unexpected `cfg` condition name: `tokio_unstable`
   --> submodules/tokio/tokio/src/sync/barrier.rs:136:23
    |
136 |         #[cfg(any(not(tokio_unstable), not(feature = "tracing")))]
    |                       ^^^^^^^^^^^^^^
    |
    = help: consider using a Cargo feature instead
    = help: or consider adding in `Cargo.toml` the `check-cfg` lint config for the lint:
             [lints.rust]
             unexpected_cfgs = { level = "warn", check-cfg = ['cfg(tokio_unstable)'] }
    = help: or consider adding `println!("cargo::rustc-check-cfg=cfg(tokio_unstable)");` to the top of the `build.rs`
    = note: see <https://doc.rust-lang.org/nightly/rustc/check-cfg/cargo-specifics.html> for more information about checking conditional configuration

warning: unexpected `cfg` condition name: `tokio_unstable`
   --> submodules/tokio/tokio/src/sync/barrier.rs:153:23
    |
153 |             #[cfg(all(tokio_unstable, feature = "tracing"))]
    |                       ^^^^^^^^^^^^^^
    |
    = help: consider using a Cargo feature instead
    = help: or consider adding in `Cargo.toml` the `check-cfg` lint config for the lint:
             [lints.rust]
             unexpected_cfgs = { level = "warn", check-cfg = ['cfg(tokio_unstable)'] }
    = help: or consider adding `println!("cargo::rustc-check-cfg=cfg(tokio_unstable)");` to the top of the `build.rs`
    = note: see <https://doc.rust-lang.org/nightly/rustc/check-cfg/cargo-specifics.html> for more information about checking conditional configuration

warning: unexpected `cfg` condition name: `tokio_unstable`
   --> submodules/tokio/tokio/src/sync/barrier.rs:159:23
    |
159 |             #[cfg(all(tokio_unstable, feature = "tracing"))]
    |                       ^^^^^^^^^^^^^^
    |
    = help: consider using a Cargo feature instead
    = help: or consider adding in `Cargo.toml` the `check-cfg` lint config for the lint:
             [lints.rust]
             unexpected_cfgs = { level = "warn", check-cfg = ['cfg(tokio_unstable)'] }
    = help: or consider adding `println!("cargo::rustc-check-cfg=cfg(tokio_unstable)");` to the top of the `build.rs`
    = note: see <https://doc.rust-lang.org/nightly/rustc/check-cfg/cargo-specifics.html> for more information about checking conditional configuration

warning: unexpected `cfg` condition name: `tokio_unstable`
   --> submodules/tokio/tokio/src/sync/barrier.rs:165:27
    |
165 |                 #[cfg(all(tokio_unstable, feature = "tracing"))]
    |                           ^^^^^^^^^^^^^^
    |
    = help: consider using a Cargo feature instead
    = help: or consider adding in `Cargo.toml` the `check-cfg` lint config for the lint:
             [lints.rust]
             unexpected_cfgs = { level = "warn", check-cfg = ['cfg(tokio_unstable)'] }
    = help: or consider adding `println!("cargo::rustc-check-cfg=cfg(tokio_unstable)");` to the top of the `build.rs`
    = note: see <https://doc.rust-lang.org/nightly/rustc/check-cfg/cargo-specifics.html> for more information about checking conditional configuration

warning: unexpected `cfg` condition name: `loom`
    --> submodules/tokio/tokio/src/sync/broadcast.rs:1723:11
     |
1723 | #[cfg(not(loom))]
     |           ^^^^
     |
     = help: consider using a Cargo feature instead
     = help: or consider adding in `Cargo.toml` the `check-cfg` lint config for the lint:
              [lints.rust]
              unexpected_cfgs = { level = "warn", check-cfg = ['cfg(loom)'] }
     = help: or consider adding `println!("cargo::rustc-check-cfg=cfg(loom)");` to the top of the `build.rs`
     = note: see <https://doc.rust-lang.org/nightly/rustc/check-cfg/cargo-specifics.html> for more information about checking conditional configuration

warning: unexpected `cfg` condition name: `loom`
   --> submodules/tokio/tokio/src/sync/mpsc/mod.rs:137:44
    |
137 | #[cfg(all(target_pointer_width = "64", not(loom)))]
    |                                            ^^^^
    |
    = help: consider using a Cargo feature instead
    = help: or consider adding in `Cargo.toml` the `check-cfg` lint config for the lint:
             [lints.rust]
             unexpected_cfgs = { level = "warn", check-cfg = ['cfg(loom)'] }
    = help: or consider adding `println!("cargo::rustc-check-cfg=cfg(loom)");` to the top of the `build.rs`
    = note: see <https://doc.rust-lang.org/nightly/rustc/check-cfg/cargo-specifics.html> for more information about checking conditional configuration

warning: unexpected `cfg` condition name: `loom`
   --> submodules/tokio/tokio/src/sync/mpsc/mod.rs:140:49
    |
140 | #[cfg(all(not(target_pointer_width = "64"), not(loom)))]
    |                                                 ^^^^
    |
    = help: consider using a Cargo feature instead
    = help: or consider adding in `Cargo.toml` the `check-cfg` lint config for the lint:
             [lints.rust]
             unexpected_cfgs = { level = "warn", check-cfg = ['cfg(loom)'] }
    = help: or consider adding `println!("cargo::rustc-check-cfg=cfg(loom)");` to the top of the `build.rs`
    = note: see <https://doc.rust-lang.org/nightly/rustc/check-cfg/cargo-specifics.html> for more information about checking conditional configuration

warning: unexpected `cfg` condition name: `loom`
   --> submodules/tokio/tokio/src/sync/mpsc/mod.rs:143:7
    |
143 | #[cfg(loom)]
    |       ^^^^
    |
    = help: consider using a Cargo feature instead
    = help: or consider adding in `Cargo.toml` the `check-cfg` lint config for the lint:
             [lints.rust]
             unexpected_cfgs = { level = "warn", check-cfg = ['cfg(loom)'] }
    = help: or consider adding `println!("cargo::rustc-check-cfg=cfg(loom)");` to the top of the `build.rs`
    = note: see <https://doc.rust-lang.org/nightly/rustc/check-cfg/cargo-specifics.html> for more information about checking conditional configuration

warning: unexpected `cfg` condition name: `loom`
   --> submodules/tokio/tokio/src/sync/mpsc/block.rs:462:21
    |
462 | #[cfg(all(test, not(loom)))]
    |                     ^^^^
    |
    = help: consider using a Cargo feature instead
    = help: or consider adding in `Cargo.toml` the `check-cfg` lint config for the lint:
             [lints.rust]
             unexpected_cfgs = { level = "warn", check-cfg = ['cfg(loom)'] }
    = help: or consider adding `println!("cargo::rustc-check-cfg=cfg(loom)");` to the top of the `build.rs`
    = note: see <https://doc.rust-lang.org/nightly/rustc/check-cfg/cargo-specifics.html> for more information about checking conditional configuration

warning: unexpected `cfg` condition name: `loom`
   --> submodules/tokio/tokio/src/macros/loom.rs:3:15
    |
  3 |           #[cfg(loom)]
    |                 ^^^^
    |
   ::: submodules/tokio/tokio/src/sync/mpsc/block.rs:443:9
    |
443 | /         if_loom! {
444 | |             let p = _value.as_ptr() as *mut UnsafeCell<MaybeUninit<T>>;
445 | |             for i in 0..BLOCK_CAP {
446 | |                 unsafe {
...   |
450 | |         }
    | |_________- in this macro invocation
    |
    = help: consider using a Cargo feature instead
    = help: or consider adding in `Cargo.toml` the `check-cfg` lint config for the lint:
             [lints.rust]
             unexpected_cfgs = { level = "warn", check-cfg = ['cfg(loom)'] }
    = help: or consider adding `println!("cargo::rustc-check-cfg=cfg(loom)");` to the top of the `build.rs`
    = note: see <https://doc.rust-lang.org/nightly/rustc/check-cfg/cargo-specifics.html> for more information about checking conditional configuration
    = note: this warning originates in the macro `if_loom` (in Nightly builds, run with -Z macro-backtrace for more info)

warning: unexpected `cfg` condition name: `tokio_unstable`
 --> submodules/tokio/tokio/src/sync/mutex.rs:4:11
  |
4 | #[cfg(all(tokio_unstable, feature = "tracing"))]
  |           ^^^^^^^^^^^^^^
  |
  = help: consider using a Cargo feature instead
  = help: or consider adding in `Cargo.toml` the `check-cfg` lint config for the lint:
           [lints.rust]
           unexpected_cfgs = { level = "warn", check-cfg = ['cfg(tokio_unstable)'] }
  = help: or consider adding `println!("cargo::rustc-check-cfg=cfg(tokio_unstable)");` to the top of the `build.rs`
  = note: see <https://doc.rust-lang.org/nightly/rustc/check-cfg/cargo-specifics.html> for more information about checking conditional configuration

warning: unexpected `cfg` condition name: `loom`
   --> submodules/tokio/tokio/src/sync/mutex.rs:304:11
    |
304 | #[cfg(not(loom))]
    |           ^^^^
    |
    = help: consider using a Cargo feature instead
    = help: or consider adding in `Cargo.toml` the `check-cfg` lint config for the lint:
             [lints.rust]
             unexpected_cfgs = { level = "warn", check-cfg = ['cfg(loom)'] }
    = help: or consider adding `println!("cargo::rustc-check-cfg=cfg(loom)");` to the top of the `build.rs`
    = note: see <https://doc.rust-lang.org/nightly/rustc/check-cfg/cargo-specifics.html> for more information about checking conditional configuration

warning: unexpected `cfg` condition name: `tokio_unstable`
   --> submodules/tokio/tokio/src/sync/mutex.rs:134:15
    |
134 |     #[cfg(all(tokio_unstable, feature = "tracing"))]
    |               ^^^^^^^^^^^^^^
    |
    = help: consider using a Cargo feature instead
    = help: or consider adding in `Cargo.toml` the `check-cfg` lint config for the lint:
             [lints.rust]
             unexpected_cfgs = { level = "warn", check-cfg = ['cfg(tokio_unstable)'] }
    = help: or consider adding `println!("cargo::rustc-check-cfg=cfg(tokio_unstable)");` to the top of the `build.rs`
    = note: see <https://doc.rust-lang.org/nightly/rustc/check-cfg/cargo-specifics.html> for more information about checking conditional configuration

warning: unexpected `cfg` condition name: `tokio_unstable`
   --> submodules/tokio/tokio/src/sync/mutex.rs:154:15
    |
154 |     #[cfg(all(tokio_unstable, feature = "tracing"))]
    |               ^^^^^^^^^^^^^^
    |
    = help: consider using a Cargo feature instead
    = help: or consider adding in `Cargo.toml` the `check-cfg` lint config for the lint:
             [lints.rust]
             unexpected_cfgs = { level = "warn", check-cfg = ['cfg(tokio_unstable)'] }
    = help: or consider adding `println!("cargo::rustc-check-cfg=cfg(tokio_unstable)");` to the top of the `build.rs`
    = note: see <https://doc.rust-lang.org/nightly/rustc/check-cfg/cargo-specifics.html> for more information about checking conditional configuration

warning: unexpected `cfg` condition name: `tokio_unstable`
   --> submodules/tokio/tokio/src/sync/mutex.rs:178:15
    |
178 |     #[cfg(all(tokio_unstable, feature = "tracing"))]
    |               ^^^^^^^^^^^^^^
    |
    = help: consider using a Cargo feature instead
    = help: or consider adding in `Cargo.toml` the `check-cfg` lint config for the lint:
             [lints.rust]
             unexpected_cfgs = { level = "warn", check-cfg = ['cfg(tokio_unstable)'] }
    = help: or consider adding `println!("cargo::rustc-check-cfg=cfg(tokio_unstable)");` to the top of the `build.rs`
    = note: see <https://doc.rust-lang.org/nightly/rustc/check-cfg/cargo-specifics.html> for more information about checking conditional configuration

warning: unexpected `cfg` condition name: `tokio_unstable`
   --> submodules/tokio/tokio/src/sync/mutex.rs:193:15
    |
193 |     #[cfg(all(tokio_unstable, feature = "tracing"))]
    |               ^^^^^^^^^^^^^^
    |
    = help: consider using a Cargo feature instead
    = help: or consider adding in `Cargo.toml` the `check-cfg` lint config for the lint:
             [lints.rust]
             unexpected_cfgs = { level = "warn", check-cfg = ['cfg(tokio_unstable)'] }
    = help: or consider adding `println!("cargo::rustc-check-cfg=cfg(tokio_unstable)");` to the top of the `build.rs`
    = note: see <https://doc.rust-lang.org/nightly/rustc/check-cfg/cargo-specifics.html> for more information about checking conditional configuration

warning: unexpected `cfg` condition name: `tokio_unstable`
   --> submodules/tokio/tokio/src/sync/mutex.rs:212:15
    |
212 |     #[cfg(all(tokio_unstable, feature = "tracing"))]
    |               ^^^^^^^^^^^^^^
    |
    = help: consider using a Cargo feature instead
    = help: or consider adding in `Cargo.toml` the `check-cfg` lint config for the lint:
             [lints.rust]
             unexpected_cfgs = { level = "warn", check-cfg = ['cfg(tokio_unstable)'] }
    = help: or consider adding `println!("cargo::rustc-check-cfg=cfg(tokio_unstable)");` to the top of the `build.rs`
    = note: see <https://doc.rust-lang.org/nightly/rustc/check-cfg/cargo-specifics.html> for more information about checking conditional configuration

warning: unexpected `cfg` condition name: `tokio_unstable`
   --> submodules/tokio/tokio/src/sync/mutex.rs:222:15
    |
222 |     #[cfg(all(tokio_unstable, feature = "tracing"))]
    |               ^^^^^^^^^^^^^^
    |
    = help: consider using a Cargo feature instead
    = help: or consider adding in `Cargo.toml` the `check-cfg` lint config for the lint:
             [lints.rust]
             unexpected_cfgs = { level = "warn", check-cfg = ['cfg(tokio_unstable)'] }
    = help: or consider adding `println!("cargo::rustc-check-cfg=cfg(tokio_unstable)");` to the top of the `build.rs`
    = note: see <https://doc.rust-lang.org/nightly/rustc/check-cfg/cargo-specifics.html> for more information about checking conditional configuration

warning: unexpected `cfg` condition name: `tokio_unstable`
   --> submodules/tokio/tokio/src/sync/mutex.rs:230:15
    |
230 |     #[cfg(all(tokio_unstable, feature = "tracing"))]
    |               ^^^^^^^^^^^^^^
    |
    = help: consider using a Cargo feature instead
    = help: or consider adding in `Cargo.toml` the `check-cfg` lint config for the lint:
             [lints.rust]
             unexpected_cfgs = { level = "warn", check-cfg = ['cfg(tokio_unstable)'] }
    = help: or consider adding `println!("cargo::rustc-check-cfg=cfg(tokio_unstable)");` to the top of the `build.rs`
    = note: see <https://doc.rust-lang.org/nightly/rustc/check-cfg/cargo-specifics.html> for more information about checking conditional configuration

warning: unexpected `cfg` condition name: `tokio_unstable`
   --> submodules/tokio/tokio/src/sync/mutex.rs:239:15
    |
239 |     #[cfg(all(tokio_unstable, feature = "tracing"))]
    |               ^^^^^^^^^^^^^^
    |
    = help: consider using a Cargo feature instead
    = help: or consider adding in `Cargo.toml` the `check-cfg` lint config for the lint:
             [lints.rust]
             unexpected_cfgs = { level = "warn", check-cfg = ['cfg(tokio_unstable)'] }
    = help: or consider adding `println!("cargo::rustc-check-cfg=cfg(tokio_unstable)");` to the top of the `build.rs`
    = note: see <https://doc.rust-lang.org/nightly/rustc/check-cfg/cargo-specifics.html> for more information about checking conditional configuration

warning: unexpected `cfg` condition name: `tokio_unstable`
   --> submodules/tokio/tokio/src/sync/mutex.rs:249:15
    |
249 |     #[cfg(all(tokio_unstable, feature = "tracing"))]
    |               ^^^^^^^^^^^^^^
    |
    = help: consider using a Cargo feature instead
    = help: or consider adding in `Cargo.toml` the `check-cfg` lint config for the lint:
             [lints.rust]
             unexpected_cfgs = { level = "warn", check-cfg = ['cfg(tokio_unstable)'] }
    = help: or consider adding `println!("cargo::rustc-check-cfg=cfg(tokio_unstable)");` to the top of the `build.rs`
    = note: see <https://doc.rust-lang.org/nightly/rustc/check-cfg/cargo-specifics.html> for more information about checking conditional configuration

warning: unexpected `cfg` condition name: `loom`
   --> submodules/tokio/tokio/src/sync/mutex.rs:394:19
    |
394 |     #[cfg(not(all(loom, test)))]
    |                   ^^^^
    |
    = help: consider using a Cargo feature instead
    = help: or consider adding in `Cargo.toml` the `check-cfg` lint config for the lint:
             [lints.rust]
             unexpected_cfgs = { level = "warn", check-cfg = ['cfg(loom)'] }
    = help: or consider adding `println!("cargo::rustc-check-cfg=cfg(loom)");` to the top of the `build.rs`
    = note: see <https://doc.rust-lang.org/nightly/rustc/check-cfg/cargo-specifics.html> for more information about checking conditional configuration

warning: unexpected `cfg` condition name: `tokio_unstable`
   --> submodules/tokio/tokio/src/sync/mutex.rs:342:19
    |
342 |         #[cfg(all(tokio_unstable, feature = "tracing"))]
    |                   ^^^^^^^^^^^^^^
    |
    = help: consider using a Cargo feature instead
    = help: or consider adding in `Cargo.toml` the `check-cfg` lint config for the lint:
             [lints.rust]
             unexpected_cfgs = { level = "warn", check-cfg = ['cfg(tokio_unstable)'] }
    = help: or consider adding `println!("cargo::rustc-check-cfg=cfg(tokio_unstable)");` to the top of the `build.rs`
    = note: see <https://doc.rust-lang.org/nightly/rustc/check-cfg/cargo-specifics.html> for more information about checking conditional configuration

warning: unexpected `cfg` condition name: `tokio_unstable`
   --> submodules/tokio/tokio/src/sync/mutex.rs:357:19
    |
357 |         #[cfg(all(tokio_unstable, feature = "tracing"))]
    |                   ^^^^^^^^^^^^^^
    |
    = help: consider using a Cargo feature instead
    = help: or consider adding in `Cargo.toml` the `check-cfg` lint config for the lint:
             [lints.rust]
             unexpected_cfgs = { level = "warn", check-cfg = ['cfg(tokio_unstable)'] }
    = help: or consider adding `println!("cargo::rustc-check-cfg=cfg(tokio_unstable)");` to the top of the `build.rs`
    = note: see <https://doc.rust-lang.org/nightly/rustc/check-cfg/cargo-specifics.html> for more information about checking conditional configuration

warning: unexpected `cfg` condition name: `tokio_unstable`
   --> submodules/tokio/tokio/src/sync/mutex.rs:366:23
    |
366 |         #[cfg(any(not(tokio_unstable), not(feature = "tracing")))]
    |                       ^^^^^^^^^^^^^^
    |
    = help: consider using a Cargo feature instead
    = help: or consider adding in `Cargo.toml` the `check-cfg` lint config for the lint:
             [lints.rust]
             unexpected_cfgs = { level = "warn", check-cfg = ['cfg(tokio_unstable)'] }
    = help: or consider adding `println!("cargo::rustc-check-cfg=cfg(tokio_unstable)");` to the top of the `build.rs`
    = note: see <https://doc.rust-lang.org/nightly/rustc/check-cfg/cargo-specifics.html> for more information about checking conditional configuration

warning: unexpected `cfg` condition name: `tokio_unstable`
   --> submodules/tokio/tokio/src/sync/mutex.rs:372:23
    |
372 |             #[cfg(all(tokio_unstable, feature = "tracing"))]
    |                       ^^^^^^^^^^^^^^
    |
    = help: consider using a Cargo feature instead
    = help: or consider adding in `Cargo.toml` the `check-cfg` lint config for the lint:
             [lints.rust]
             unexpected_cfgs = { level = "warn", check-cfg = ['cfg(tokio_unstable)'] }
    = help: or consider adding `println!("cargo::rustc-check-cfg=cfg(tokio_unstable)");` to the top of the `build.rs`
    = note: see <https://doc.rust-lang.org/nightly/rustc/check-cfg/cargo-specifics.html> for more information about checking conditional configuration

warning: unexpected `cfg` condition name: `tokio_unstable`
   --> submodules/tokio/tokio/src/sync/mutex.rs:402:23
    |
402 |             #[cfg(all(tokio_unstable, feature = "tracing"))]
    |                       ^^^^^^^^^^^^^^
    |
    = help: consider using a Cargo feature instead
    = help: or consider adding in `Cargo.toml` the `check-cfg` lint config for the lint:
             [lints.rust]
             unexpected_cfgs = { level = "warn", check-cfg = ['cfg(tokio_unstable)'] }
    = help: or consider adding `println!("cargo::rustc-check-cfg=cfg(tokio_unstable)");` to the top of the `build.rs`
    = note: see <https://doc.rust-lang.org/nightly/rustc/check-cfg/cargo-specifics.html> for more information about checking conditional configuration

warning: unexpected `cfg` condition name: `tokio_unstable`
   --> submodules/tokio/tokio/src/sync/mutex.rs:445:19
    |
445 |         #[cfg(all(tokio_unstable, feature = "tracing"))]
    |                   ^^^^^^^^^^^^^^
    |
    = help: consider using a Cargo feature instead
    = help: or consider adding in `Cargo.toml` the `check-cfg` lint config for the lint:
             [lints.rust]
             unexpected_cfgs = { level = "warn", check-cfg = ['cfg(tokio_unstable)'] }
    = help: or consider adding `println!("cargo::rustc-check-cfg=cfg(tokio_unstable)");` to the top of the `build.rs`
    = note: see <https://doc.rust-lang.org/nightly/rustc/check-cfg/cargo-specifics.html> for more information about checking conditional configuration

warning: unexpected `cfg` condition name: `tokio_unstable`
   --> submodules/tokio/tokio/src/sync/mutex.rs:457:19
    |
457 |         #[cfg(all(tokio_unstable, feature = "tracing"))]
    |                   ^^^^^^^^^^^^^^
    |
    = help: consider using a Cargo feature instead
    = help: or consider adding in `Cargo.toml` the `check-cfg` lint config for the lint:
             [lints.rust]
             unexpected_cfgs = { level = "warn", check-cfg = ['cfg(tokio_unstable)'] }
    = help: or consider adding `println!("cargo::rustc-check-cfg=cfg(tokio_unstable)");` to the top of the `build.rs`
    = note: see <https://doc.rust-lang.org/nightly/rustc/check-cfg/cargo-specifics.html> for more information about checking conditional configuration

warning: unexpected `cfg` condition name: `tokio_unstable`
   --> submodules/tokio/tokio/src/sync/mutex.rs:440:27
    |
440 |                 #[cfg(all(tokio_unstable, feature = "tracing"))]
    |                           ^^^^^^^^^^^^^^
    |
    = help: consider using a Cargo feature instead
    = help: or consider adding in `Cargo.toml` the `check-cfg` lint config for the lint:
             [lints.rust]
             unexpected_cfgs = { level = "warn", check-cfg = ['cfg(tokio_unstable)'] }
    = help: or consider adding `println!("cargo::rustc-check-cfg=cfg(tokio_unstable)");` to the top of the `build.rs`
    = note: see <https://doc.rust-lang.org/nightly/rustc/check-cfg/cargo-specifics.html> for more information about checking conditional configuration

warning: unexpected `cfg` condition name: `tokio_unstable`
   --> submodules/tokio/tokio/src/sync/mutex.rs:619:19
    |
619 |         #[cfg(all(tokio_unstable, feature = "tracing"))]
    |                   ^^^^^^^^^^^^^^
    |
    = help: consider using a Cargo feature instead
    = help: or consider adding in `Cargo.toml` the `check-cfg` lint config for the lint:
             [lints.rust]
             unexpected_cfgs = { level = "warn", check-cfg = ['cfg(tokio_unstable)'] }
    = help: or consider adding `println!("cargo::rustc-check-cfg=cfg(tokio_unstable)");` to the top of the `build.rs`
    = note: see <https://doc.rust-lang.org/nightly/rustc/check-cfg/cargo-specifics.html> for more information about checking conditional configuration

warning: unexpected `cfg` condition name: `tokio_unstable`
   --> submodules/tokio/tokio/src/sync/mutex.rs:632:19
    |
632 |         #[cfg(all(tokio_unstable, feature = "tracing"))]
    |                   ^^^^^^^^^^^^^^
    |
    = help: consider using a Cargo feature instead
    = help: or consider adding in `Cargo.toml` the `check-cfg` lint config for the lint:
             [lints.rust]
             unexpected_cfgs = { level = "warn", check-cfg = ['cfg(tokio_unstable)'] }
    = help: or consider adding `println!("cargo::rustc-check-cfg=cfg(tokio_unstable)");` to the top of the `build.rs`
    = note: see <https://doc.rust-lang.org/nightly/rustc/check-cfg/cargo-specifics.html> for more information about checking conditional configuration

warning: unexpected `cfg` condition name: `tokio_unstable`
   --> submodules/tokio/tokio/src/sync/mutex.rs:644:19
    |
644 |         #[cfg(all(tokio_unstable, feature = "tracing"))]
    |                   ^^^^^^^^^^^^^^
    |
    = help: consider using a Cargo feature instead
    = help: or consider adding in `Cargo.toml` the `check-cfg` lint config for the lint:
             [lints.rust]
             unexpected_cfgs = { level = "warn", check-cfg = ['cfg(tokio_unstable)'] }
    = help: or consider adding `println!("cargo::rustc-check-cfg=cfg(tokio_unstable)");` to the top of the `build.rs`
    = note: see <https://doc.rust-lang.org/nightly/rustc/check-cfg/cargo-specifics.html> for more information about checking conditional configuration

warning: unexpected `cfg` condition name: `tokio_unstable`
   --> submodules/tokio/tokio/src/sync/mutex.rs:626:27
    |
626 |                 #[cfg(all(tokio_unstable, feature = "tracing"))]
    |                           ^^^^^^^^^^^^^^
    |
    = help: consider using a Cargo feature instead
    = help: or consider adding in `Cargo.toml` the `check-cfg` lint config for the lint:
             [lints.rust]
             unexpected_cfgs = { level = "warn", check-cfg = ['cfg(tokio_unstable)'] }
    = help: or consider adding `println!("cargo::rustc-check-cfg=cfg(tokio_unstable)");` to the top of the `build.rs`
    = note: see <https://doc.rust-lang.org/nightly/rustc/check-cfg/cargo-specifics.html> for more information about checking conditional configuration

warning: unexpected `cfg` condition name: `tokio_unstable`
   --> submodules/tokio/tokio/src/sync/mutex.rs:691:27
    |
691 |                 #[cfg(all(tokio_unstable, feature = "tracing"))]
    |                           ^^^^^^^^^^^^^^
    |
    = help: consider using a Cargo feature instead
    = help: or consider adding in `Cargo.toml` the `check-cfg` lint config for the lint:
             [lints.rust]
             unexpected_cfgs = { level = "warn", check-cfg = ['cfg(tokio_unstable)'] }
    = help: or consider adding `println!("cargo::rustc-check-cfg=cfg(tokio_unstable)");` to the top of the `build.rs`
    = note: see <https://doc.rust-lang.org/nightly/rustc/check-cfg/cargo-specifics.html> for more information about checking conditional configuration

warning: unexpected `cfg` condition name: `tokio_unstable`
   --> submodules/tokio/tokio/src/sync/mutex.rs:687:31
    |
687 |                     #[cfg(all(tokio_unstable, feature = "tracing"))]
    |                               ^^^^^^^^^^^^^^
    |
    = help: consider using a Cargo feature instead
    = help: or consider adding in `Cargo.toml` the `check-cfg` lint config for the lint:
             [lints.rust]
             unexpected_cfgs = { level = "warn", check-cfg = ['cfg(tokio_unstable)'] }
    = help: or consider adding `println!("cargo::rustc-check-cfg=cfg(tokio_unstable)");` to the top of the `build.rs`
    = note: see <https://doc.rust-lang.org/nightly/rustc/check-cfg/cargo-specifics.html> for more information about checking conditional configuration

warning: unexpected `cfg` condition name: `tokio_unstable`
   --> submodules/tokio/tokio/src/sync/mutex.rs:759:27
    |
759 |                 #[cfg(all(tokio_unstable, feature = "tracing"))]
    |                           ^^^^^^^^^^^^^^
    |
    = help: consider using a Cargo feature instead
    = help: or consider adding in `Cargo.toml` the `check-cfg` lint config for the lint:
             [lints.rust]
             unexpected_cfgs = { level = "warn", check-cfg = ['cfg(tokio_unstable)'] }
    = help: or consider adding `println!("cargo::rustc-check-cfg=cfg(tokio_unstable)");` to the top of the `build.rs`
    = note: see <https://doc.rust-lang.org/nightly/rustc/check-cfg/cargo-specifics.html> for more information about checking conditional configuration

warning: unexpected `cfg` condition name: `tokio_unstable`
   --> submodules/tokio/tokio/src/sync/mutex.rs:754:31
    |
754 |                     #[cfg(all(tokio_unstable, feature = "tracing"))]
    |                               ^^^^^^^^^^^^^^
    |
    = help: consider using a Cargo feature instead
    = help: or consider adding in `Cargo.toml` the `check-cfg` lint config for the lint:
             [lints.rust]
             unexpected_cfgs = { level = "warn", check-cfg = ['cfg(tokio_unstable)'] }
    = help: or consider adding `println!("cargo::rustc-check-cfg=cfg(tokio_unstable)");` to the top of the `build.rs`
    = note: see <https://doc.rust-lang.org/nightly/rustc/check-cfg/cargo-specifics.html> for more information about checking conditional configuration

warning: unexpected `cfg` condition name: `tokio_unstable`
   --> submodules/tokio/tokio/src/sync/mutex.rs:832:23
    |
832 |             #[cfg(all(tokio_unstable, feature = "tracing"))]
    |                       ^^^^^^^^^^^^^^
    |
    = help: consider using a Cargo feature instead
    = help: or consider adding in `Cargo.toml` the `check-cfg` lint config for the lint:
             [lints.rust]
             unexpected_cfgs = { level = "warn", check-cfg = ['cfg(tokio_unstable)'] }
    = help: or consider adding `println!("cargo::rustc-check-cfg=cfg(tokio_unstable)");` to the top of the `build.rs`
    = note: see <https://doc.rust-lang.org/nightly/rustc/check-cfg/cargo-specifics.html> for more information about checking conditional configuration

warning: unexpected `cfg` condition name: `tokio_unstable`
   --> submodules/tokio/tokio/src/sync/mutex.rs:880:23
    |
880 |             #[cfg(all(tokio_unstable, feature = "tracing"))]
    |                       ^^^^^^^^^^^^^^
    |
    = help: consider using a Cargo feature instead
    = help: or consider adding in `Cargo.toml` the `check-cfg` lint config for the lint:
             [lints.rust]
             unexpected_cfgs = { level = "warn", check-cfg = ['cfg(tokio_unstable)'] }
    = help: or consider adding `println!("cargo::rustc-check-cfg=cfg(tokio_unstable)");` to the top of the `build.rs`
    = note: see <https://doc.rust-lang.org/nightly/rustc/check-cfg/cargo-specifics.html> for more information about checking conditional configuration

warning: unexpected `cfg` condition name: `tokio_unstable`
   --> submodules/tokio/tokio/src/sync/mutex.rs:932:23
    |
932 |             #[cfg(all(tokio_unstable, feature = "tracing"))]
    |                       ^^^^^^^^^^^^^^
    |
    = help: consider using a Cargo feature instead
    = help: or consider adding in `Cargo.toml` the `check-cfg` lint config for the lint:
             [lints.rust]
             unexpected_cfgs = { level = "warn", check-cfg = ['cfg(tokio_unstable)'] }
    = help: or consider adding `println!("cargo::rustc-check-cfg=cfg(tokio_unstable)");` to the top of the `build.rs`
    = note: see <https://doc.rust-lang.org/nightly/rustc/check-cfg/cargo-specifics.html> for more information about checking conditional configuration

warning: unexpected `cfg` condition name: `tokio_unstable`
   --> submodules/tokio/tokio/src/sync/mutex.rs:968:19
    |
968 |         #[cfg(all(tokio_unstable, feature = "tracing"))]
    |                   ^^^^^^^^^^^^^^
    |
    = help: consider using a Cargo feature instead
    = help: or consider adding in `Cargo.toml` the `check-cfg` lint config for the lint:
             [lints.rust]
             unexpected_cfgs = { level = "warn", check-cfg = ['cfg(tokio_unstable)'] }
    = help: or consider adding `println!("cargo::rustc-check-cfg=cfg(tokio_unstable)");` to the top of the `build.rs`
    = note: see <https://doc.rust-lang.org/nightly/rustc/check-cfg/cargo-specifics.html> for more information about checking conditional configuration

warning: unexpected `cfg` condition name: `tokio_unstable`
    --> submodules/tokio/tokio/src/sync/mutex.rs:1013:27
     |
1013 |                 #[cfg(all(tokio_unstable, feature = "tracing"))]
     |                           ^^^^^^^^^^^^^^
     |
     = help: consider using a Cargo feature instead
     = help: or consider adding in `Cargo.toml` the `check-cfg` lint config for the lint:
              [lints.rust]
              unexpected_cfgs = { level = "warn", check-cfg = ['cfg(tokio_unstable)'] }
     = help: or consider adding `println!("cargo::rustc-check-cfg=cfg(tokio_unstable)");` to the top of the `build.rs`
     = note: see <https://doc.rust-lang.org/nightly/rustc/check-cfg/cargo-specifics.html> for more information about checking conditional configuration

warning: unexpected `cfg` condition name: `tokio_unstable`
    --> submodules/tokio/tokio/src/sync/mutex.rs:1061:23
     |
1061 |             #[cfg(all(tokio_unstable, feature = "tracing"))]
     |                       ^^^^^^^^^^^^^^
     |
     = help: consider using a Cargo feature instead
     = help: or consider adding in `Cargo.toml` the `check-cfg` lint config for the lint:
              [lints.rust]
              unexpected_cfgs = { level = "warn", check-cfg = ['cfg(tokio_unstable)'] }
     = help: or consider adding `println!("cargo::rustc-check-cfg=cfg(tokio_unstable)");` to the top of the `build.rs`
     = note: see <https://doc.rust-lang.org/nightly/rustc/check-cfg/cargo-specifics.html> for more information about checking conditional configuration

warning: unexpected `cfg` condition name: `tokio_unstable`
    --> submodules/tokio/tokio/src/sync/mutex.rs:1113:23
     |
1113 |             #[cfg(all(tokio_unstable, feature = "tracing"))]
     |                       ^^^^^^^^^^^^^^
     |
     = help: consider using a Cargo feature instead
     = help: or consider adding in `Cargo.toml` the `check-cfg` lint config for the lint:
              [lints.rust]
              unexpected_cfgs = { level = "warn", check-cfg = ['cfg(tokio_unstable)'] }
     = help: or consider adding `println!("cargo::rustc-check-cfg=cfg(tokio_unstable)");` to the top of the `build.rs`
     = note: see <https://doc.rust-lang.org/nightly/rustc/check-cfg/cargo-specifics.html> for more information about checking conditional configuration

warning: unexpected `cfg` condition name: `tokio_unstable`
    --> submodules/tokio/tokio/src/sync/mutex.rs:1150:19
     |
1150 |         #[cfg(all(tokio_unstable, feature = "tracing"))]
     |                   ^^^^^^^^^^^^^^
     |
     = help: consider using a Cargo feature instead
     = help: or consider adding in `Cargo.toml` the `check-cfg` lint config for the lint:
              [lints.rust]
              unexpected_cfgs = { level = "warn", check-cfg = ['cfg(tokio_unstable)'] }
     = help: or consider adding `println!("cargo::rustc-check-cfg=cfg(tokio_unstable)");` to the top of the `build.rs`
     = note: see <https://doc.rust-lang.org/nightly/rustc/check-cfg/cargo-specifics.html> for more information about checking conditional configuration

warning: unexpected `cfg` condition name: `tokio_unstable`
    --> submodules/tokio/tokio/src/sync/mutex.rs:1193:23
     |
1193 |             #[cfg(all(tokio_unstable, feature = "tracing"))]
     |                       ^^^^^^^^^^^^^^
     |
     = help: consider using a Cargo feature instead
     = help: or consider adding in `Cargo.toml` the `check-cfg` lint config for the lint:
              [lints.rust]
              unexpected_cfgs = { level = "warn", check-cfg = ['cfg(tokio_unstable)'] }
     = help: or consider adding `println!("cargo::rustc-check-cfg=cfg(tokio_unstable)");` to the top of the `build.rs`
     = note: see <https://doc.rust-lang.org/nightly/rustc/check-cfg/cargo-specifics.html> for more information about checking conditional configuration

warning: unexpected `cfg` condition name: `tokio_unstable`
    --> submodules/tokio/tokio/src/sync/mutex.rs:1217:23
     |
1217 |             #[cfg(all(tokio_unstable, feature = "tracing"))]
     |                       ^^^^^^^^^^^^^^
     |
     = help: consider using a Cargo feature instead
     = help: or consider adding in `Cargo.toml` the `check-cfg` lint config for the lint:
              [lints.rust]
              unexpected_cfgs = { level = "warn", check-cfg = ['cfg(tokio_unstable)'] }
     = help: or consider adding `println!("cargo::rustc-check-cfg=cfg(tokio_unstable)");` to the top of the `build.rs`
     = note: see <https://doc.rust-lang.org/nightly/rustc/check-cfg/cargo-specifics.html> for more information about checking conditional configuration

warning: unexpected `cfg` condition name: `tokio_unstable`
    --> submodules/tokio/tokio/src/sync/mutex.rs:1245:23
     |
1245 |             #[cfg(all(tokio_unstable, feature = "tracing"))]
     |                       ^^^^^^^^^^^^^^
     |
     = help: consider using a Cargo feature instead
     = help: or consider adding in `Cargo.toml` the `check-cfg` lint config for the lint:
              [lints.rust]
              unexpected_cfgs = { level = "warn", check-cfg = ['cfg(tokio_unstable)'] }
     = help: or consider adding `println!("cargo::rustc-check-cfg=cfg(tokio_unstable)");` to the top of the `build.rs`
     = note: see <https://doc.rust-lang.org/nightly/rustc/check-cfg/cargo-specifics.html> for more information about checking conditional configuration

warning: unexpected `cfg` condition name: `tokio_unstable`
    --> submodules/tokio/tokio/src/sync/mutex.rs:1255:19
     |
1255 |         #[cfg(all(tokio_unstable, feature = "tracing"))]
     |                   ^^^^^^^^^^^^^^
     |
     = help: consider using a Cargo feature instead
     = help: or consider adding in `Cargo.toml` the `check-cfg` lint config for the lint:
              [lints.rust]
              unexpected_cfgs = { level = "warn", check-cfg = ['cfg(tokio_unstable)'] }
     = help: or consider adding `println!("cargo::rustc-check-cfg=cfg(tokio_unstable)");` to the top of the `build.rs`
     = note: see <https://doc.rust-lang.org/nightly/rustc/check-cfg/cargo-specifics.html> for more information about checking conditional configuration

warning: unexpected `cfg` condition name: `tokio_unstable`
    --> submodules/tokio/tokio/src/sync/mutex.rs:1301:27
     |
1301 |                 #[cfg(all(tokio_unstable, feature = "tracing"))]
     |                           ^^^^^^^^^^^^^^
     |
     = help: consider using a Cargo feature instead
     = help: or consider adding in `Cargo.toml` the `check-cfg` lint config for the lint:
              [lints.rust]
              unexpected_cfgs = { level = "warn", check-cfg = ['cfg(tokio_unstable)'] }
     = help: or consider adding `println!("cargo::rustc-check-cfg=cfg(tokio_unstable)");` to the top of the `build.rs`
     = note: see <https://doc.rust-lang.org/nightly/rustc/check-cfg/cargo-specifics.html> for more information about checking conditional configuration

warning: unexpected `cfg` condition name: `tokio_unstable`
    --> submodules/tokio/tokio/src/sync/mutex.rs:1325:23
     |
1325 |             #[cfg(all(tokio_unstable, feature = "tracing"))]
     |                       ^^^^^^^^^^^^^^
     |
     = help: consider using a Cargo feature instead
     = help: or consider adding in `Cargo.toml` the `check-cfg` lint config for the lint:
              [lints.rust]
              unexpected_cfgs = { level = "warn", check-cfg = ['cfg(tokio_unstable)'] }
     = help: or consider adding `println!("cargo::rustc-check-cfg=cfg(tokio_unstable)");` to the top of the `build.rs`
     = note: see <https://doc.rust-lang.org/nightly/rustc/check-cfg/cargo-specifics.html> for more information about checking conditional configuration

warning: unexpected `cfg` condition name: `tokio_unstable`
    --> submodules/tokio/tokio/src/sync/mutex.rs:1353:23
     |
1353 |             #[cfg(all(tokio_unstable, feature = "tracing"))]
     |                       ^^^^^^^^^^^^^^
     |
     = help: consider using a Cargo feature instead
     = help: or consider adding in `Cargo.toml` the `check-cfg` lint config for the lint:
              [lints.rust]
              unexpected_cfgs = { level = "warn", check-cfg = ['cfg(tokio_unstable)'] }
     = help: or consider adding `println!("cargo::rustc-check-cfg=cfg(tokio_unstable)");` to the top of the `build.rs`
     = note: see <https://doc.rust-lang.org/nightly/rustc/check-cfg/cargo-specifics.html> for more information about checking conditional configuration

warning: unexpected `cfg` condition name: `tokio_unstable`
    --> submodules/tokio/tokio/src/sync/mutex.rs:1363:19
     |
1363 |         #[cfg(all(tokio_unstable, feature = "tracing"))]
     |                   ^^^^^^^^^^^^^^
     |
     = help: consider using a Cargo feature instead
     = help: or consider adding in `Cargo.toml` the `check-cfg` lint config for the lint:
              [lints.rust]
              unexpected_cfgs = { level = "warn", check-cfg = ['cfg(tokio_unstable)'] }
     = help: or consider adding `println!("cargo::rustc-check-cfg=cfg(tokio_unstable)");` to the top of the `build.rs`
     = note: see <https://doc.rust-lang.org/nightly/rustc/check-cfg/cargo-specifics.html> for more information about checking conditional configuration

warning: unexpected `cfg` condition name: `loom`
   --> submodules/tokio/tokio/src/sync/notify.rs:507:19
    |
507 |     #[cfg(not(all(loom, test)))]
    |                   ^^^^
    |
    = help: consider using a Cargo feature instead
    = help: or consider adding in `Cargo.toml` the `check-cfg` lint config for the lint:
             [lints.rust]
             unexpected_cfgs = { level = "warn", check-cfg = ['cfg(loom)'] }
    = help: or consider adding `println!("cargo::rustc-check-cfg=cfg(loom)");` to the top of the `build.rs`
    = note: see <https://doc.rust-lang.org/nightly/rustc/check-cfg/cargo-specifics.html> for more information about checking conditional configuration

warning: unexpected `cfg` condition name: `tokio_unstable`
   --> submodules/tokio/tokio/src/sync/oneshot.rs:129:11
    |
129 | #[cfg(all(tokio_unstable, feature = "tracing"))]
    |           ^^^^^^^^^^^^^^
    |
    = help: consider using a Cargo feature instead
    = help: or consider adding in `Cargo.toml` the `check-cfg` lint config for the lint:
             [lints.rust]
             unexpected_cfgs = { level = "warn", check-cfg = ['cfg(tokio_unstable)'] }
    = help: or consider adding `println!("cargo::rustc-check-cfg=cfg(tokio_unstable)");` to the top of the `build.rs`
    = note: see <https://doc.rust-lang.org/nightly/rustc/check-cfg/cargo-specifics.html> for more information about checking conditional configuration

warning: unexpected `cfg` condition name: `tokio_unstable`
   --> submodules/tokio/tokio/src/sync/oneshot.rs:224:15
    |
224 |     #[cfg(all(tokio_unstable, feature = "tracing"))]
    |               ^^^^^^^^^^^^^^
    |
    = help: consider using a Cargo feature instead
    = help: or consider adding in `Cargo.toml` the `check-cfg` lint config for the lint:
             [lints.rust]
             unexpected_cfgs = { level = "warn", check-cfg = ['cfg(tokio_unstable)'] }
    = help: or consider adding `println!("cargo::rustc-check-cfg=cfg(tokio_unstable)");` to the top of the `build.rs`
    = note: see <https://doc.rust-lang.org/nightly/rustc/check-cfg/cargo-specifics.html> for more information about checking conditional configuration

warning: unexpected `cfg` condition name: `tokio_unstable`
   --> submodules/tokio/tokio/src/sync/oneshot.rs:324:15
    |
324 |     #[cfg(all(tokio_unstable, feature = "tracing"))]
    |               ^^^^^^^^^^^^^^
    |
    = help: consider using a Cargo feature instead
    = help: or consider adding in `Cargo.toml` the `check-cfg` lint config for the lint:
             [lints.rust]
             unexpected_cfgs = { level = "warn", check-cfg = ['cfg(tokio_unstable)'] }
    = help: or consider adding `println!("cargo::rustc-check-cfg=cfg(tokio_unstable)");` to the top of the `build.rs`
    = note: see <https://doc.rust-lang.org/nightly/rustc/check-cfg/cargo-specifics.html> for more information about checking conditional configuration

warning: unexpected `cfg` condition name: `tokio_unstable`
   --> submodules/tokio/tokio/src/sync/oneshot.rs:326:15
    |
326 |     #[cfg(all(tokio_unstable, feature = "tracing"))]
    |               ^^^^^^^^^^^^^^
    |
    = help: consider using a Cargo feature instead
    = help: or consider adding in `Cargo.toml` the `check-cfg` lint config for the lint:
             [lints.rust]
             unexpected_cfgs = { level = "warn", check-cfg = ['cfg(tokio_unstable)'] }
    = help: or consider adding `println!("cargo::rustc-check-cfg=cfg(tokio_unstable)");` to the top of the `build.rs`
    = note: see <https://doc.rust-lang.org/nightly/rustc/check-cfg/cargo-specifics.html> for more information about checking conditional configuration

warning: unexpected `cfg` condition name: `tokio_unstable`
   --> submodules/tokio/tokio/src/sync/oneshot.rs:328:15
    |
328 |     #[cfg(all(tokio_unstable, feature = "tracing"))]
    |               ^^^^^^^^^^^^^^
    |
    = help: consider using a Cargo feature instead
    = help: or consider adding in `Cargo.toml` the `check-cfg` lint config for the lint:
             [lints.rust]
             unexpected_cfgs = { level = "warn", check-cfg = ['cfg(tokio_unstable)'] }
    = help: or consider adding `println!("cargo::rustc-check-cfg=cfg(tokio_unstable)");` to the top of the `build.rs`
    = note: see <https://doc.rust-lang.org/nightly/rustc/check-cfg/cargo-specifics.html> for more information about checking conditional configuration

warning: unexpected `cfg` condition name: `tokio_unstable`
   --> submodules/tokio/tokio/src/sync/oneshot.rs:491:15
    |
491 |     #[cfg(all(tokio_unstable, feature = "tracing"))]
    |               ^^^^^^^^^^^^^^
    |
    = help: consider using a Cargo feature instead
    = help: or consider adding in `Cargo.toml` the `check-cfg` lint config for the lint:
             [lints.rust]
             unexpected_cfgs = { level = "warn", check-cfg = ['cfg(tokio_unstable)'] }
    = help: or consider adding `println!("cargo::rustc-check-cfg=cfg(tokio_unstable)");` to the top of the `build.rs`
    = note: see <https://doc.rust-lang.org/nightly/rustc/check-cfg/cargo-specifics.html> for more information about checking conditional configuration

warning: unexpected `cfg` condition name: `tokio_unstable`
   --> submodules/tokio/tokio/src/sync/oneshot.rs:553:15
    |
553 |     #[cfg(all(tokio_unstable, feature = "tracing"))]
    |               ^^^^^^^^^^^^^^
    |
    = help: consider using a Cargo feature instead
    = help: or consider adding in `Cargo.toml` the `check-cfg` lint config for the lint:
             [lints.rust]
             unexpected_cfgs = { level = "warn", check-cfg = ['cfg(tokio_unstable)'] }
    = help: or consider adding `println!("cargo::rustc-check-cfg=cfg(tokio_unstable)");` to the top of the `build.rs`
    = note: see <https://doc.rust-lang.org/nightly/rustc/check-cfg/cargo-specifics.html> for more information about checking conditional configuration

warning: unexpected `cfg` condition name: `tokio_unstable`
   --> submodules/tokio/tokio/src/sync/oneshot.rs:557:15
    |
557 |     #[cfg(all(tokio_unstable, feature = "tracing"))]
    |               ^^^^^^^^^^^^^^
    |
    = help: consider using a Cargo feature instead
    = help: or consider adding in `Cargo.toml` the `check-cfg` lint config for the lint:
             [lints.rust]
             unexpected_cfgs = { level = "warn", check-cfg = ['cfg(tokio_unstable)'] }
    = help: or consider adding `println!("cargo::rustc-check-cfg=cfg(tokio_unstable)");` to the top of the `build.rs`
    = note: see <https://doc.rust-lang.org/nightly/rustc/check-cfg/cargo-specifics.html> for more information about checking conditional configuration

warning: unexpected `cfg` condition name: `tokio_unstable`
   --> submodules/tokio/tokio/src/sync/oneshot.rs:549:19
    |
549 |         #[cfg(all(tokio_unstable, feature = "tracing"))]
    |                   ^^^^^^^^^^^^^^
    |
    = help: consider using a Cargo feature instead
    = help: or consider adding in `Cargo.toml` the `check-cfg` lint config for the lint:
             [lints.rust]
             unexpected_cfgs = { level = "warn", check-cfg = ['cfg(tokio_unstable)'] }
    = help: or consider adding `println!("cargo::rustc-check-cfg=cfg(tokio_unstable)");` to the top of the `build.rs`
    = note: see <https://doc.rust-lang.org/nightly/rustc/check-cfg/cargo-specifics.html> for more information about checking conditional configuration

warning: unexpected `cfg` condition name: `tokio_unstable`
   --> submodules/tokio/tokio/src/sync/oneshot.rs:563:19
    |
563 |         #[cfg(all(tokio_unstable, feature = "tracing"))]
    |                   ^^^^^^^^^^^^^^
    |
    = help: consider using a Cargo feature instead
    = help: or consider adding in `Cargo.toml` the `check-cfg` lint config for the lint:
             [lints.rust]
             unexpected_cfgs = { level = "warn", check-cfg = ['cfg(tokio_unstable)'] }
    = help: or consider adding `println!("cargo::rustc-check-cfg=cfg(tokio_unstable)");` to the top of the `build.rs`
    = note: see <https://doc.rust-lang.org/nightly/rustc/check-cfg/cargo-specifics.html> for more information about checking conditional configuration

warning: unexpected `cfg` condition name: `tokio_unstable`
   --> submodules/tokio/tokio/src/sync/oneshot.rs:565:19
    |
565 |         #[cfg(all(tokio_unstable, feature = "tracing"))]
    |                   ^^^^^^^^^^^^^^
    |
    = help: consider using a Cargo feature instead
    = help: or consider adding in `Cargo.toml` the `check-cfg` lint config for the lint:
             [lints.rust]
             unexpected_cfgs = { level = "warn", check-cfg = ['cfg(tokio_unstable)'] }
    = help: or consider adding `println!("cargo::rustc-check-cfg=cfg(tokio_unstable)");` to the top of the `build.rs`
    = note: see <https://doc.rust-lang.org/nightly/rustc/check-cfg/cargo-specifics.html> for more information about checking conditional configuration

warning: unexpected `cfg` condition name: `tokio_unstable`
   --> submodules/tokio/tokio/src/sync/oneshot.rs:567:19
    |
567 |         #[cfg(all(tokio_unstable, feature = "tracing"))]
    |                   ^^^^^^^^^^^^^^
    |
    = help: consider using a Cargo feature instead
    = help: or consider adding in `Cargo.toml` the `check-cfg` lint config for the lint:
             [lints.rust]
             unexpected_cfgs = { level = "warn", check-cfg = ['cfg(tokio_unstable)'] }
    = help: or consider adding `println!("cargo::rustc-check-cfg=cfg(tokio_unstable)");` to the top of the `build.rs`
    = note: see <https://doc.rust-lang.org/nightly/rustc/check-cfg/cargo-specifics.html> for more information about checking conditional configuration

warning: unexpected `cfg` condition name: `tokio_unstable`
   --> submodules/tokio/tokio/src/sync/oneshot.rs:641:19
    |
641 |         #[cfg(all(tokio_unstable, feature = "tracing"))]
    |                   ^^^^^^^^^^^^^^
    |
    = help: consider using a Cargo feature instead
    = help: or consider adding in `Cargo.toml` the `check-cfg` lint config for the lint:
             [lints.rust]
             unexpected_cfgs = { level = "warn", check-cfg = ['cfg(tokio_unstable)'] }
    = help: or consider adding `println!("cargo::rustc-check-cfg=cfg(tokio_unstable)");` to the top of the `build.rs`
    = note: see <https://doc.rust-lang.org/nightly/rustc/check-cfg/cargo-specifics.html> for more information about checking conditional configuration

warning: unexpected `cfg` condition name: `tokio_unstable`
   --> submodules/tokio/tokio/src/sync/oneshot.rs:723:19
    |
723 |         #[cfg(all(tokio_unstable, feature = "tracing"))]
    |                   ^^^^^^^^^^^^^^
    |
    = help: consider using a Cargo feature instead
    = help: or consider adding in `Cargo.toml` the `check-cfg` lint config for the lint:
             [lints.rust]
             unexpected_cfgs = { level = "warn", check-cfg = ['cfg(tokio_unstable)'] }
    = help: or consider adding `println!("cargo::rustc-check-cfg=cfg(tokio_unstable)");` to the top of the `build.rs`
    = note: see <https://doc.rust-lang.org/nightly/rustc/check-cfg/cargo-specifics.html> for more information about checking conditional configuration

warning: unexpected `cfg` condition name: `tokio_unstable`
   --> submodules/tokio/tokio/src/sync/oneshot.rs:725:19
    |
725 |         #[cfg(all(tokio_unstable, feature = "tracing"))]
    |                   ^^^^^^^^^^^^^^
    |
    = help: consider using a Cargo feature instead
    = help: or consider adding in `Cargo.toml` the `check-cfg` lint config for the lint:
             [lints.rust]
             unexpected_cfgs = { level = "warn", check-cfg = ['cfg(tokio_unstable)'] }
    = help: or consider adding `println!("cargo::rustc-check-cfg=cfg(tokio_unstable)");` to the top of the `build.rs`
    = note: see <https://doc.rust-lang.org/nightly/rustc/check-cfg/cargo-specifics.html> for more information about checking conditional configuration

warning: unexpected `cfg` condition name: `tokio_unstable`
   --> submodules/tokio/tokio/src/sync/oneshot.rs:733:23
    |
733 |         #[cfg(not(all(tokio_unstable, feature = "tracing")))]
    |                       ^^^^^^^^^^^^^^
    |
    = help: consider using a Cargo feature instead
    = help: or consider adding in `Cargo.toml` the `check-cfg` lint config for the lint:
             [lints.rust]
             unexpected_cfgs = { level = "warn", check-cfg = ['cfg(tokio_unstable)'] }
    = help: or consider adding `println!("cargo::rustc-check-cfg=cfg(tokio_unstable)");` to the top of the `build.rs`
    = note: see <https://doc.rust-lang.org/nightly/rustc/check-cfg/cargo-specifics.html> for more information about checking conditional configuration

warning: unexpected `cfg` condition name: `tokio_unstable`
   --> submodules/tokio/tokio/src/sync/oneshot.rs:868:23
    |
868 |             #[cfg(all(tokio_unstable, feature = "tracing"))]
    |                       ^^^^^^^^^^^^^^
    |
    = help: consider using a Cargo feature instead
    = help: or consider adding in `Cargo.toml` the `check-cfg` lint config for the lint:
             [lints.rust]
             unexpected_cfgs = { level = "warn", check-cfg = ['cfg(tokio_unstable)'] }
    = help: or consider adding `println!("cargo::rustc-check-cfg=cfg(tokio_unstable)");` to the top of the `build.rs`
    = note: see <https://doc.rust-lang.org/nightly/rustc/check-cfg/cargo-specifics.html> for more information about checking conditional configuration

warning: unexpected `cfg` condition name: `tokio_unstable`
   --> submodules/tokio/tokio/src/sync/oneshot.rs:943:23
    |
943 |             #[cfg(all(tokio_unstable, feature = "tracing"))]
    |                       ^^^^^^^^^^^^^^
    |
    = help: consider using a Cargo feature instead
    = help: or consider adding in `Cargo.toml` the `check-cfg` lint config for the lint:
             [lints.rust]
             unexpected_cfgs = { level = "warn", check-cfg = ['cfg(tokio_unstable)'] }
    = help: or consider adding `println!("cargo::rustc-check-cfg=cfg(tokio_unstable)");` to the top of the `build.rs`
    = note: see <https://doc.rust-lang.org/nightly/rustc/check-cfg/cargo-specifics.html> for more information about checking conditional configuration

warning: unexpected `cfg` condition name: `tokio_unstable`
    --> submodules/tokio/tokio/src/sync/oneshot.rs:1176:35
     |
1176 |                         #[cfg(all(tokio_unstable, feature = "tracing"))]
     |                                   ^^^^^^^^^^^^^^
     |
     = help: consider using a Cargo feature instead
     = help: or consider adding in `Cargo.toml` the `check-cfg` lint config for the lint:
              [lints.rust]
              unexpected_cfgs = { level = "warn", check-cfg = ['cfg(tokio_unstable)'] }
     = help: or consider adding `println!("cargo::rustc-check-cfg=cfg(tokio_unstable)");` to the top of the `build.rs`
     = note: see <https://doc.rust-lang.org/nightly/rustc/check-cfg/cargo-specifics.html> for more information about checking conditional configuration

warning: unexpected `cfg` condition name: `tokio_unstable`
    --> submodules/tokio/tokio/src/sync/oneshot.rs:1249:23
     |
1249 |             #[cfg(all(tokio_unstable, feature = "tracing"))]
     |                       ^^^^^^^^^^^^^^
     |
     = help: consider using a Cargo feature instead
     = help: or consider adding in `Cargo.toml` the `check-cfg` lint config for the lint:
              [lints.rust]
              unexpected_cfgs = { level = "warn", check-cfg = ['cfg(tokio_unstable)'] }
     = help: or consider adding `println!("cargo::rustc-check-cfg=cfg(tokio_unstable)");` to the top of the `build.rs`
     = note: see <https://doc.rust-lang.org/nightly/rustc/check-cfg/cargo-specifics.html> for more information about checking conditional configuration

warning: unexpected `cfg` condition name: `tokio_unstable`
    --> submodules/tokio/tokio/src/sync/oneshot.rs:1266:19
     |
1266 |         #[cfg(all(tokio_unstable, feature = "tracing"))]
     |                   ^^^^^^^^^^^^^^
     |
     = help: consider using a Cargo feature instead
     = help: or consider adding in `Cargo.toml` the `check-cfg` lint config for the lint:
              [lints.rust]
              unexpected_cfgs = { level = "warn", check-cfg = ['cfg(tokio_unstable)'] }
     = help: or consider adding `println!("cargo::rustc-check-cfg=cfg(tokio_unstable)");` to the top of the `build.rs`
     = note: see <https://doc.rust-lang.org/nightly/rustc/check-cfg/cargo-specifics.html> for more information about checking conditional configuration

warning: unexpected `cfg` condition name: `tokio_unstable`
    --> submodules/tokio/tokio/src/sync/oneshot.rs:1268:19
     |
1268 |         #[cfg(all(tokio_unstable, feature = "tracing"))]
     |                   ^^^^^^^^^^^^^^
     |
     = help: consider using a Cargo feature instead
     = help: or consider adding in `Cargo.toml` the `check-cfg` lint config for the lint:
              [lints.rust]
              unexpected_cfgs = { level = "warn", check-cfg = ['cfg(tokio_unstable)'] }
     = help: or consider adding `println!("cargo::rustc-check-cfg=cfg(tokio_unstable)");` to the top of the `build.rs`
     = note: see <https://doc.rust-lang.org/nightly/rustc/check-cfg/cargo-specifics.html> for more information about checking conditional configuration

warning: unexpected `cfg` condition name: `tokio_unstable`
    --> submodules/tokio/tokio/src/sync/oneshot.rs:1270:19
     |
1270 |         #[cfg(all(tokio_unstable, feature = "tracing"))]
     |                   ^^^^^^^^^^^^^^
     |
     = help: consider using a Cargo feature instead
     = help: or consider adding in `Cargo.toml` the `check-cfg` lint config for the lint:
              [lints.rust]
              unexpected_cfgs = { level = "warn", check-cfg = ['cfg(tokio_unstable)'] }
     = help: or consider adding `println!("cargo::rustc-check-cfg=cfg(tokio_unstable)");` to the top of the `build.rs`
     = note: see <https://doc.rust-lang.org/nightly/rustc/check-cfg/cargo-specifics.html> for more information about checking conditional configuration

warning: unexpected `cfg` condition name: `tokio_unstable`
    --> submodules/tokio/tokio/src/sync/oneshot.rs:1274:23
     |
1274 |             #[cfg(all(tokio_unstable, feature = "tracing"))]
     |                       ^^^^^^^^^^^^^^
     |
     = help: consider using a Cargo feature instead
     = help: or consider adding in `Cargo.toml` the `check-cfg` lint config for the lint:
              [lints.rust]
              unexpected_cfgs = { level = "warn", check-cfg = ['cfg(tokio_unstable)'] }
     = help: or consider adding `println!("cargo::rustc-check-cfg=cfg(tokio_unstable)");` to the top of the `build.rs`
     = note: see <https://doc.rust-lang.org/nightly/rustc/check-cfg/cargo-specifics.html> for more information about checking conditional configuration

warning: unexpected `cfg` condition name: `tokio_unstable`
    --> submodules/tokio/tokio/src/sync/oneshot.rs:1277:27
     |
1277 |             #[cfg(any(not(tokio_unstable), not(feature = "tracing")))]
     |                           ^^^^^^^^^^^^^^
     |
     = help: consider using a Cargo feature instead
     = help: or consider adding in `Cargo.toml` the `check-cfg` lint config for the lint:
              [lints.rust]
              unexpected_cfgs = { level = "warn", check-cfg = ['cfg(tokio_unstable)'] }
     = help: or consider adding `println!("cargo::rustc-check-cfg=cfg(tokio_unstable)");` to the top of the `build.rs`
     = note: see <https://doc.rust-lang.org/nightly/rustc/check-cfg/cargo-specifics.html> for more information about checking conditional configuration

warning: unexpected `cfg` condition name: `tokio_unstable`
  --> submodules/tokio/tokio/src/sync/batch_semaphore.rs:22:11
   |
22 | #[cfg(all(tokio_unstable, feature = "tracing"))]
   |           ^^^^^^^^^^^^^^
   |
   = help: consider using a Cargo feature instead
   = help: or consider adding in `Cargo.toml` the `check-cfg` lint config for the lint:
            [lints.rust]
            unexpected_cfgs = { level = "warn", check-cfg = ['cfg(tokio_unstable)'] }
   = help: or consider adding `println!("cargo::rustc-check-cfg=cfg(tokio_unstable)");` to the top of the `build.rs`
   = note: see <https://doc.rust-lang.org/nightly/rustc/check-cfg/cargo-specifics.html> for more information about checking conditional configuration

warning: unexpected `cfg` condition name: `tokio_unstable`
  --> submodules/tokio/tokio/src/sync/batch_semaphore.rs:39:15
   |
39 |     #[cfg(all(tokio_unstable, feature = "tracing"))]
   |               ^^^^^^^^^^^^^^
   |
   = help: consider using a Cargo feature instead
   = help: or consider adding in `Cargo.toml` the `check-cfg` lint config for the lint:
            [lints.rust]
            unexpected_cfgs = { level = "warn", check-cfg = ['cfg(tokio_unstable)'] }
   = help: or consider adding `println!("cargo::rustc-check-cfg=cfg(tokio_unstable)");` to the top of the `build.rs`
   = note: see <https://doc.rust-lang.org/nightly/rustc/check-cfg/cargo-specifics.html> for more information about checking conditional configuration

warning: unexpected `cfg` condition name: `tokio_unstable`
   --> submodules/tokio/tokio/src/sync/batch_semaphore.rs:107:15
    |
107 |     #[cfg(all(tokio_unstable, feature = "tracing"))]
    |               ^^^^^^^^^^^^^^
    |
    = help: consider using a Cargo feature instead
    = help: or consider adding in `Cargo.toml` the `check-cfg` lint config for the lint:
             [lints.rust]
             unexpected_cfgs = { level = "warn", check-cfg = ['cfg(tokio_unstable)'] }
    = help: or consider adding `println!("cargo::rustc-check-cfg=cfg(tokio_unstable)");` to the top of the `build.rs`
    = note: see <https://doc.rust-lang.org/nightly/rustc/check-cfg/cargo-specifics.html> for more information about checking conditional configuration

warning: unexpected `cfg` condition name: `loom`
   --> submodules/tokio/tokio/src/sync/batch_semaphore.rs:181:19
    |
181 |     #[cfg(not(all(loom, test)))]
    |                   ^^^^
    |
    = help: consider using a Cargo feature instead
    = help: or consider adding in `Cargo.toml` the `check-cfg` lint config for the lint:
             [lints.rust]
             unexpected_cfgs = { level = "warn", check-cfg = ['cfg(loom)'] }
    = help: or consider adding `println!("cargo::rustc-check-cfg=cfg(loom)");` to the top of the `build.rs`
    = note: see <https://doc.rust-lang.org/nightly/rustc/check-cfg/cargo-specifics.html> for more information about checking conditional configuration

warning: unexpected `cfg` condition name: `loom`
   --> submodules/tokio/tokio/src/sync/batch_semaphore.rs:210:19
    |
210 |     #[cfg(not(all(loom, test)))]
    |                   ^^^^
    |
    = help: consider using a Cargo feature instead
    = help: or consider adding in `Cargo.toml` the `check-cfg` lint config for the lint:
             [lints.rust]
             unexpected_cfgs = { level = "warn", check-cfg = ['cfg(loom)'] }
    = help: or consider adding `println!("cargo::rustc-check-cfg=cfg(loom)");` to the top of the `build.rs`
    = note: see <https://doc.rust-lang.org/nightly/rustc/check-cfg/cargo-specifics.html> for more information about checking conditional configuration

warning: unexpected `cfg` condition name: `tokio_unstable`
   --> submodules/tokio/tokio/src/sync/batch_semaphore.rs:147:19
    |
147 |         #[cfg(all(tokio_unstable, feature = "tracing"))]
    |                   ^^^^^^^^^^^^^^
    |
    = help: consider using a Cargo feature instead
    = help: or consider adding in `Cargo.toml` the `check-cfg` lint config for the lint:
             [lints.rust]
             unexpected_cfgs = { level = "warn", check-cfg = ['cfg(tokio_unstable)'] }
    = help: or consider adding `println!("cargo::rustc-check-cfg=cfg(tokio_unstable)");` to the top of the `build.rs`
    = note: see <https://doc.rust-lang.org/nightly/rustc/check-cfg/cargo-specifics.html> for more information about checking conditional configuration

warning: unexpected `cfg` condition name: `tokio_unstable`
   --> submodules/tokio/tokio/src/sync/batch_semaphore.rs:173:23
    |
173 |             #[cfg(all(tokio_unstable, feature = "tracing"))]
    |                       ^^^^^^^^^^^^^^
    |
    = help: consider using a Cargo feature instead
    = help: or consider adding in `Cargo.toml` the `check-cfg` lint config for the lint:
             [lints.rust]
             unexpected_cfgs = { level = "warn", check-cfg = ['cfg(tokio_unstable)'] }
    = help: or consider adding `println!("cargo::rustc-check-cfg=cfg(tokio_unstable)");` to the top of the `build.rs`
    = note: see <https://doc.rust-lang.org/nightly/rustc/check-cfg/cargo-specifics.html> for more information about checking conditional configuration

warning: unexpected `cfg` condition name: `tokio_unstable`
   --> submodules/tokio/tokio/src/sync/batch_semaphore.rs:191:23
    |
191 |             #[cfg(all(tokio_unstable, feature = "tracing"))]
    |                       ^^^^^^^^^^^^^^
    |
    = help: consider using a Cargo feature instead
    = help: or consider adding in `Cargo.toml` the `check-cfg` lint config for the lint:
             [lints.rust]
             unexpected_cfgs = { level = "warn", check-cfg = ['cfg(tokio_unstable)'] }
    = help: or consider adding `println!("cargo::rustc-check-cfg=cfg(tokio_unstable)");` to the top of the `build.rs`
    = note: see <https://doc.rust-lang.org/nightly/rustc/check-cfg/cargo-specifics.html> for more information about checking conditional configuration

warning: unexpected `cfg` condition name: `tokio_unstable`
   --> submodules/tokio/tokio/src/sync/batch_semaphore.rs:204:23
    |
204 |             #[cfg(all(tokio_unstable, feature = "tracing"))]
    |                       ^^^^^^^^^^^^^^
    |
    = help: consider using a Cargo feature instead
    = help: or consider adding in `Cargo.toml` the `check-cfg` lint config for the lint:
             [lints.rust]
             unexpected_cfgs = { level = "warn", check-cfg = ['cfg(tokio_unstable)'] }
    = help: or consider adding `println!("cargo::rustc-check-cfg=cfg(tokio_unstable)");` to the top of the `build.rs`
    = note: see <https://doc.rust-lang.org/nightly/rustc/check-cfg/cargo-specifics.html> for more information about checking conditional configuration

warning: unexpected `cfg` condition name: `tokio_unstable`
   --> submodules/tokio/tokio/src/sync/batch_semaphore.rs:218:23
    |
218 |             #[cfg(all(tokio_unstable, feature = "tracing"))]
    |                       ^^^^^^^^^^^^^^
    |
    = help: consider using a Cargo feature instead
    = help: or consider adding in `Cargo.toml` the `check-cfg` lint config for the lint:
             [lints.rust]
             unexpected_cfgs = { level = "warn", check-cfg = ['cfg(tokio_unstable)'] }
    = help: or consider adding `println!("cargo::rustc-check-cfg=cfg(tokio_unstable)");` to the top of the `build.rs`
    = note: see <https://doc.rust-lang.org/nightly/rustc/check-cfg/cargo-specifics.html> for more information about checking conditional configuration

warning: unexpected `cfg` condition name: `tokio_unstable`
   --> submodules/tokio/tokio/src/sync/batch_semaphore.rs:352:27
    |
352 |                 #[cfg(all(tokio_unstable, feature = "tracing"))]
    |                           ^^^^^^^^^^^^^^
    |
    = help: consider using a Cargo feature instead
    = help: or consider adding in `Cargo.toml` the `check-cfg` lint config for the lint:
             [lints.rust]
             unexpected_cfgs = { level = "warn", check-cfg = ['cfg(tokio_unstable)'] }
    = help: or consider adding `println!("cargo::rustc-check-cfg=cfg(tokio_unstable)");` to the top of the `build.rs`
    = note: see <https://doc.rust-lang.org/nightly/rustc/check-cfg/cargo-specifics.html> for more information about checking conditional configuration

warning: unexpected `cfg` condition name: `tokio_unstable`
   --> submodules/tokio/tokio/src/sync/batch_semaphore.rs:479:19
    |
479 |         #[cfg(all(tokio_unstable, feature = "tracing"))]
    |                   ^^^^^^^^^^^^^^
    |
    = help: consider using a Cargo feature instead
    = help: or consider adding in `Cargo.toml` the `check-cfg` lint config for the lint:
             [lints.rust]
             unexpected_cfgs = { level = "warn", check-cfg = ['cfg(tokio_unstable)'] }
    = help: or consider adding `println!("cargo::rustc-check-cfg=cfg(tokio_unstable)");` to the top of the `build.rs`
    = note: see <https://doc.rust-lang.org/nightly/rustc/check-cfg/cargo-specifics.html> for more information about checking conditional configuration

warning: unexpected `cfg` condition name: `tokio_unstable`
   --> submodules/tokio/tokio/src/sync/batch_semaphore.rs:450:39
    |
450 | ...                   #[cfg(all(tokio_unstable, feature = "tracing"))]
    |                                 ^^^^^^^^^^^^^^
    |
    = help: consider using a Cargo feature instead
    = help: or consider adding in `Cargo.toml` the `check-cfg` lint config for the lint:
             [lints.rust]
             unexpected_cfgs = { level = "warn", check-cfg = ['cfg(tokio_unstable)'] }
    = help: or consider adding `println!("cargo::rustc-check-cfg=cfg(tokio_unstable)");` to the top of the `build.rs`
    = note: see <https://doc.rust-lang.org/nightly/rustc/check-cfg/cargo-specifics.html> for more information about checking conditional configuration

warning: unexpected `cfg` condition name: `tokio_unstable`
   --> submodules/tokio/tokio/src/sync/batch_semaphore.rs:536:19
    |
536 |         #[cfg(all(tokio_unstable, feature = "tracing"))] ctx: trace::AsyncOpTracingCtx,
    |                   ^^^^^^^^^^^^^^
    |
    = help: consider using a Cargo feature instead
    = help: or consider adding in `Cargo.toml` the `check-cfg` lint config for the lint:
             [lints.rust]
             unexpected_cfgs = { level = "warn", check-cfg = ['cfg(tokio_unstable)'] }
    = help: or consider adding `println!("cargo::rustc-check-cfg=cfg(tokio_unstable)");` to the top of the `build.rs`
    = note: see <https://doc.rust-lang.org/nightly/rustc/check-cfg/cargo-specifics.html> for more information about checking conditional configuration

warning: unexpected `cfg` condition name: `tokio_unstable`
   --> submodules/tokio/tokio/src/sync/batch_semaphore.rs:542:23
    |
542 |             #[cfg(all(tokio_unstable, feature = "tracing"))]
    |                       ^^^^^^^^^^^^^^
    |
    = help: consider using a Cargo feature instead
    = help: or consider adding in `Cargo.toml` the `check-cfg` lint config for the lint:
             [lints.rust]
             unexpected_cfgs = { level = "warn", check-cfg = ['cfg(tokio_unstable)'] }
    = help: or consider adding `println!("cargo::rustc-check-cfg=cfg(tokio_unstable)");` to the top of the `build.rs`
    = note: see <https://doc.rust-lang.org/nightly/rustc/check-cfg/cargo-specifics.html> for more information about checking conditional configuration

warning: unexpected `cfg` condition name: `tokio_unstable`
   --> submodules/tokio/tokio/src/sync/batch_semaphore.rs:559:31
    |
559 |                     #[cfg(all(tokio_unstable, feature = "tracing"))]
    |                               ^^^^^^^^^^^^^^
    |
    = help: consider using a Cargo feature instead
    = help: or consider adding in `Cargo.toml` the `check-cfg` lint config for the lint:
             [lints.rust]
             unexpected_cfgs = { level = "warn", check-cfg = ['cfg(tokio_unstable)'] }
    = help: or consider adding `println!("cargo::rustc-check-cfg=cfg(tokio_unstable)");` to the top of the `build.rs`
    = note: see <https://doc.rust-lang.org/nightly/rustc/check-cfg/cargo-specifics.html> for more information about checking conditional configuration

warning: unexpected `cfg` condition name: `tokio_unstable`
   --> submodules/tokio/tokio/src/sync/batch_semaphore.rs:581:19
    |
581 |         #[cfg(all(tokio_unstable, feature = "tracing"))]
    |                   ^^^^^^^^^^^^^^
    |
    = help: consider using a Cargo feature instead
    = help: or consider adding in `Cargo.toml` the `check-cfg` lint config for the lint:
             [lints.rust]
             unexpected_cfgs = { level = "warn", check-cfg = ['cfg(tokio_unstable)'] }
    = help: or consider adding `println!("cargo::rustc-check-cfg=cfg(tokio_unstable)");` to the top of the `build.rs`
    = note: see <https://doc.rust-lang.org/nightly/rustc/check-cfg/cargo-specifics.html> for more information about checking conditional configuration

warning: unexpected `cfg` condition name: `tokio_unstable`
   --> submodules/tokio/tokio/src/sync/batch_semaphore.rs:583:19
    |
583 |         #[cfg(all(tokio_unstable, feature = "tracing"))]
    |                   ^^^^^^^^^^^^^^
    |
    = help: consider using a Cargo feature instead
    = help: or consider adding in `Cargo.toml` the `check-cfg` lint config for the lint:
             [lints.rust]
             unexpected_cfgs = { level = "warn", check-cfg = ['cfg(tokio_unstable)'] }
    = help: or consider adding `println!("cargo::rustc-check-cfg=cfg(tokio_unstable)");` to the top of the `build.rs`
    = note: see <https://doc.rust-lang.org/nightly/rustc/check-cfg/cargo-specifics.html> for more information about checking conditional configuration

warning: unexpected `cfg` condition name: `tokio_unstable`
   --> submodules/tokio/tokio/src/sync/batch_semaphore.rs:585:19
    |
585 |         #[cfg(all(tokio_unstable, feature = "tracing"))]
    |                   ^^^^^^^^^^^^^^
    |
    = help: consider using a Cargo feature instead
    = help: or consider adding in `Cargo.toml` the `check-cfg` lint config for the lint:
             [lints.rust]
             unexpected_cfgs = { level = "warn", check-cfg = ['cfg(tokio_unstable)'] }
    = help: or consider adding `println!("cargo::rustc-check-cfg=cfg(tokio_unstable)");` to the top of the `build.rs`
    = note: see <https://doc.rust-lang.org/nightly/rustc/check-cfg/cargo-specifics.html> for more information about checking conditional configuration

warning: unexpected `cfg` condition name: `tokio_unstable`
   --> submodules/tokio/tokio/src/sync/batch_semaphore.rs:591:19
    |
591 |         #[cfg(all(tokio_unstable, feature = "tracing"))]
    |                   ^^^^^^^^^^^^^^
    |
    = help: consider using a Cargo feature instead
    = help: or consider adding in `Cargo.toml` the `check-cfg` lint config for the lint:
             [lints.rust]
             unexpected_cfgs = { level = "warn", check-cfg = ['cfg(tokio_unstable)'] }
    = help: or consider adding `println!("cargo::rustc-check-cfg=cfg(tokio_unstable)");` to the top of the `build.rs`
    = note: see <https://doc.rust-lang.org/nightly/rustc/check-cfg/cargo-specifics.html> for more information about checking conditional configuration

warning: unexpected `cfg` condition name: `tokio_unstable`
   --> submodules/tokio/tokio/src/sync/batch_semaphore.rs:597:23
    |
597 |         #[cfg(not(all(tokio_unstable, feature = "tracing")))]
    |                       ^^^^^^^^^^^^^^
    |
    = help: consider using a Cargo feature instead
    = help: or consider adding in `Cargo.toml` the `check-cfg` lint config for the lint:
             [lints.rust]
             unexpected_cfgs = { level = "warn", check-cfg = ['cfg(tokio_unstable)'] }
    = help: or consider adding `println!("cargo::rustc-check-cfg=cfg(tokio_unstable)");` to the top of the `build.rs`
    = note: see <https://doc.rust-lang.org/nightly/rustc/check-cfg/cargo-specifics.html> for more information about checking conditional configuration

warning: unexpected `cfg` condition name: `tokio_unstable`
   --> submodules/tokio/tokio/src/sync/batch_semaphore.rs:613:19
    |
613 |         #[cfg(all(tokio_unstable, feature = "tracing"))]
    |                   ^^^^^^^^^^^^^^
    |
    = help: consider using a Cargo feature instead
    = help: or consider adding in `Cargo.toml` the `check-cfg` lint config for the lint:
             [lints.rust]
             unexpected_cfgs = { level = "warn", check-cfg = ['cfg(tokio_unstable)'] }
    = help: or consider adding `println!("cargo::rustc-check-cfg=cfg(tokio_unstable)");` to the top of the `build.rs`
    = note: see <https://doc.rust-lang.org/nightly/rustc/check-cfg/cargo-specifics.html> for more information about checking conditional configuration

warning: unexpected `cfg` condition name: `tokio_unstable`
   --> submodules/tokio/tokio/src/sync/batch_semaphore.rs:616:23
    |
616 |         #[cfg(not(all(tokio_unstable, feature = "tracing")))]
    |                       ^^^^^^^^^^^^^^
    |
    = help: consider using a Cargo feature instead
    = help: or consider adding in `Cargo.toml` the `check-cfg` lint config for the lint:
             [lints.rust]
             unexpected_cfgs = { level = "warn", check-cfg = ['cfg(tokio_unstable)'] }
    = help: or consider adding `println!("cargo::rustc-check-cfg=cfg(tokio_unstable)");` to the top of the `build.rs`
    = note: see <https://doc.rust-lang.org/nightly/rustc/check-cfg/cargo-specifics.html> for more information about checking conditional configuration

warning: unexpected `cfg` condition name: `tokio_unstable`
   --> submodules/tokio/tokio/src/sync/batch_semaphore.rs:623:23
    |
623 |         #[cfg(any(not(tokio_unstable), not(feature = "tracing")))]
    |                       ^^^^^^^^^^^^^^
    |
    = help: consider using a Cargo feature instead
    = help: or consider adding in `Cargo.toml` the `check-cfg` lint config for the lint:
             [lints.rust]
             unexpected_cfgs = { level = "warn", check-cfg = ['cfg(tokio_unstable)'] }
    = help: or consider adding `println!("cargo::rustc-check-cfg=cfg(tokio_unstable)");` to the top of the `build.rs`
    = note: see <https://doc.rust-lang.org/nightly/rustc/check-cfg/cargo-specifics.html> for more information about checking conditional configuration

warning: unexpected `cfg` condition name: `tokio_unstable`
   --> submodules/tokio/tokio/src/sync/batch_semaphore.rs:631:19
    |
631 |         #[cfg(all(tokio_unstable, feature = "tracing"))]
    |                   ^^^^^^^^^^^^^^
    |
    = help: consider using a Cargo feature instead
    = help: or consider adding in `Cargo.toml` the `check-cfg` lint config for the lint:
             [lints.rust]
             unexpected_cfgs = { level = "warn", check-cfg = ['cfg(tokio_unstable)'] }
    = help: or consider adding `println!("cargo::rustc-check-cfg=cfg(tokio_unstable)");` to the top of the `build.rs`
    = note: see <https://doc.rust-lang.org/nightly/rustc/check-cfg/cargo-specifics.html> for more information about checking conditional configuration

warning: unexpected `cfg` condition name: `tokio_unstable`
 --> submodules/tokio/tokio/src/sync/semaphore.rs:3:11
  |
3 | #[cfg(all(tokio_unstable, feature = "tracing"))]
  |           ^^^^^^^^^^^^^^
  |
  = help: consider using a Cargo feature instead
  = help: or consider adding in `Cargo.toml` the `check-cfg` lint config for the lint:
           [lints.rust]
           unexpected_cfgs = { level = "warn", check-cfg = ['cfg(tokio_unstable)'] }
  = help: or consider adding `println!("cargo::rustc-check-cfg=cfg(tokio_unstable)");` to the top of the `build.rs`
  = note: see <https://doc.rust-lang.org/nightly/rustc/check-cfg/cargo-specifics.html> for more information about checking conditional configuration

warning: unexpected `cfg` condition name: `loom`
   --> submodules/tokio/tokio/src/sync/semaphore.rs:432:11
    |
432 | #[cfg(not(loom))]
    |           ^^^^
    |
    = help: consider using a Cargo feature instead
    = help: or consider adding in `Cargo.toml` the `check-cfg` lint config for the lint:
             [lints.rust]
             unexpected_cfgs = { level = "warn", check-cfg = ['cfg(loom)'] }
    = help: or consider adding `println!("cargo::rustc-check-cfg=cfg(loom)");` to the top of the `build.rs`
    = note: see <https://doc.rust-lang.org/nightly/rustc/check-cfg/cargo-specifics.html> for more information about checking conditional configuration

warning: unexpected `cfg` condition name: `tokio_unstable`
   --> submodules/tokio/tokio/src/sync/semaphore.rs:401:15
    |
401 |     #[cfg(all(tokio_unstable, feature = "tracing"))]
    |               ^^^^^^^^^^^^^^
    |
    = help: consider using a Cargo feature instead
    = help: or consider adding in `Cargo.toml` the `check-cfg` lint config for the lint:
             [lints.rust]
             unexpected_cfgs = { level = "warn", check-cfg = ['cfg(tokio_unstable)'] }
    = help: or consider adding `println!("cargo::rustc-check-cfg=cfg(tokio_unstable)");` to the top of the `build.rs`
    = note: see <https://doc.rust-lang.org/nightly/rustc/check-cfg/cargo-specifics.html> for more information about checking conditional configuration

warning: unexpected `cfg` condition name: `loom`
   --> submodules/tokio/tokio/src/sync/semaphore.rs:503:19
    |
503 |     #[cfg(not(all(loom, test)))]
    |                   ^^^^
    |
    = help: consider using a Cargo feature instead
    = help: or consider adding in `Cargo.toml` the `check-cfg` lint config for the lint:
             [lints.rust]
             unexpected_cfgs = { level = "warn", check-cfg = ['cfg(loom)'] }
    = help: or consider adding `println!("cargo::rustc-check-cfg=cfg(loom)");` to the top of the `build.rs`
    = note: see <https://doc.rust-lang.org/nightly/rustc/check-cfg/cargo-specifics.html> for more information about checking conditional configuration

warning: unexpected `cfg` condition name: `loom`
   --> submodules/tokio/tokio/src/sync/semaphore.rs:522:19
    |
522 |     #[cfg(not(all(loom, test)))]
    |                   ^^^^
    |
    = help: consider using a Cargo feature instead
    = help: or consider adding in `Cargo.toml` the `check-cfg` lint config for the lint:
             [lints.rust]
             unexpected_cfgs = { level = "warn", check-cfg = ['cfg(loom)'] }
    = help: or consider adding `println!("cargo::rustc-check-cfg=cfg(loom)");` to the top of the `build.rs`
    = note: see <https://doc.rust-lang.org/nightly/rustc/check-cfg/cargo-specifics.html> for more information about checking conditional configuration

warning: unexpected `cfg` condition name: `tokio_unstable`
   --> submodules/tokio/tokio/src/sync/semaphore.rs:457:19
    |
457 |         #[cfg(all(tokio_unstable, feature = "tracing"))]
    |                   ^^^^^^^^^^^^^^
    |
    = help: consider using a Cargo feature instead
    = help: or consider adding in `Cargo.toml` the `check-cfg` lint config for the lint:
             [lints.rust]
             unexpected_cfgs = { level = "warn", check-cfg = ['cfg(tokio_unstable)'] }
    = help: or consider adding `println!("cargo::rustc-check-cfg=cfg(tokio_unstable)");` to the top of the `build.rs`
    = note: see <https://doc.rust-lang.org/nightly/rustc/check-cfg/cargo-specifics.html> for more information about checking conditional configuration

warning: unexpected `cfg` condition name: `tokio_unstable`
   --> submodules/tokio/tokio/src/sync/semaphore.rs:473:19
    |
473 |         #[cfg(all(tokio_unstable, feature = "tracing"))]
    |                   ^^^^^^^^^^^^^^
    |
    = help: consider using a Cargo feature instead
    = help: or consider adding in `Cargo.toml` the `check-cfg` lint config for the lint:
             [lints.rust]
             unexpected_cfgs = { level = "warn", check-cfg = ['cfg(tokio_unstable)'] }
    = help: or consider adding `println!("cargo::rustc-check-cfg=cfg(tokio_unstable)");` to the top of the `build.rs`
    = note: see <https://doc.rust-lang.org/nightly/rustc/check-cfg/cargo-specifics.html> for more information about checking conditional configuration

warning: unexpected `cfg` condition name: `tokio_unstable`
   --> submodules/tokio/tokio/src/sync/semaphore.rs:476:23
    |
476 |         #[cfg(any(not(tokio_unstable), not(feature = "tracing")))]
    |                       ^^^^^^^^^^^^^^
    |
    = help: consider using a Cargo feature instead
    = help: or consider adding in `Cargo.toml` the `check-cfg` lint config for the lint:
             [lints.rust]
             unexpected_cfgs = { level = "warn", check-cfg = ['cfg(tokio_unstable)'] }
    = help: or consider adding `println!("cargo::rustc-check-cfg=cfg(tokio_unstable)");` to the top of the `build.rs`
    = note: see <https://doc.rust-lang.org/nightly/rustc/check-cfg/cargo-specifics.html> for more information about checking conditional configuration

warning: unexpected `cfg` condition name: `tokio_unstable`
   --> submodules/tokio/tokio/src/sync/semaphore.rs:481:23
    |
481 |             #[cfg(all(tokio_unstable, feature = "tracing"))]
    |                       ^^^^^^^^^^^^^^
    |
    = help: consider using a Cargo feature instead
    = help: or consider adding in `Cargo.toml` the `check-cfg` lint config for the lint:
             [lints.rust]
             unexpected_cfgs = { level = "warn", check-cfg = ['cfg(tokio_unstable)'] }
    = help: or consider adding `println!("cargo::rustc-check-cfg=cfg(tokio_unstable)");` to the top of the `build.rs`
    = note: see <https://doc.rust-lang.org/nightly/rustc/check-cfg/cargo-specifics.html> for more information about checking conditional configuration

warning: unexpected `cfg` condition name: `tokio_unstable`
   --> submodules/tokio/tokio/src/sync/semaphore.rs:507:23
    |
507 |             #[cfg(all(tokio_unstable, feature = "tracing"))]
    |                       ^^^^^^^^^^^^^^
    |
    = help: consider using a Cargo feature instead
    = help: or consider adding in `Cargo.toml` the `check-cfg` lint config for the lint:
             [lints.rust]
             unexpected_cfgs = { level = "warn", check-cfg = ['cfg(tokio_unstable)'] }
    = help: or consider adding `println!("cargo::rustc-check-cfg=cfg(tokio_unstable)");` to the top of the `build.rs`
    = note: see <https://doc.rust-lang.org/nightly/rustc/check-cfg/cargo-specifics.html> for more information about checking conditional configuration

warning: unexpected `cfg` condition name: `tokio_unstable`
   --> submodules/tokio/tokio/src/sync/semaphore.rs:516:23
    |
516 |             #[cfg(all(tokio_unstable, feature = "tracing"))]
    |                       ^^^^^^^^^^^^^^
    |
    = help: consider using a Cargo feature instead
    = help: or consider adding in `Cargo.toml` the `check-cfg` lint config for the lint:
             [lints.rust]
             unexpected_cfgs = { level = "warn", check-cfg = ['cfg(tokio_unstable)'] }
    = help: or consider adding `println!("cargo::rustc-check-cfg=cfg(tokio_unstable)");` to the top of the `build.rs`
    = note: see <https://doc.rust-lang.org/nightly/rustc/check-cfg/cargo-specifics.html> for more information about checking conditional configuration

warning: unexpected `cfg` condition name: `tokio_unstable`
   --> submodules/tokio/tokio/src/sync/semaphore.rs:526:23
    |
526 |             #[cfg(all(tokio_unstable, feature = "tracing"))]
    |                       ^^^^^^^^^^^^^^
    |
    = help: consider using a Cargo feature instead
    = help: or consider adding in `Cargo.toml` the `check-cfg` lint config for the lint:
             [lints.rust]
             unexpected_cfgs = { level = "warn", check-cfg = ['cfg(tokio_unstable)'] }
    = help: or consider adding `println!("cargo::rustc-check-cfg=cfg(tokio_unstable)");` to the top of the `build.rs`
    = note: see <https://doc.rust-lang.org/nightly/rustc/check-cfg/cargo-specifics.html> for more information about checking conditional configuration

warning: unexpected `cfg` condition name: `tokio_unstable`
   --> submodules/tokio/tokio/src/sync/semaphore.rs:586:19
    |
586 |         #[cfg(all(tokio_unstable, feature = "tracing"))]
    |                   ^^^^^^^^^^^^^^
    |
    = help: consider using a Cargo feature instead
    = help: or consider adding in `Cargo.toml` the `check-cfg` lint config for the lint:
             [lints.rust]
             unexpected_cfgs = { level = "warn", check-cfg = ['cfg(tokio_unstable)'] }
    = help: or consider adding `println!("cargo::rustc-check-cfg=cfg(tokio_unstable)");` to the top of the `build.rs`
    = note: see <https://doc.rust-lang.org/nightly/rustc/check-cfg/cargo-specifics.html> for more information about checking conditional configuration

warning: unexpected `cfg` condition name: `tokio_unstable`
   --> submodules/tokio/tokio/src/sync/semaphore.rs:594:23
    |
594 |         #[cfg(not(all(tokio_unstable, feature = "tracing")))]
    |                       ^^^^^^^^^^^^^^
    |
    = help: consider using a Cargo feature instead
    = help: or consider adding in `Cargo.toml` the `check-cfg` lint config for the lint:
             [lints.rust]
             unexpected_cfgs = { level = "warn", check-cfg = ['cfg(tokio_unstable)'] }
    = help: or consider adding `println!("cargo::rustc-check-cfg=cfg(tokio_unstable)");` to the top of the `build.rs`
    = note: see <https://doc.rust-lang.org/nightly/rustc/check-cfg/cargo-specifics.html> for more information about checking conditional configuration

warning: unexpected `cfg` condition name: `tokio_unstable`
   --> submodules/tokio/tokio/src/sync/semaphore.rs:633:19
    |
633 |         #[cfg(all(tokio_unstable, feature = "tracing"))]
    |                   ^^^^^^^^^^^^^^
    |
    = help: consider using a Cargo feature instead
    = help: or consider adding in `Cargo.toml` the `check-cfg` lint config for the lint:
             [lints.rust]
             unexpected_cfgs = { level = "warn", check-cfg = ['cfg(tokio_unstable)'] }
    = help: or consider adding `println!("cargo::rustc-check-cfg=cfg(tokio_unstable)");` to the top of the `build.rs`
    = note: see <https://doc.rust-lang.org/nightly/rustc/check-cfg/cargo-specifics.html> for more information about checking conditional configuration

warning: unexpected `cfg` condition name: `tokio_unstable`
   --> submodules/tokio/tokio/src/sync/semaphore.rs:643:23
    |
643 |         #[cfg(not(all(tokio_unstable, feature = "tracing")))]
    |                       ^^^^^^^^^^^^^^
    |
    = help: consider using a Cargo feature instead
    = help: or consider adding in `Cargo.toml` the `check-cfg` lint config for the lint:
             [lints.rust]
             unexpected_cfgs = { level = "warn", check-cfg = ['cfg(tokio_unstable)'] }
    = help: or consider adding `println!("cargo::rustc-check-cfg=cfg(tokio_unstable)");` to the top of the `build.rs`
    = note: see <https://doc.rust-lang.org/nightly/rustc/check-cfg/cargo-specifics.html> for more information about checking conditional configuration

warning: unexpected `cfg` condition name: `tokio_unstable`
   --> submodules/tokio/tokio/src/sync/semaphore.rs:768:19
    |
768 |         #[cfg(all(tokio_unstable, feature = "tracing"))]
    |                   ^^^^^^^^^^^^^^
    |
    = help: consider using a Cargo feature instead
    = help: or consider adding in `Cargo.toml` the `check-cfg` lint config for the lint:
             [lints.rust]
             unexpected_cfgs = { level = "warn", check-cfg = ['cfg(tokio_unstable)'] }
    = help: or consider adding `println!("cargo::rustc-check-cfg=cfg(tokio_unstable)");` to the top of the `build.rs`
    = note: see <https://doc.rust-lang.org/nightly/rustc/check-cfg/cargo-specifics.html> for more information about checking conditional configuration

warning: unexpected `cfg` condition name: `tokio_unstable`
   --> submodules/tokio/tokio/src/sync/semaphore.rs:776:23
    |
776 |         #[cfg(not(all(tokio_unstable, feature = "tracing")))]
    |                       ^^^^^^^^^^^^^^
    |
    = help: consider using a Cargo feature instead
    = help: or consider adding in `Cargo.toml` the `check-cfg` lint config for the lint:
             [lints.rust]
             unexpected_cfgs = { level = "warn", check-cfg = ['cfg(tokio_unstable)'] }
    = help: or consider adding `println!("cargo::rustc-check-cfg=cfg(tokio_unstable)");` to the top of the `build.rs`
    = note: see <https://doc.rust-lang.org/nightly/rustc/check-cfg/cargo-specifics.html> for more information about checking conditional configuration

warning: unexpected `cfg` condition name: `tokio_unstable`
   --> submodules/tokio/tokio/src/sync/semaphore.rs:832:19
    |
832 |         #[cfg(all(tokio_unstable, feature = "tracing"))]
    |                   ^^^^^^^^^^^^^^
    |
    = help: consider using a Cargo feature instead
    = help: or consider adding in `Cargo.toml` the `check-cfg` lint config for the lint:
             [lints.rust]
             unexpected_cfgs = { level = "warn", check-cfg = ['cfg(tokio_unstable)'] }
    = help: or consider adding `println!("cargo::rustc-check-cfg=cfg(tokio_unstable)");` to the top of the `build.rs`
    = note: see <https://doc.rust-lang.org/nightly/rustc/check-cfg/cargo-specifics.html> for more information about checking conditional configuration

warning: unexpected `cfg` condition name: `tokio_unstable`
   --> submodules/tokio/tokio/src/sync/semaphore.rs:840:23
    |
840 |         #[cfg(not(all(tokio_unstable, feature = "tracing")))]
    |                       ^^^^^^^^^^^^^^
    |
    = help: consider using a Cargo feature instead
    = help: or consider adding in `Cargo.toml` the `check-cfg` lint config for the lint:
             [lints.rust]
             unexpected_cfgs = { level = "warn", check-cfg = ['cfg(tokio_unstable)'] }
    = help: or consider adding `println!("cargo::rustc-check-cfg=cfg(tokio_unstable)");` to the top of the `build.rs`
    = note: see <https://doc.rust-lang.org/nightly/rustc/check-cfg/cargo-specifics.html> for more information about checking conditional configuration

warning: unexpected `cfg` condition name: `tokio_unstable`
 --> submodules/tokio/tokio/src/sync/rwlock.rs:3:11
  |
3 | #[cfg(all(tokio_unstable, feature = "tracing"))]
  |           ^^^^^^^^^^^^^^
  |
  = help: consider using a Cargo feature instead
  = help: or consider adding in `Cargo.toml` the `check-cfg` lint config for the lint:
           [lints.rust]
           unexpected_cfgs = { level = "warn", check-cfg = ['cfg(tokio_unstable)'] }
  = help: or consider adding `println!("cargo::rustc-check-cfg=cfg(tokio_unstable)");` to the top of the `build.rs`
  = note: see <https://doc.rust-lang.org/nightly/rustc/check-cfg/cargo-specifics.html> for more information about checking conditional configuration

warning: unexpected `cfg` condition name: `loom`
  --> submodules/tokio/tokio/src/sync/rwlock.rs:23:11
   |
23 | #[cfg(not(loom))]
   |           ^^^^
   |
   = help: consider using a Cargo feature instead
   = help: or consider adding in `Cargo.toml` the `check-cfg` lint config for the lint:
            [lints.rust]
            unexpected_cfgs = { level = "warn", check-cfg = ['cfg(loom)'] }
   = help: or consider adding `println!("cargo::rustc-check-cfg=cfg(loom)");` to the top of the `build.rs`
   = note: see <https://doc.rust-lang.org/nightly/rustc/check-cfg/cargo-specifics.html> for more information about checking conditional configuration

warning: unexpected `cfg` condition name: `loom`
  --> submodules/tokio/tokio/src/sync/rwlock.rs:26:7
   |
26 | #[cfg(loom)]
   |       ^^^^
   |
   = help: consider using a Cargo feature instead
   = help: or consider adding in `Cargo.toml` the `check-cfg` lint config for the lint:
            [lints.rust]
            unexpected_cfgs = { level = "warn", check-cfg = ['cfg(loom)'] }
   = help: or consider adding `println!("cargo::rustc-check-cfg=cfg(loom)");` to the top of the `build.rs`
   = note: see <https://doc.rust-lang.org/nightly/rustc/check-cfg/cargo-specifics.html> for more information about checking conditional configuration

warning: unexpected `cfg` condition name: `loom`
   --> submodules/tokio/tokio/src/sync/rwlock.rs:103:11
    |
103 | #[cfg(not(loom))]
    |           ^^^^
    |
    = help: consider using a Cargo feature instead
    = help: or consider adding in `Cargo.toml` the `check-cfg` lint config for the lint:
             [lints.rust]
             unexpected_cfgs = { level = "warn", check-cfg = ['cfg(loom)'] }
    = help: or consider adding `println!("cargo::rustc-check-cfg=cfg(loom)");` to the top of the `build.rs`
    = note: see <https://doc.rust-lang.org/nightly/rustc/check-cfg/cargo-specifics.html> for more information about checking conditional configuration

warning: unexpected `cfg` condition name: `tokio_unstable`
  --> submodules/tokio/tokio/src/sync/rwlock/owned_read_guard.rs:18:15
   |
18 |     #[cfg(all(tokio_unstable, feature = "tracing"))]
   |               ^^^^^^^^^^^^^^
   |
   = help: consider using a Cargo feature instead
   = help: or consider adding in `Cargo.toml` the `check-cfg` lint config for the lint:
            [lints.rust]
            unexpected_cfgs = { level = "warn", check-cfg = ['cfg(tokio_unstable)'] }
   = help: or consider adding `println!("cargo::rustc-check-cfg=cfg(tokio_unstable)");` to the top of the `build.rs`
   = note: see <https://doc.rust-lang.org/nightly/rustc/check-cfg/cargo-specifics.html> for more information about checking conditional configuration

warning: unexpected `cfg` condition name: `tokio_unstable`
  --> submodules/tokio/tokio/src/sync/rwlock/owned_read_guard.rs:27:15
   |
27 |     #[cfg(all(tokio_unstable, feature = "tracing"))]
   |               ^^^^^^^^^^^^^^
   |
   = help: consider using a Cargo feature instead
   = help: or consider adding in `Cargo.toml` the `check-cfg` lint config for the lint:
            [lints.rust]
            unexpected_cfgs = { level = "warn", check-cfg = ['cfg(tokio_unstable)'] }
   = help: or consider adding `println!("cargo::rustc-check-cfg=cfg(tokio_unstable)");` to the top of the `build.rs`
   = note: see <https://doc.rust-lang.org/nightly/rustc/check-cfg/cargo-specifics.html> for more information about checking conditional configuration

warning: unexpected `cfg` condition name: `tokio_unstable`
  --> submodules/tokio/tokio/src/sync/rwlock/owned_read_guard.rs:40:27
   |
40 |                 #[cfg(all(tokio_unstable, feature = "tracing"))]
   |                           ^^^^^^^^^^^^^^
   |
   = help: consider using a Cargo feature instead
   = help: or consider adding in `Cargo.toml` the `check-cfg` lint config for the lint:
            [lints.rust]
            unexpected_cfgs = { level = "warn", check-cfg = ['cfg(tokio_unstable)'] }
   = help: or consider adding `println!("cargo::rustc-check-cfg=cfg(tokio_unstable)");` to the top of the `build.rs`
   = note: see <https://doc.rust-lang.org/nightly/rustc/check-cfg/cargo-specifics.html> for more information about checking conditional configuration

warning: unexpected `cfg` condition name: `tokio_unstable`
  --> submodules/tokio/tokio/src/sync/rwlock/owned_read_guard.rs:87:23
   |
87 |             #[cfg(all(tokio_unstable, feature = "tracing"))]
   |                       ^^^^^^^^^^^^^^
   |
   = help: consider using a Cargo feature instead
   = help: or consider adding in `Cargo.toml` the `check-cfg` lint config for the lint:
            [lints.rust]
            unexpected_cfgs = { level = "warn", check-cfg = ['cfg(tokio_unstable)'] }
   = help: or consider adding `println!("cargo::rustc-check-cfg=cfg(tokio_unstable)");` to the top of the `build.rs`
   = note: see <https://doc.rust-lang.org/nightly/rustc/check-cfg/cargo-specifics.html> for more information about checking conditional configuration

warning: unexpected `cfg` condition name: `tokio_unstable`
   --> submodules/tokio/tokio/src/sync/rwlock/owned_read_guard.rs:137:23
    |
137 |             #[cfg(all(tokio_unstable, feature = "tracing"))]
    |                       ^^^^^^^^^^^^^^
    |
    = help: consider using a Cargo feature instead
    = help: or consider adding in `Cargo.toml` the `check-cfg` lint config for the lint:
             [lints.rust]
             unexpected_cfgs = { level = "warn", check-cfg = ['cfg(tokio_unstable)'] }
    = help: or consider adding `println!("cargo::rustc-check-cfg=cfg(tokio_unstable)");` to the top of the `build.rs`
    = note: see <https://doc.rust-lang.org/nightly/rustc/check-cfg/cargo-specifics.html> for more information about checking conditional configuration

warning: unexpected `cfg` condition name: `tokio_unstable`
   --> submodules/tokio/tokio/src/sync/rwlock/owned_read_guard.rs:199:19
    |
199 |         #[cfg(all(tokio_unstable, feature = "tracing"))]
    |                   ^^^^^^^^^^^^^^
    |
    = help: consider using a Cargo feature instead
    = help: or consider adding in `Cargo.toml` the `check-cfg` lint config for the lint:
             [lints.rust]
             unexpected_cfgs = { level = "warn", check-cfg = ['cfg(tokio_unstable)'] }
    = help: or consider adding `println!("cargo::rustc-check-cfg=cfg(tokio_unstable)");` to the top of the `build.rs`
    = note: see <https://doc.rust-lang.org/nightly/rustc/check-cfg/cargo-specifics.html> for more information about checking conditional configuration

warning: unexpected `cfg` condition name: `tokio_unstable`
  --> submodules/tokio/tokio/src/sync/rwlock/owned_write_guard.rs:20:15
   |
20 |     #[cfg(all(tokio_unstable, feature = "tracing"))]
   |               ^^^^^^^^^^^^^^
   |
   = help: consider using a Cargo feature instead
   = help: or consider adding in `Cargo.toml` the `check-cfg` lint config for the lint:
            [lints.rust]
            unexpected_cfgs = { level = "warn", check-cfg = ['cfg(tokio_unstable)'] }
   = help: or consider adding `println!("cargo::rustc-check-cfg=cfg(tokio_unstable)");` to the top of the `build.rs`
   = note: see <https://doc.rust-lang.org/nightly/rustc/check-cfg/cargo-specifics.html> for more information about checking conditional configuration

warning: unexpected `cfg` condition name: `tokio_unstable`
  --> submodules/tokio/tokio/src/sync/rwlock/owned_write_guard.rs:30:15
   |
30 |     #[cfg(all(tokio_unstable, feature = "tracing"))]
   |               ^^^^^^^^^^^^^^
   |
   = help: consider using a Cargo feature instead
   = help: or consider adding in `Cargo.toml` the `check-cfg` lint config for the lint:
            [lints.rust]
            unexpected_cfgs = { level = "warn", check-cfg = ['cfg(tokio_unstable)'] }
   = help: or consider adding `println!("cargo::rustc-check-cfg=cfg(tokio_unstable)");` to the top of the `build.rs`
   = note: see <https://doc.rust-lang.org/nightly/rustc/check-cfg/cargo-specifics.html> for more information about checking conditional configuration

warning: unexpected `cfg` condition name: `tokio_unstable`
  --> submodules/tokio/tokio/src/sync/rwlock/owned_write_guard.rs:44:27
   |
44 |                 #[cfg(all(tokio_unstable, feature = "tracing"))]
   |                           ^^^^^^^^^^^^^^
   |
   = help: consider using a Cargo feature instead
   = help: or consider adding in `Cargo.toml` the `check-cfg` lint config for the lint:
            [lints.rust]
            unexpected_cfgs = { level = "warn", check-cfg = ['cfg(tokio_unstable)'] }
   = help: or consider adding `println!("cargo::rustc-check-cfg=cfg(tokio_unstable)");` to the top of the `build.rs`
   = note: see <https://doc.rust-lang.org/nightly/rustc/check-cfg/cargo-specifics.html> for more information about checking conditional configuration

warning: unexpected `cfg` condition name: `tokio_unstable`
  --> submodules/tokio/tokio/src/sync/rwlock/owned_write_guard.rs:98:23
   |
98 |             #[cfg(all(tokio_unstable, feature = "tracing"))]
   |                       ^^^^^^^^^^^^^^
   |
   = help: consider using a Cargo feature instead
   = help: or consider adding in `Cargo.toml` the `check-cfg` lint config for the lint:
            [lints.rust]
            unexpected_cfgs = { level = "warn", check-cfg = ['cfg(tokio_unstable)'] }
   = help: or consider adding `println!("cargo::rustc-check-cfg=cfg(tokio_unstable)");` to the top of the `build.rs`
   = note: see <https://doc.rust-lang.org/nightly/rustc/check-cfg/cargo-specifics.html> for more information about checking conditional configuration

warning: unexpected `cfg` condition name: `tokio_unstable`
   --> submodules/tokio/tokio/src/sync/rwlock/owned_write_guard.rs:153:19
    |
153 |         #[cfg(all(tokio_unstable, feature = "tracing"))]
    |                   ^^^^^^^^^^^^^^
    |
    = help: consider using a Cargo feature instead
    = help: or consider adding in `Cargo.toml` the `check-cfg` lint config for the lint:
             [lints.rust]
             unexpected_cfgs = { level = "warn", check-cfg = ['cfg(tokio_unstable)'] }
    = help: or consider adding `println!("cargo::rustc-check-cfg=cfg(tokio_unstable)");` to the top of the `build.rs`
    = note: see <https://doc.rust-lang.org/nightly/rustc/check-cfg/cargo-specifics.html> for more information about checking conditional configuration

warning: unexpected `cfg` condition name: `tokio_unstable`
   --> submodules/tokio/tokio/src/sync/rwlock/owned_write_guard.rs:162:19
    |
162 |         #[cfg(all(tokio_unstable, feature = "tracing"))]
    |                   ^^^^^^^^^^^^^^
    |
    = help: consider using a Cargo feature instead
    = help: or consider adding in `Cargo.toml` the `check-cfg` lint config for the lint:
             [lints.rust]
             unexpected_cfgs = { level = "warn", check-cfg = ['cfg(tokio_unstable)'] }
    = help: or consider adding `println!("cargo::rustc-check-cfg=cfg(tokio_unstable)");` to the top of the `build.rs`
    = note: see <https://doc.rust-lang.org/nightly/rustc/check-cfg/cargo-specifics.html> for more information about checking conditional configuration

warning: unexpected `cfg` condition name: `tokio_unstable`
   --> submodules/tokio/tokio/src/sync/rwlock/owned_write_guard.rs:145:23
    |
145 |             #[cfg(all(tokio_unstable, feature = "tracing"))]
    |                       ^^^^^^^^^^^^^^
    |
    = help: consider using a Cargo feature instead
    = help: or consider adding in `Cargo.toml` the `check-cfg` lint config for the lint:
             [lints.rust]
             unexpected_cfgs = { level = "warn", check-cfg = ['cfg(tokio_unstable)'] }
    = help: or consider adding `println!("cargo::rustc-check-cfg=cfg(tokio_unstable)");` to the top of the `build.rs`
    = note: see <https://doc.rust-lang.org/nightly/rustc/check-cfg/cargo-specifics.html> for more information about checking conditional configuration

warning: unexpected `cfg` condition name: `tokio_unstable`
   --> submodules/tokio/tokio/src/sync/rwlock/owned_write_guard.rs:228:23
    |
228 |             #[cfg(all(tokio_unstable, feature = "tracing"))]
    |                       ^^^^^^^^^^^^^^
    |
    = help: consider using a Cargo feature instead
    = help: or consider adding in `Cargo.toml` the `check-cfg` lint config for the lint:
             [lints.rust]
             unexpected_cfgs = { level = "warn", check-cfg = ['cfg(tokio_unstable)'] }
    = help: or consider adding `println!("cargo::rustc-check-cfg=cfg(tokio_unstable)");` to the top of the `build.rs`
    = note: see <https://doc.rust-lang.org/nightly/rustc/check-cfg/cargo-specifics.html> for more information about checking conditional configuration

warning: unexpected `cfg` condition name: `tokio_unstable`
   --> submodules/tokio/tokio/src/sync/rwlock/owned_write_guard.rs:293:19
    |
293 |         #[cfg(all(tokio_unstable, feature = "tracing"))]
    |                   ^^^^^^^^^^^^^^
    |
    = help: consider using a Cargo feature instead
    = help: or consider adding in `Cargo.toml` the `check-cfg` lint config for the lint:
             [lints.rust]
             unexpected_cfgs = { level = "warn", check-cfg = ['cfg(tokio_unstable)'] }
    = help: or consider adding `println!("cargo::rustc-check-cfg=cfg(tokio_unstable)");` to the top of the `build.rs`
    = note: see <https://doc.rust-lang.org/nightly/rustc/check-cfg/cargo-specifics.html> for more information about checking conditional configuration

warning: unexpected `cfg` condition name: `tokio_unstable`
   --> submodules/tokio/tokio/src/sync/rwlock/owned_write_guard.rs:302:19
    |
302 |         #[cfg(all(tokio_unstable, feature = "tracing"))]
    |                   ^^^^^^^^^^^^^^
    |
    = help: consider using a Cargo feature instead
    = help: or consider adding in `Cargo.toml` the `check-cfg` lint config for the lint:
             [lints.rust]
             unexpected_cfgs = { level = "warn", check-cfg = ['cfg(tokio_unstable)'] }
    = help: or consider adding `println!("cargo::rustc-check-cfg=cfg(tokio_unstable)");` to the top of the `build.rs`
    = note: see <https://doc.rust-lang.org/nightly/rustc/check-cfg/cargo-specifics.html> for more information about checking conditional configuration

warning: unexpected `cfg` condition name: `tokio_unstable`
   --> submodules/tokio/tokio/src/sync/rwlock/owned_write_guard.rs:285:23
    |
285 |             #[cfg(all(tokio_unstable, feature = "tracing"))]
    |                       ^^^^^^^^^^^^^^
    |
    = help: consider using a Cargo feature instead
    = help: or consider adding in `Cargo.toml` the `check-cfg` lint config for the lint:
             [lints.rust]
             unexpected_cfgs = { level = "warn", check-cfg = ['cfg(tokio_unstable)'] }
    = help: or consider adding `println!("cargo::rustc-check-cfg=cfg(tokio_unstable)");` to the top of the `build.rs`
    = note: see <https://doc.rust-lang.org/nightly/rustc/check-cfg/cargo-specifics.html> for more information about checking conditional configuration

warning: unexpected `cfg` condition name: `tokio_unstable`
   --> submodules/tokio/tokio/src/sync/rwlock/owned_write_guard.rs:373:19
    |
373 |         #[cfg(all(tokio_unstable, feature = "tracing"))]
    |                   ^^^^^^^^^^^^^^
    |
    = help: consider using a Cargo feature instead
    = help: or consider adding in `Cargo.toml` the `check-cfg` lint config for the lint:
             [lints.rust]
             unexpected_cfgs = { level = "warn", check-cfg = ['cfg(tokio_unstable)'] }
    = help: or consider adding `println!("cargo::rustc-check-cfg=cfg(tokio_unstable)");` to the top of the `build.rs`
    = note: see <https://doc.rust-lang.org/nightly/rustc/check-cfg/cargo-specifics.html> for more information about checking conditional configuration

warning: unexpected `cfg` condition name: `tokio_unstable`
   --> submodules/tokio/tokio/src/sync/rwlock/owned_write_guard.rs:382:19
    |
382 |         #[cfg(all(tokio_unstable, feature = "tracing"))]
    |                   ^^^^^^^^^^^^^^
    |
    = help: consider using a Cargo feature instead
    = help: or consider adding in `Cargo.toml` the `check-cfg` lint config for the lint:
             [lints.rust]
             unexpected_cfgs = { level = "warn", check-cfg = ['cfg(tokio_unstable)'] }
    = help: or consider adding `println!("cargo::rustc-check-cfg=cfg(tokio_unstable)");` to the top of the `build.rs`
    = note: see <https://doc.rust-lang.org/nightly/rustc/check-cfg/cargo-specifics.html> for more information about checking conditional configuration

warning: unexpected `cfg` condition name: `tokio_unstable`
   --> submodules/tokio/tokio/src/sync/rwlock/owned_write_guard.rs:365:23
    |
365 |             #[cfg(all(tokio_unstable, feature = "tracing"))]
    |                       ^^^^^^^^^^^^^^
    |
    = help: consider using a Cargo feature instead
    = help: or consider adding in `Cargo.toml` the `check-cfg` lint config for the lint:
             [lints.rust]
             unexpected_cfgs = { level = "warn", check-cfg = ['cfg(tokio_unstable)'] }
    = help: or consider adding `println!("cargo::rustc-check-cfg=cfg(tokio_unstable)");` to the top of the `build.rs`
    = note: see <https://doc.rust-lang.org/nightly/rustc/check-cfg/cargo-specifics.html> for more information about checking conditional configuration

warning: unexpected `cfg` condition name: `tokio_unstable`
   --> submodules/tokio/tokio/src/sync/rwlock/owned_write_guard.rs:451:19
    |
451 |         #[cfg(all(tokio_unstable, feature = "tracing"))]
    |                   ^^^^^^^^^^^^^^
    |
    = help: consider using a Cargo feature instead
    = help: or consider adding in `Cargo.toml` the `check-cfg` lint config for the lint:
             [lints.rust]
             unexpected_cfgs = { level = "warn", check-cfg = ['cfg(tokio_unstable)'] }
    = help: or consider adding `println!("cargo::rustc-check-cfg=cfg(tokio_unstable)");` to the top of the `build.rs`
    = note: see <https://doc.rust-lang.org/nightly/rustc/check-cfg/cargo-specifics.html> for more information about checking conditional configuration

warning: unexpected `cfg` condition name: `tokio_unstable`
  --> submodules/tokio/tokio/src/sync/rwlock/owned_write_guard_mapped.rs:19:15
   |
19 |     #[cfg(all(tokio_unstable, feature = "tracing"))]
   |               ^^^^^^^^^^^^^^
   |
   = help: consider using a Cargo feature instead
   = help: or consider adding in `Cargo.toml` the `check-cfg` lint config for the lint:
            [lints.rust]
            unexpected_cfgs = { level = "warn", check-cfg = ['cfg(tokio_unstable)'] }
   = help: or consider adding `println!("cargo::rustc-check-cfg=cfg(tokio_unstable)");` to the top of the `build.rs`
   = note: see <https://doc.rust-lang.org/nightly/rustc/check-cfg/cargo-specifics.html> for more information about checking conditional configuration

warning: unexpected `cfg` condition name: `tokio_unstable`
  --> submodules/tokio/tokio/src/sync/rwlock/owned_write_guard_mapped.rs:29:15
   |
29 |     #[cfg(all(tokio_unstable, feature = "tracing"))]
   |               ^^^^^^^^^^^^^^
   |
   = help: consider using a Cargo feature instead
   = help: or consider adding in `Cargo.toml` the `check-cfg` lint config for the lint:
            [lints.rust]
            unexpected_cfgs = { level = "warn", check-cfg = ['cfg(tokio_unstable)'] }
   = help: or consider adding `println!("cargo::rustc-check-cfg=cfg(tokio_unstable)");` to the top of the `build.rs`
   = note: see <https://doc.rust-lang.org/nightly/rustc/check-cfg/cargo-specifics.html> for more information about checking conditional configuration

warning: unexpected `cfg` condition name: `tokio_unstable`
  --> submodules/tokio/tokio/src/sync/rwlock/owned_write_guard_mapped.rs:43:27
   |
43 |                 #[cfg(all(tokio_unstable, feature = "tracing"))]
   |                           ^^^^^^^^^^^^^^
   |
   = help: consider using a Cargo feature instead
   = help: or consider adding in `Cargo.toml` the `check-cfg` lint config for the lint:
            [lints.rust]
            unexpected_cfgs = { level = "warn", check-cfg = ['cfg(tokio_unstable)'] }
   = help: or consider adding `println!("cargo::rustc-check-cfg=cfg(tokio_unstable)");` to the top of the `build.rs`
   = note: see <https://doc.rust-lang.org/nightly/rustc/check-cfg/cargo-specifics.html> for more information about checking conditional configuration

warning: unexpected `cfg` condition name: `tokio_unstable`
  --> submodules/tokio/tokio/src/sync/rwlock/owned_write_guard_mapped.rs:97:23
   |
97 |             #[cfg(all(tokio_unstable, feature = "tracing"))]
   |                       ^^^^^^^^^^^^^^
   |
   = help: consider using a Cargo feature instead
   = help: or consider adding in `Cargo.toml` the `check-cfg` lint config for the lint:
            [lints.rust]
            unexpected_cfgs = { level = "warn", check-cfg = ['cfg(tokio_unstable)'] }
   = help: or consider adding `println!("cargo::rustc-check-cfg=cfg(tokio_unstable)");` to the top of the `build.rs`
   = note: see <https://doc.rust-lang.org/nightly/rustc/check-cfg/cargo-specifics.html> for more information about checking conditional configuration

warning: unexpected `cfg` condition name: `tokio_unstable`
   --> submodules/tokio/tokio/src/sync/rwlock/owned_write_guard_mapped.rs:154:23
    |
154 |             #[cfg(all(tokio_unstable, feature = "tracing"))]
    |                       ^^^^^^^^^^^^^^
    |
    = help: consider using a Cargo feature instead
    = help: or consider adding in `Cargo.toml` the `check-cfg` lint config for the lint:
             [lints.rust]
             unexpected_cfgs = { level = "warn", check-cfg = ['cfg(tokio_unstable)'] }
    = help: or consider adding `println!("cargo::rustc-check-cfg=cfg(tokio_unstable)");` to the top of the `build.rs`
    = note: see <https://doc.rust-lang.org/nightly/rustc/check-cfg/cargo-specifics.html> for more information about checking conditional configuration

warning: unexpected `cfg` condition name: `tokio_unstable`
   --> submodules/tokio/tokio/src/sync/rwlock/owned_write_guard_mapped.rs:221:19
    |
221 |         #[cfg(all(tokio_unstable, feature = "tracing"))]
    |                   ^^^^^^^^^^^^^^
    |
    = help: consider using a Cargo feature instead
    = help: or consider adding in `Cargo.toml` the `check-cfg` lint config for the lint:
             [lints.rust]
             unexpected_cfgs = { level = "warn", check-cfg = ['cfg(tokio_unstable)'] }
    = help: or consider adding `println!("cargo::rustc-check-cfg=cfg(tokio_unstable)");` to the top of the `build.rs`
    = note: see <https://doc.rust-lang.org/nightly/rustc/check-cfg/cargo-specifics.html> for more information about checking conditional configuration

warning: unexpected `cfg` condition name: `tokio_unstable`
  --> submodules/tokio/tokio/src/sync/rwlock/read_guard.rs:18:15
   |
18 |     #[cfg(all(tokio_unstable, feature = "tracing"))]
   |               ^^^^^^^^^^^^^^
   |
   = help: consider using a Cargo feature instead
   = help: or consider adding in `Cargo.toml` the `check-cfg` lint config for the lint:
            [lints.rust]
            unexpected_cfgs = { level = "warn", check-cfg = ['cfg(tokio_unstable)'] }
   = help: or consider adding `println!("cargo::rustc-check-cfg=cfg(tokio_unstable)");` to the top of the `build.rs`
   = note: see <https://doc.rust-lang.org/nightly/rustc/check-cfg/cargo-specifics.html> for more information about checking conditional configuration

warning: unexpected `cfg` condition name: `tokio_unstable`
  --> submodules/tokio/tokio/src/sync/rwlock/read_guard.rs:27:15
   |
27 |     #[cfg(all(tokio_unstable, feature = "tracing"))]
   |               ^^^^^^^^^^^^^^
   |
   = help: consider using a Cargo feature instead
   = help: or consider adding in `Cargo.toml` the `check-cfg` lint config for the lint:
            [lints.rust]
            unexpected_cfgs = { level = "warn", check-cfg = ['cfg(tokio_unstable)'] }
   = help: or consider adding `println!("cargo::rustc-check-cfg=cfg(tokio_unstable)");` to the top of the `build.rs`
   = note: see <https://doc.rust-lang.org/nightly/rustc/check-cfg/cargo-specifics.html> for more information about checking conditional configuration

warning: unexpected `cfg` condition name: `tokio_unstable`
  --> submodules/tokio/tokio/src/sync/rwlock/read_guard.rs:39:23
   |
39 |             #[cfg(all(tokio_unstable, feature = "tracing"))]
   |                       ^^^^^^^^^^^^^^
   |
   = help: consider using a Cargo feature instead
   = help: or consider adding in `Cargo.toml` the `check-cfg` lint config for the lint:
            [lints.rust]
            unexpected_cfgs = { level = "warn", check-cfg = ['cfg(tokio_unstable)'] }
   = help: or consider adding `println!("cargo::rustc-check-cfg=cfg(tokio_unstable)");` to the top of the `build.rs`
   = note: see <https://doc.rust-lang.org/nightly/rustc/check-cfg/cargo-specifics.html> for more information about checking conditional configuration

warning: unexpected `cfg` condition name: `tokio_unstable`
  --> submodules/tokio/tokio/src/sync/rwlock/read_guard.rs:91:23
   |
91 |             #[cfg(all(tokio_unstable, feature = "tracing"))]
   |                       ^^^^^^^^^^^^^^
   |
   = help: consider using a Cargo feature instead
   = help: or consider adding in `Cargo.toml` the `check-cfg` lint config for the lint:
            [lints.rust]
            unexpected_cfgs = { level = "warn", check-cfg = ['cfg(tokio_unstable)'] }
   = help: or consider adding `println!("cargo::rustc-check-cfg=cfg(tokio_unstable)");` to the top of the `build.rs`
   = note: see <https://doc.rust-lang.org/nightly/rustc/check-cfg/cargo-specifics.html> for more information about checking conditional configuration

warning: unexpected `cfg` condition name: `tokio_unstable`
   --> submodules/tokio/tokio/src/sync/rwlock/read_guard.rs:146:23
    |
146 |             #[cfg(all(tokio_unstable, feature = "tracing"))]
    |                       ^^^^^^^^^^^^^^
    |
    = help: consider using a Cargo feature instead
    = help: or consider adding in `Cargo.toml` the `check-cfg` lint config for the lint:
             [lints.rust]
             unexpected_cfgs = { level = "warn", check-cfg = ['cfg(tokio_unstable)'] }
    = help: or consider adding `println!("cargo::rustc-check-cfg=cfg(tokio_unstable)");` to the top of the `build.rs`
    = note: see <https://doc.rust-lang.org/nightly/rustc/check-cfg/cargo-specifics.html> for more information about checking conditional configuration

warning: unexpected `cfg` condition name: `tokio_unstable`
   --> submodules/tokio/tokio/src/sync/rwlock/read_guard.rs:182:19
    |
182 |         #[cfg(all(tokio_unstable, feature = "tracing"))]
    |                   ^^^^^^^^^^^^^^
    |
    = help: consider using a Cargo feature instead
    = help: or consider adding in `Cargo.toml` the `check-cfg` lint config for the lint:
             [lints.rust]
             unexpected_cfgs = { level = "warn", check-cfg = ['cfg(tokio_unstable)'] }
    = help: or consider adding `println!("cargo::rustc-check-cfg=cfg(tokio_unstable)");` to the top of the `build.rs`
    = note: see <https://doc.rust-lang.org/nightly/rustc/check-cfg/cargo-specifics.html> for more information about checking conditional configuration

warning: unexpected `cfg` condition name: `tokio_unstable`
  --> submodules/tokio/tokio/src/sync/rwlock/write_guard.rs:20:15
   |
20 |     #[cfg(all(tokio_unstable, feature = "tracing"))]
   |               ^^^^^^^^^^^^^^
   |
   = help: consider using a Cargo feature instead
   = help: or consider adding in `Cargo.toml` the `check-cfg` lint config for the lint:
            [lints.rust]
            unexpected_cfgs = { level = "warn", check-cfg = ['cfg(tokio_unstable)'] }
   = help: or consider adding `println!("cargo::rustc-check-cfg=cfg(tokio_unstable)");` to the top of the `build.rs`
   = note: see <https://doc.rust-lang.org/nightly/rustc/check-cfg/cargo-specifics.html> for more information about checking conditional configuration

warning: unexpected `cfg` condition name: `tokio_unstable`
  --> submodules/tokio/tokio/src/sync/rwlock/write_guard.rs:30:15
   |
30 |     #[cfg(all(tokio_unstable, feature = "tracing"))]
   |               ^^^^^^^^^^^^^^
   |
   = help: consider using a Cargo feature instead
   = help: or consider adding in `Cargo.toml` the `check-cfg` lint config for the lint:
            [lints.rust]
            unexpected_cfgs = { level = "warn", check-cfg = ['cfg(tokio_unstable)'] }
   = help: or consider adding `println!("cargo::rustc-check-cfg=cfg(tokio_unstable)");` to the top of the `build.rs`
   = note: see <https://doc.rust-lang.org/nightly/rustc/check-cfg/cargo-specifics.html> for more information about checking conditional configuration

warning: unexpected `cfg` condition name: `tokio_unstable`
  --> submodules/tokio/tokio/src/sync/rwlock/write_guard.rs:43:23
   |
43 |             #[cfg(all(tokio_unstable, feature = "tracing"))]
   |                       ^^^^^^^^^^^^^^
   |
   = help: consider using a Cargo feature instead
   = help: or consider adding in `Cargo.toml` the `check-cfg` lint config for the lint:
            [lints.rust]
            unexpected_cfgs = { level = "warn", check-cfg = ['cfg(tokio_unstable)'] }
   = help: or consider adding `println!("cargo::rustc-check-cfg=cfg(tokio_unstable)");` to the top of the `build.rs`
   = note: see <https://doc.rust-lang.org/nightly/rustc/check-cfg/cargo-specifics.html> for more information about checking conditional configuration

warning: unexpected `cfg` condition name: `tokio_unstable`
   --> submodules/tokio/tokio/src/sync/rwlock/write_guard.rs:100:23
    |
100 |             #[cfg(all(tokio_unstable, feature = "tracing"))]
    |                       ^^^^^^^^^^^^^^
    |
    = help: consider using a Cargo feature instead
    = help: or consider adding in `Cargo.toml` the `check-cfg` lint config for the lint:
             [lints.rust]
             unexpected_cfgs = { level = "warn", check-cfg = ['cfg(tokio_unstable)'] }
    = help: or consider adding `println!("cargo::rustc-check-cfg=cfg(tokio_unstable)");` to the top of the `build.rs`
    = note: see <https://doc.rust-lang.org/nightly/rustc/check-cfg/cargo-specifics.html> for more information about checking conditional configuration

warning: unexpected `cfg` condition name: `tokio_unstable`
   --> submodules/tokio/tokio/src/sync/rwlock/write_guard.rs:161:19
    |
161 |         #[cfg(all(tokio_unstable, feature = "tracing"))]
    |                   ^^^^^^^^^^^^^^
    |
    = help: consider using a Cargo feature instead
    = help: or consider adding in `Cargo.toml` the `check-cfg` lint config for the lint:
             [lints.rust]
             unexpected_cfgs = { level = "warn", check-cfg = ['cfg(tokio_unstable)'] }
    = help: or consider adding `println!("cargo::rustc-check-cfg=cfg(tokio_unstable)");` to the top of the `build.rs`
    = note: see <https://doc.rust-lang.org/nightly/rustc/check-cfg/cargo-specifics.html> for more information about checking conditional configuration

warning: unexpected `cfg` condition name: `tokio_unstable`
   --> submodules/tokio/tokio/src/sync/rwlock/write_guard.rs:170:19
    |
170 |         #[cfg(all(tokio_unstable, feature = "tracing"))]
    |                   ^^^^^^^^^^^^^^
    |
    = help: consider using a Cargo feature instead
    = help: or consider adding in `Cargo.toml` the `check-cfg` lint config for the lint:
             [lints.rust]
             unexpected_cfgs = { level = "warn", check-cfg = ['cfg(tokio_unstable)'] }
    = help: or consider adding `println!("cargo::rustc-check-cfg=cfg(tokio_unstable)");` to the top of the `build.rs`
    = note: see <https://doc.rust-lang.org/nightly/rustc/check-cfg/cargo-specifics.html> for more information about checking conditional configuration

warning: unexpected `cfg` condition name: `tokio_unstable`
   --> submodules/tokio/tokio/src/sync/rwlock/write_guard.rs:153:23
    |
153 |             #[cfg(all(tokio_unstable, feature = "tracing"))]
    |                       ^^^^^^^^^^^^^^
    |
    = help: consider using a Cargo feature instead
    = help: or consider adding in `Cargo.toml` the `check-cfg` lint config for the lint:
             [lints.rust]
             unexpected_cfgs = { level = "warn", check-cfg = ['cfg(tokio_unstable)'] }
    = help: or consider adding `println!("cargo::rustc-check-cfg=cfg(tokio_unstable)");` to the top of the `build.rs`
    = note: see <https://doc.rust-lang.org/nightly/rustc/check-cfg/cargo-specifics.html> for more information about checking conditional configuration

warning: unexpected `cfg` condition name: `tokio_unstable`
   --> submodules/tokio/tokio/src/sync/rwlock/write_guard.rs:240:23
    |
240 |             #[cfg(all(tokio_unstable, feature = "tracing"))]
    |                       ^^^^^^^^^^^^^^
    |
    = help: consider using a Cargo feature instead
    = help: or consider adding in `Cargo.toml` the `check-cfg` lint config for the lint:
             [lints.rust]
             unexpected_cfgs = { level = "warn", check-cfg = ['cfg(tokio_unstable)'] }
    = help: or consider adding `println!("cargo::rustc-check-cfg=cfg(tokio_unstable)");` to the top of the `build.rs`
    = note: see <https://doc.rust-lang.org/nightly/rustc/check-cfg/cargo-specifics.html> for more information about checking conditional configuration

warning: unexpected `cfg` condition name: `tokio_unstable`
   --> submodules/tokio/tokio/src/sync/rwlock/write_guard.rs:308:19
    |
308 |         #[cfg(all(tokio_unstable, feature = "tracing"))]
    |                   ^^^^^^^^^^^^^^
    |
    = help: consider using a Cargo feature instead
    = help: or consider adding in `Cargo.toml` the `check-cfg` lint config for the lint:
             [lints.rust]
             unexpected_cfgs = { level = "warn", check-cfg = ['cfg(tokio_unstable)'] }
    = help: or consider adding `println!("cargo::rustc-check-cfg=cfg(tokio_unstable)");` to the top of the `build.rs`
    = note: see <https://doc.rust-lang.org/nightly/rustc/check-cfg/cargo-specifics.html> for more information about checking conditional configuration

warning: unexpected `cfg` condition name: `tokio_unstable`
   --> submodules/tokio/tokio/src/sync/rwlock/write_guard.rs:317:19
    |
317 |         #[cfg(all(tokio_unstable, feature = "tracing"))]
    |                   ^^^^^^^^^^^^^^
    |
    = help: consider using a Cargo feature instead
    = help: or consider adding in `Cargo.toml` the `check-cfg` lint config for the lint:
             [lints.rust]
             unexpected_cfgs = { level = "warn", check-cfg = ['cfg(tokio_unstable)'] }
    = help: or consider adding `println!("cargo::rustc-check-cfg=cfg(tokio_unstable)");` to the top of the `build.rs`
    = note: see <https://doc.rust-lang.org/nightly/rustc/check-cfg/cargo-specifics.html> for more information about checking conditional configuration

warning: unexpected `cfg` condition name: `tokio_unstable`
   --> submodules/tokio/tokio/src/sync/rwlock/write_guard.rs:300:23
    |
300 |             #[cfg(all(tokio_unstable, feature = "tracing"))]
    |                       ^^^^^^^^^^^^^^
    |
    = help: consider using a Cargo feature instead
    = help: or consider adding in `Cargo.toml` the `check-cfg` lint config for the lint:
             [lints.rust]
             unexpected_cfgs = { level = "warn", check-cfg = ['cfg(tokio_unstable)'] }
    = help: or consider adding `println!("cargo::rustc-check-cfg=cfg(tokio_unstable)");` to the top of the `build.rs`
    = note: see <https://doc.rust-lang.org/nightly/rustc/check-cfg/cargo-specifics.html> for more information about checking conditional configuration

warning: unexpected `cfg` condition name: `tokio_unstable`
   --> submodules/tokio/tokio/src/sync/rwlock/write_guard.rs:390:19
    |
390 |         #[cfg(all(tokio_unstable, feature = "tracing"))]
    |                   ^^^^^^^^^^^^^^
    |
    = help: consider using a Cargo feature instead
    = help: or consider adding in `Cargo.toml` the `check-cfg` lint config for the lint:
             [lints.rust]
             unexpected_cfgs = { level = "warn", check-cfg = ['cfg(tokio_unstable)'] }
    = help: or consider adding `println!("cargo::rustc-check-cfg=cfg(tokio_unstable)");` to the top of the `build.rs`
    = note: see <https://doc.rust-lang.org/nightly/rustc/check-cfg/cargo-specifics.html> for more information about checking conditional configuration

warning: unexpected `cfg` condition name: `tokio_unstable`
   --> submodules/tokio/tokio/src/sync/rwlock/write_guard.rs:399:19
    |
399 |         #[cfg(all(tokio_unstable, feature = "tracing"))]
    |                   ^^^^^^^^^^^^^^
    |
    = help: consider using a Cargo feature instead
    = help: or consider adding in `Cargo.toml` the `check-cfg` lint config for the lint:
             [lints.rust]
             unexpected_cfgs = { level = "warn", check-cfg = ['cfg(tokio_unstable)'] }
    = help: or consider adding `println!("cargo::rustc-check-cfg=cfg(tokio_unstable)");` to the top of the `build.rs`
    = note: see <https://doc.rust-lang.org/nightly/rustc/check-cfg/cargo-specifics.html> for more information about checking conditional configuration

warning: unexpected `cfg` condition name: `tokio_unstable`
   --> submodules/tokio/tokio/src/sync/rwlock/write_guard.rs:382:23
    |
382 |             #[cfg(all(tokio_unstable, feature = "tracing"))]
    |                       ^^^^^^^^^^^^^^
    |
    = help: consider using a Cargo feature instead
    = help: or consider adding in `Cargo.toml` the `check-cfg` lint config for the lint:
             [lints.rust]
             unexpected_cfgs = { level = "warn", check-cfg = ['cfg(tokio_unstable)'] }
    = help: or consider adding `println!("cargo::rustc-check-cfg=cfg(tokio_unstable)");` to the top of the `build.rs`
    = note: see <https://doc.rust-lang.org/nightly/rustc/check-cfg/cargo-specifics.html> for more information about checking conditional configuration

warning: unexpected `cfg` condition name: `tokio_unstable`
   --> submodules/tokio/tokio/src/sync/rwlock/write_guard.rs:448:19
    |
448 |         #[cfg(all(tokio_unstable, feature = "tracing"))]
    |                   ^^^^^^^^^^^^^^
    |
    = help: consider using a Cargo feature instead
    = help: or consider adding in `Cargo.toml` the `check-cfg` lint config for the lint:
             [lints.rust]
             unexpected_cfgs = { level = "warn", check-cfg = ['cfg(tokio_unstable)'] }
    = help: or consider adding `println!("cargo::rustc-check-cfg=cfg(tokio_unstable)");` to the top of the `build.rs`
    = note: see <https://doc.rust-lang.org/nightly/rustc/check-cfg/cargo-specifics.html> for more information about checking conditional configuration

warning: unexpected `cfg` condition name: `tokio_unstable`
  --> submodules/tokio/tokio/src/sync/rwlock/write_guard_mapped.rs:18:15
   |
18 |     #[cfg(all(tokio_unstable, feature = "tracing"))]
   |               ^^^^^^^^^^^^^^
   |
   = help: consider using a Cargo feature instead
   = help: or consider adding in `Cargo.toml` the `check-cfg` lint config for the lint:
            [lints.rust]
            unexpected_cfgs = { level = "warn", check-cfg = ['cfg(tokio_unstable)'] }
   = help: or consider adding `println!("cargo::rustc-check-cfg=cfg(tokio_unstable)");` to the top of the `build.rs`
   = note: see <https://doc.rust-lang.org/nightly/rustc/check-cfg/cargo-specifics.html> for more information about checking conditional configuration

warning: unexpected `cfg` condition name: `tokio_unstable`
  --> submodules/tokio/tokio/src/sync/rwlock/write_guard_mapped.rs:28:15
   |
28 |     #[cfg(all(tokio_unstable, feature = "tracing"))]
   |               ^^^^^^^^^^^^^^
   |
   = help: consider using a Cargo feature instead
   = help: or consider adding in `Cargo.toml` the `check-cfg` lint config for the lint:
            [lints.rust]
            unexpected_cfgs = { level = "warn", check-cfg = ['cfg(tokio_unstable)'] }
   = help: or consider adding `println!("cargo::rustc-check-cfg=cfg(tokio_unstable)");` to the top of the `build.rs`
   = note: see <https://doc.rust-lang.org/nightly/rustc/check-cfg/cargo-specifics.html> for more information about checking conditional configuration

warning: unexpected `cfg` condition name: `tokio_unstable`
  --> submodules/tokio/tokio/src/sync/rwlock/write_guard_mapped.rs:41:23
   |
41 |             #[cfg(all(tokio_unstable, feature = "tracing"))]
   |                       ^^^^^^^^^^^^^^
   |
   = help: consider using a Cargo feature instead
   = help: or consider adding in `Cargo.toml` the `check-cfg` lint config for the lint:
            [lints.rust]
            unexpected_cfgs = { level = "warn", check-cfg = ['cfg(tokio_unstable)'] }
   = help: or consider adding `println!("cargo::rustc-check-cfg=cfg(tokio_unstable)");` to the top of the `build.rs`
   = note: see <https://doc.rust-lang.org/nightly/rustc/check-cfg/cargo-specifics.html> for more information about checking conditional configuration

warning: unexpected `cfg` condition name: `tokio_unstable`
  --> submodules/tokio/tokio/src/sync/rwlock/write_guard_mapped.rs:97:23
   |
97 |             #[cfg(all(tokio_unstable, feature = "tracing"))]
   |                       ^^^^^^^^^^^^^^
   |
   = help: consider using a Cargo feature instead
   = help: or consider adding in `Cargo.toml` the `check-cfg` lint config for the lint:
            [lints.rust]
            unexpected_cfgs = { level = "warn", check-cfg = ['cfg(tokio_unstable)'] }
   = help: or consider adding `println!("cargo::rustc-check-cfg=cfg(tokio_unstable)");` to the top of the `build.rs`
   = note: see <https://doc.rust-lang.org/nightly/rustc/check-cfg/cargo-specifics.html> for more information about checking conditional configuration

warning: unexpected `cfg` condition name: `tokio_unstable`
   --> submodules/tokio/tokio/src/sync/rwlock/write_guard_mapped.rs:159:23
    |
159 |             #[cfg(all(tokio_unstable, feature = "tracing"))]
    |                       ^^^^^^^^^^^^^^
    |
    = help: consider using a Cargo feature instead
    = help: or consider adding in `Cargo.toml` the `check-cfg` lint config for the lint:
             [lints.rust]
             unexpected_cfgs = { level = "warn", check-cfg = ['cfg(tokio_unstable)'] }
    = help: or consider adding `println!("cargo::rustc-check-cfg=cfg(tokio_unstable)");` to the top of the `build.rs`
    = note: see <https://doc.rust-lang.org/nightly/rustc/check-cfg/cargo-specifics.html> for more information about checking conditional configuration

warning: unexpected `cfg` condition name: `tokio_unstable`
   --> submodules/tokio/tokio/src/sync/rwlock/write_guard_mapped.rs:204:19
    |
204 |         #[cfg(all(tokio_unstable, feature = "tracing"))]
    |                   ^^^^^^^^^^^^^^
    |
    = help: consider using a Cargo feature instead
    = help: or consider adding in `Cargo.toml` the `check-cfg` lint config for the lint:
             [lints.rust]
             unexpected_cfgs = { level = "warn", check-cfg = ['cfg(tokio_unstable)'] }
    = help: or consider adding `println!("cargo::rustc-check-cfg=cfg(tokio_unstable)");` to the top of the `build.rs`
    = note: see <https://doc.rust-lang.org/nightly/rustc/check-cfg/cargo-specifics.html> for more information about checking conditional configuration

warning: unexpected `cfg` condition name: `tokio_unstable`
  --> submodules/tokio/tokio/src/sync/rwlock.rs:89:15
   |
89 |     #[cfg(all(tokio_unstable, feature = "tracing"))]
   |               ^^^^^^^^^^^^^^
   |
   = help: consider using a Cargo feature instead
   = help: or consider adding in `Cargo.toml` the `check-cfg` lint config for the lint:
            [lints.rust]
            unexpected_cfgs = { level = "warn", check-cfg = ['cfg(tokio_unstable)'] }
   = help: or consider adding `println!("cargo::rustc-check-cfg=cfg(tokio_unstable)");` to the top of the `build.rs`
   = note: see <https://doc.rust-lang.org/nightly/rustc/check-cfg/cargo-specifics.html> for more information about checking conditional configuration

warning: unexpected `cfg` condition name: `loom`
   --> submodules/tokio/tokio/src/sync/rwlock.rs:346:19
    |
346 |     #[cfg(not(all(loom, test)))]
    |                   ^^^^
    |
    = help: consider using a Cargo feature instead
    = help: or consider adding in `Cargo.toml` the `check-cfg` lint config for the lint:
             [lints.rust]
             unexpected_cfgs = { level = "warn", check-cfg = ['cfg(loom)'] }
    = help: or consider adding `println!("cargo::rustc-check-cfg=cfg(loom)");` to the top of the `build.rs`
    = note: see <https://doc.rust-lang.org/nightly/rustc/check-cfg/cargo-specifics.html> for more information about checking conditional configuration

warning: unexpected `cfg` condition name: `loom`
   --> submodules/tokio/tokio/src/sync/rwlock.rs:370:19
    |
370 |     #[cfg(not(all(loom, test)))]
    |                   ^^^^
    |
    = help: consider using a Cargo feature instead
    = help: or consider adding in `Cargo.toml` the `check-cfg` lint config for the lint:
             [lints.rust]
             unexpected_cfgs = { level = "warn", check-cfg = ['cfg(loom)'] }
    = help: or consider adding `println!("cargo::rustc-check-cfg=cfg(loom)");` to the top of the `build.rs`
    = note: see <https://doc.rust-lang.org/nightly/rustc/check-cfg/cargo-specifics.html> for more information about checking conditional configuration

warning: unexpected `cfg` condition name: `tokio_unstable`
   --> submodules/tokio/tokio/src/sync/rwlock.rs:208:19
    |
208 |         #[cfg(all(tokio_unstable, feature = "tracing"))]
    |                   ^^^^^^^^^^^^^^
    |
    = help: consider using a Cargo feature instead
    = help: or consider adding in `Cargo.toml` the `check-cfg` lint config for the lint:
             [lints.rust]
             unexpected_cfgs = { level = "warn", check-cfg = ['cfg(tokio_unstable)'] }
    = help: or consider adding `println!("cargo::rustc-check-cfg=cfg(tokio_unstable)");` to the top of the `build.rs`
    = note: see <https://doc.rust-lang.org/nightly/rustc/check-cfg/cargo-specifics.html> for more information about checking conditional configuration

warning: unexpected `cfg` condition name: `tokio_unstable`
   --> submodules/tokio/tokio/src/sync/rwlock.rs:241:19
    |
241 |         #[cfg(all(tokio_unstable, feature = "tracing"))]
    |                   ^^^^^^^^^^^^^^
    |
    = help: consider using a Cargo feature instead
    = help: or consider adding in `Cargo.toml` the `check-cfg` lint config for the lint:
             [lints.rust]
             unexpected_cfgs = { level = "warn", check-cfg = ['cfg(tokio_unstable)'] }
    = help: or consider adding `println!("cargo::rustc-check-cfg=cfg(tokio_unstable)");` to the top of the `build.rs`
    = note: see <https://doc.rust-lang.org/nightly/rustc/check-cfg/cargo-specifics.html> for more information about checking conditional configuration

warning: unexpected `cfg` condition name: `tokio_unstable`
   --> submodules/tokio/tokio/src/sync/rwlock.rs:244:23
    |
244 |         #[cfg(any(not(tokio_unstable), not(feature = "tracing")))]
    |                       ^^^^^^^^^^^^^^
    |
    = help: consider using a Cargo feature instead
    = help: or consider adding in `Cargo.toml` the `check-cfg` lint config for the lint:
             [lints.rust]
             unexpected_cfgs = { level = "warn", check-cfg = ['cfg(tokio_unstable)'] }
    = help: or consider adding `println!("cargo::rustc-check-cfg=cfg(tokio_unstable)");` to the top of the `build.rs`
    = note: see <https://doc.rust-lang.org/nightly/rustc/check-cfg/cargo-specifics.html> for more information about checking conditional configuration

warning: unexpected `cfg` condition name: `tokio_unstable`
   --> submodules/tokio/tokio/src/sync/rwlock.rs:251:23
    |
251 |             #[cfg(all(tokio_unstable, feature = "tracing"))]
    |                       ^^^^^^^^^^^^^^
    |
    = help: consider using a Cargo feature instead
    = help: or consider adding in `Cargo.toml` the `check-cfg` lint config for the lint:
             [lints.rust]
             unexpected_cfgs = { level = "warn", check-cfg = ['cfg(tokio_unstable)'] }
    = help: or consider adding `println!("cargo::rustc-check-cfg=cfg(tokio_unstable)");` to the top of the `build.rs`
    = note: see <https://doc.rust-lang.org/nightly/rustc/check-cfg/cargo-specifics.html> for more information about checking conditional configuration

warning: unexpected `cfg` condition name: `tokio_unstable`
   --> submodules/tokio/tokio/src/sync/rwlock.rs:280:19
    |
280 |         #[cfg(all(tokio_unstable, feature = "tracing"))]
    |                   ^^^^^^^^^^^^^^
    |
    = help: consider using a Cargo feature instead
    = help: or consider adding in `Cargo.toml` the `check-cfg` lint config for the lint:
             [lints.rust]
             unexpected_cfgs = { level = "warn", check-cfg = ['cfg(tokio_unstable)'] }
    = help: or consider adding `println!("cargo::rustc-check-cfg=cfg(tokio_unstable)");` to the top of the `build.rs`
    = note: see <https://doc.rust-lang.org/nightly/rustc/check-cfg/cargo-specifics.html> for more information about checking conditional configuration

warning: unexpected `cfg` condition name: `tokio_unstable`
   --> submodules/tokio/tokio/src/sync/rwlock.rs:314:19
    |
314 |         #[cfg(all(tokio_unstable, feature = "tracing"))]
    |                   ^^^^^^^^^^^^^^
    |
    = help: consider using a Cargo feature instead
    = help: or consider adding in `Cargo.toml` the `check-cfg` lint config for the lint:
             [lints.rust]
             unexpected_cfgs = { level = "warn", check-cfg = ['cfg(tokio_unstable)'] }
    = help: or consider adding `println!("cargo::rustc-check-cfg=cfg(tokio_unstable)");` to the top of the `build.rs`
    = note: see <https://doc.rust-lang.org/nightly/rustc/check-cfg/cargo-specifics.html> for more information about checking conditional configuration

warning: unexpected `cfg` condition name: `tokio_unstable`
   --> submodules/tokio/tokio/src/sync/rwlock.rs:317:23
    |
317 |         #[cfg(any(not(tokio_unstable), not(feature = "tracing")))]
    |                       ^^^^^^^^^^^^^^
    |
    = help: consider using a Cargo feature instead
    = help: or consider adding in `Cargo.toml` the `check-cfg` lint config for the lint:
             [lints.rust]
             unexpected_cfgs = { level = "warn", check-cfg = ['cfg(tokio_unstable)'] }
    = help: or consider adding `println!("cargo::rustc-check-cfg=cfg(tokio_unstable)");` to the top of the `build.rs`
    = note: see <https://doc.rust-lang.org/nightly/rustc/check-cfg/cargo-specifics.html> for more information about checking conditional configuration

warning: unexpected `cfg` condition name: `tokio_unstable`
   --> submodules/tokio/tokio/src/sync/rwlock.rs:324:23
    |
324 |             #[cfg(all(tokio_unstable, feature = "tracing"))]
    |                       ^^^^^^^^^^^^^^
    |
    = help: consider using a Cargo feature instead
    = help: or consider adding in `Cargo.toml` the `check-cfg` lint config for the lint:
             [lints.rust]
             unexpected_cfgs = { level = "warn", check-cfg = ['cfg(tokio_unstable)'] }
    = help: or consider adding `println!("cargo::rustc-check-cfg=cfg(tokio_unstable)");` to the top of the `build.rs`
    = note: see <https://doc.rust-lang.org/nightly/rustc/check-cfg/cargo-specifics.html> for more information about checking conditional configuration

warning: unexpected `cfg` condition name: `tokio_unstable`
   --> submodules/tokio/tokio/src/sync/rwlock.rs:355:23
    |
355 |             #[cfg(all(tokio_unstable, feature = "tracing"))]
    |                       ^^^^^^^^^^^^^^
    |
    = help: consider using a Cargo feature instead
    = help: or consider adding in `Cargo.toml` the `check-cfg` lint config for the lint:
             [lints.rust]
             unexpected_cfgs = { level = "warn", check-cfg = ['cfg(tokio_unstable)'] }
    = help: or consider adding `println!("cargo::rustc-check-cfg=cfg(tokio_unstable)");` to the top of the `build.rs`
    = note: see <https://doc.rust-lang.org/nightly/rustc/check-cfg/cargo-specifics.html> for more information about checking conditional configuration

warning: unexpected `cfg` condition name: `tokio_unstable`
   --> submodules/tokio/tokio/src/sync/rwlock.rs:381:23
    |
381 |             #[cfg(all(tokio_unstable, feature = "tracing"))]
    |                       ^^^^^^^^^^^^^^
    |
    = help: consider using a Cargo feature instead
    = help: or consider adding in `Cargo.toml` the `check-cfg` lint config for the lint:
             [lints.rust]
             unexpected_cfgs = { level = "warn", check-cfg = ['cfg(tokio_unstable)'] }
    = help: or consider adding `println!("cargo::rustc-check-cfg=cfg(tokio_unstable)");` to the top of the `build.rs`
    = note: see <https://doc.rust-lang.org/nightly/rustc/check-cfg/cargo-specifics.html> for more information about checking conditional configuration

warning: unexpected `cfg` condition name: `tokio_unstable`
   --> submodules/tokio/tokio/src/sync/rwlock.rs:448:19
    |
448 |         #[cfg(all(tokio_unstable, feature = "tracing"))]
    |                   ^^^^^^^^^^^^^^
    |
    = help: consider using a Cargo feature instead
    = help: or consider adding in `Cargo.toml` the `check-cfg` lint config for the lint:
             [lints.rust]
             unexpected_cfgs = { level = "warn", check-cfg = ['cfg(tokio_unstable)'] }
    = help: or consider adding `println!("cargo::rustc-check-cfg=cfg(tokio_unstable)");` to the top of the `build.rs`
    = note: see <https://doc.rust-lang.org/nightly/rustc/check-cfg/cargo-specifics.html> for more information about checking conditional configuration

warning: unexpected `cfg` condition name: `tokio_unstable`
   --> submodules/tokio/tokio/src/sync/rwlock.rs:460:19
    |
460 |         #[cfg(all(tokio_unstable, feature = "tracing"))]
    |                   ^^^^^^^^^^^^^^
    |
    = help: consider using a Cargo feature instead
    = help: or consider adding in `Cargo.toml` the `check-cfg` lint config for the lint:
             [lints.rust]
             unexpected_cfgs = { level = "warn", check-cfg = ['cfg(tokio_unstable)'] }
    = help: or consider adding `println!("cargo::rustc-check-cfg=cfg(tokio_unstable)");` to the top of the `build.rs`
    = note: see <https://doc.rust-lang.org/nightly/rustc/check-cfg/cargo-specifics.html> for more information about checking conditional configuration

warning: unexpected `cfg` condition name: `tokio_unstable`
   --> submodules/tokio/tokio/src/sync/rwlock.rs:443:27
    |
443 |                 #[cfg(all(tokio_unstable, feature = "tracing"))]
    |                           ^^^^^^^^^^^^^^
    |
    = help: consider using a Cargo feature instead
    = help: or consider adding in `Cargo.toml` the `check-cfg` lint config for the lint:
             [lints.rust]
             unexpected_cfgs = { level = "warn", check-cfg = ['cfg(tokio_unstable)'] }
    = help: or consider adding `println!("cargo::rustc-check-cfg=cfg(tokio_unstable)");` to the top of the `build.rs`
    = note: see <https://doc.rust-lang.org/nightly/rustc/check-cfg/cargo-specifics.html> for more information about checking conditional configuration

warning: unexpected `cfg` condition name: `tokio_unstable`
   --> submodules/tokio/tokio/src/sync/rwlock.rs:580:19
    |
580 |         #[cfg(all(tokio_unstable, feature = "tracing"))]
    |                   ^^^^^^^^^^^^^^
    |
    = help: consider using a Cargo feature instead
    = help: or consider adding in `Cargo.toml` the `check-cfg` lint config for the lint:
             [lints.rust]
             unexpected_cfgs = { level = "warn", check-cfg = ['cfg(tokio_unstable)'] }
    = help: or consider adding `println!("cargo::rustc-check-cfg=cfg(tokio_unstable)");` to the top of the `build.rs`
    = note: see <https://doc.rust-lang.org/nightly/rustc/check-cfg/cargo-specifics.html> for more information about checking conditional configuration

warning: unexpected `cfg` condition name: `tokio_unstable`
   --> submodules/tokio/tokio/src/sync/rwlock.rs:599:19
    |
599 |         #[cfg(all(tokio_unstable, feature = "tracing"))]
    |                   ^^^^^^^^^^^^^^
    |
    = help: consider using a Cargo feature instead
    = help: or consider adding in `Cargo.toml` the `check-cfg` lint config for the lint:
             [lints.rust]
             unexpected_cfgs = { level = "warn", check-cfg = ['cfg(tokio_unstable)'] }
    = help: or consider adding `println!("cargo::rustc-check-cfg=cfg(tokio_unstable)");` to the top of the `build.rs`
    = note: see <https://doc.rust-lang.org/nightly/rustc/check-cfg/cargo-specifics.html> for more information about checking conditional configuration

warning: unexpected `cfg` condition name: `tokio_unstable`
   --> submodules/tokio/tokio/src/sync/rwlock.rs:611:19
    |
611 |         #[cfg(all(tokio_unstable, feature = "tracing"))]
    |                   ^^^^^^^^^^^^^^
    |
    = help: consider using a Cargo feature instead
    = help: or consider adding in `Cargo.toml` the `check-cfg` lint config for the lint:
             [lints.rust]
             unexpected_cfgs = { level = "warn", check-cfg = ['cfg(tokio_unstable)'] }
    = help: or consider adding `println!("cargo::rustc-check-cfg=cfg(tokio_unstable)");` to the top of the `build.rs`
    = note: see <https://doc.rust-lang.org/nightly/rustc/check-cfg/cargo-specifics.html> for more information about checking conditional configuration

warning: unexpected `cfg` condition name: `tokio_unstable`
   --> submodules/tokio/tokio/src/sync/rwlock.rs:591:27
    |
591 |                 #[cfg(all(tokio_unstable, feature = "tracing"))]
    |                           ^^^^^^^^^^^^^^
    |
    = help: consider using a Cargo feature instead
    = help: or consider adding in `Cargo.toml` the `check-cfg` lint config for the lint:
             [lints.rust]
             unexpected_cfgs = { level = "warn", check-cfg = ['cfg(tokio_unstable)'] }
    = help: or consider adding `println!("cargo::rustc-check-cfg=cfg(tokio_unstable)");` to the top of the `build.rs`
    = note: see <https://doc.rust-lang.org/nightly/rustc/check-cfg/cargo-specifics.html> for more information about checking conditional configuration

warning: unexpected `cfg` condition name: `tokio_unstable`
   --> submodules/tokio/tokio/src/sync/rwlock.rs:670:19
    |
670 |         #[cfg(all(tokio_unstable, feature = "tracing"))]
    |                   ^^^^^^^^^^^^^^
    |
    = help: consider using a Cargo feature instead
    = help: or consider adding in `Cargo.toml` the `check-cfg` lint config for the lint:
             [lints.rust]
             unexpected_cfgs = { level = "warn", check-cfg = ['cfg(tokio_unstable)'] }
    = help: or consider adding `println!("cargo::rustc-check-cfg=cfg(tokio_unstable)");` to the top of the `build.rs`
    = note: see <https://doc.rust-lang.org/nightly/rustc/check-cfg/cargo-specifics.html> for more information about checking conditional configuration

warning: unexpected `cfg` condition name: `tokio_unstable`
   --> submodules/tokio/tokio/src/sync/rwlock.rs:666:23
    |
666 |             #[cfg(all(tokio_unstable, feature = "tracing"))]
    |                       ^^^^^^^^^^^^^^
    |
    = help: consider using a Cargo feature instead
    = help: or consider adding in `Cargo.toml` the `check-cfg` lint config for the lint:
             [lints.rust]
             unexpected_cfgs = { level = "warn", check-cfg = ['cfg(tokio_unstable)'] }
    = help: or consider adding `println!("cargo::rustc-check-cfg=cfg(tokio_unstable)");` to the top of the `build.rs`
    = note: see <https://doc.rust-lang.org/nightly/rustc/check-cfg/cargo-specifics.html> for more information about checking conditional configuration

warning: unexpected `cfg` condition name: `tokio_unstable`
   --> submodules/tokio/tokio/src/sync/rwlock.rs:735:19
    |
735 |         #[cfg(all(tokio_unstable, feature = "tracing"))]
    |                   ^^^^^^^^^^^^^^
    |
    = help: consider using a Cargo feature instead
    = help: or consider adding in `Cargo.toml` the `check-cfg` lint config for the lint:
             [lints.rust]
             unexpected_cfgs = { level = "warn", check-cfg = ['cfg(tokio_unstable)'] }
    = help: or consider adding `println!("cargo::rustc-check-cfg=cfg(tokio_unstable)");` to the top of the `build.rs`
    = note: see <https://doc.rust-lang.org/nightly/rustc/check-cfg/cargo-specifics.html> for more information about checking conditional configuration

warning: unexpected `cfg` condition name: `tokio_unstable`
   --> submodules/tokio/tokio/src/sync/rwlock.rs:728:23
    |
728 |             #[cfg(all(tokio_unstable, feature = "tracing"))]
    |                       ^^^^^^^^^^^^^^
    |
    = help: consider using a Cargo feature instead
    = help: or consider adding in `Cargo.toml` the `check-cfg` lint config for the lint:
             [lints.rust]
             unexpected_cfgs = { level = "warn", check-cfg = ['cfg(tokio_unstable)'] }
    = help: or consider adding `println!("cargo::rustc-check-cfg=cfg(tokio_unstable)");` to the top of the `build.rs`
    = note: see <https://doc.rust-lang.org/nightly/rustc/check-cfg/cargo-specifics.html> for more information about checking conditional configuration

warning: unexpected `cfg` condition name: `tokio_unstable`
   --> submodules/tokio/tokio/src/sync/rwlock.rs:793:19
    |
793 |         #[cfg(all(tokio_unstable, feature = "tracing"))]
    |                   ^^^^^^^^^^^^^^
    |
    = help: consider using a Cargo feature instead
    = help: or consider adding in `Cargo.toml` the `check-cfg` lint config for the lint:
             [lints.rust]
             unexpected_cfgs = { level = "warn", check-cfg = ['cfg(tokio_unstable)'] }
    = help: or consider adding `println!("cargo::rustc-check-cfg=cfg(tokio_unstable)");` to the top of the `build.rs`
    = note: see <https://doc.rust-lang.org/nightly/rustc/check-cfg/cargo-specifics.html> for more information about checking conditional configuration

warning: unexpected `cfg` condition name: `tokio_unstable`
   --> submodules/tokio/tokio/src/sync/rwlock.rs:805:19
    |
805 |         #[cfg(all(tokio_unstable, feature = "tracing"))]
    |                   ^^^^^^^^^^^^^^
    |
    = help: consider using a Cargo feature instead
    = help: or consider adding in `Cargo.toml` the `check-cfg` lint config for the lint:
             [lints.rust]
             unexpected_cfgs = { level = "warn", check-cfg = ['cfg(tokio_unstable)'] }
    = help: or consider adding `println!("cargo::rustc-check-cfg=cfg(tokio_unstable)");` to the top of the `build.rs`
    = note: see <https://doc.rust-lang.org/nightly/rustc/check-cfg/cargo-specifics.html> for more information about checking conditional configuration

warning: unexpected `cfg` condition name: `tokio_unstable`
   --> submodules/tokio/tokio/src/sync/rwlock.rs:788:27
    |
788 |                 #[cfg(all(tokio_unstable, feature = "tracing"))]
    |                           ^^^^^^^^^^^^^^
    |
    = help: consider using a Cargo feature instead
    = help: or consider adding in `Cargo.toml` the `check-cfg` lint config for the lint:
             [lints.rust]
             unexpected_cfgs = { level = "warn", check-cfg = ['cfg(tokio_unstable)'] }
    = help: or consider adding `println!("cargo::rustc-check-cfg=cfg(tokio_unstable)");` to the top of the `build.rs`
    = note: see <https://doc.rust-lang.org/nightly/rustc/check-cfg/cargo-specifics.html> for more information about checking conditional configuration

warning: unexpected `cfg` condition name: `tokio_unstable`
   --> submodules/tokio/tokio/src/sync/rwlock.rs:911:19
    |
911 |         #[cfg(all(tokio_unstable, feature = "tracing"))]
    |                   ^^^^^^^^^^^^^^
    |
    = help: consider using a Cargo feature instead
    = help: or consider adding in `Cargo.toml` the `check-cfg` lint config for the lint:
             [lints.rust]
             unexpected_cfgs = { level = "warn", check-cfg = ['cfg(tokio_unstable)'] }
    = help: or consider adding `println!("cargo::rustc-check-cfg=cfg(tokio_unstable)");` to the top of the `build.rs`
    = note: see <https://doc.rust-lang.org/nightly/rustc/check-cfg/cargo-specifics.html> for more information about checking conditional configuration

warning: unexpected `cfg` condition name: `tokio_unstable`
   --> submodules/tokio/tokio/src/sync/rwlock.rs:931:19
    |
931 |         #[cfg(all(tokio_unstable, feature = "tracing"))]
    |                   ^^^^^^^^^^^^^^
    |
    = help: consider using a Cargo feature instead
    = help: or consider adding in `Cargo.toml` the `check-cfg` lint config for the lint:
             [lints.rust]
             unexpected_cfgs = { level = "warn", check-cfg = ['cfg(tokio_unstable)'] }
    = help: or consider adding `println!("cargo::rustc-check-cfg=cfg(tokio_unstable)");` to the top of the `build.rs`
    = note: see <https://doc.rust-lang.org/nightly/rustc/check-cfg/cargo-specifics.html> for more information about checking conditional configuration

warning: unexpected `cfg` condition name: `tokio_unstable`
   --> submodules/tokio/tokio/src/sync/rwlock.rs:943:19
    |
943 |         #[cfg(all(tokio_unstable, feature = "tracing"))]
    |                   ^^^^^^^^^^^^^^
    |
    = help: consider using a Cargo feature instead
    = help: or consider adding in `Cargo.toml` the `check-cfg` lint config for the lint:
             [lints.rust]
             unexpected_cfgs = { level = "warn", check-cfg = ['cfg(tokio_unstable)'] }
    = help: or consider adding `println!("cargo::rustc-check-cfg=cfg(tokio_unstable)");` to the top of the `build.rs`
    = note: see <https://doc.rust-lang.org/nightly/rustc/check-cfg/cargo-specifics.html> for more information about checking conditional configuration

warning: unexpected `cfg` condition name: `tokio_unstable`
   --> submodules/tokio/tokio/src/sync/rwlock.rs:922:27
    |
922 |                 #[cfg(all(tokio_unstable, feature = "tracing"))]
    |                           ^^^^^^^^^^^^^^
    |
    = help: consider using a Cargo feature instead
    = help: or consider adding in `Cargo.toml` the `check-cfg` lint config for the lint:
             [lints.rust]
             unexpected_cfgs = { level = "warn", check-cfg = ['cfg(tokio_unstable)'] }
    = help: or consider adding `println!("cargo::rustc-check-cfg=cfg(tokio_unstable)");` to the top of the `build.rs`
    = note: see <https://doc.rust-lang.org/nightly/rustc/check-cfg/cargo-specifics.html> for more information about checking conditional configuration

warning: unexpected `cfg` condition name: `tokio_unstable`
   --> submodules/tokio/tokio/src/sync/rwlock.rs:994:19
    |
994 |         #[cfg(all(tokio_unstable, feature = "tracing"))]
    |                   ^^^^^^^^^^^^^^
    |
    = help: consider using a Cargo feature instead
    = help: or consider adding in `Cargo.toml` the `check-cfg` lint config for the lint:
             [lints.rust]
             unexpected_cfgs = { level = "warn", check-cfg = ['cfg(tokio_unstable)'] }
    = help: or consider adding `println!("cargo::rustc-check-cfg=cfg(tokio_unstable)");` to the top of the `build.rs`
    = note: see <https://doc.rust-lang.org/nightly/rustc/check-cfg/cargo-specifics.html> for more information about checking conditional configuration

warning: unexpected `cfg` condition name: `tokio_unstable`
   --> submodules/tokio/tokio/src/sync/rwlock.rs:990:23
    |
990 |             #[cfg(all(tokio_unstable, feature = "tracing"))]
    |                       ^^^^^^^^^^^^^^
    |
    = help: consider using a Cargo feature instead
    = help: or consider adding in `Cargo.toml` the `check-cfg` lint config for the lint:
             [lints.rust]
             unexpected_cfgs = { level = "warn", check-cfg = ['cfg(tokio_unstable)'] }
    = help: or consider adding `println!("cargo::rustc-check-cfg=cfg(tokio_unstable)");` to the top of the `build.rs`
    = note: see <https://doc.rust-lang.org/nightly/rustc/check-cfg/cargo-specifics.html> for more information about checking conditional configuration

warning: unexpected `cfg` condition name: `tokio_unstable`
    --> submodules/tokio/tokio/src/sync/rwlock.rs:1052:19
     |
1052 |         #[cfg(all(tokio_unstable, feature = "tracing"))]
     |                   ^^^^^^^^^^^^^^
     |
     = help: consider using a Cargo feature instead
     = help: or consider adding in `Cargo.toml` the `check-cfg` lint config for the lint:
              [lints.rust]
              unexpected_cfgs = { level = "warn", check-cfg = ['cfg(tokio_unstable)'] }
     = help: or consider adding `println!("cargo::rustc-check-cfg=cfg(tokio_unstable)");` to the top of the `build.rs`
     = note: see <https://doc.rust-lang.org/nightly/rustc/check-cfg/cargo-specifics.html> for more information about checking conditional configuration

warning: unexpected `cfg` condition name: `tokio_unstable`
    --> submodules/tokio/tokio/src/sync/rwlock.rs:1044:23
     |
1044 |             #[cfg(all(tokio_unstable, feature = "tracing"))]
     |                       ^^^^^^^^^^^^^^
     |
     = help: consider using a Cargo feature instead
     = help: or consider adding in `Cargo.toml` the `check-cfg` lint config for the lint:
              [lints.rust]
              unexpected_cfgs = { level = "warn", check-cfg = ['cfg(tokio_unstable)'] }
     = help: or consider adding `println!("cargo::rustc-check-cfg=cfg(tokio_unstable)");` to the top of the `build.rs`
     = note: see <https://doc.rust-lang.org/nightly/rustc/check-cfg/cargo-specifics.html> for more information about checking conditional configuration

warning: unexpected `cfg` condition name: `loom`
 --> submodules/tokio/tokio/src/sync/task/atomic_waker.rs:1:17
  |
1 | #![cfg_attr(any(loom, not(feature = "sync")), allow(dead_code, unreachable_pub))]
  |                 ^^^^
  |
  = help: consider using a Cargo feature instead
  = help: or consider adding in `Cargo.toml` the `check-cfg` lint config for the lint:
           [lints.rust]
           unexpected_cfgs = { level = "warn", check-cfg = ['cfg(loom)'] }
  = help: or consider adding `println!("cargo::rustc-check-cfg=cfg(loom)");` to the top of the `build.rs`
  = note: see <https://doc.rust-lang.org/nightly/rustc/check-cfg/cargo-specifics.html> for more information about checking conditional configuration

warning: unexpected `cfg` condition name: `loom`
   --> submodules/tokio/tokio/src/sync/once_cell.rs:167:19
    |
167 |     #[cfg(not(all(loom, test)))]
    |                   ^^^^
    |
    = help: consider using a Cargo feature instead
    = help: or consider adding in `Cargo.toml` the `check-cfg` lint config for the lint:
             [lints.rust]
             unexpected_cfgs = { level = "warn", check-cfg = ['cfg(loom)'] }
    = help: or consider adding `println!("cargo::rustc-check-cfg=cfg(loom)");` to the top of the `build.rs`
    = note: see <https://doc.rust-lang.org/nightly/rustc/check-cfg/cargo-specifics.html> for more information about checking conditional configuration

warning: unexpected `cfg` condition name: `loom`
   --> submodules/tokio/tokio/src/sync/once_cell.rs:222:19
    |
222 |     #[cfg(not(all(loom, test)))]
    |                   ^^^^
    |
    = help: consider using a Cargo feature instead
    = help: or consider adding in `Cargo.toml` the `check-cfg` lint config for the lint:
             [lints.rust]
             unexpected_cfgs = { level = "warn", check-cfg = ['cfg(loom)'] }
    = help: or consider adding `println!("cargo::rustc-check-cfg=cfg(loom)");` to the top of the `build.rs`
    = note: see <https://doc.rust-lang.org/nightly/rustc/check-cfg/cargo-specifics.html> for more information about checking conditional configuration

warning: unexpected `cfg` condition name: `loom`
   --> submodules/tokio/tokio/src/sync/set_once.rs:189:19
    |
189 |     #[cfg(not(all(loom, test)))]
    |                   ^^^^
    |
    = help: consider using a Cargo feature instead
    = help: or consider adding in `Cargo.toml` the `check-cfg` lint config for the lint:
             [lints.rust]
             unexpected_cfgs = { level = "warn", check-cfg = ['cfg(loom)'] }
    = help: or consider adding `println!("cargo::rustc-check-cfg=cfg(loom)");` to the top of the `build.rs`
    = note: see <https://doc.rust-lang.org/nightly/rustc/check-cfg/cargo-specifics.html> for more information about checking conditional configuration

warning: unexpected `cfg` condition name: `loom`
   --> submodules/tokio/tokio/src/sync/set_once.rs:239:19
    |
239 |     #[cfg(not(all(loom, test)))]
    |                   ^^^^
    |
    = help: consider using a Cargo feature instead
    = help: or consider adding in `Cargo.toml` the `check-cfg` lint config for the lint:
             [lints.rust]
             unexpected_cfgs = { level = "warn", check-cfg = ['cfg(loom)'] }
    = help: or consider adding `println!("cargo::rustc-check-cfg=cfg(loom)");` to the top of the `build.rs`
    = note: see <https://doc.rust-lang.org/nightly/rustc/check-cfg/cargo-specifics.html> for more information about checking conditional configuration

warning: unexpected `cfg` condition name: `loom`
    --> submodules/tokio/tokio/src/sync/watch.rs:1477:17
     |
1477 | #[cfg(all(test, loom))]
     |                 ^^^^
     |
     = help: consider using a Cargo feature instead
     = help: or consider adding in `Cargo.toml` the `check-cfg` lint config for the lint:
              [lints.rust]
              unexpected_cfgs = { level = "warn", check-cfg = ['cfg(loom)'] }
     = help: or consider adding `println!("cargo::rustc-check-cfg=cfg(loom)");` to the top of the `build.rs`
     = note: see <https://doc.rust-lang.org/nightly/rustc/check-cfg/cargo-specifics.html> for more information about checking conditional configuration

warning: unexpected `cfg` condition name: `loom`
   --> submodules/tokio/tokio/src/sync/watch.rs:388:27
    |
388 |         #[cfg(not(all(not(loom), feature = "sync", any(feature = "rt", feature = "macros"))))]
    |                           ^^^^
    |
    = help: consider using a Cargo feature instead
    = help: or consider adding in `Cargo.toml` the `check-cfg` lint config for the lint:
             [lints.rust]
             unexpected_cfgs = { level = "warn", check-cfg = ['cfg(loom)'] }
    = help: or consider adding `println!("cargo::rustc-check-cfg=cfg(loom)");` to the top of the `build.rs`
    = note: see <https://doc.rust-lang.org/nightly/rustc/check-cfg/cargo-specifics.html> for more information about checking conditional configuration

warning: unexpected `cfg` condition name: `loom`
   --> submodules/tokio/tokio/src/sync/watch.rs:413:27
    |
413 |         #[cfg(not(all(not(loom), feature = "sync", any(feature = "rt", feature = "macros"))))]
    |                           ^^^^
    |
    = help: consider using a Cargo feature instead
    = help: or consider adding in `Cargo.toml` the `check-cfg` lint config for the lint:
             [lints.rust]
             unexpected_cfgs = { level = "warn", check-cfg = ['cfg(loom)'] }
    = help: or consider adding `println!("cargo::rustc-check-cfg=cfg(loom)");` to the top of the `build.rs`
    = note: see <https://doc.rust-lang.org/nightly/rustc/check-cfg/cargo-specifics.html> for more information about checking conditional configuration

warning: unexpected `cfg` condition name: `loom`
   --> submodules/tokio/tokio/src/sync/watch.rs:420:23
    |
420 |         #[cfg(all(not(loom), feature = "sync", any(feature = "rt", feature = "macros")))]
    |                       ^^^^
    |
    = help: consider using a Cargo feature instead
    = help: or consider adding in `Cargo.toml` the `check-cfg` lint config for the lint:
             [lints.rust]
             unexpected_cfgs = { level = "warn", check-cfg = ['cfg(loom)'] }
    = help: or consider adding `println!("cargo::rustc-check-cfg=cfg(loom)");` to the top of the `build.rs`
    = note: see <https://doc.rust-lang.org/nightly/rustc/check-cfg/cargo-specifics.html> for more information about checking conditional configuration

warning: unexpected `cfg` condition name: `loom`
   --> submodules/tokio/tokio/src/sync/watch.rs:397:25
    |
397 |                     not(loom),
    |                         ^^^^
    |
    = help: consider using a Cargo feature instead
    = help: or consider adding in `Cargo.toml` the `check-cfg` lint config for the lint:
             [lints.rust]
             unexpected_cfgs = { level = "warn", check-cfg = ['cfg(loom)'] }
    = help: or consider adding `println!("cargo::rustc-check-cfg=cfg(loom)");` to the top of the `build.rs`
    = note: see <https://doc.rust-lang.org/nightly/rustc/check-cfg/cargo-specifics.html> for more information about checking conditional configuration

warning: unexpected `cfg` condition name: `loom`
   --> submodules/tokio/tokio/src/macros/cfg.rs:397:19
    |
397 |           #[cfg(not(loom))]
    |                     ^^^^
    |
   ::: submodules/tokio/tokio/src/sync/watch.rs:954:5
    |
954 | /     cfg_process_driver! {
955 | |         pub(crate) fn try_has_changed(&mut self) -> Option<Result<(), error::RecvError>> {
956 | |             maybe_changed(&self.shared, &mut self.version)
957 | |         }
958 | |     }
    | |_____- in this macro invocation
    |
    = help: consider using a Cargo feature instead
    = help: or consider adding in `Cargo.toml` the `check-cfg` lint config for the lint:
             [lints.rust]
             unexpected_cfgs = { level = "warn", check-cfg = ['cfg(loom)'] }
    = help: or consider adding `println!("cargo::rustc-check-cfg=cfg(loom)");` to the top of the `build.rs`
    = note: see <https://doc.rust-lang.org/nightly/rustc/check-cfg/cargo-specifics.html> for more information about checking conditional configuration
    = note: this warning originates in the macro `cfg_process_driver` (in Nightly builds, run with -Z macro-backtrace for more info)

warning: unexpected `cfg` condition name: `tokio_unstable`
   --> submodules/tokio/tokio/src/task/mod.rs:315:15
    |
315 |     #[cfg(not(tokio_unstable))]
    |               ^^^^^^^^^^^^^^
    |
    = help: consider using a Cargo feature instead
    = help: or consider adding in `Cargo.toml` the `check-cfg` lint config for the lint:
             [lints.rust]
             unexpected_cfgs = { level = "warn", check-cfg = ['cfg(tokio_unstable)'] }
    = help: or consider adding `println!("cargo::rustc-check-cfg=cfg(tokio_unstable)");` to the top of the `build.rs`
    = note: see <https://doc.rust-lang.org/nightly/rustc/check-cfg/cargo-specifics.html> for more information about checking conditional configuration

warning: unexpected `cfg` condition name: `tokio_unstable`
   --> submodules/tokio/tokio/src/task/mod.rs:317:11
    |
317 |     #[cfg(tokio_unstable)]
    |           ^^^^^^^^^^^^^^
    |
    = help: consider using a Cargo feature instead
    = help: or consider adding in `Cargo.toml` the `check-cfg` lint config for the lint:
             [lints.rust]
             unexpected_cfgs = { level = "warn", check-cfg = ['cfg(tokio_unstable)'] }
    = help: or consider adding `println!("cargo::rustc-check-cfg=cfg(tokio_unstable)");` to the top of the `build.rs`
    = note: see <https://doc.rust-lang.org/nightly/rustc/check-cfg/cargo-specifics.html> for more information about checking conditional configuration

warning: unexpected `cfg` condition name: `tokio_unstable`
   --> submodules/tokio/tokio/src/macros/cfg.rs:570:23
    |
570 |               #[cfg(all(tokio_unstable, feature = "tracing"))]
    |                         ^^^^^^^^^^^^^^
    |
   ::: submodules/tokio/tokio/src/task/mod.rs:322:5
    |
322 | /     cfg_trace! {
323 | |         mod builder;
324 | |         pub use builder::Builder;
325 | |     }
    | |_____- in this macro invocation
    |
    = help: consider using a Cargo feature instead
    = help: or consider adding in `Cargo.toml` the `check-cfg` lint config for the lint:
             [lints.rust]
             unexpected_cfgs = { level = "warn", check-cfg = ['cfg(tokio_unstable)'] }
    = help: or consider adding `println!("cargo::rustc-check-cfg=cfg(tokio_unstable)");` to the top of the `build.rs`
    = note: see <https://doc.rust-lang.org/nightly/rustc/check-cfg/cargo-specifics.html> for more information about checking conditional configuration
    = note: this warning originates in the macro `cfg_trace` (in Nightly builds, run with -Z macro-backtrace for more info)

warning: unexpected `cfg` condition name: `tokio_unstable`
   --> submodules/tokio/tokio/src/task/spawn.rs:191:13
    |
191 |             tokio_unstable,
    |             ^^^^^^^^^^^^^^
    |
    = help: consider using a Cargo feature instead
    = help: or consider adding in `Cargo.toml` the `check-cfg` lint config for the lint:
             [lints.rust]
             unexpected_cfgs = { level = "warn", check-cfg = ['cfg(tokio_unstable)'] }
    = help: or consider adding `println!("cargo::rustc-check-cfg=cfg(tokio_unstable)");` to the top of the `build.rs`
    = note: see <https://doc.rust-lang.org/nightly/rustc/check-cfg/cargo-specifics.html> for more information about checking conditional configuration

warning: unexpected `cfg` condition name: `loom`
   --> submodules/tokio/tokio/src/task/coop/mod.rs:495:21
    |
495 | #[cfg(all(test, not(loom)))]
    |                     ^^^^
    |
    = help: consider using a Cargo feature instead
    = help: or consider adding in `Cargo.toml` the `check-cfg` lint config for the lint:
             [lints.rust]
             unexpected_cfgs = { level = "warn", check-cfg = ['cfg(loom)'] }
    = help: or consider adding `println!("cargo::rustc-check-cfg=cfg(loom)");` to the top of the `build.rs`
    = note: see <https://doc.rust-lang.org/nightly/rustc/check-cfg/cargo-specifics.html> for more information about checking conditional configuration

warning: unexpected `cfg` condition name: `tokio_unstable`
   --> submodules/tokio/tokio/src/macros/cfg.rs:269:19
    |
269 |               #[cfg(tokio_unstable)]
    |                     ^^^^^^^^^^^^^^
    |
   ::: submodules/tokio/tokio/src/task/coop/mod.rs:382:9
    |
382 | /         cfg_unstable_metrics! {
383 | |             #[inline(always)]
384 | |             fn inc_budget_forced_yield_count() {
385 | |                 let _ = context::with_current(|handle| {
...   |
389 | |         }
    | |_________- in this macro invocation
    |
    = help: consider using a Cargo feature instead
    = help: or consider adding in `Cargo.toml` the `check-cfg` lint config for the lint:
             [lints.rust]
             unexpected_cfgs = { level = "warn", check-cfg = ['cfg(tokio_unstable)'] }
    = help: or consider adding `println!("cargo::rustc-check-cfg=cfg(tokio_unstable)");` to the top of the `build.rs`
    = note: see <https://doc.rust-lang.org/nightly/rustc/check-cfg/cargo-specifics.html> for more information about checking conditional configuration
    = note: this warning originates in the macro `cfg_unstable_metrics` (in Nightly builds, run with -Z macro-backtrace for more info)

warning: unexpected `cfg` condition name: `tokio_unstable`
   --> submodules/tokio/tokio/src/macros/cfg.rs:299:23
    |
299 |               #[cfg(not(tokio_unstable))]
    |                         ^^^^^^^^^^^^^^
    |
   ::: submodules/tokio/tokio/src/task/coop/mod.rs:391:9
    |
391 | /         cfg_not_unstable_metrics! {
392 | |             #[inline(always)]
393 | |             fn inc_budget_forced_yield_count() {}
394 | |         }
    | |_________- in this macro invocation
    |
    = help: consider using a Cargo feature instead
    = help: or consider adding in `Cargo.toml` the `check-cfg` lint config for the lint:
             [lints.rust]
             unexpected_cfgs = { level = "warn", check-cfg = ['cfg(tokio_unstable)'] }
    = help: or consider adding `println!("cargo::rustc-check-cfg=cfg(tokio_unstable)");` to the top of the `build.rs`
    = note: see <https://doc.rust-lang.org/nightly/rustc/check-cfg/cargo-specifics.html> for more information about checking conditional configuration
    = note: this warning originates in the macro `cfg_not_unstable_metrics` (in Nightly builds, run with -Z macro-backtrace for more info)

warning: unexpected `cfg` condition name: `tokio_unstable`
 --> submodules/tokio/tokio/src/task/local.rs:4:7
  |
4 | #[cfg(tokio_unstable)]
  |       ^^^^^^^^^^^^^^
  |
  = help: consider using a Cargo feature instead
  = help: or consider adding in `Cargo.toml` the `check-cfg` lint config for the lint:
           [lints.rust]
           unexpected_cfgs = { level = "warn", check-cfg = ['cfg(tokio_unstable)'] }
  = help: or consider adding `println!("cargo::rustc-check-cfg=cfg(tokio_unstable)");` to the top of the `build.rs`
  = note: see <https://doc.rust-lang.org/nightly/rustc/check-cfg/cargo-specifics.html> for more information about checking conditional configuration

warning: unexpected `cfg` condition name: `loom`
    --> submodules/tokio/tokio/src/task/local.rs:1291:21
     |
1291 | #[cfg(all(test, not(loom)))]
     |                     ^^^^
     |
     = help: consider using a Cargo feature instead
     = help: or consider adding in `Cargo.toml` the `check-cfg` lint config for the lint:
              [lints.rust]
              unexpected_cfgs = { level = "warn", check-cfg = ['cfg(loom)'] }
     = help: or consider adding `println!("cargo::rustc-check-cfg=cfg(loom)");` to the top of the `build.rs`
     = note: see <https://doc.rust-lang.org/nightly/rustc/check-cfg/cargo-specifics.html> for more information about checking conditional configuration

warning: unexpected `cfg` condition name: `tokio_unstable`
   --> submodules/tokio/tokio/src/macros/cfg.rs:580:19
    |
580 |               #[cfg(tokio_unstable)]
    |                     ^^^^^^^^^^^^^^
    |
   ::: submodules/tokio/tokio/src/task/local.rs:849:1
    |
849 | / cfg_unstable! {
850 | |     impl LocalSet {
851 | |         /// Configure how the `LocalSet` responds to an unhandled panic on a
852 | |         /// spawned task.
...   |
942 | | }
    | |_- in this macro invocation
    |
    = help: consider using a Cargo feature instead
    = help: or consider adding in `Cargo.toml` the `check-cfg` lint config for the lint:
             [lints.rust]
             unexpected_cfgs = { level = "warn", check-cfg = ['cfg(tokio_unstable)'] }
    = help: or consider adding `println!("cargo::rustc-check-cfg=cfg(tokio_unstable)");` to the top of the `build.rs`
    = note: see <https://doc.rust-lang.org/nightly/rustc/check-cfg/cargo-specifics.html> for more information about checking conditional configuration
    = note: this warning originates in the macro `cfg_unstable` (in Nightly builds, run with -Z macro-backtrace for more info)

warning: unexpected `cfg` condition name: `tokio_unstable`
   --> submodules/tokio/tokio/src/task/local.rs:262:11
    |
262 |     #[cfg(tokio_unstable)]
    |           ^^^^^^^^^^^^^^
    |
    = help: consider using a Cargo feature instead
    = help: or consider adding in `Cargo.toml` the `check-cfg` lint config for the lint:
             [lints.rust]
             unexpected_cfgs = { level = "warn", check-cfg = ['cfg(tokio_unstable)'] }
    = help: or consider adding `println!("cargo::rustc-check-cfg=cfg(tokio_unstable)");` to the top of the `build.rs`
    = note: see <https://doc.rust-lang.org/nightly/rustc/check-cfg/cargo-specifics.html> for more information about checking conditional configuration

warning: unexpected `cfg` condition name: `tokio_unstable`
   --> submodules/tokio/tokio/src/task/local.rs:432:21
    |
432 |                     tokio_unstable,
    |                     ^^^^^^^^^^^^^^
    |
    = help: consider using a Cargo feature instead
    = help: or consider adding in `Cargo.toml` the `check-cfg` lint config for the lint:
             [lints.rust]
             unexpected_cfgs = { level = "warn", check-cfg = ['cfg(tokio_unstable)'] }
    = help: or consider adding `println!("cargo::rustc-check-cfg=cfg(tokio_unstable)");` to the top of the `build.rs`
    = note: see <https://doc.rust-lang.org/nightly/rustc/check-cfg/cargo-specifics.html> for more information about checking conditional configuration

warning: unexpected `cfg` condition name: `tokio_unstable`
   --> submodules/tokio/tokio/src/task/local.rs:522:27
    |
522 |                     #[cfg(tokio_unstable)]
    |                           ^^^^^^^^^^^^^^
    |
    = help: consider using a Cargo feature instead
    = help: or consider adding in `Cargo.toml` the `check-cfg` lint config for the lint:
             [lints.rust]
             unexpected_cfgs = { level = "warn", check-cfg = ['cfg(tokio_unstable)'] }
    = help: or consider adding `println!("cargo::rustc-check-cfg=cfg(tokio_unstable)");` to the top of the `build.rs`
    = note: see <https://doc.rust-lang.org/nightly/rustc/check-cfg/cargo-specifics.html> for more information about checking conditional configuration

warning: unexpected `cfg` condition name: `tokio_unstable`
    --> submodules/tokio/tokio/src/macros/cfg.rs:580:19
     |
 580 |               #[cfg(tokio_unstable)]
     |                     ^^^^^^^^^^^^^^
     |
    ::: submodules/tokio/tokio/src/task/local.rs:1168:5
     |
1168 | /     cfg_unstable! {
1169 | |         fn unhandled_panic(&self) {
1170 | |             use crate::runtime::UnhandledPanic;
...    |
1191 | |     }
     | |_____- in this macro invocation
     |
     = help: consider using a Cargo feature instead
     = help: or consider adding in `Cargo.toml` the `check-cfg` lint config for the lint:
              [lints.rust]
              unexpected_cfgs = { level = "warn", check-cfg = ['cfg(tokio_unstable)'] }
     = help: or consider adding `println!("cargo::rustc-check-cfg=cfg(tokio_unstable)");` to the top of the `build.rs`
     = note: see <https://doc.rust-lang.org/nightly/rustc/check-cfg/cargo-specifics.html> for more information about checking conditional configuration
     = note: this warning originates in the macro `cfg_unstable` (in Nightly builds, run with -Z macro-backtrace for more info)

warning: unexpected `cfg` condition name: `tokio_unstable`
  --> submodules/tokio/tokio/src/task/join_set.rs:72:11
   |
72 | #[cfg(all(tokio_unstable, feature = "tracing"))]
   |           ^^^^^^^^^^^^^^
   |
   = help: consider using a Cargo feature instead
   = help: or consider adding in `Cargo.toml` the `check-cfg` lint config for the lint:
            [lints.rust]
            unexpected_cfgs = { level = "warn", check-cfg = ['cfg(tokio_unstable)'] }
   = help: or consider adding `println!("cargo::rustc-check-cfg=cfg(tokio_unstable)");` to the top of the `build.rs`
   = note: see <https://doc.rust-lang.org/nightly/rustc/check-cfg/cargo-specifics.html> for more information about checking conditional configuration

warning: unexpected `cfg` condition name: `tokio_unstable`
   --> submodules/tokio/tokio/src/task/join_set.rs:654:11
    |
654 | #[cfg(all(tokio_unstable, feature = "tracing"))]
    |           ^^^^^^^^^^^^^^
    |
    = help: consider using a Cargo feature instead
    = help: or consider adding in `Cargo.toml` the `check-cfg` lint config for the lint:
             [lints.rust]
             unexpected_cfgs = { level = "warn", check-cfg = ['cfg(tokio_unstable)'] }
    = help: or consider adding `println!("cargo::rustc-check-cfg=cfg(tokio_unstable)");` to the top of the `build.rs`
    = note: see <https://doc.rust-lang.org/nightly/rustc/check-cfg/cargo-specifics.html> for more information about checking conditional configuration

warning: unexpected `cfg` condition name: `tokio_unstable`
   --> submodules/tokio/tokio/src/task/join_set.rs:797:11
    |
797 | #[cfg(all(tokio_unstable, feature = "tracing"))]
    |           ^^^^^^^^^^^^^^
    |
    = help: consider using a Cargo feature instead
    = help: or consider adding in `Cargo.toml` the `check-cfg` lint config for the lint:
             [lints.rust]
             unexpected_cfgs = { level = "warn", check-cfg = ['cfg(tokio_unstable)'] }
    = help: or consider adding `println!("cargo::rustc-check-cfg=cfg(tokio_unstable)");` to the top of the `build.rs`
    = note: see <https://doc.rust-lang.org/nightly/rustc/check-cfg/cargo-specifics.html> for more information about checking conditional configuration

warning: unexpected `cfg` condition name: `tokio_unstable`
   --> submodules/tokio/tokio/src/task/join_set.rs:120:15
    |
120 |     #[cfg(all(tokio_unstable, feature = "tracing"))]
    |               ^^^^^^^^^^^^^^
    |
    = help: consider using a Cargo feature instead
    = help: or consider adding in `Cargo.toml` the `check-cfg` lint config for the lint:
             [lints.rust]
             unexpected_cfgs = { level = "warn", check-cfg = ['cfg(tokio_unstable)'] }
    = help: or consider adding `println!("cargo::rustc-check-cfg=cfg(tokio_unstable)");` to the top of the `build.rs`
    = note: see <https://doc.rust-lang.org/nightly/rustc/check-cfg/cargo-specifics.html> for more information about checking conditional configuration

warning: unexpected `cfg` condition name: `tokio_unstable`
   --> submodules/tokio/tokio/src/time/interval.rs:113:20
    |
113 | #[cfg_attr(not(all(tokio_unstable, feature = "tracing")), allow(unused_variables))]
    |                    ^^^^^^^^^^^^^^
    |
    = help: consider using a Cargo feature instead
    = help: or consider adding in `Cargo.toml` the `check-cfg` lint config for the lint:
             [lints.rust]
             unexpected_cfgs = { level = "warn", check-cfg = ['cfg(tokio_unstable)'] }
    = help: or consider adding `println!("cargo::rustc-check-cfg=cfg(tokio_unstable)");` to the top of the `build.rs`
    = note: see <https://doc.rust-lang.org/nightly/rustc/check-cfg/cargo-specifics.html> for more information about checking conditional configuration

warning: unexpected `cfg` condition name: `tokio_unstable`
   --> submodules/tokio/tokio/src/time/interval.rs:402:15
    |
402 |     #[cfg(all(tokio_unstable, feature = "tracing"))]
    |               ^^^^^^^^^^^^^^
    |
    = help: consider using a Cargo feature instead
    = help: or consider adding in `Cargo.toml` the `check-cfg` lint config for the lint:
             [lints.rust]
             unexpected_cfgs = { level = "warn", check-cfg = ['cfg(tokio_unstable)'] }
    = help: or consider adding `println!("cargo::rustc-check-cfg=cfg(tokio_unstable)");` to the top of the `build.rs`
    = note: see <https://doc.rust-lang.org/nightly/rustc/check-cfg/cargo-specifics.html> for more information about checking conditional configuration

warning: unexpected `cfg` condition name: `tokio_unstable`
   --> submodules/tokio/tokio/src/time/interval.rs:119:15
    |
119 |     #[cfg(all(tokio_unstable, feature = "tracing"))]
    |               ^^^^^^^^^^^^^^
    |
    = help: consider using a Cargo feature instead
    = help: or consider adding in `Cargo.toml` the `check-cfg` lint config for the lint:
             [lints.rust]
             unexpected_cfgs = { level = "warn", check-cfg = ['cfg(tokio_unstable)'] }
    = help: or consider adding `println!("cargo::rustc-check-cfg=cfg(tokio_unstable)");` to the top of the `build.rs`
    = note: see <https://doc.rust-lang.org/nightly/rustc/check-cfg/cargo-specifics.html> for more information about checking conditional configuration

warning: unexpected `cfg` condition name: `tokio_unstable`
   --> submodules/tokio/tokio/src/time/interval.rs:134:15
    |
134 |     #[cfg(all(tokio_unstable, feature = "tracing"))]
    |               ^^^^^^^^^^^^^^
    |
    = help: consider using a Cargo feature instead
    = help: or consider adding in `Cargo.toml` the `check-cfg` lint config for the lint:
             [lints.rust]
             unexpected_cfgs = { level = "warn", check-cfg = ['cfg(tokio_unstable)'] }
    = help: or consider adding `println!("cargo::rustc-check-cfg=cfg(tokio_unstable)");` to the top of the `build.rs`
    = note: see <https://doc.rust-lang.org/nightly/rustc/check-cfg/cargo-specifics.html> for more information about checking conditional configuration

warning: unexpected `cfg` condition name: `tokio_unstable`
   --> submodules/tokio/tokio/src/time/interval.rs:137:19
    |
137 |     #[cfg(not(all(tokio_unstable, feature = "tracing")))]
    |                   ^^^^^^^^^^^^^^
    |
    = help: consider using a Cargo feature instead
    = help: or consider adding in `Cargo.toml` the `check-cfg` lint config for the lint:
             [lints.rust]
             unexpected_cfgs = { level = "warn", check-cfg = ['cfg(tokio_unstable)'] }
    = help: or consider adding `println!("cargo::rustc-check-cfg=cfg(tokio_unstable)");` to the top of the `build.rs`
    = note: see <https://doc.rust-lang.org/nightly/rustc/check-cfg/cargo-specifics.html> for more information about checking conditional configuration

warning: unexpected `cfg` condition name: `tokio_unstable`
   --> submodules/tokio/tokio/src/time/interval.rs:144:19
    |
144 |         #[cfg(all(tokio_unstable, feature = "tracing"))]
    |                   ^^^^^^^^^^^^^^
    |
    = help: consider using a Cargo feature instead
    = help: or consider adding in `Cargo.toml` the `check-cfg` lint config for the lint:
             [lints.rust]
             unexpected_cfgs = { level = "warn", check-cfg = ['cfg(tokio_unstable)'] }
    = help: or consider adding `println!("cargo::rustc-check-cfg=cfg(tokio_unstable)");` to the top of the `build.rs`
    = note: see <https://doc.rust-lang.org/nightly/rustc/check-cfg/cargo-specifics.html> for more information about checking conditional configuration

warning: unexpected `cfg` condition name: `tokio_unstable`
   --> submodules/tokio/tokio/src/time/interval.rs:434:19
    |
434 |         #[cfg(all(tokio_unstable, feature = "tracing"))]
    |                   ^^^^^^^^^^^^^^
    |
    = help: consider using a Cargo feature instead
    = help: or consider adding in `Cargo.toml` the `check-cfg` lint config for the lint:
             [lints.rust]
             unexpected_cfgs = { level = "warn", check-cfg = ['cfg(tokio_unstable)'] }
    = help: or consider adding `println!("cargo::rustc-check-cfg=cfg(tokio_unstable)");` to the top of the `build.rs`
    = note: see <https://doc.rust-lang.org/nightly/rustc/check-cfg/cargo-specifics.html> for more information about checking conditional configuration

warning: unexpected `cfg` condition name: `tokio_unstable`
   --> submodules/tokio/tokio/src/time/interval.rs:436:19
    |
436 |         #[cfg(all(tokio_unstable, feature = "tracing"))]
    |                   ^^^^^^^^^^^^^^
    |
    = help: consider using a Cargo feature instead
    = help: or consider adding in `Cargo.toml` the `check-cfg` lint config for the lint:
             [lints.rust]
             unexpected_cfgs = { level = "warn", check-cfg = ['cfg(tokio_unstable)'] }
    = help: or consider adding `println!("cargo::rustc-check-cfg=cfg(tokio_unstable)");` to the top of the `build.rs`
    = note: see <https://doc.rust-lang.org/nightly/rustc/check-cfg/cargo-specifics.html> for more information about checking conditional configuration

warning: unexpected `cfg` condition name: `tokio_unstable`
   --> submodules/tokio/tokio/src/time/interval.rs:444:23
    |
444 |         #[cfg(not(all(tokio_unstable, feature = "tracing")))]
    |                       ^^^^^^^^^^^^^^
    |
    = help: consider using a Cargo feature instead
    = help: or consider adding in `Cargo.toml` the `check-cfg` lint config for the lint:
             [lints.rust]
             unexpected_cfgs = { level = "warn", check-cfg = ['cfg(tokio_unstable)'] }
    = help: or consider adding `println!("cargo::rustc-check-cfg=cfg(tokio_unstable)");` to the top of the `build.rs`
    = note: see <https://doc.rust-lang.org/nightly/rustc/check-cfg/cargo-specifics.html> for more information about checking conditional configuration

warning: unexpected `cfg` condition name: `tokio_unstable`
   --> submodules/tokio/tokio/src/macros/cfg.rs:570:23
    |
570 |               #[cfg(all(tokio_unstable, feature = "tracing"))]
    |                         ^^^^^^^^^^^^^^
    |
   ::: submodules/tokio/tokio/src/time/sleep.rs:234:1
    |
234 | / cfg_trace! {
235 | |     #[derive(Debug)]
236 | |     struct Inner {
237 | |         ctx: trace::AsyncOpTracingCtx,
238 | |     }
239 | | }
    | |_- in this macro invocation
    |
    = help: consider using a Cargo feature instead
    = help: or consider adding in `Cargo.toml` the `check-cfg` lint config for the lint:
             [lints.rust]
             unexpected_cfgs = { level = "warn", check-cfg = ['cfg(tokio_unstable)'] }
    = help: or consider adding `println!("cargo::rustc-check-cfg=cfg(tokio_unstable)");` to the top of the `build.rs`
    = note: see <https://doc.rust-lang.org/nightly/rustc/check-cfg/cargo-specifics.html> for more information about checking conditional configuration
    = note: this warning originates in the macro `cfg_trace` (in Nightly builds, run with -Z macro-backtrace for more info)

warning: unexpected `cfg` condition name: `tokio_unstable`
   --> submodules/tokio/tokio/src/macros/cfg.rs:590:27
    |
590 |               #[cfg(any(not(tokio_unstable), not(feature = "tracing")))]
    |                             ^^^^^^^^^^^^^^
    |
   ::: submodules/tokio/tokio/src/time/sleep.rs:241:1
    |
241 | / cfg_not_trace! {
242 | |     #[derive(Debug)]
243 | |     struct Inner {
244 | |     }
245 | | }
    | |_- in this macro invocation
    |
    = help: consider using a Cargo feature instead
    = help: or consider adding in `Cargo.toml` the `check-cfg` lint config for the lint:
             [lints.rust]
             unexpected_cfgs = { level = "warn", check-cfg = ['cfg(tokio_unstable)'] }
    = help: or consider adding `println!("cargo::rustc-check-cfg=cfg(tokio_unstable)");` to the top of the `build.rs`
    = note: see <https://doc.rust-lang.org/nightly/rustc/check-cfg/cargo-specifics.html> for more information about checking conditional configuration
    = note: this warning originates in the macro `cfg_not_trace` (in Nightly builds, run with -Z macro-backtrace for more info)

warning: unexpected `cfg` condition name: `tokio_unstable`
   --> submodules/tokio/tokio/src/time/sleep.rs:248:24
    |
248 |     #[cfg_attr(not(all(tokio_unstable, feature = "tracing")), allow(unused_variables))]
    |                        ^^^^^^^^^^^^^^
    |
    = help: consider using a Cargo feature instead
    = help: or consider adding in `Cargo.toml` the `check-cfg` lint config for the lint:
             [lints.rust]
             unexpected_cfgs = { level = "warn", check-cfg = ['cfg(tokio_unstable)'] }
    = help: or consider adding `println!("cargo::rustc-check-cfg=cfg(tokio_unstable)");` to the top of the `build.rs`
    = note: see <https://doc.rust-lang.org/nightly/rustc/check-cfg/cargo-specifics.html> for more information about checking conditional configuration

warning: unexpected `cfg` condition name: `tokio_unstable`
   --> submodules/tokio/tokio/src/time/sleep.rs:257:19
    |
257 |         #[cfg(all(tokio_unstable, feature = "tracing"))]
    |                   ^^^^^^^^^^^^^^
    |
    = help: consider using a Cargo feature instead
    = help: or consider adding in `Cargo.toml` the `check-cfg` lint config for the lint:
             [lints.rust]
             unexpected_cfgs = { level = "warn", check-cfg = ['cfg(tokio_unstable)'] }
    = help: or consider adding `println!("cargo::rustc-check-cfg=cfg(tokio_unstable)");` to the top of the `build.rs`
    = note: see <https://doc.rust-lang.org/nightly/rustc/check-cfg/cargo-specifics.html> for more information about checking conditional configuration

warning: unexpected `cfg` condition name: `tokio_unstable`
   --> submodules/tokio/tokio/src/time/sleep.rs:300:23
    |
300 |         #[cfg(not(all(tokio_unstable, feature = "tracing")))]
    |                       ^^^^^^^^^^^^^^
    |
    = help: consider using a Cargo feature instead
    = help: or consider adding in `Cargo.toml` the `check-cfg` lint config for the lint:
             [lints.rust]
             unexpected_cfgs = { level = "warn", check-cfg = ['cfg(tokio_unstable)'] }
    = help: or consider adding `println!("cargo::rustc-check-cfg=cfg(tokio_unstable)");` to the top of the `build.rs`
    = note: see <https://doc.rust-lang.org/nightly/rustc/check-cfg/cargo-specifics.html> for more information about checking conditional configuration

warning: unexpected `cfg` condition name: `tokio_unstable`
   --> submodules/tokio/tokio/src/time/sleep.rs:372:19
    |
372 |         #[cfg(all(tokio_unstable, feature = "tracing"))]
    |                   ^^^^^^^^^^^^^^
    |
    = help: consider using a Cargo feature instead
    = help: or consider adding in `Cargo.toml` the `check-cfg` lint config for the lint:
             [lints.rust]
             unexpected_cfgs = { level = "warn", check-cfg = ['cfg(tokio_unstable)'] }
    = help: or consider adding `println!("cargo::rustc-check-cfg=cfg(tokio_unstable)");` to the top of the `build.rs`
    = note: see <https://doc.rust-lang.org/nightly/rustc/check-cfg/cargo-specifics.html> for more information about checking conditional configuration

warning: unexpected `cfg` condition name: `tokio_unstable`
   --> submodules/tokio/tokio/src/time/sleep.rs:405:19
    |
405 |         #[cfg(all(tokio_unstable, feature = "tracing"))]
    |                   ^^^^^^^^^^^^^^
    |
    = help: consider using a Cargo feature instead
    = help: or consider adding in `Cargo.toml` the `check-cfg` lint config for the lint:
             [lints.rust]
             unexpected_cfgs = { level = "warn", check-cfg = ['cfg(tokio_unstable)'] }
    = help: or consider adding `println!("cargo::rustc-check-cfg=cfg(tokio_unstable)");` to the top of the `build.rs`
    = note: see <https://doc.rust-lang.org/nightly/rustc/check-cfg/cargo-specifics.html> for more information about checking conditional configuration

warning: unexpected `cfg` condition name: `tokio_unstable`
   --> submodules/tokio/tokio/src/time/sleep.rs:411:23
    |
411 |         #[cfg(any(not(tokio_unstable), not(feature = "tracing")))]
    |                       ^^^^^^^^^^^^^^
    |
    = help: consider using a Cargo feature instead
    = help: or consider adding in `Cargo.toml` the `check-cfg` lint config for the lint:
             [lints.rust]
             unexpected_cfgs = { level = "warn", check-cfg = ['cfg(tokio_unstable)'] }
    = help: or consider adding `println!("cargo::rustc-check-cfg=cfg(tokio_unstable)");` to the top of the `build.rs`
    = note: see <https://doc.rust-lang.org/nightly/rustc/check-cfg/cargo-specifics.html> for more information about checking conditional configuration

warning: unexpected `cfg` condition name: `tokio_unstable`
   --> submodules/tokio/tokio/src/time/sleep.rs:419:19
    |
419 |         #[cfg(all(tokio_unstable, feature = "tracing"))]
    |                   ^^^^^^^^^^^^^^
    |
    = help: consider using a Cargo feature instead
    = help: or consider adding in `Cargo.toml` the `check-cfg` lint config for the lint:
             [lints.rust]
             unexpected_cfgs = { level = "warn", check-cfg = ['cfg(tokio_unstable)'] }
    = help: or consider adding `println!("cargo::rustc-check-cfg=cfg(tokio_unstable)");` to the top of the `build.rs`
    = note: see <https://doc.rust-lang.org/nightly/rustc/check-cfg/cargo-specifics.html> for more information about checking conditional configuration

warning: unexpected `cfg` condition name: `tokio_unstable`
   --> submodules/tokio/tokio/src/time/sleep.rs:422:23
    |
422 |         #[cfg(any(not(tokio_unstable), not(feature = "tracing")))]
    |                       ^^^^^^^^^^^^^^
    |
    = help: consider using a Cargo feature instead
    = help: or consider adding in `Cargo.toml` the `check-cfg` lint config for the lint:
             [lints.rust]
             unexpected_cfgs = { level = "warn", check-cfg = ['cfg(tokio_unstable)'] }
    = help: or consider adding `println!("cargo::rustc-check-cfg=cfg(tokio_unstable)");` to the top of the `build.rs`
    = note: see <https://doc.rust-lang.org/nightly/rustc/check-cfg/cargo-specifics.html> for more information about checking conditional configuration

warning: unexpected `cfg` condition name: `tokio_unstable`
   --> submodules/tokio/tokio/src/time/sleep.rs:440:19
    |
440 |         #[cfg(all(tokio_unstable, feature = "tracing"))]
    |                   ^^^^^^^^^^^^^^
    |
    = help: consider using a Cargo feature instead
    = help: or consider adding in `Cargo.toml` the `check-cfg` lint config for the lint:
             [lints.rust]
             unexpected_cfgs = { level = "warn", check-cfg = ['cfg(tokio_unstable)'] }
    = help: or consider adding `println!("cargo::rustc-check-cfg=cfg(tokio_unstable)");` to the top of the `build.rs`
    = note: see <https://doc.rust-lang.org/nightly/rustc/check-cfg/cargo-specifics.html> for more information about checking conditional configuration

warning: unexpected `cfg` condition name: `tokio_unstable`
   --> submodules/tokio/tokio/src/time/sleep.rs:442:19
    |
442 |         #[cfg(all(tokio_unstable, feature = "tracing"))]
    |                   ^^^^^^^^^^^^^^
    |
    = help: consider using a Cargo feature instead
    = help: or consider adding in `Cargo.toml` the `check-cfg` lint config for the lint:
             [lints.rust]
             unexpected_cfgs = { level = "warn", check-cfg = ['cfg(tokio_unstable)'] }
    = help: or consider adding `println!("cargo::rustc-check-cfg=cfg(tokio_unstable)");` to the top of the `build.rs`
    = note: see <https://doc.rust-lang.org/nightly/rustc/check-cfg/cargo-specifics.html> for more information about checking conditional configuration

warning: unexpected `cfg` condition name: `tokio_unstable`
   --> submodules/tokio/tokio/src/time/sleep.rs:444:19
    |
444 |         #[cfg(all(tokio_unstable, feature = "tracing"))]
    |                   ^^^^^^^^^^^^^^
    |
    = help: consider using a Cargo feature instead
    = help: or consider adding in `Cargo.toml` the `check-cfg` lint config for the lint:
             [lints.rust]
             unexpected_cfgs = { level = "warn", check-cfg = ['cfg(tokio_unstable)'] }
    = help: or consider adding `println!("cargo::rustc-check-cfg=cfg(tokio_unstable)");` to the top of the `build.rs`
    = note: see <https://doc.rust-lang.org/nightly/rustc/check-cfg/cargo-specifics.html> for more information about checking conditional configuration

warning: unexpected `cfg` condition name: `tokio_unstable`
   --> submodules/tokio/tokio/src/macros/cfg.rs:501:17
    |
501 |                   tokio_unstable,
    |                   ^^^^^^^^^^^^^^
    |
   ::: submodules/tokio/tokio/src/lib.rs:572:5
    |
572 | /     cfg_taskdump! {
573 | |         pub(crate) use crate::runtime::task::trace::trace_leaf;
574 | |     }
    | |_____- in this macro invocation
    |
    = help: consider using a Cargo feature instead
    = help: or consider adding in `Cargo.toml` the `check-cfg` lint config for the lint:
             [lints.rust]
             unexpected_cfgs = { level = "warn", check-cfg = ['cfg(tokio_unstable)'] }
    = help: or consider adding `println!("cargo::rustc-check-cfg=cfg(tokio_unstable)");` to the top of the `build.rs`
    = note: see <https://doc.rust-lang.org/nightly/rustc/check-cfg/cargo-specifics.html> for more information about checking conditional configuration
    = note: this warning originates in the macro `cfg_taskdump` (in Nightly builds, run with -Z macro-backtrace for more info)

warning: unexpected `cfg` condition name: `tokio_unstable`
   --> submodules/tokio/tokio/src/macros/cfg.rs:520:17
    |
520 |                   tokio_unstable,
    |                   ^^^^^^^^^^^^^^
    |
   ::: submodules/tokio/tokio/src/lib.rs:576:5
    |
576 | /     cfg_not_taskdump! {
577 | |         #[inline(always)]
578 | |         #[allow(dead_code)]
579 | |         pub(crate) fn trace_leaf(_: &mut std::task::Context<'_>) -> std::task::Poll<()> {
...   |
582 | |     }
    | |_____- in this macro invocation
    |
    = help: consider using a Cargo feature instead
    = help: or consider adding in `Cargo.toml` the `check-cfg` lint config for the lint:
             [lints.rust]
             unexpected_cfgs = { level = "warn", check-cfg = ['cfg(tokio_unstable)'] }
    = help: or consider adding `println!("cargo::rustc-check-cfg=cfg(tokio_unstable)");` to the top of the `build.rs`
    = note: see <https://doc.rust-lang.org/nightly/rustc/check-cfg/cargo-specifics.html> for more information about checking conditional configuration
    = note: this warning originates in the macro `cfg_not_taskdump` (in Nightly builds, run with -Z macro-backtrace for more info)

warning: unexpected `cfg` condition name: `fuzzing`
  --> submodules/tokio/tokio/src/util/mod.rs:53:5
   |
53 |     fuzzing,
   |     ^^^^^^^
   |
   = help: consider using a Cargo feature instead
   = help: or consider adding in `Cargo.toml` the `check-cfg` lint config for the lint:
            [lints.rust]
            unexpected_cfgs = { level = "warn", check-cfg = ['cfg(fuzzing)'] }
   = help: or consider adding `println!("cargo::rustc-check-cfg=cfg(fuzzing)");` to the top of the `build.rs`
   = note: see <https://doc.rust-lang.org/nightly/rustc/check-cfg/cargo-specifics.html> for more information about checking conditional configuration

warning: unexpected `cfg` condition name: `tokio_unstable`
   --> submodules/tokio/tokio/src/macros/cfg.rs:145:21
    |
145 |                       tokio_unstable,
    |                       ^^^^^^^^^^^^^^
    |
   ::: submodules/tokio/tokio/src/util/mod.rs:1:1
    |
  1 | / cfg_io_driver! {
  2 | |     pub(crate) mod bit;
  3 | | }
    | |_- in this macro invocation
    |
    = help: consider using a Cargo feature instead
    = help: or consider adding in `Cargo.toml` the `check-cfg` lint config for the lint:
             [lints.rust]
             unexpected_cfgs = { level = "warn", check-cfg = ['cfg(tokio_unstable)'] }
    = help: or consider adding `println!("cargo::rustc-check-cfg=cfg(tokio_unstable)");` to the top of the `build.rs`
    = note: see <https://doc.rust-lang.org/nightly/rustc/check-cfg/cargo-specifics.html> for more information about checking conditional configuration
    = note: this warning originates in the macro `cfg_io_driver` (in Nightly builds, run with -Z macro-backtrace for more info)

warning: unexpected `cfg` condition name: `tokio_unstable`
   --> submodules/tokio/tokio/src/macros/cfg.rs:177:21
    |
177 |                       tokio_unstable,
    |                       ^^^^^^^^^^^^^^
    |
   ::: submodules/tokio/tokio/src/util/mod.rs:100:1
    |
100 | / cfg_io_driver_impl! {
101 | |     pub(crate) mod ptr_expose;
102 | | }
    | |_- in this macro invocation
    |
    = help: consider using a Cargo feature instead
    = help: or consider adding in `Cargo.toml` the `check-cfg` lint config for the lint:
             [lints.rust]
             unexpected_cfgs = { level = "warn", check-cfg = ['cfg(tokio_unstable)'] }
    = help: or consider adding `println!("cargo::rustc-check-cfg=cfg(tokio_unstable)");` to the top of the `build.rs`
    = note: see <https://doc.rust-lang.org/nightly/rustc/check-cfg/cargo-specifics.html> for more information about checking conditional configuration
    = note: this warning originates in the macro `cfg_io_driver_impl` (in Nightly builds, run with -Z macro-backtrace for more info)

warning: unexpected `cfg` condition name: `tokio_allow_from_blocking_fd`
 --> submodules/tokio/tokio/src/util/blocking_check.rs:8:15
  |
8 |     #[cfg(not(tokio_allow_from_blocking_fd))]
  |               ^^^^^^^^^^^^^^^^^^^^^^^^^^^^
  |
  = help: consider using a Cargo feature instead
  = help: or consider adding in `Cargo.toml` the `check-cfg` lint config for the lint:
           [lints.rust]
           unexpected_cfgs = { level = "warn", check-cfg = ['cfg(tokio_allow_from_blocking_fd)'] }
  = help: or consider adding `println!("cargo::rustc-check-cfg=cfg(tokio_allow_from_blocking_fd)");` to the top of the `build.rs`
  = note: see <https://doc.rust-lang.org/nightly/rustc/check-cfg/cargo-specifics.html> for more information about checking conditional configuration

warning: unexpected `cfg` condition name: `tokio_unstable`
  --> submodules/tokio/tokio/src/util/metric_atomics.rs:49:20
   |
49 | #[cfg_attr(not(all(tokio_unstable, feature = "rt")), allow(dead_code))]
   |                    ^^^^^^^^^^^^^^
   |
   = help: consider using a Cargo feature instead
   = help: or consider adding in `Cargo.toml` the `check-cfg` lint config for the lint:
            [lints.rust]
            unexpected_cfgs = { level = "warn", check-cfg = ['cfg(tokio_unstable)'] }
   = help: or consider adding `println!("cargo::rustc-check-cfg=cfg(tokio_unstable)");` to the top of the `build.rs`
   = note: see <https://doc.rust-lang.org/nightly/rustc/check-cfg/cargo-specifics.html> for more information about checking conditional configuration

warning: unexpected `cfg` condition name: `tokio_unstable`
  --> submodules/tokio/tokio/src/util/metric_atomics.rs:58:20
   |
58 | #[cfg_attr(not(all(tokio_unstable, feature = "rt")), allow(dead_code))]
   |                    ^^^^^^^^^^^^^^
   |
   = help: consider using a Cargo feature instead
   = help: or consider adding in `Cargo.toml` the `check-cfg` lint config for the lint:
            [lints.rust]
            unexpected_cfgs = { level = "warn", check-cfg = ['cfg(tokio_unstable)'] }
   = help: or consider adding `println!("cargo::rustc-check-cfg=cfg(tokio_unstable)");` to the top of the `build.rs`
   = note: see <https://doc.rust-lang.org/nightly/rustc/check-cfg/cargo-specifics.html> for more information about checking conditional configuration

warning: unexpected `cfg` condition name: `fuzzing`
   --> submodules/tokio/tokio/src/util/linked_list.rs:476:17
    |
476 | #[cfg(any(test, fuzzing))]
    |                 ^^^^^^^
    |
    = help: consider using a Cargo feature instead
    = help: or consider adding in `Cargo.toml` the `check-cfg` lint config for the lint:
             [lints.rust]
             unexpected_cfgs = { level = "warn", check-cfg = ['cfg(fuzzing)'] }
    = help: or consider adding `println!("cargo::rustc-check-cfg=cfg(fuzzing)");` to the top of the `build.rs`
    = note: see <https://doc.rust-lang.org/nightly/rustc/check-cfg/cargo-specifics.html> for more information about checking conditional configuration

warning: unexpected `cfg` condition name: `tokio_unstable`
   --> submodules/tokio/tokio/src/macros/cfg.rs:177:21
    |
177 |                       tokio_unstable,
    |                       ^^^^^^^^^^^^^^
    |
   ::: submodules/tokio/tokio/src/util/linked_list.rs:275:1
    |
275 | / cfg_io_driver_impl! {
276 | |     pub(crate) struct DrainFilter<'a, T: Link, F> {
277 | |         list: &'a mut LinkedList<T, T::Target>,
278 | |         filter: F,
...   |
317 | | }
    | |_- in this macro invocation
    |
    = help: consider using a Cargo feature instead
    = help: or consider adding in `Cargo.toml` the `check-cfg` lint config for the lint:
             [lints.rust]
             unexpected_cfgs = { level = "warn", check-cfg = ['cfg(tokio_unstable)'] }
    = help: or consider adding `println!("cargo::rustc-check-cfg=cfg(tokio_unstable)");` to the top of the `build.rs`
    = note: see <https://doc.rust-lang.org/nightly/rustc/check-cfg/cargo-specifics.html> for more information about checking conditional configuration
    = note: this warning originates in the macro `cfg_io_driver_impl` (in Nightly builds, run with -Z macro-backtrace for more info)

warning: unexpected `cfg` condition name: `tokio_unstable`
   --> submodules/tokio/tokio/src/macros/cfg.rs:501:17
    |
501 |                   tokio_unstable,
    |                   ^^^^^^^^^^^^^^
    |
   ::: submodules/tokio/tokio/src/util/linked_list.rs:319:1
    |
319 | / cfg_taskdump! {
320 | |     impl<T: Link> LinkedList<T, T::Target> {
321 | |         pub(crate) fn for_each<F>(&mut self, mut f: F)
322 | |         where
...   |
336 | | }
    | |_- in this macro invocation
    |
    = help: consider using a Cargo feature instead
    = help: or consider adding in `Cargo.toml` the `check-cfg` lint config for the lint:
             [lints.rust]
             unexpected_cfgs = { level = "warn", check-cfg = ['cfg(tokio_unstable)'] }
    = help: or consider adding `println!("cargo::rustc-check-cfg=cfg(tokio_unstable)");` to the top of the `build.rs`
    = note: see <https://doc.rust-lang.org/nightly/rustc/check-cfg/cargo-specifics.html> for more information about checking conditional configuration
    = note: this warning originates in the macro `cfg_taskdump` (in Nightly builds, run with -Z macro-backtrace for more info)

warning: unexpected `cfg` condition name: `tokio_unstable`
   --> submodules/tokio/tokio/src/macros/cfg.rs:501:17
    |
501 |                   tokio_unstable,
    |                   ^^^^^^^^^^^^^^
    |
   ::: submodules/tokio/tokio/src/util/sharded_list.rs:147:1
    |
147 | / cfg_taskdump! {
148 | |     impl<L: ShardedListItem> ShardedList<L, L::Target> {
149 | |         pub(crate) fn for_each<F>(&self, mut f: F)
150 | |         where
...   |
162 | | }
    | |_- in this macro invocation
    |
    = help: consider using a Cargo feature instead
    = help: or consider adding in `Cargo.toml` the `check-cfg` lint config for the lint:
             [lints.rust]
             unexpected_cfgs = { level = "warn", check-cfg = ['cfg(tokio_unstable)'] }
    = help: or consider adding `println!("cargo::rustc-check-cfg=cfg(tokio_unstable)");` to the top of the `build.rs`
    = note: see <https://doc.rust-lang.org/nightly/rustc/check-cfg/cargo-specifics.html> for more information about checking conditional configuration
    = note: this warning originates in the macro `cfg_taskdump` (in Nightly builds, run with -Z macro-backtrace for more info)

warning: unexpected `cfg` condition name: `tokio_unstable`
   --> submodules/tokio/tokio/src/macros/cfg.rs:580:19
    |
580 |               #[cfg(tokio_unstable)]
    |                     ^^^^^^^^^^^^^^
    |
   ::: submodules/tokio/tokio/src/util/rand.rs:5:5
    |
  5 | /     cfg_unstable! {
  6 | |         mod rt_unstable;
  7 | |     }
    | |_____- in this macro invocation
    |
    = help: consider using a Cargo feature instead
    = help: or consider adding in `Cargo.toml` the `check-cfg` lint config for the lint:
             [lints.rust]
             unexpected_cfgs = { level = "warn", check-cfg = ['cfg(tokio_unstable)'] }
    = help: or consider adding `println!("cargo::rustc-check-cfg=cfg(tokio_unstable)");` to the top of the `build.rs`
    = note: see <https://doc.rust-lang.org/nightly/rustc/check-cfg/cargo-specifics.html> for more information about checking conditional configuration
    = note: this warning originates in the macro `cfg_unstable` (in Nightly builds, run with -Z macro-backtrace for more info)

warning: unexpected `cfg` condition name: `loom`
   --> submodules/tokio/tokio/src/util/idle_notified_set.rs:495:21
    |
495 | #[cfg(all(test, not(loom)))]
    |                     ^^^^
    |
    = help: consider using a Cargo feature instead
    = help: or consider adding in `Cargo.toml` the `check-cfg` lint config for the lint:
             [lints.rust]
             unexpected_cfgs = { level = "warn", check-cfg = ['cfg(loom)'] }
    = help: or consider adding `println!("cargo::rustc-check-cfg=cfg(loom)");` to the top of the `build.rs`
    = note: see <https://doc.rust-lang.org/nightly/rustc/check-cfg/cargo-specifics.html> for more information about checking conditional configuration

warning: unexpected `cfg` condition name: `loom`
  --> submodules/tokio/tokio/src/util/rc_cell.rs:12:19
   |
12 |     #[cfg(not(all(loom, test)))]
   |                   ^^^^
   |
   = help: consider using a Cargo feature instead
   = help: or consider adding in `Cargo.toml` the `check-cfg` lint config for the lint:
            [lints.rust]
            unexpected_cfgs = { level = "warn", check-cfg = ['cfg(loom)'] }
   = help: or consider adding `println!("cargo::rustc-check-cfg=cfg(loom)");` to the top of the `build.rs`
   = note: see <https://doc.rust-lang.org/nightly/rustc/check-cfg/cargo-specifics.html> for more information about checking conditional configuration

warning: unexpected `cfg` condition name: `loom`
  --> submodules/tokio/tokio/src/util/rc_cell.rs:20:15
   |
20 |     #[cfg(all(loom, test))]
   |               ^^^^
   |
   = help: consider using a Cargo feature instead
   = help: or consider adding in `Cargo.toml` the `check-cfg` lint config for the lint:
            [lints.rust]
            unexpected_cfgs = { level = "warn", check-cfg = ['cfg(loom)'] }
   = help: or consider adding `println!("cargo::rustc-check-cfg=cfg(loom)");` to the top of the `build.rs`
   = note: see <https://doc.rust-lang.org/nightly/rustc/check-cfg/cargo-specifics.html> for more information about checking conditional configuration

warning: unexpected `cfg` condition name: `loom`
  --> submodules/tokio/tokio/src/util/try_lock.rs:33:15
   |
33 |     #[cfg(not(loom))]
   |               ^^^^
   |
   = help: consider using a Cargo feature instead
   = help: or consider adding in `Cargo.toml` the `check-cfg` lint config for the lint:
            [lints.rust]
            unexpected_cfgs = { level = "warn", check-cfg = ['cfg(loom)'] }
   = help: or consider adding `println!("cargo::rustc-check-cfg=cfg(loom)");` to the top of the `build.rs`
   = note: see <https://doc.rust-lang.org/nightly/rustc/check-cfg/cargo-specifics.html> for more information about checking conditional configuration

warning: unexpected `cfg` condition name: `loom`
  --> submodules/tokio/tokio/src/util/try_lock.rs:39:11
   |
39 |     #[cfg(loom)]
   |           ^^^^
   |
   = help: consider using a Cargo feature instead
   = help: or consider adding in `Cargo.toml` the `check-cfg` lint config for the lint:
            [lints.rust]
            unexpected_cfgs = { level = "warn", check-cfg = ['cfg(loom)'] }
   = help: or consider adding `println!("cargo::rustc-check-cfg=cfg(loom)");` to the top of the `build.rs`
   = note: see <https://doc.rust-lang.org/nightly/rustc/check-cfg/cargo-specifics.html> for more information about checking conditional configuration

warning: unexpected `cfg` condition name: `tokio_unstable`
 --> submodules/tokio/tokio/src/util/trace.rs:7:19
  |
7 |         #[cfg(all(tokio_unstable, feature = "tracing"))]
  |                   ^^^^^^^^^^^^^^
  |
  = help: consider using a Cargo feature instead
  = help: or consider adding in `Cargo.toml` the `check-cfg` lint config for the lint:
           [lints.rust]
           unexpected_cfgs = { level = "warn", check-cfg = ['cfg(tokio_unstable)'] }
  = help: or consider adding `println!("cargo::rustc-check-cfg=cfg(tokio_unstable)");` to the top of the `build.rs`
  = note: see <https://doc.rust-lang.org/nightly/rustc/check-cfg/cargo-specifics.html> for more information about checking conditional configuration

warning: unexpected `cfg` condition name: `tokio_unstable`
  --> submodules/tokio/tokio/src/util/trace.rs:10:19
   |
10 |         #[cfg(all(tokio_unstable, feature = "tracing"))]
   |                   ^^^^^^^^^^^^^^
   |
   = help: consider using a Cargo feature instead
   = help: or consider adding in `Cargo.toml` the `check-cfg` lint config for the lint:
            [lints.rust]
            unexpected_cfgs = { level = "warn", check-cfg = ['cfg(tokio_unstable)'] }
   = help: or consider adding `println!("cargo::rustc-check-cfg=cfg(tokio_unstable)");` to the top of the `build.rs`
   = note: see <https://doc.rust-lang.org/nightly/rustc/check-cfg/cargo-specifics.html> for more information about checking conditional configuration

warning: unexpected `cfg` condition name: `tokio_unstable`
   --> submodules/tokio/tokio/src/macros/cfg.rs:570:23
    |
570 |               #[cfg(all(tokio_unstable, feature = "tracing"))]
    |                         ^^^^^^^^^^^^^^
    |
   ::: submodules/tokio/tokio/src/util/trace.rs:50:5
    |
 50 | /     cfg_trace! {
 51 | |         use core::{
 52 | |             pin::Pin,
 53 | |             task::{Context, Poll},
...   |
165 | |     }
    | |_____- in this macro invocation
    |
    = help: consider using a Cargo feature instead
    = help: or consider adding in `Cargo.toml` the `check-cfg` lint config for the lint:
             [lints.rust]
             unexpected_cfgs = { level = "warn", check-cfg = ['cfg(tokio_unstable)'] }
    = help: or consider adding `println!("cargo::rustc-check-cfg=cfg(tokio_unstable)");` to the top of the `build.rs`
    = note: see <https://doc.rust-lang.org/nightly/rustc/check-cfg/cargo-specifics.html> for more information about checking conditional configuration
    = note: this warning originates in the macro `cfg_trace` (in Nightly builds, run with -Z macro-backtrace for more info)

warning: unexpected `cfg` condition name: `tokio_unstable`
   --> submodules/tokio/tokio/src/macros/cfg.rs:590:27
    |
590 |               #[cfg(any(not(tokio_unstable), not(feature = "tracing")))]
    |                             ^^^^^^^^^^^^^^
    |
   ::: submodules/tokio/tokio/src/util/trace.rs:167:5
    |
167 | /     cfg_not_trace! {
168 | |         #[inline]
169 | |         pub(crate) fn task<F>(task: F, _kind: &'static str, _meta: SpawnMeta<'_>, _id: u64) -> F {
...   |
180 | |     }
    | |_____- in this macro invocation
    |
    = help: consider using a Cargo feature instead
    = help: or consider adding in `Cargo.toml` the `check-cfg` lint config for the lint:
             [lints.rust]
             unexpected_cfgs = { level = "warn", check-cfg = ['cfg(tokio_unstable)'] }
    = help: or consider adding `println!("cargo::rustc-check-cfg=cfg(tokio_unstable)");` to the top of the `build.rs`
    = note: see <https://doc.rust-lang.org/nightly/rustc/check-cfg/cargo-specifics.html> for more information about checking conditional configuration
    = note: this warning originates in the macro `cfg_not_trace` (in Nightly builds, run with -Z macro-backtrace for more info)

warning: unexpected `cfg` condition name: `tokio_unstable`
  --> submodules/tokio/tokio/src/util/trace.rs:22:19
   |
22 |         #[cfg(all(tokio_unstable, feature = "tracing"))]
   |                   ^^^^^^^^^^^^^^
   |
   = help: consider using a Cargo feature instead
   = help: or consider adding in `Cargo.toml` the `check-cfg` lint config for the lint:
            [lints.rust]
            unexpected_cfgs = { level = "warn", check-cfg = ['cfg(tokio_unstable)'] }
   = help: or consider adding `println!("cargo::rustc-check-cfg=cfg(tokio_unstable)");` to the top of the `build.rs`
   = note: see <https://doc.rust-lang.org/nightly/rustc/check-cfg/cargo-specifics.html> for more information about checking conditional configuration

warning: unexpected `cfg` condition name: `tokio_unstable`
  --> submodules/tokio/tokio/src/util/trace.rs:36:27
   |
36 |             #[cfg(not(all(tokio_unstable, feature = "tracing")))]
   |                           ^^^^^^^^^^^^^^
   |
   = help: consider using a Cargo feature instead
   = help: or consider adding in `Cargo.toml` the `check-cfg` lint config for the lint:
            [lints.rust]
            unexpected_cfgs = { level = "warn", check-cfg = ['cfg(tokio_unstable)'] }
   = help: or consider adding `println!("cargo::rustc-check-cfg=cfg(tokio_unstable)");` to the top of the `build.rs`
   = note: see <https://doc.rust-lang.org/nightly/rustc/check-cfg/cargo-specifics.html> for more information about checking conditional configuration

warning: unexpected `cfg` condition name: `tokio_unstable`
  --> submodules/tokio/tokio/src/util/trace.rs:40:27
   |
40 |                 #[cfg(all(tokio_unstable, feature = "tracing"))]
   |                           ^^^^^^^^^^^^^^
   |
   = help: consider using a Cargo feature instead
   = help: or consider adding in `Cargo.toml` the `check-cfg` lint config for the lint:
            [lints.rust]
            unexpected_cfgs = { level = "warn", check-cfg = ['cfg(tokio_unstable)'] }
   = help: or consider adding `println!("cargo::rustc-check-cfg=cfg(tokio_unstable)");` to the top of the `build.rs`
   = note: see <https://doc.rust-lang.org/nightly/rustc/check-cfg/cargo-specifics.html> for more information about checking conditional configuration

warning: unexpected `cfg` condition name: `tokio_unstable`
  --> submodules/tokio/tokio/src/util/trace.rs:42:27
   |
42 |                 #[cfg(all(tokio_unstable, feature = "tracing"))]
   |                           ^^^^^^^^^^^^^^
   |
   = help: consider using a Cargo feature instead
   = help: or consider adding in `Cargo.toml` the `check-cfg` lint config for the lint:
            [lints.rust]
            unexpected_cfgs = { level = "warn", check-cfg = ['cfg(tokio_unstable)'] }
   = help: or consider adding `println!("cargo::rustc-check-cfg=cfg(tokio_unstable)");` to the top of the `build.rs`
   = note: see <https://doc.rust-lang.org/nightly/rustc/check-cfg/cargo-specifics.html> for more information about checking conditional configuration

warning: unexpected `cfg` condition name: `tokio_unstable`
   --> submodules/tokio/tokio/src/util/trace.rs:186:19
    |
186 |         #[cfg(all(tokio_unstable, feature = "tracing"))]
    |                   ^^^^^^^^^^^^^^
    |
    = help: consider using a Cargo feature instead
    = help: or consider adding in `Cargo.toml` the `check-cfg` lint config for the lint:
             [lints.rust]
             unexpected_cfgs = { level = "warn", check-cfg = ['cfg(tokio_unstable)'] }
    = help: or consider adding `println!("cargo::rustc-check-cfg=cfg(tokio_unstable)");` to the top of the `build.rs`
    = note: see <https://doc.rust-lang.org/nightly/rustc/check-cfg/cargo-specifics.html> for more information about checking conditional configuration

warning: unexpected `cfg` condition name: `tokio_unstable`
   --> submodules/tokio/tokio/src/util/trace.rs:188:23
    |
188 |         #[cfg(not(all(tokio_unstable, feature = "tracing")))]
    |                       ^^^^^^^^^^^^^^
    |
    = help: consider using a Cargo feature instead
    = help: or consider adding in `Cargo.toml` the `check-cfg` lint config for the lint:
             [lints.rust]
             unexpected_cfgs = { level = "warn", check-cfg = ['cfg(tokio_unstable)'] }
    = help: or consider adding `println!("cargo::rustc-check-cfg=cfg(tokio_unstable)");` to the top of the `build.rs`
    = note: see <https://doc.rust-lang.org/nightly/rustc/check-cfg/cargo-specifics.html> for more information about checking conditional configuration

warning: unexpected `cfg` condition name: `tracing_unstable`
   --> submodules/tracing/tracing-core/src/field.rs:380:11
    |
380 | #[cfg(all(tracing_unstable, feature = "valuable"))]
    |           ^^^^^^^^^^^^^^^^
    |
    = help: expected names are: `docsrs`, `feature`, and `test` and 31 more
    = help: consider using a Cargo feature instead
    = help: or consider adding in `Cargo.toml` the `check-cfg` lint config for the lint:
             [lints.rust]
             unexpected_cfgs = { level = "warn", check-cfg = ['cfg(tracing_unstable)'] }
    = help: or consider adding `println!("cargo::rustc-check-cfg=cfg(tracing_unstable)");` to the top of the `build.rs`
    = note: see <https://doc.rust-lang.org/nightly/rustc/check-cfg/cargo-specifics.html> for more information about checking conditional configuration
    = note: `#[warn(unexpected_cfgs)]` on by default

warning: unexpected `cfg` condition name: `tracing_unstable`
   --> submodules/tracing/tracing-core/src/field.rs:753:11
    |
753 | #[cfg(all(tracing_unstable, feature = "valuable"))]
    |           ^^^^^^^^^^^^^^^^
    |
    = help: consider using a Cargo feature instead
    = help: or consider adding in `Cargo.toml` the `check-cfg` lint config for the lint:
             [lints.rust]
             unexpected_cfgs = { level = "warn", check-cfg = ['cfg(tracing_unstable)'] }
    = help: or consider adding `println!("cargo::rustc-check-cfg=cfg(tracing_unstable)");` to the top of the `build.rs`
    = note: see <https://doc.rust-lang.org/nightly/rustc/check-cfg/cargo-specifics.html> for more information about checking conditional configuration

warning: unexpected `cfg` condition name: `tracing_unstable`
   --> submodules/tracing/tracing-core/src/field.rs:756:11
    |
756 | #[cfg(all(tracing_unstable, feature = "valuable"))]
    |           ^^^^^^^^^^^^^^^^
    |
    = help: consider using a Cargo feature instead
    = help: or consider adding in `Cargo.toml` the `check-cfg` lint config for the lint:
             [lints.rust]
             unexpected_cfgs = { level = "warn", check-cfg = ['cfg(tracing_unstable)'] }
    = help: or consider adding `println!("cargo::rustc-check-cfg=cfg(tracing_unstable)");` to the top of the `build.rs`
    = note: see <https://doc.rust-lang.org/nightly/rustc/check-cfg/cargo-specifics.html> for more information about checking conditional configuration

warning: unexpected `cfg` condition name: `tracing_unstable`
   --> submodules/tracing/tracing-core/src/field.rs:764:11
    |
764 | #[cfg(all(tracing_unstable, feature = "valuable"))]
    |           ^^^^^^^^^^^^^^^^
    |
    = help: consider using a Cargo feature instead
    = help: or consider adding in `Cargo.toml` the `check-cfg` lint config for the lint:
             [lints.rust]
             unexpected_cfgs = { level = "warn", check-cfg = ['cfg(tracing_unstable)'] }
    = help: or consider adding `println!("cargo::rustc-check-cfg=cfg(tracing_unstable)");` to the top of the `build.rs`
    = note: see <https://doc.rust-lang.org/nightly/rustc/check-cfg/cargo-specifics.html> for more information about checking conditional configuration

warning: unexpected `cfg` condition name: `tracing_unstable`
   --> submodules/tracing/tracing-core/src/field.rs:767:11
    |
767 | #[cfg(all(tracing_unstable, feature = "valuable"))]
    |           ^^^^^^^^^^^^^^^^
    |
    = help: consider using a Cargo feature instead
    = help: or consider adding in `Cargo.toml` the `check-cfg` lint config for the lint:
             [lints.rust]
             unexpected_cfgs = { level = "warn", check-cfg = ['cfg(tracing_unstable)'] }
    = help: or consider adding `println!("cargo::rustc-check-cfg=cfg(tracing_unstable)");` to the top of the `build.rs`
    = note: see <https://doc.rust-lang.org/nightly/rustc/check-cfg/cargo-specifics.html> for more information about checking conditional configuration

warning: unexpected `cfg` condition name: `tracing_unstable`
   --> submodules/tracing/tracing-core/src/field.rs:271:15
    |
271 |     #[cfg(all(tracing_unstable, feature = "valuable"))]
    |               ^^^^^^^^^^^^^^^^
    |
    = help: consider using a Cargo feature instead
    = help: or consider adding in `Cargo.toml` the `check-cfg` lint config for the lint:
             [lints.rust]
             unexpected_cfgs = { level = "warn", check-cfg = ['cfg(tracing_unstable)'] }
    = help: or consider adding `println!("cargo::rustc-check-cfg=cfg(tracing_unstable)");` to the top of the `build.rs`
    = note: see <https://doc.rust-lang.org/nightly/rustc/check-cfg/cargo-specifics.html> for more information about checking conditional configuration

warning: `tokio` (lib) generated 562 warnings
warning: `tracing-core` (lib) generated 6 warnings
warning: unused import: `hash::*`
  --> submodules/simd-adler32/src/lib.rs:98:9
   |
98 | pub use hash::*;
   |         ^^^^^^^
   |
   = note: `#[warn(unused_imports)]` (part of `#[warn(unused)]`) on by default

warning: `simd-adler32` (lib) generated 1 warning (run `cargo fix --lib -p simd-adler32` to apply 1 suggestion)
warning: unexpected `cfg` condition name: `loom`
 --> submodules/tokio/tokio-util/src/loom.rs:5:21
  |
5 |     #[cfg(all(test, loom))]
  |                     ^^^^
  |
  = help: expected names are: `docsrs`, `feature`, and `test` and 31 more
  = help: consider using a Cargo feature instead
  = help: or consider adding in `Cargo.toml` the `check-cfg` lint config for the lint:
           [lints.rust]
           unexpected_cfgs = { level = "warn", check-cfg = ['cfg(loom)'] }
  = help: or consider adding `println!("cargo::rustc-check-cfg=cfg(loom)");` to the top of the `build.rs`
  = note: see <https://doc.rust-lang.org/nightly/rustc/check-cfg/cargo-specifics.html> for more information about checking conditional configuration
  = note: `#[warn(unexpected_cfgs)]` on by default

warning: unexpected `cfg` condition name: `loom`
 --> submodules/tokio/tokio-util/src/loom.rs:7:25
  |
7 |     #[cfg(not(all(test, loom)))]
  |                         ^^^^
  |
  = help: consider using a Cargo feature instead
  = help: or consider adding in `Cargo.toml` the `check-cfg` lint config for the lint:
           [lints.rust]
           unexpected_cfgs = { level = "warn", check-cfg = ['cfg(loom)'] }
  = help: or consider adding `println!("cargo::rustc-check-cfg=cfg(loom)");` to the top of the `build.rs`
  = note: see <https://doc.rust-lang.org/nightly/rustc/check-cfg/cargo-specifics.html> for more information about checking conditional configuration

warning: unexpected `cfg` condition name: `loom`
   --> submodules/tokio/tokio-util/src/either.rs:215:21
    |
215 | #[cfg(all(test, not(loom)))]
    |                     ^^^^
    |
    = help: consider using a Cargo feature instead
    = help: or consider adding in `Cargo.toml` the `check-cfg` lint config for the lint:
             [lints.rust]
             unexpected_cfgs = { level = "warn", check-cfg = ['cfg(loom)'] }
    = help: or consider adding `println!("cargo::rustc-check-cfg=cfg(loom)");` to the top of the `build.rs`
    = note: see <https://doc.rust-lang.org/nightly/rustc/check-cfg/cargo-specifics.html> for more information about checking conditional configuration

warning: `tokio-util` (lib) generated 3 warnings
warning: unexpected `cfg` condition value: `borsh`
   --> submodules/indexmap/src/lib.rs:111:7
    |
111 | #[cfg(feature = "borsh")]
    |       ^^^^^^^^^^^^^^^^^
    |
    = note: expected values for `feature` are: `default`, `serde`, `std`, and `test_debug`
    = help: consider adding `borsh` as a feature in `Cargo.toml`
    = note: see <https://doc.rust-lang.org/nightly/rustc/check-cfg/cargo-specifics.html> for more information about checking conditional configuration
    = note: `#[warn(unexpected_cfgs)]` on by default

warning: unexpected `cfg` condition value: `sval`
   --> submodules/indexmap/src/lib.rs:115:7
    |
115 | #[cfg(feature = "sval")]
    |       ^^^^^^^^^^^^^^^^
    |
    = note: expected values for `feature` are: `default`, `serde`, `std`, and `test_debug`
    = help: consider adding `sval` as a feature in `Cargo.toml`
    = note: see <https://doc.rust-lang.org/nightly/rustc/check-cfg/cargo-specifics.html> for more information about checking conditional configuration

warning: unexpected `cfg` condition value: `rayon`
   --> submodules/indexmap/src/lib.rs:124:7
    |
124 | #[cfg(feature = "rayon")]
    |       ^^^^^^^^^^^^^^^^^
    |
    = note: expected values for `feature` are: `default`, `serde`, `std`, and `test_debug`
    = help: consider adding `rayon` as a feature in `Cargo.toml`
    = note: see <https://doc.rust-lang.org/nightly/rustc/check-cfg/cargo-specifics.html> for more information about checking conditional configuration

warning: unexpected `cfg` condition value: `arbitrary`
 --> submodules/indexmap/src/arbitrary.rs:1:7
  |
1 | #[cfg(feature = "arbitrary")]
  |       ^^^^^^^^^^^^^^^^^^^^^
  |
  = note: expected values for `feature` are: `default`, `serde`, `std`, and `test_debug`
  = help: consider adding `arbitrary` as a feature in `Cargo.toml`
  = note: see <https://doc.rust-lang.org/nightly/rustc/check-cfg/cargo-specifics.html> for more information about checking conditional configuration

warning: unexpected `cfg` condition value: `quickcheck`
  --> submodules/indexmap/src/arbitrary.rs:38:7
   |
38 | #[cfg(feature = "quickcheck")]
   |       ^^^^^^^^^^^^^^^^^^^^^^
   |
   = note: expected values for `feature` are: `default`, `serde`, `std`, and `test_debug`
   = help: consider adding `quickcheck` as a feature in `Cargo.toml`
   = note: see <https://doc.rust-lang.org/nightly/rustc/check-cfg/cargo-specifics.html> for more information about checking conditional configuration

warning: unexpected `cfg` condition value: `rayon`
   --> submodules/indexmap/src/macros.rs:202:7
    |
202 | #[cfg(feature = "rayon")]
    |       ^^^^^^^^^^^^^^^^^
    |
    = note: expected values for `feature` are: `default`, `serde`, `std`, and `test_debug`
    = help: consider adding `rayon` as a feature in `Cargo.toml`
    = note: see <https://doc.rust-lang.org/nightly/rustc/check-cfg/cargo-specifics.html> for more information about checking conditional configuration

warning: unexpected `cfg` condition value: `rayon`
   --> submodules/indexmap/src/macros.rs:227:7
    |
227 | #[cfg(feature = "rayon")]
    |       ^^^^^^^^^^^^^^^^^
    |
    = note: expected values for `feature` are: `default`, `serde`, `std`, and `test_debug`
    = help: consider adding `rayon` as a feature in `Cargo.toml`
    = note: see <https://doc.rust-lang.org/nightly/rustc/check-cfg/cargo-specifics.html> for more information about checking conditional configuration

warning: unexpected `cfg` condition value: `rayon`
  --> submodules/indexmap/src/map.rs:26:7
   |
26 | #[cfg(feature = "rayon")]
   |       ^^^^^^^^^^^^^^^^^
   |
   = note: expected values for `feature` are: `default`, `serde`, `std`, and `test_debug`
   = help: consider adding `rayon` as a feature in `Cargo.toml`
   = note: see <https://doc.rust-lang.org/nightly/rustc/check-cfg/cargo-specifics.html> for more information about checking conditional configuration

warning: unexpected `cfg` condition value: `rayon`
   --> submodules/indexmap/src/map/core.rs:193:11
    |
193 |     #[cfg(feature = "rayon")]
    |           ^^^^^^^^^^^^^^^^^
    |
    = note: expected values for `feature` are: `default`, `serde`, `std`, and `test_debug`
    = help: consider adding `rayon` as a feature in `Cargo.toml`
    = note: see <https://doc.rust-lang.org/nightly/rustc/check-cfg/cargo-specifics.html> for more information about checking conditional configuration

warning: unexpected `cfg` condition value: `rayon`
  --> submodules/indexmap/src/set.rs:16:7
   |
16 | #[cfg(feature = "rayon")]
   |       ^^^^^^^^^^^^^^^^^
   |
   = note: expected values for `feature` are: `default`, `serde`, `std`, and `test_debug`
   = help: consider adding `rayon` as a feature in `Cargo.toml`
   = note: see <https://doc.rust-lang.org/nightly/rustc/check-cfg/cargo-specifics.html> for more information about checking conditional configuration

warning: use of deprecated method `hashbrown::HashTable::<T, A>::get_many_mut`: use `get_disjoint_mut` instead
   --> submodules/indexmap/src/map/core.rs:744:28
    |
744 |         match self.indices.get_many_mut(
    |                            ^^^^^^^^^^^^
    |
    = note: `#[warn(deprecated)]` on by default

warning: type alias `StyledValue` is never used
   --> submodules/env_logger/src/fmt/mod.rs:276:6
    |
276 | type StyledValue<T> = T;
    |      ^^^^^^^^^^^
    |
    = note: `#[warn(dead_code)]` (part of `#[warn(unused)]`) on by default

warning: `indexmap` (lib) generated 11 warnings
warning: `env_logger` (lib) generated 1 warning
warning: `parking_lot_core` (lib) generated 1 warning (1 duplicate)
warning: hiding a lifetime that's elided elsewhere is confusing
  --> submodules/rustc-demangle/src/lib.rs:92:24
   |
92 | pub fn demangle(mut s: &str) -> Demangle {
   |                        ^^^^     ^^^^^^^^ the same lifetime is hidden here
   |                        |
   |                        the lifetime is elided here
   |
   = help: the same lifetime is referred to in inconsistent ways, making the signature confusing
   = note: `#[warn(mismatched_lifetime_syntaxes)]` on by default
help: use `'_` for type paths
   |
92 | pub fn demangle(mut s: &str) -> Demangle<'_> {
   |                                         ++++

warning: hiding a lifetime that's elided elsewhere is confusing
   --> submodules/rustc-demangle/src/lib.rs:237:24
    |
237 | pub fn try_demangle(s: &str) -> Result<Demangle, TryDemangleError> {
    |                        ^^^^            ^^^^^^^^ the same lifetime is hidden here
    |                        |
    |                        the lifetime is elided here
    |
    = help: the same lifetime is referred to in inconsistent ways, making the signature confusing
help: use `'_` for type paths
    |
237 | pub fn try_demangle(s: &str) -> Result<Demangle<'_>, TryDemangleError> {
    |                                                ++++

warning: hiding a lifetime that's elided elsewhere is confusing
  --> submodules/rustc-demangle/src/legacy.rs:49:20
   |
49 | pub fn demangle(s: &str) -> Result<(Demangle, &str), ()> {
   |                    ^^^^             ^^^^^^^^  ^^^^ the same lifetime is elided here
   |                    |                |
   |                    |                the same lifetime is hidden here
   |                    the lifetime is elided here
   |
   = help: the same lifetime is referred to in inconsistent ways, making the signature confusing
help: use `'_` for type paths
   |
49 | pub fn demangle(s: &str) -> Result<(Demangle<'_>, &str), ()> {
   |                                             ++++

warning: hiding a lifetime that's elided elsewhere is confusing
  --> submodules/rustc-demangle/src/v0.rs:37:20
   |
37 | pub fn demangle(s: &str) -> Result<(Demangle, &str), ParseError> {
   |                    ^^^^             ^^^^^^^^  ^^^^ the same lifetime is elided here
   |                    |                |
   |                    |                the same lifetime is hidden here
   |                    the lifetime is elided here
   |
   = help: the same lifetime is referred to in inconsistent ways, making the signature confusing
help: use `'_` for type paths
   |
37 | pub fn demangle(s: &str) -> Result<(Demangle<'_>, &str), ParseError> {
   |                                             ++++

warning: unused import: `generate_decl_registration`
 --> submodules/patch-build-rs/introspector_decl_core/src/lib.rs:7:34
  |
7 | use introspector_macro_helpers::{generate_decl_registration, parse_decl_args, dispatch_wrap_logic};
  |                                  ^^^^^^^^^^^^^^^^^^^^^^^^^^
  |
  = note: `#[warn(unused_imports)]` (part of `#[warn(unused)]`) on by default

warning: unreachable pattern
  --> submodules/patch-build-rs/introspector_decl_core/src/lib.rs:82:9
   |
82 |         _ => "unknown_visibility",
   |         ^ no value can reach this
   |
note: multiple earlier patterns match some of the same values
  --> submodules/patch-build-rs/introspector_decl_core/src/lib.rs:82:9
   |
79 |         Visibility::Public(_) => "pub",
   |         --------------------- matches some of the same values
80 |         Visibility::Restricted(_) => "pub(restricted)",
   |         ------------------------- matches some of the same values
81 |         Visibility::Inherited => "private",
   |         --------------------- matches some of the same values
82 |         _ => "unknown_visibility",
   |         ^ collectively making this unreachable
   = note: `#[warn(unreachable_patterns)]` (part of `#[warn(unused)]`) on by default

warning: unreachable pattern
   --> submodules/patch-build-rs/introspector_decl_core/src/lib.rs:119:9
    |
119 |         _ => "unknown_visibility",
    |         ^ no value can reach this
    |
note: multiple earlier patterns match some of the same values
   --> submodules/patch-build-rs/introspector_decl_core/src/lib.rs:119:9
    |
116 |         Visibility::Public(_) => "pub",
    |         --------------------- matches some of the same values
117 |         Visibility::Restricted(_) => "pub(restricted)",
    |         ------------------------- matches some of the same values
118 |         Visibility::Inherited => "private",
    |         --------------------- matches some of the same values
119 |         _ => "unknown_visibility",
    |         ^ collectively making this unreachable

warning: unreachable pattern
   --> submodules/patch-build-rs/introspector_decl_core/src/lib.rs:156:9
    |
156 |         _ => "unknown_visibility",
    |         ^ no value can reach this
    |
note: multiple earlier patterns match some of the same values
   --> submodules/patch-build-rs/introspector_decl_core/src/lib.rs:156:9
    |
153 |         Visibility::Public(_) => "pub",
    |         --------------------- matches some of the same values
154 |         Visibility::Restricted(_) => "pub(restricted)",
    |         ------------------------- matches some of the same values
155 |         Visibility::Inherited => "private",
    |         --------------------- matches some of the same values
156 |         _ => "unknown_visibility",
    |         ^ collectively making this unreachable

warning: unreachable pattern
   --> submodules/patch-build-rs/introspector_decl_core/src/lib.rs:193:9
    |
193 |         _ => "unknown_visibility",
    |         ^ no value can reach this
    |
note: multiple earlier patterns match some of the same values
   --> submodules/patch-build-rs/introspector_decl_core/src/lib.rs:193:9
    |
190 |         Visibility::Public(_) => "pub",
    |         --------------------- matches some of the same values
191 |         Visibility::Restricted(_) => "pub(restricted)",
    |         ------------------------- matches some of the same values
192 |         Visibility::Inherited => "private",
    |         --------------------- matches some of the same values
193 |         _ => "unknown_visibility",
    |         ^ collectively making this unreachable

warning: `rustc-demangle` (lib) generated 4 warnings (run `cargo fix --lib -p rustc-demangle` to apply 4 suggestions)
warning: `introspector_decl_core` (lib) generated 5 warnings (run `cargo fix --lib -p introspector_decl_core` to apply 1 suggestion)
warning: `syn` (lib) generated 2 warnings (2 duplicates)
   Compiling cargo-toml-generator-types v0.1.0 (/mnt/data1/nix/vendor/rust/cargo2nix/submodules/split-decls-rs/cargo-toml-generator-types)
warning: `indexmap` (lib) generated 11 warnings (11 duplicates)
warning: hiding a lifetime that's elided elsewhere is confusing
   --> submodules/encoding_rs/src/handles.rs:390:21
    |
390 |     pub fn new(src: &[u8]) -> ByteSource {
    |                     ^^^^^     ^^^^^^^^^^ the same lifetime is hidden here
    |                     |
    |                     the lifetime is elided here
    |
    = help: the same lifetime is referred to in inconsistent ways, making the signature confusing
    = note: `#[warn(mismatched_lifetime_syntaxes)]` on by default
help: use `'_` for type paths
    |
390 |     pub fn new(src: &[u8]) -> ByteSource<'_> {
    |                                         ++++

warning: hiding a lifetime that's elided elsewhere is confusing
   --> submodules/encoding_rs/src/handles.rs:597:21
    |
597 |     pub fn new(dst: &mut [u16]) -> Utf16Destination {
    |                     ^^^^^^^^^^     ^^^^^^^^^^^^^^^^ the same lifetime is hidden here
    |                     |
    |                     the lifetime is elided here
    |
    = help: the same lifetime is referred to in inconsistent ways, making the signature confusing
help: use `'_` for type paths
    |
597 |     pub fn new(dst: &mut [u16]) -> Utf16Destination<'_> {
    |                                                    ++++

warning: hiding a lifetime that's elided elsewhere is confusing
   --> submodules/encoding_rs/src/handles.rs:942:21
    |
942 |     pub fn new(dst: &mut [u8]) -> Utf8Destination {
    |                     ^^^^^^^^^     ^^^^^^^^^^^^^^^ the same lifetime is hidden here
    |                     |
    |                     the lifetime is elided here
    |
    = help: the same lifetime is referred to in inconsistent ways, making the signature confusing
help: use `'_` for type paths
    |
942 |     pub fn new(dst: &mut [u8]) -> Utf8Destination<'_> {
    |                                                  ++++

warning: hiding a lifetime that's elided elsewhere is confusing
    --> submodules/encoding_rs/src/handles.rs:1167:21
     |
1167 |     pub fn new(src: &[u16]) -> Utf16Source {
     |                     ^^^^^^     ^^^^^^^^^^^ the same lifetime is hidden here
     |                     |
     |                     the lifetime is elided here
     |
     = help: the same lifetime is referred to in inconsistent ways, making the signature confusing
help: use `'_` for type paths
     |
1167 |     pub fn new(src: &[u16]) -> Utf16Source<'_> {
     |                                           ++++

warning: hiding a lifetime that's elided elsewhere is confusing
    --> submodules/encoding_rs/src/handles.rs:1469:21
     |
1469 |     pub fn new(src: &str) -> Utf8Source {
     |                     ^^^^     ^^^^^^^^^^ the same lifetime is hidden here
     |                     |
     |                     the lifetime is elided here
     |
     = help: the same lifetime is referred to in inconsistent ways, making the signature confusing
help: use `'_` for type paths
     |
1469 |     pub fn new(src: &str) -> Utf8Source<'_> {
     |                                        ++++

warning: hiding a lifetime that's elided elsewhere is confusing
    --> submodules/encoding_rs/src/handles.rs:1925:21
     |
1925 |     pub fn new(dst: &mut [u8]) -> ByteDestination {
     |                     ^^^^^^^^^     ^^^^^^^^^^^^^^^ the same lifetime is hidden here
     |                     |
     |                     the lifetime is elided here
     |
     = help: the same lifetime is referred to in inconsistent ways, making the signature confusing
help: use `'_` for type paths
     |
1925 |     pub fn new(dst: &mut [u8]) -> ByteDestination<'_> {
     |                                                  ++++

warning: `encoding_rs` (lib) generated 6 warnings (run `cargo fix --lib -p encoding_rs` to apply 6 suggestions)
   Compiling split-decls-types v0.1.0 (/mnt/data1/nix/vendor/rust/cargo2nix/submodules/split-decls-rs/split-decls-types)
warning: `introspector_decl_core` (lib) generated 5 warnings (5 duplicates)
   Compiling cargo-toml-generator-macros v0.1.0 (/mnt/data1/nix/vendor/rust/cargo2nix/submodules/split-decls-rs/cargo-toml-generator-macros)
   Compiling cargo-toml-parts v0.1.0 (/mnt/data1/nix/vendor/rust/cargo2nix/submodules/split-decls-rs/build_helpers/cargo_toml_parts)
warning: hiding a lifetime that's elided elsewhere is confusing
   --> submodules/unicode-segmentation/src/lib.rs:261:25
    |
261 |     fn grapheme_indices(&self, is_extended: bool) -> GraphemeIndices {
    |                         ^^^^^                        ^^^^^^^^^^^^^^^ the same lifetime is hidden here
    |                         |
    |                         the lifetime is elided here
    |
    = help: the same lifetime is referred to in inconsistent ways, making the signature confusing
    = note: `#[warn(mismatched_lifetime_syntaxes)]` on by default
help: use `'_` for type paths
    |
261 |     fn grapheme_indices(&self, is_extended: bool) -> GraphemeIndices<'_> {
    |                                                                     ++++

warning: hiding a lifetime that's elided elsewhere is confusing
   --> submodules/unicode-segmentation/src/lib.rs:296:37
    |
296 |     fn split_sentence_bound_indices(&self) -> USentenceBoundIndices {
    |                                     ^^^^^     ^^^^^^^^^^^^^^^^^^^^^ the same lifetime is hidden here
    |                                     |
    |                                     the lifetime is elided here
    |
    = help: the same lifetime is referred to in inconsistent ways, making the signature confusing
help: use `'_` for type paths
    |
296 |     fn split_sentence_bound_indices(&self) -> USentenceBoundIndices<'_> {
    |                                                                    ++++

warning: `unicode-segmentation` (lib) generated 2 warnings (run `cargo fix --lib -p unicode-segmentation` to apply 2 suggestions)
warning: unnecessary `unsafe` block
   --> submodules/petgraph/src/unionfind.rs:226:25
    |
224 |         unsafe {
    |         ------ because it's nested under this `unsafe` block
225 |             for ix in 0..self.len() {
226 |                 let k = unsafe { *get_unchecked(&self.parent, ix) };
    |                         ^^^^^^ unnecessary `unsafe` block
    |
    = note: `#[warn(unused_unsafe)]` (part of `#[warn(unused)]`) on by default

warning: unnecessary `unsafe` block
   --> submodules/petgraph/src/unionfind.rs:228:17
    |
224 |         unsafe {
    |         ------ because it's nested under this `unsafe` block
...
228 |                 unsafe {
    |                 ^^^^^^ unnecessary `unsafe` block

warning: use of deprecated associated function `chrono::NaiveDateTime::from_timestamp_opt`: use `DateTime::from_timestamp` instead
   --> submodules/tera/src/builtins/filters/common.rs:175:43
    |
175 |                 let date = NaiveDateTime::from_timestamp_opt(i, 0).expect(
    |                                           ^^^^^^^^^^^^^^^^^^
    |
    = note: `#[warn(deprecated)]` on by default

warning: `petgraph` (lib) generated 2 warnings
warning: `tera` (lib) generated 1 warning
   Compiling lib-cargo v0.1.0 (/mnt/data1/nix/vendor/rust/cargo2nix/submodules/split-decls-rs/lib-cargo)
warning: unused import: `anyhow::Result`
 --> submodules/split-decls-rs/lib-cargo/src/lib.rs:1:5
  |
1 | use anyhow::Result;
  |     ^^^^^^^^^^^^^^
  |
  = note: `#[warn(unused_imports)]` (part of `#[warn(unused)]`) on by default

warning: unused import: `std::collections::HashMap`
 --> submodules/split-decls-rs/lib-cargo/src/lib.rs:2:5
  |
2 | use std::collections::HashMap;
  |     ^^^^^^^^^^^^^^^^^^^^^^^^^

warning: unused import: `std::path::Path`
 --> submodules/split-decls-rs/lib-cargo/src/lib.rs:3:5
  |
3 | use std::path::Path;
  |     ^^^^^^^^^^^^^^^

warning: unused import: `anyhow::Result`
 --> submodules/split-decls-rs/lib-cargo/src/dependencies.rs:1:5
  |
1 | use anyhow::Result;
  |     ^^^^^^^^^^^^^^

warning: unused import: `PathBuf`
 --> submodules/split-decls-rs/lib-cargo/src/cargo_processor.rs:2:23
  |
2 | use std::path::{Path, PathBuf};
  |                       ^^^^^^^

warning: unused imports: `Dependency`, `PatchSection`, and `Workspace`
 --> submodules/split-decls-rs/cargo-toml-generator-macros/src/macros.rs:2:16
  |
2 |     CargoToml, Dependency, Package, PatchSection, Workspace,
  |                ^^^^^^^^^^           ^^^^^^^^^^^^  ^^^^^^^^^
  |
  = note: `#[warn(unused_imports)]` (part of `#[warn(unused)]`) on by default

warning: unused imports: `RootInput`, `TomlSection`, `parse_dependencies_map`, and `parse_string_list`
  --> submodules/split-decls-rs/cargo-toml-generator-macros/src/macros.rs:11:5
   |
11 |     parse_dependencies_map, parse_string_list, RootInput, TomlSection,
   |     ^^^^^^^^^^^^^^^^^^^^^^  ^^^^^^^^^^^^^^^^^  ^^^^^^^^^  ^^^^^^^^^^^

warning: unused variable: `input`
  --> submodules/split-decls-rs/cargo-toml-generator-macros/src/macros.rs:94:36
   |
94 | pub fn define_root_cargo_toml_impl(input: TokenStream) -> TokenStream {
   |                                    ^^^^^ help: if this is intentional, prefix it with an underscore: `_input`
   |
   = note: `#[warn(unused_variables)]` (part of `#[warn(unused)]`) on by default

warning: enum `KeyValue` is never used
  --> submodules/split-decls-rs/cargo-toml-generator-macros/src/parsers.rs:11:10
   |
11 | pub enum KeyValue {
   |          ^^^^^^^^
   |
   = note: `#[warn(dead_code)]` (part of `#[warn(unused)]`) on by default

warning: method `get_ident_for_err` is never used
  --> submodules/split-decls-rs/cargo-toml-generator-macros/src/parsers.rs:60:12
   |
59 | impl KeyValue {
   | ------------- method in this implementation
60 |     pub fn get_ident_for_err(&self) -> &Ident {
   |            ^^^^^^^^^^^^^^^^^

warning: enum `RootItem` is never used
  --> submodules/split-decls-rs/cargo-toml-generator-macros/src/parsers.rs:71:10
   |
71 | pub enum RootItem {
   |          ^^^^^^^^

warning: struct `RootInput` is never constructed
   --> submodules/split-decls-rs/cargo-toml-generator-macros/src/parsers.rs:116:12
    |
116 | pub struct RootInput {
    |            ^^^^^^^^^

warning: struct `TomlSection` is never constructed
   --> submodules/split-decls-rs/cargo-toml-generator-macros/src/parsers.rs:128:12
    |
128 | pub struct TomlSection {
    |            ^^^^^^^^^^^

warning: struct `BracketedStringList` is never constructed
   --> submodules/split-decls-rs/cargo-toml-generator-macros/src/parsers.rs:140:12
    |
140 | pub struct BracketedStringList {
    |            ^^^^^^^^^^^^^^^^^^^

warning: function `parse_string_list` is never used
   --> submodules/split-decls-rs/cargo-toml-generator-macros/src/parsers.rs:154:8
    |
154 | pub fn parse_string_list(input: proc_macro2::TokenStream) -> Result<Vec<String>> {
    |        ^^^^^^^^^^^^^^^^^

warning: struct `InlineTable` is never constructed
   --> submodules/split-decls-rs/cargo-toml-generator-macros/src/parsers.rs:159:12
    |
159 | pub struct InlineTable {
    |            ^^^^^^^^^^^

warning: function `parse_inline_table` is never used
   --> submodules/split-decls-rs/cargo-toml-generator-macros/src/parsers.rs:173:8
    |
173 | pub fn parse_inline_table(input: proc_macro2::TokenStream) -> Result<HashMap<String, String>> {
    |        ^^^^^^^^^^^^^^^^^^

warning: function `parse_dependency_table` is never used
   --> submodules/split-decls-rs/cargo-toml-generator-macros/src/parsers.rs:189:8
    |
189 | pub fn parse_dependency_table(input: proc_macro2::TokenStream) -> Result<DependencyTable> {
    |        ^^^^^^^^^^^^^^^^^^^^^^

warning: function `parse_dependencies_map` is never used
   --> submodules/split-decls-rs/cargo-toml-generator-macros/src/parsers.rs:248:8
    |
248 | pub fn parse_dependencies_map(
    |        ^^^^^^^^^^^^^^^^^^^^^^

warning: unused variable: `submodules_path`
  --> submodules/split-decls-rs/lib-cargo/src/dependencies.rs:97:5
   |
97 |     submodules_path: &Path,
   |     ^^^^^^^^^^^^^^^ help: if this is intentional, prefix it with an underscore: `_submodules_path`
   |
   = note: `#[warn(unused_variables)]` (part of `#[warn(unused)]`) on by default

warning: `lib-cargo` (lib) generated 6 warnings (run `cargo fix --lib -p lib-cargo` to apply 5 suggestions)
warning: `cargo-toml-generator-macros` (lib) generated 14 warnings (run `cargo fix --lib -p cargo-toml-generator-macros` to apply 2 suggestions)
warning: unused macro definition: `define_package_config`
 --> submodules/split-decls-rs/build_helpers/cargo_toml_parts/src/lib.rs:3:14
  |
3 | macro_rules! define_package_config {
  |              ^^^^^^^^^^^^^^^^^^^^^
  |
  = note: `#[warn(unused_macros)]` (part of `#[warn(unused)]`) on by default

warning: unused macro definition: `define_workspace_members_part1`
  --> submodules/split-decls-rs/build_helpers/cargo_toml_parts/src/lib.rs:20:14
   |
20 | macro_rules! define_workspace_members_part1 {
   |              ^^^^^^^^^^^^^^^^^^^^^^^^^^^^^^

warning: unused macro definition: `define_workspace_members_part2`
  --> submodules/split-decls-rs/build_helpers/cargo_toml_parts/src/lib.rs:81:14
   |
81 | macro_rules! define_workspace_members_part2 {
   |              ^^^^^^^^^^^^^^^^^^^^^^^^^^^^^^

warning: unused macro definition: `define_workspace_dependencies_part1`
   --> submodules/split-decls-rs/build_helpers/cargo_toml_parts/src/lib.rs:121:14
    |
121 | macro_rules! define_workspace_dependencies_part1 {
    |              ^^^^^^^^^^^^^^^^^^^^^^^^^^^^^^^^^^^

warning: unused macro definition: `define_workspace_dependencies_part2`
   --> submodules/split-decls-rs/build_helpers/cargo_toml_parts/src/lib.rs:189:14
    |
189 | macro_rules! define_workspace_dependencies_part2 {
    |              ^^^^^^^^^^^^^^^^^^^^^^^^^^^^^^^^^^^

warning: unused macro definition: `define_workspace_dependencies_part3`
   --> submodules/split-decls-rs/build_helpers/cargo_toml_parts/src/lib.rs:255:14
    |
255 | macro_rules! define_workspace_dependencies_part3 {
    |              ^^^^^^^^^^^^^^^^^^^^^^^^^^^^^^^^^^^

warning: unused macro definition: `define_workspace_dependencies_part4`
   --> submodules/split-decls-rs/build_helpers/cargo_toml_parts/src/lib.rs:322:14
    |
322 | macro_rules! define_workspace_dependencies_part4 {
    |              ^^^^^^^^^^^^^^^^^^^^^^^^^^^^^^^^^^^

warning: unused macro definition: `define_workspace_dependencies_part5`
   --> submodules/split-decls-rs/build_helpers/cargo_toml_parts/src/lib.rs:386:14
    |
386 | macro_rules! define_workspace_dependencies_part5 {
    |              ^^^^^^^^^^^^^^^^^^^^^^^^^^^^^^^^^^^

   Compiling split-decls-rs v0.1.0 (/mnt/data1/nix/vendor/rust/cargo2nix/submodules/split-decls-rs)
warning: `cargo-toml-parts` (lib) generated 8 warnings
warning: unused import: `decls::*`
 --> submodules/split-decls-rs/src/decls/mod.rs:4:9
  |
4 | pub use decls::*;
  |         ^^^^^^^^
  |
  = note: `#[warn(unused_imports)]` (part of `#[warn(unused)]`) on by default

warning: unused import: `decls::*`
 --> submodules/split-decls-rs/src/lib.rs:2:9
  |
2 | pub use decls::*;
  |         ^^^^^^^^

warning: unused import: `PathBuf`
 --> submodules/split-decls-rs/src/generate_wrapped_workspace.rs:4:23
  |
4 | use std::path::{Path, PathBuf};
  |                       ^^^^^^^

warning: unused import: `toml::Table`
 --> submodules/split-decls-rs/src/generate_wrapped_workspace.rs:5:5
  |
5 | use toml::Table;
  |     ^^^^^^^^^^^

warning: unused import: `single_crate`
  --> submodules/split-decls-rs/src/generate_wrapped_workspace.rs:10:41
   |
10 | use crate::wrapped_workspace_handlers::{single_crate, multi_crate};
   |                                         ^^^^^^^^^^^^

warning: unused import: `crate::path_diff`
  --> submodules/split-decls-rs/src/generate_wrapped_workspace.rs:11:5
   |
11 | use crate::path_diff;
   |     ^^^^^^^^^^^^^^^^

warning: unused import: `chrono::Utc`
  --> submodules/split-decls-rs/src/special_print.rs:8:13
   |
 8 |           use chrono::Utc;
   |               ^^^^^^^^^^^
   |
  ::: submodules/split-decls-rs/src/generate_wrapped_workspace.rs:70:9
   |
70 | /         add_generated_header!(
71 | |             &workspace_cargo_toml_path,
72 | |             final_cargo_toml_content.as_str(),
73 | |             file!(),
74 | |             line!()
75 | |         )
   | |_________- in this macro invocation
   |
   = note: this warning originates in the macro `add_generated_header` (in Nightly builds, run with -Z macro-backtrace for more info)

warning: unused import: `std::io::Write`
  --> submodules/split-decls-rs/src/special_print.rs:9:13
   |
 9 |           use std::io::Write; // Ensure Write trait is in scope for fs::write
   |               ^^^^^^^^^^^^^^
   |
  ::: submodules/split-decls-rs/src/generate_wrapped_workspace.rs:70:9
   |
70 | /         add_generated_header!(
71 | |             &workspace_cargo_toml_path,
72 | |             final_cargo_toml_content.as_str(),
73 | |             file!(),
74 | |             line!()
75 | |         )
   | |_________- in this macro invocation
   |
   = note: this warning originates in the macro `add_generated_header` (in Nightly builds, run with -Z macro-backtrace for more info)

warning: unused import: `warn`
  --> submodules/split-decls-rs/src/eager_splitter.rs:12:17
   |
12 | use log::{info, warn, error};
   |                 ^^^^

warning: unused import: `std::thread`
  --> submodules/split-decls-rs/src/eager_splitter.rs:13:5
   |
13 | use std::thread;
   |     ^^^^^^^^^^^

warning: unused import: `crate::extracted_decl::SourceLocation`
  --> submodules/split-decls-rs/src/eager_splitter/declaration_extractor.rs:10:5
   |
10 | use crate::extracted_decl::SourceLocation;
   |     ^^^^^^^^^^^^^^^^^^^^^^^^^^^^^^^^^^^^^

warning: unused import: `Span`
 --> submodules/split-decls-rs/src/eager_splitter/declaration_writer.rs:2:39
  |
2 | use proc_macro2::{Ident, TokenStream, Span};
  |                                       ^^^^

warning: unused import: `syn::LitStr`
 --> submodules/split-decls-rs/src/eager_splitter/declaration_writer.rs:3:5
  |
3 | use syn::LitStr;
  |     ^^^^^^^^^^^

warning: unused import: `warn`
 --> submodules/split-decls-rs/src/eager_splitter/declaration_writer.rs:8:17
  |
8 | use log::{info, warn, error}; // Moved to top for module-wide scope
  |                 ^^^^

warning: unused import: `crate::source_tracker::SourceMap`
  --> submodules/split-decls-rs/src/eager_splitter/declaration_writer.rs:10:5
   |
10 | use crate::source_tracker::SourceMap;
   |     ^^^^^^^^^^^^^^^^^^^^^^^^^^^^^^^^

warning: unused import: `crate::extracted_decl::SourceLocation`
  --> submodules/split-decls-rs/src/eager_splitter/declaration_writer.rs:11:5
   |
11 | use crate::extracted_decl::SourceLocation; // Import SourceLocation from extracted_decl
   |     ^^^^^^^^^^^^^^^^^^^^^^^^^^^^^^^^^^^^^

warning: unused import: `crate::add_generated_rust_header`
  --> submodules/split-decls-rs/src/eager_splitter/declaration_writer.rs:19:5
   |
19 | use crate::add_generated_rust_header;
   |     ^^^^^^^^^^^^^^^^^^^^^^^^^^^^^^^^

warning: unused import: `std::fs`
 --> submodules/split-decls-rs/src/eager_splitter/invocation_generator.rs:5:5
  |
5 | use std::fs;
  |     ^^^^^^^

warning: unused import: `syn::punctuated::Punctuated`
 --> submodules/split-decls-rs/src/eager_splitter/invocation_generator.rs:6:5
  |
6 | use syn::punctuated::Punctuated;
  |     ^^^^^^^^^^^^^^^^^^^^^^^^^^^

warning: unused import: `crate::add_generated_rust_header`
 --> submodules/split-decls-rs/src/eager_splitter/invocation_generator.rs:9:5
  |
9 | use crate::add_generated_rust_header;
  |     ^^^^^^^^^^^^^^^^^^^^^^^^^^^^^^^^

warning: unused import: `chrono::Utc`
  --> submodules/split-decls-rs/src/special_print.rs:46:13
   |
46 |           use chrono::Utc;
   |               ^^^^^^^^^^^
   |
  ::: submodules/split-decls-rs/src/eager_splitter/invocation_generator.rs:32:9
   |
32 | /         crate::add_generated_rust_header_with_result!(
33 | |             &decl_invocation_file_path,
34 | |             final_decl_module_code.to_string().as_str(),
35 | |             file!(),
36 | |             line!()
37 | |         )
   | |_________- in this macro invocation
   |
   = note: this warning originates in the macro `crate::add_generated_rust_header_with_result` (in Nightly builds, run with -Z macro-backtrace for more info)

warning: unused import: `std::io::Write`
  --> submodules/split-decls-rs/src/special_print.rs:47:13
   |
47 |           use std::io::Write; // Ensure Write trait is in scope for fs::write
   |               ^^^^^^^^^^^^^^
   |
  ::: submodules/split-decls-rs/src/eager_splitter/invocation_generator.rs:32:9
   |
32 | /         crate::add_generated_rust_header_with_result!(
33 | |             &decl_invocation_file_path,
34 | |             final_decl_module_code.to_string().as_str(),
35 | |             file!(),
36 | |             line!()
37 | |         )
   | |_________- in this macro invocation
   |
   = note: this warning originates in the macro `crate::add_generated_rust_header_with_result` (in Nightly builds, run with -Z macro-backtrace for more info)

warning: unused import: `std::time::Instant`
 --> submodules/split-decls-rs/src/macro_interpreter.rs:2:5
  |
2 | use std::time::Instant;
  |     ^^^^^^^^^^^^^^^^^^

warning: unused import: `syscallexec`
 --> submodules/split-decls-rs/src/output2_macro_system.rs:4:29
  |
4 | use crate::{ignore_syscall, syscallexec};
  |                             ^^^^^^^^^^^

warning: unused import: `crate::syscall_prelude::*`
 --> submodules/split-decls-rs/src/syscall_oracle.rs:8:5
  |
8 | use crate::syscall_prelude::*;
  |     ^^^^^^^^^^^^^^^^^^^^^^^^^

warning: unused import: `syscall_macros::*`
  --> submodules/split-decls-rs/src/lib.rs:52:9
   |
52 | pub use syscall_macros::*;
   |         ^^^^^^^^^^^^^^^^^

warning: unused import: `syscall_traits::*`
  --> submodules/split-decls-rs/src/lib.rs:55:9
   |
55 | pub use syscall_traits::*;
   |         ^^^^^^^^^^^^^^^^^

warning: unused import: `syn::*`
 --> submodules/split-decls-rs/src/bott_periodicity.rs:4:5
  |
4 | use syn::*;
  |     ^^^^^^

warning: unused import: `ToTokens`
 --> submodules/split-decls-rs/src/bott_periodicity.rs:6:20
  |
6 | use quote::{quote, ToTokens};
  |                    ^^^^^^^^

warning: unused import: `std::collections::HashMap`
 --> submodules/split-decls-rs/src/bott_periodicity.rs:7:5
  |
7 | use std::collections::HashMap;
  |     ^^^^^^^^^^^^^^^^^^^^^^^^^

warning: unused import: `parse_quote`
 --> submodules/split-decls-rs/src/syn2macro.rs:2:11
  |
2 | use syn::{parse_quote, Item, ItemFn, ItemStruct, ItemEnum, ItemTrait, ItemImpl};
  |           ^^^^^^^^^^^

warning: unused imports: `AbstractionBundle`, `AbstractionContent`, and `BottLevel`
 --> submodules/split-decls-rs/src/syn2macro.rs:5:51
  |
5 | use crate::bott_periodicity::{BottMacroGenerator, AbstractionBundle, BottLevel, AbstractionContent};
  |                                                   ^^^^^^^^^^^^^^^^^  ^^^^^^^^^  ^^^^^^^^^^^^^^^^^^

warning: unused import: `quote::quote`
 --> submodules/split-decls-rs/src/source_tracker.rs:2:5
  |
2 | use quote::quote;
  |     ^^^^^^^^^^^^

warning: unused import: `std::collections::HashMap`
 --> submodules/split-decls-rs/src/extracted_decl.rs:3:5
  |
3 | use std::collections::HashMap; // Needed for future metadata fields
  |     ^^^^^^^^^^^^^^^^^^^^^^^^^

warning: unused imports: `ignore_syscall` and `syscallexec`
 --> submodules/split-decls-rs/src/format_generated_rust_files.rs:2:13
  |
2 | use crate::{ignore_syscall, syscallexec};
  |             ^^^^^^^^^^^^^^  ^^^^^^^^^^^

warning: unused import: `Context`
 --> submodules/split-decls-rs/src/format_generated_rust_files.rs:3:14
  |
3 | use anyhow::{Context, Result};
  |              ^^^^^^^

warning: unused import: `std::process::Command`
 --> submodules/split-decls-rs/src/format_generated_rust_files.rs:5:5
  |
5 | use std::process::Command;
  |     ^^^^^^^^^^^^^^^^^^^^^

warning: unused import: `walkdir::WalkDir`
 --> submodules/split-decls-rs/src/format_generated_rust_files.rs:6:5
  |
6 | use walkdir::WalkDir;
  |     ^^^^^^^^^^^^^^^^

warning: unused import: `Context`
 --> submodules/split-decls-rs/src/rustfmt_utils.rs:1:14
  |
1 | use anyhow::{Context, Result};
  |              ^^^^^^^

warning: unused imports: `UnwindSafe` and `catch_unwind`
 --> submodules/split-decls-rs/src/rustfmt_utils.rs:3:18
  |
3 | use std::panic::{catch_unwind, UnwindSafe};
  |                  ^^^^^^^^^^^^  ^^^^^^^^^^

warning: unused import: `Context`
 --> submodules/split-decls-rs/src/wrapped_workspace_handlers/utils.rs:1:14
  |
1 | use anyhow::{Context, Result};
  |              ^^^^^^^

warning: unused import: `PathBuf`
 --> submodules/split-decls-rs/src/wrapped_workspace_handlers/utils.rs:3:23
  |
3 | use std::path::{Path, PathBuf};
  |                       ^^^^^^^

warning: unused import: `crate::path_diff`
 --> submodules/split-decls-rs/src/wrapped_workspace_handlers/utils.rs:7:5
  |
7 | use crate::path_diff;
  |     ^^^^^^^^^^^^^^^^

warning: unused import: `lib_cargo::collect_dependencies_with_metadata`
 --> submodules/split-decls-rs/src/wrapped_workspace_handlers/utils.rs:8:5
  |
8 | use lib_cargo::collect_dependencies_with_metadata;
  |     ^^^^^^^^^^^^^^^^^^^^^^^^^^^^^^^^^^^^^^^^^^^^^

warning: unused import: `std::fs`
 --> submodules/split-decls-rs/src/wrapped_workspace_handlers/single_crate.rs:3:5
  |
3 | use std::fs;
  |     ^^^^^^^

warning: unused import: `PathBuf`
 --> submodules/split-decls-rs/src/wrapped_workspace_handlers/single_crate.rs:4:23
  |
4 | use std::path::{Path, PathBuf};
  |                       ^^^^^^^

warning: unused import: `add_generated_header`
 --> submodules/split-decls-rs/src/wrapped_workspace_handlers/single_crate.rs:7:13
  |
7 | use crate::{add_generated_header}; use crate::path_diff;
  |             ^^^^^^^^^^^^^^^^^^^^

warning: unused import: `Context`
 --> submodules/split-decls-rs/src/wrapped_workspace_handlers/multi_crate.rs:1:14
  |
1 | use anyhow::{Context, Result};
  |              ^^^^^^^

warning: unused import: `std::collections::HashMap`
 --> submodules/split-decls-rs/src/wrapped_workspace_handlers/multi_crate.rs:2:5
  |
2 | use std::collections::HashMap;
  |     ^^^^^^^^^^^^^^^^^^^^^^^^^

warning: unused import: `walkdir::WalkDir`
 --> submodules/split-decls-rs/src/wrapped_workspace_handlers/multi_crate.rs:5:5
  |
5 | use walkdir::WalkDir; // Needed for original `else` block logic
  |     ^^^^^^^^^^^^^^^^

warning: unused import: `crate::path_diff`
 --> submodules/split-decls-rs/src/wrapped_workspace_handlers/multi_crate.rs:7:5
  |
7 | use crate::path_diff;
  |     ^^^^^^^^^^^^^^^^

warning: unused import: `crate::find_all_cargo_tomls::find_all_cargo_tomls`
 --> submodules/split-decls-rs/src/wrapped_workspace_handlers/multi_crate.rs:8:5
  |
8 | use crate::find_all_cargo_tomls::find_all_cargo_tomls;
  |     ^^^^^^^^^^^^^^^^^^^^^^^^^^^^^^^^^^^^^^^^^^^^^^^^^

warning: unused import: `crate::extract_crate_info_simple::extract_crate_info_simple`
 --> submodules/split-decls-rs/src/wrapped_workspace_handlers/multi_crate.rs:9:5
  |
9 | use crate::extract_crate_info_simple::extract_crate_info_simple; // Assuming these are in crate root
  |     ^^^^^^^^^^^^^^^^^^^^^^^^^^^^^^^^^^^^^^^^^^^^^^^^^^^^^^^^^^^

warning: unused import: `crate::add_generated_rust_header`
  --> submodules/split-decls-rs/src/generate_wrapped_crate.rs:15:5
   |
15 | use crate::add_generated_rust_header;
   |     ^^^^^^^^^^^^^^^^^^^^^^^^^^^^^^^^

warning: unused import: `crate::copy_dir_recursive`
  --> submodules/split-decls-rs/src/generate_wrapped_crate.rs:17:5
   |
17 | use crate::copy_dir_recursive;
   |     ^^^^^^^^^^^^^^^^^^^^^^^^^

warning: unused import: `chrono::Utc`
   --> submodules/split-decls-rs/src/special_print.rs:8:13
    |
  8 |           use chrono::Utc;
    |               ^^^^^^^^^^^
    |
   ::: submodules/split-decls-rs/src/generate_wrapped_crate.rs:123:9
    |
123 | /         add_generated_header!(
124 | |             &wrapped_crate_paths.target_config_path,
125 | |             serialized_config.as_str(),
126 | |             file!(),
127 | |             line!()
128 | |         )
    | |_________- in this macro invocation
    |
    = note: this warning originates in the macro `add_generated_header` (in Nightly builds, run with -Z macro-backtrace for more info)

warning: unused import: `std::io::Write`
   --> submodules/split-decls-rs/src/special_print.rs:9:13
    |
  9 |           use std::io::Write; // Ensure Write trait is in scope for fs::write
    |               ^^^^^^^^^^^^^^
    |
   ::: submodules/split-decls-rs/src/generate_wrapped_crate.rs:123:9
    |
123 | /         add_generated_header!(
124 | |             &wrapped_crate_paths.target_config_path,
125 | |             serialized_config.as_str(),
126 | |             file!(),
127 | |             line!()
128 | |         )
    | |_________- in this macro invocation
    |
    = note: this warning originates in the macro `add_generated_header` (in Nightly builds, run with -Z macro-backtrace for more info)

warning: unused import: `Context`
 --> submodules/split-decls-rs/src/find_all_cargo_tomls.rs:1:14
  |
1 | use anyhow::{Context, Result};
  |              ^^^^^^^

warning: unused import: `std::fs`
 --> submodules/split-decls-rs/src/generate_new_cargotoml.rs:1:5
  |
1 | use std::fs;
  |     ^^^^^^^

warning: unused import: `PathBuf`
 --> submodules/split-decls-rs/src/generate_new_cargotoml.rs:2:23
  |
2 | use std::path::{Path, PathBuf};
  |                       ^^^^^^^

warning: unused import: `Context`
 --> submodules/split-decls-rs/src/generate_new_cargotoml.rs:3:14
  |
3 | use anyhow::{Context, Result};
  |              ^^^^^^^

warning: unused import: `crate::paths::CratePaths`
 --> submodules/split-decls-rs/src/generate_new_cargotoml.rs:4:5
  |
4 | use crate::paths::CratePaths; 
  |     ^^^^^^^^^^^^^^^^^^^^^^^^

warning: unused import: `crate::add_generated_header`
 --> submodules/split-decls-rs/src/generate_new_cargotoml.rs:5:5
  |
5 | use crate::add_generated_header;
  |     ^^^^^^^^^^^^^^^^^^^^^^^^^^^

warning: crate-level attribute should be in the root module
 --> submodules/split-decls-rs/src/output2_macro_system.rs:1:1
  |
1 | #![feature(stmt_expr_attributes)]
  | ^^^^^^^^^^^^^^^^^^^^^^^^^^^^^^^^^
  |
  = note: `#[warn(unused_attributes)]` (part of `#[warn(unused)]`) on by default

warning: unused import: `rayon::prelude`
  --> submodules/split-decls-rs/src/wrapped_workspace_handlers/multi_crate.rs:40:9
   |
40 |     use rayon::prelude::*;
   |         ^^^^^^^^^^^^^^

warning: unused variable: `main_crate_cargo_toml_path`
  --> submodules/split-decls-rs/src/generate_wrapped_workspace.rs:53:9
   |
53 |     let main_crate_cargo_toml_path = scan_root.join("Cargo.toml");
   |         ^^^^^^^^^^^^^^^^^^^^^^^^^^ help: if this is intentional, prefix it with an underscore: `_main_crate_cargo_toml_path`
   |
   = note: `#[warn(unused_variables)]` (part of `#[warn(unused)]`) on by default

warning: unused variable: `item_use`
   --> submodules/split-decls-rs/src/eager_splitter/declaration_extractor.rs:153:19
    |
153 |         Item::Use(item_use) => {
    |                   ^^^^^^^^ help: if this is intentional, prefix it with an underscore: `_item_use`

warning: unused variable: `items`
   --> submodules/split-decls-rs/src/eager_splitter/declaration_extractor.rs:167:29
    |
167 |             if let Some((_, items)) = &item_mod.content {
    |                             ^^^^^ help: if this is intentional, prefix it with an underscore: `_items`

warning: unused variable: `file_content`
   --> submodules/split-decls-rs/src/eager_splitter.rs:115:13
    |
115 |         let file_content = match std::fs::read_to_string(&rust_file) {
    |             ^^^^^^^^^^^^ help: if this is intentional, prefix it with an underscore: `_file_content`

warning: unused variable: `item_index`
   --> submodules/split-decls-rs/src/eager_splitter.rs:227:14
    |
227 |         for (item_index, item) in file_ast.items.iter().enumerate() {
    |              ^^^^^^^^^^
    |
help: if this is intentional, prefix it with an underscore
    |
227 |         for (_item_index, item) in file_ast.items.iter().enumerate() {
    |              +
help: you might have meant to pattern match on the similarly named constant `MAX_RECURSION_DEPTH`
    |
227 -         for (item_index, item) in file_ast.items.iter().enumerate() {
227 +         for (process_module_recursivly::process_module_recursively_with_depth::MAX_RECURSION_DEPTH, item) in file_ast.items.iter().enumerate() {
    |

warning: unused variable: `item_type`
   --> submodules/split-decls-rs/src/eager_splitter.rs:248:17
    |
248 |             let item_type = match &item {
    |                 ^^^^^^^^^ help: if this is intentional, prefix it with an underscore: `_item_type`

warning: unused variable: `module_not_found_errors`
  --> submodules/split-decls-rs/src/eager_splitter.rs:70:5
   |
70 |     module_not_found_errors: &mut Vec<ModuleNotFoundReport>, // New parameter
   |     ^^^^^^^^^^^^^^^^^^^^^^^ help: if this is intentional, prefix it with an underscore: `_module_not_found_errors`

warning: unused variable: `variants`
   --> submodules/split-decls-rs/src/syn2macro.rs:159:13
    |
159 |         let variants = &enum_item.variants;
    |             ^^^^^^^^ help: if this is intentional, prefix it with an underscore: `_variants`

warning: unused variable: `tokens`
  --> submodules/split-decls-rs/src/source_tracker.rs:61:26
   |
61 | pub fn create_source_map(tokens: &TokenStream) -> SourceMap {
   |                          ^^^^^^ help: if this is intentional, prefix it with an underscore: `_tokens`

warning: variable does not need to be mutable
  --> submodules/split-decls-rs/src/source_tracker.rs:62:9
   |
62 |     let mut source_map = SourceMap::new();
   |         ----^^^^^^^^^^
   |         |
   |         help: remove this `mut`
   |
   = note: `#[warn(unused_mut)]` (part of `#[warn(unused)]`) on by default

warning: unreachable pattern
  --> submodules/split-decls-rs/src/wrapped_workspace_handlers/utils.rs:68:9
   |
68 |         _ => value.to_string(),
   |         ^ no value can reach this
   |
note: multiple earlier patterns match some of the same values
  --> submodules/split-decls-rs/src/wrapped_workspace_handlers/utils.rs:68:9
   |
51 |         Value::String(s) => format!("\"{}\"", s), // Enclose string values in quotes
   |         ---------------- matches some of the same values
52 |         Value::Integer(i) => i.to_string(),
   |         ----------------- matches some of the same values
53 |         Value::Float(f) => f.to_string(),
   |         --------------- matches some of the same values
54 |         Value::Boolean(b) => b.to_string(),
   |         ----------------- matches some of the same values
...
68 |         _ => value.to_string(),
   |         ^ ...and 3 other patterns collectively make this unreachable
   = note: `#[warn(unreachable_patterns)]` (part of `#[warn(unused)]`) on by default

warning: unused variable: `patch_config`
  --> submodules/split-decls-rs/src/wrapped_workspace_handlers/single_crate.rs:14:5
   |
14 |     patch_config: &patch_config::PatchConfig,
   |     ^^^^^^^^^^^^ help: if this is intentional, prefix it with an underscore: `_patch_config`

warning: unused variable: `dry_run`
  --> submodules/split-decls-rs/src/wrapped_workspace_handlers/single_crate.rs:17:5
   |
17 |     dry_run: bool, // Not used directly in this function, but kept for signature consistency
   |     ^^^^^^^ help: if this is intentional, prefix it with an underscore: `_dry_run`

warning: unused variable: `verbose`
  --> submodules/split-decls-rs/src/wrapped_workspace_handlers/single_crate.rs:18:5
   |
18 |     verbose: bool,
   |     ^^^^^^^ help: if this is intentional, prefix it with an underscore: `_verbose`

warning: variable does not need to be mutable
  --> submodules/split-decls-rs/src/wrapped_workspace_handlers/single_crate.rs:48:9
   |
48 |     let mut process_dep_group = |deps_source: Option<&Table>, output_map: &mut HashMap<String, Value>| -> Result<()> {
   |         ----^^^^^^^^^^^^^^^^^
   |         |
   |         help: remove this `mut`

warning: value assigned to `final_cargo_toml_content` is never read
  --> submodules/split-decls-rs/src/wrapped_workspace_handlers/multi_crate.rs:25:13
   |
25 |     let mut final_cargo_toml_content = String::new();
   |             ^^^^^^^^^^^^^^^^^^^^^^^^
   |
   = help: maybe it is overwritten before being read?
   = note: `#[warn(unused_assignments)]` (part of `#[warn(unused)]`) on by default

warning: unused variable: `verbose`
  --> submodules/split-decls-rs/src/wrapped_workspace_handlers/multi_crate.rs:22:5
   |
22 |     verbose: bool,
   |     ^^^^^^^ help: if this is intentional, prefix it with an underscore: `_verbose`

warning: variable does not need to be mutable
  --> submodules/split-decls-rs/src/wrapped_workspace_handlers/multi_crate.rs:51:13
   |
51 |         let mut crate_errors: Vec<crate::eager_splitter::ModuleNotFoundReport> = Vec::new(); // Per-crate error collector
   |             ----^^^^^^^^^^^^
   |             |
   |             help: remove this `mut`

warning: unused variable: `patch_config`
  --> submodules/split-decls-rs/src/generate_new_cargotoml.rs:16:5
   |
16 |     patch_config: &patch_config::PatchConfig,
   |     ^^^^^^^^^^^^ help: if this is intentional, prefix it with an underscore: `_patch_config`

warning: `split-decls-rs` (lib) generated 84 warnings (run `cargo fix --lib -p split-decls-rs` to apply 67 suggestions)
warning: unused import: `std::collections::HashMap`
 --> submodules/split-decls-rs/src/bin/perf2bench.rs:1:5
  |
1 | use std::collections::HashMap;
  |     ^^^^^^^^^^^^^^^^^^^^^^^^^
  |
  = note: `#[warn(unused_imports)]` (part of `#[warn(unused)]`) on by default

warning: field `binary` is never read
 --> submodules/split-decls-rs/src/bin/perf2bench.rs:9:5
  |
7 | struct PerfFunction {
  |        ------------ field in this struct
8 |     percentage: f64,
9 |     binary: String,
  |     ^^^^^^
  |
  = note: `PerfFunction` has a derived impl for the trait `Debug`, but this is intentionally ignored during dead code analysis
  = note: `#[warn(dead_code)]` (part of `#[warn(unused)]`) on by default

error[E0432]: unresolved import `split_decls_rs::rdf_url_blob`
 --> submodules/split-decls-rs/src/bin/stateful_repl.rs:7:5
  |
7 |     rdf_url_blob::RdfUrlBlob,
  |     ^^^^^^^^^^^^ could not find `rdf_url_blob` in `split_decls_rs`

error[E0432]: unresolved import `split_decls_rs::conformal_field_theory`
 --> submodules/split-decls-rs/src/bin/cft-simulation.rs:1:21
  |
1 | use split_decls_rs::conformal_field_theory::CFTSimulation;
  |                     ^^^^^^^^^^^^^^^^^^^^^^ could not find `conformal_field_theory` in `split_decls_rs`

warning: unused import: `anyhow::Result`
 --> submodules/split-decls-rs/src/bin/cft-simulation.rs:3:5
  |
3 | use anyhow::Result;
  |     ^^^^^^^^^^^^^^
  |
  = note: `#[warn(unused_imports)]` (part of `#[warn(unused)]`) on by default

warning: unused import: `std::collections::HashMap`
 --> submodules/split-decls-rs/src/bin/extract-perf-mapping.rs:2:5
  |
2 | use std::collections::HashMap;
  |     ^^^^^^^^^^^^^^^^^^^^^^^^^
  |
  = note: `#[warn(unused_imports)]` (part of `#[warn(unused)]`) on by default

warning: unused variable: `nodes`
   --> submodules/split-decls-rs/src/bin/dependency_graph_analyzer.rs:184:25
    |
184 | fn save_dependency_data(nodes: &HashMap<String, DeclNode>, ordered: &[String], chunks: &[Vec<String>]) -> Result<()> {
    |                         ^^^^^ help: if this is intentional, prefix it with an underscore: `_nodes`
    |
    = note: `#[warn(unused_variables)]` (part of `#[warn(unused)]`) on by default

warning: field `decl_type` is never read
  --> submodules/split-decls-rs/src/bin/dependency_graph_analyzer.rs:15:5
   |
12 | struct DeclNode {
   |        -------- field in this struct
...
15 |     decl_type: String,
   |     ^^^^^^^^^
   |
   = note: `DeclNode` has derived impls for the traits `Clone` and `Debug`, but these are intentionally ignored during dead code analysis
   = note: `#[warn(dead_code)]` (part of `#[warn(unused)]`) on by default

warning: unused imports: `Ident` and `UseTree`
 --> submodules/split-decls-rs/src/bin/dependency_aware_splitter.rs:5:23
  |
5 | use syn::{File, Item, UseTree, Ident};
  |                       ^^^^^^^  ^^^^^
  |
  = note: `#[warn(unused_imports)]` (part of `#[warn(unused)]`) on by default

warning: fields `name` and `file_path` are never read
  --> submodules/split-decls-rs/src/bin/dependency_aware_splitter.rs:10:5
   |
 9 | struct DeclInfo {
   |        -------- fields in this struct
10 |     name: String,
   |     ^^^^
...
13 |     file_path: String,
   |     ^^^^^^^^^
   |
   = note: `DeclInfo` has derived impls for the traits `Clone` and `Debug`, but these are intentionally ignored during dead code analysis
   = note: `#[warn(dead_code)]` (part of `#[warn(unused)]`) on by default

warning: field `global_imports` is never read
  --> submodules/split-decls-rs/src/bin/dependency_aware_splitter.rs:18:5
   |
16 | struct DependencyTracker {
   |        ----------------- field in this struct
17 |     declarations: HashMap<String, DeclInfo>,
18 |     global_imports: HashSet<String>,
   |     ^^^^^^^^^^^^^^

error[E0432]: unresolved import `split_decls_rs::cargo_guided_analysis`
 --> submodules/split-decls-rs/src/bin/cargo-preservation-demo.rs:1:21
  |
1 | use split_decls_rs::cargo_guided_analysis::CargoGuidedAnalysis;
  |                     ^^^^^^^^^^^^^^^^^^^^^ could not find `cargo_guided_analysis` in `split_decls_rs`

warning: variants `Supplementary` and `Dwo` are never constructed
   --> submodules/split-decls-rs/src/bin/proof_wrap_bin.rs:134:31
    |
134 |     enum DebugFile { Primary, Supplementary, Dwo }
    |          ---------            ^^^^^^^^^^^^^  ^^^
    |          |
    |          variants in this enum
    |
    = note: `DebugFile` has a derived impl for the trait `Debug`, but this is intentionally ignored during dead code analysis
    = note: `#[warn(dead_code)]` (part of `#[warn(unused)]`) on by default

For more information about this error, try `rustc --explain E0432`.
error[E0432]: unresolved import `split_decls_rs::rdf_url_blob`
 --> submodules/split-decls-rs/src/bin/bootstrap_scanner.rs:6:5
  |
6 |     rdf_url_blob::RdfUrlBlob,
  |     ^^^^^^^^^^^^ could not find `rdf_url_blob` in `split_decls_rs`

warning: `split-decls-rs` (bin "cft-simulation") generated 1 warning
error: could not compile `split-decls-rs` (bin "cft-simulation") due to 1 previous error; 1 warning emitted
warning: build failed, waiting for other jobs to finish...
error[E0432]: unresolved import `split_decls_rs::rdf_url_blob`
 --> submodules/split-decls-rs/src/bin/test_addr2line.rs:4:5
  |
4 |     rdf_url_blob::RdfUrlBlob,
  |     ^^^^^^^^^^^^ could not find `rdf_url_blob` in `split_decls_rs`

error: couldn't read `submodules/split-decls-rs/src/bin/dependency_macros.rs`: No such file or directory (os error 2)
 --> submodules/split-decls-rs/src/bin/test_dependency_macros.rs:2:1
  |
2 | include!("dependency_macros.rs");
  | ^^^^^^^^^^^^^^^^^^^^^^^^^^^^^^^^

error: could not compile `split-decls-rs` (bin "cargo-preservation-demo") due to 1 previous error
error[E0432]: unresolved import `split_decls_rs::syn_mold`
 --> submodules/split-decls-rs/src/bin/syn_mold.rs:7:21
  |
7 | use split_decls_rs::syn_mold::{SynMold, MoldExtraction};
  |                     ^^^^^^^^ could not find `syn_mold` in `split_decls_rs`

error: could not compile `split-decls-rs` (bin "test_dependency_macros") due to 1 previous error
warning: unused import: `std::collections::HashMap`
 --> submodules/split-decls-rs/src/bin/lean4_proof_system_v2.rs:2:5
  |
2 | use std::collections::HashMap;
  |     ^^^^^^^^^^^^^^^^^^^^^^^^^
  |
  = note: `#[warn(unused_imports)]` (part of `#[warn(unused)]`) on by default

warning: unused import: `proc_macro2::TokenStream`
 --> submodules/split-decls-rs/src/bin/syn_mold.rs:4:5
  |
4 | use proc_macro2::TokenStream;
  |     ^^^^^^^^^^^^^^^^^^^^^^^^
  |
  = note: `#[warn(unused_imports)]` (part of `#[warn(unused)]`) on by default

warning: unused variable: `cargo2nix_root`
  --> submodules/split-decls-rs/src/bin/update_split_decls_config.rs:76:59
   |
76 | fn generate_preservation_proof(config: &SplitDeclsConfig, cargo2nix_root: &Path) -> Result<String> {
   |                                                           ^^^^^^^^^^^^^^ help: if this is intentional, prefix it with an underscore: `_cargo2nix_root`
   |
   = note: `#[warn(unused_variables)]` (part of `#[warn(unused)]`) on by default

warning: unused variable: `internal_crates_to_skip`
   --> submodules/split-decls-rs/src/bin/update_split_decls_config.rs:215:9
    |
215 |     let internal_crates_to_skip: HashSet<&str> = [
    |         ^^^^^^^^^^^^^^^^^^^^^^^ help: if this is intentional, prefix it with an underscore: `_internal_crates_to_skip`

warning: variable does not need to be mutable
   --> submodules/split-decls-rs/src/bin/update_split_decls_config.rs:153:9
    |
153 |     let mut split_decls_config_content = fs::read_to_string(&args.split_decls_config_path).unwrap_or_default();
    |         ----^^^^^^^^^^^^^^^^^^^^^^^^^^
    |         |
    |         help: remove this `mut`
    |
    = note: `#[warn(unused_mut)]` (part of `#[warn(unused)]`) on by default

warning: struct `CratePathsOnly` is never constructed
   --> submodules/split-decls-rs/src/bin/update_split_decls_config.rs:143:8
    |
143 | struct CratePathsOnly {
    |        ^^^^^^^^^^^^^^
    |
    = note: `#[warn(dead_code)]` (part of `#[warn(unused)]`) on by default

error[E0432]: unresolved import `split_decls_rs::meta_pattern_visitor`
 --> submodules/split-decls-rs/src/bin/meta-pattern-demo.rs:1:21
  |
1 | use split_decls_rs::meta_pattern_visitor::SynLangPatterns;
  |                     ^^^^^^^^^^^^^^^^^^^^ could not find `meta_pattern_visitor` in `split_decls_rs`

error[E0432]: unresolved import `split_decls_rs::ast_statistics`
 --> submodules/split-decls-rs/src/bin/meta-pattern-demo.rs:3:21
  |
3 | use split_decls_rs::ast_statistics::AstStatistics;
  |                     ^^^^^^^^^^^^^^ could not find `ast_statistics` in `split_decls_rs`

error: could not compile `split-decls-rs` (bin "stateful_repl") due to 1 previous error
warning: variable does not need to be mutable
  --> submodules/split-decls-rs/src/bin/lean4_proof_system_v2.rs:10:9
   |
10 |     let mut tera = Tera::new("templates/**/*")?;
   |         ----^^^^
   |         |
   |         help: remove this `mut`
   |
   = note: `#[warn(unused_mut)]` (part of `#[warn(unused)]`) on by default

warning: `split-decls-rs` (bin "syn_mold") generated 1 warning
error: could not compile `split-decls-rs` (bin "syn_mold") due to 1 previous error; 1 warning emitted
error: could not compile `split-decls-rs` (bin "test_addr2line") due to 1 previous error
error: could not compile `split-decls-rs` (bin "bootstrap_scanner") due to 1 previous error
warning: `split-decls-rs` (bin "perf2bench") generated 2 warnings (run `cargo fix --bin "perf2bench"` to apply 1 suggestion)
error: could not compile `split-decls-rs` (bin "meta-pattern-demo") due to 2 previous errors
warning: `split-decls-rs` (bin "proof_wrap_bin") generated 1 warning
warning: `split-decls-rs` (bin "extract-perf-mapping") generated 1 warning (run `cargo fix --bin "extract-perf-mapping"` to apply 1 suggestion)
warning: `split-decls-rs` (bin "dependency_aware_splitter") generated 3 warnings (run `cargo fix --bin "dependency_aware_splitter"` to apply 1 suggestion)
warning: `split-decls-rs` (bin "update_split_decls_config") generated 4 warnings (run `cargo fix --bin "update_split_decls_config"` to apply 1 suggestion)
warning: `split-decls-rs` (bin "dependency_graph_analyzer") generated 2 warnings
warning: `split-decls-rs` (bin "lean4_proof_system_v2") generated 2 warnings (run `cargo fix --bin "lean4_proof_system_v2"` to apply 2 suggestions)
