warning: unused import: `generate_decl_registration`
 --> /mnt/data1/nix/vendor/rust/cargo2nix/submodules/patch-build-rs/introspector_decl_core/src/lib.rs:7:34
  |
7 | use introspector_macro_helpers::{generate_decl_registration, parse_decl_args, dispatch_wrap_logic};
  |                                  ^^^^^^^^^^^^^^^^^^^^^^^^^^
  |
  = note: `#[warn(unused_imports)]` (part of `#[warn(unused)]`) on by default

warning: unreachable pattern
  --> /mnt/data1/nix/vendor/rust/cargo2nix/submodules/patch-build-rs/introspector_decl_core/src/lib.rs:82:9
   |
82 |         _ => "unknown_visibility",
   |         ^ no value can reach this
   |
note: multiple earlier patterns match some of the same values
  --> /mnt/data1/nix/vendor/rust/cargo2nix/submodules/patch-build-rs/introspector_decl_core/src/lib.rs:82:9
   |
79 |         Visibility::Public(_) => "pub",
   |         --------------------- matches some of the same values
80 |         Visibility::Restricted(_) => "pub(restricted)",
   |         ------------------------- matches some of the same values
81 |         Visibility::Inherited => "private",
   |         --------------------- matches some of the same values
82 |         _ => "unknown_visibility",
   |         ^ collectively making this unreachable
   = note: `#[warn(unreachable_patterns)]` (part of `#[warn(unused)]`) on by default

warning: unreachable pattern
   --> /mnt/data1/nix/vendor/rust/cargo2nix/submodules/patch-build-rs/introspector_decl_core/src/lib.rs:119:9
    |
119 |         _ => "unknown_visibility",
    |         ^ no value can reach this
    |
note: multiple earlier patterns match some of the same values
   --> /mnt/data1/nix/vendor/rust/cargo2nix/submodules/patch-build-rs/introspector_decl_core/src/lib.rs:119:9
    |
116 |         Visibility::Public(_) => "pub",
    |         --------------------- matches some of the same values
117 |         Visibility::Restricted(_) => "pub(restricted)",
    |         ------------------------- matches some of the same values
118 |         Visibility::Inherited => "private",
    |         --------------------- matches some of the same values
119 |         _ => "unknown_visibility",
    |         ^ collectively making this unreachable

warning: unreachable pattern
   --> /mnt/data1/nix/vendor/rust/cargo2nix/submodules/patch-build-rs/introspector_decl_core/src/lib.rs:156:9
    |
156 |         _ => "unknown_visibility",
    |         ^ no value can reach this
    |
note: multiple earlier patterns match some of the same values
   --> /mnt/data1/nix/vendor/rust/cargo2nix/submodules/patch-build-rs/introspector_decl_core/src/lib.rs:156:9
    |
153 |         Visibility::Public(_) => "pub",
    |         --------------------- matches some of the same values
154 |         Visibility::Restricted(_) => "pub(restricted)",
    |         ------------------------- matches some of the same values
155 |         Visibility::Inherited => "private",
    |         --------------------- matches some of the same values
156 |         _ => "unknown_visibility",
    |         ^ collectively making this unreachable

warning: unreachable pattern
   --> /mnt/data1/nix/vendor/rust/cargo2nix/submodules/patch-build-rs/introspector_decl_core/src/lib.rs:193:9
    |
193 |         _ => "unknown_visibility",
    |         ^ no value can reach this
    |
note: multiple earlier patterns match some of the same values
   --> /mnt/data1/nix/vendor/rust/cargo2nix/submodules/patch-build-rs/introspector_decl_core/src/lib.rs:193:9
    |
190 |         Visibility::Public(_) => "pub",
    |         --------------------- matches some of the same values
191 |         Visibility::Restricted(_) => "pub(restricted)",
    |         ------------------------- matches some of the same values
192 |         Visibility::Inherited => "private",
    |         --------------------- matches some of the same values
193 |         _ => "unknown_visibility",
    |         ^ collectively making this unreachable

warning: `introspector_decl_core` (lib) generated 5 warnings (run `cargo fix --lib -p introspector_decl_core` to apply 1 suggestion)
   Compiling cargo-toml-generator-types v0.1.0 (/mnt/data1/nix/vendor/rust/cargo2nix/submodules/split-decls-rs/cargo-toml-generator-types)
   Compiling cargo-toml-generator-macros v0.1.0 (/mnt/data1/nix/vendor/rust/cargo2nix/submodules/split-decls-rs/cargo-toml-generator-macros)
   Compiling cargo-toml-parts v0.1.0 (/mnt/data1/nix/vendor/rust/cargo2nix/submodules/split-decls-rs/build_helpers/cargo_toml_parts)
   Compiling split-decls-types v0.1.0 (/mnt/data1/nix/vendor/rust/cargo2nix/submodules/split-decls-rs/split-decls-types)
   Compiling pagerank_rs v0.1.0 (/mnt/data1/nix/vendor/rust/cargo2nix/submodules/split-decls-rs/submodules/pagerank_rs)
error: the `#[proc_macro_attribute]` attribute is only usable with crates of the `proc-macro` crate type
 --> cargo-toml-generator-types/src/decls/_decl_module_invocation.rs:1:1
  |
1 | decl_module ! (cargo_toml_generator_types_...e , cargo_toml_generator_types_decls_PatchSection) ;
  | ^^^^^^^^^^^^^^^^^^^^^^^^^^^^^^^^^^^^^^^^^^...^^^^^^^^^^^^^^^^^^^^^^^^^^^^^^^^^^^^^^^^^^^^^^^^^^
  |
  = note: this error originates in the macro `decl_module` (in Nightly builds, run with -Z macro-backtrace for more info)

error[E0432]: unresolved import `introspector_decl_common`
 --> cargo-toml-generator-types/src/decls/_decl_module_invocation.rs:1:1
  |
1 | decl_module ! (cargo_toml_generator_types_...e , cargo_toml_generator_types_decls_PatchSection) ;
  | ^^^^^^^^^^^^^^^^^^^^^^^^^^^^^^^^^^^^^^^^^^...^^^^^^^^^^^^^^^^^^^^^^^^^^^^^^^^^^^^^^^^^^^^^^^^^^ use of unresolved module or unlinked crate `introspector_decl_common`
  |
  = note: this error originates in the macro `decl_module` (in Nightly builds, run with -Z macro-backtrace for more info)
help: there is a crate or module with a similar name
  |
1 - decl_module ! (cargo_toml_generator_types_decls_CargoToml , cargo_toml_generator_types_decls_Package , cargo_toml_generator_types_decls_Workspace , cargo_toml_generator_types_decls_Dependency , cargo_toml_generator_types_decls_impl_for_Default , cargo_toml_generator_types_decls_DependencyTable , cargo_toml_generator_types_decls_PatchSection) ;
1 + introspector_decl2_macros ;
  |

error: cannot find macro `quote` in this scope
 --> cargo-toml-generator-types/src/decls/_decl_module_invocation.rs:1:1
  |
1 | decl_module ! (cargo_toml_generator_types_...e , cargo_toml_generator_types_decls_PatchSection) ;
  | ^^^^^^^^^^^^^^^^^^^^^^^^^^^^^^^^^^^^^^^^^^...^^^^^^^^^^^^^^^^^^^^^^^^^^^^^^^^^^^^^^^^^^^^^^^^^^
  |
  = note: `quote` is in scope, but it is a crate, not a macro
  = note: this error originates in the macro `decl_module` (in Nightly builds, run with -Z macro-backtrace for more info)
help: consider importing this macro
 --> cargo-toml-generator-types/src/lib.rs:5:5
  |
5 +     use quote::quote;
  |

error[E0433]: failed to resolve: use of unresolved module or unlinked crate `introspector_decl_core`
 --> cargo-toml-generator-types/src/decls/_decl_module_invocation.rs:1:1
  |
1 | decl_module ! (cargo_toml_generator_types_...e , cargo_toml_generator_types_decls_PatchSection) ;
  | ^^^^^^^^^^^^^^^^^^^^^^^^^^^^^^^^^^^^^^^^^^...^^^^^^^^^^^^^^^^^^^^^^^^^^^^^^^^^^^^^^^^^^^^^^^^^^ use of unresolved module or unlinked crate `introspector_decl_core`
  |
  = note: this error originates in the macro `decl_module` (in Nightly builds, run with -Z macro-backtrace for more info)
help: there is a crate or module with a similar name
  |
1 - decl_module ! (cargo_toml_generator_types_decls_CargoToml , cargo_toml_generator_types_decls_Package , cargo_toml_generator_types_decls_Workspace , cargo_toml_generator_types_decls_Dependency , cargo_toml_generator_types_decls_impl_for_Default , cargo_toml_generator_types_decls_DependencyTable , cargo_toml_generator_types_decls_PatchSection) ;
1 + introspector_decl2_macros ;
  |

Some errors have detailed explanations: E0432, E0433.
For more information about an error, try `rustc --explain E0432`.
error: could not compile `cargo-toml-generator-types` (lib) due to 4 previous errors
warning: build failed, waiting for other jobs to finish...
error: could not compile `cargo-toml-generator-types` (lib) due to 4 previous errors
